C_ADD_FRIEND = 50526
C_ADD_TELEPORT_TO_POS_LIST = 27538
C_ADMIN = 30153
C_APPLY_PARTY = 34371
C_ASK_INTERACTIVE = 55891
C_BAN_PARTY_MEMBER = 59262
C_BIND_ITEM_BEGIN_PROGRESS = 45370
C_BIND_ITEM_EXECUTE = 51705
C_BLOCK_USER = 50639
C_CANCEL_CHANGE_USER_APPEARANCE = 34279
C_CANCEL_CONTRACT = 25821
C_CANCEL_SKILL = 27957
C_CAN_LOCKON_TARGET = 31272
C_CHANGE_PARTY_MANAGER = 43069
C_CHANGE_PARTY_MEMBER_AUTHORITY = 50045
C_CHAT = 26664
C_CHECK_VERSION = 19900
C_COMMIT_CHANGE_USER_APPEARANCE = 45767
C_COMPLETE_DAILY_EVENT = 42707
C_COMPLETE_EXTRA_EVENT = 36328
C_CONFIRM_UPDATE_NOTIFICATION = 26687
C_CREST_APPLY = 33026
C_CREST_APPLY_LIST = 51766
C_DELETE_FRIEND = 54725
C_DELETE_TELEPORT_TO_POS_LIST = 57215
C_DEL_ITEM = 30867
C_DIALOG = 30719
C_DISMISS_PARTY = 29994
C_EDIT_BLOCKED_USER_MEMO = 51354
C_END_CLIMBING = 21102
C_END_MOVIE = 65481
C_GACHA_TRY = 23883
C_GET_IN_SHUTTLE = 58354
C_GET_OUT_SHUTTLE = 26250
C_GET_USER_LIST = 50938
C_HIT_USER_PROJECTILE = 48706
C_INVITE_USER_TO_GUILD = 57450
C_ITEM_COLORING_SET_COLOR = 60416
C_LEAVE_PARTY = 48929
C_LEAVE_PRIVATE_CHANNEL = 38515
C_LOAD_TOPO_FIN = 55407
C_LOGIN_ARBITER = 57880
C_MERGE_ITEM = 60519
C_MERGE_ITEM_EXECUTE = 47788
C_NOTIFY_LOCATION_IN_ACTION = 57269
C_NOTIFY_LOCATION_IN_DASH = 32868
C_NOTIMELINE_SKILL = 25297
C_NPC_CONTACT = 55307
C_OP_COMMAND = 64169
C_PARTY_APPLICATION_DENIED = 43529
C_PARTY_MARKER = 37867
C_PARTY_MATCH_WINDOW_CLOSED = 41432
C_PLAYER_FLYING_LOCATION = 34446
C_PLAYER_LOCATION = 42078
C_PRESS_SKILL = 36054
C_REGISTER_ENCHANT_ITEM = 40987
C_REGISTER_EVOLUTION_ITEM = 48204
C_REGISTER_PARTY_INFO = 25959
C_REMOVE_BLOCKED_USER = 45559
C_REPLY_THROUGH_ARBITER_CONTRACT = 33500
C_REQUEST_CANDIDATE_LIST = 33375
C_REQUEST_CONTRACT = 29420
C_REQUEST_ENCHANT = 47734
C_REQUEST_EVOLUTION = 33045
C_REQUEST_GAMESTAT_PING = 54139
C_REQUEST_NONDB_ITEM_INFO = 50536
C_REQUEST_PARTY_INFO = 31074
C_REQUEST_PARTY_MATCH_INFO = 25652
C_REQUEST_PARTY_MATCH_INFO_PAGE = 62923
C_REQUEST_PARTY_MATCH_LINK = 27874
C_REQUEST_PRIVATE_CHANNEL_INFO = 42251
C_REQUEST_USER_PAPERDOLL_INFO = 41106
C_RESET_ALL_DUNGEON = 37313
C_RETURN_TO_LOBBY = 58205
C_REVIVE_NOW = 63522
C_RQ_COMMIT_DECOMPOSITION_CONTRACT = 30826
C_RQ_START_SOCIAL_ON_PROGRESS_DECOMPOSITION = 38149
C_SAVE_CLIENT_ACCOUNT_SETTING = 61349
C_SAVE_CLIENT_USER_SETTING = 64021
C_SECOND_PASSWORD_AUTH = 49811
C_SELECT_USER = 29648
C_SET_VISIBLE_RANGE = 21854
C_SHOW_ITEMLIST = 42197
C_SHOW_ITEM_TOOLTIP_EX = 63475
C_SOCIAL = 52129
C_START_COMBO_INSTANT_SKILL = 21068
C_START_ENCHANT = 56787
C_START_EVOLUTION = 42688
C_START_INSTANCE_SKILL = 42883
C_START_INSTANCE_SKILL_EX = 59285
C_START_PRODUCE = 63120
C_START_SKILL = 64666
C_START_TARGETED_SKILL = 60241
C_TELEPORT_TO_POS = 63901
C_TELEPORT_TO_VILLAGE = 51434
C_TRADE_BROKER_BUY_IT_NOW = 65086
C_TRADE_BROKER_DEAL_CONFIRM = 51313
C_TRADE_BROKER_REJECT_SUGGEST = 22832
C_TRADE_BROKER_SUGGEST_DEAL = 38686
C_TRADE_BROKER_WAITING_ITEM_LIST_NEW = 63365
C_TRADE_BROKER_WAITING_ITEM_LIST_PAGE = 54974
C_TRY_LOOT_DROPITEM = 55004
C_UNMOUNT_VEHICLE = 56496
C_UNREGISTER_ENCHANT_ITEM = 37225
C_UNREGISTER_EVOLUTION_ITEM = 63794
C_UNREGISTER_PARTY_INFO = 61974
C_UPDATE_REACTION_POS = 34701
C_USE_ITEM = 44058
C_USE_PREMIUM_SLOT = 47463
C_VIEW_WARE = 65084
C_VISIT_NEW_SECTION = 39883
C_WHISPER = 36705
S_ABNORMALITY_BEGIN = 46616
S_ABNORMALITY_DAMAGE_ABSORB = 54249
S_ABNORMALITY_END = 50172
S_ABNORMALITY_FAIL = 55425
S_ABNORMALITY_REFRESH = 22829
S_ABNORMALITY_SCALE_UP = 49741
S_ACCEPT_CONTRACT = 41054
S_ACCOMPLISH_ACHIEVEMENT = 27948
S_ACCOUNT_PACKAGE_LIST = 65122
S_ACTION_END = 34136
S_ACTION_STAGE = 58670
S_ADD_BLOCKED_USER = 27557
S_ADD_INTER_PARTY_MATCH_POOL = 21974
S_ADMIN_HOLD_CHARACTER = 39373
S_AERO = 25908
S_AIR_REACTION_END = 62529
S_ANNOUNCE_UPDATE_NOTIFICATION = 49270
S_ANSWER_INTERACTIVE = 43865
S_APPLY_TITLE = 45301
S_ASK_BIDDING_RARE_ITEM = 53764
S_ASK_TELEPORT = 60499
S_AVAILABLE_EVENT_MATCHING_LIST = 27231
S_AVAILABLE_SOCIAL_LIST = 37855
S_BAN_PARTY = 35503
S_BAN_PARTY_MEMBER = 59287
S_BATTLE_FIELD_ENTRANCE_INFO = 52500
S_BATTLE_FIELD_POINT_STORE_SELL_LIST = 54358
S_BEGIN_THROUGH_ARBITER_CONTRACT = 58013
S_BOSS_GAGE_INFO = 34911
S_CANCEL_CONTRACT = 35214
S_CANNOT_START_SKILL = 50726
S_CAN_LOCKON_TARGET = 42714
S_CHANGE_DESTPOS_PROJECTILE = 24480
S_CHANGE_EP_EXP_DAILY_LIMIT = 52075
S_CHANGE_EP_POINT = 20853
S_CHANGE_EVENT_MATCHING_STATE = 54966
S_CHANGE_FRIEND_STATE = 60192
S_CHANGE_GUILD_CHIEF = 45041
S_CHANGE_PARTY_MANAGER = 26688
S_CHANGE_VOICE_USE_QAC = 40881
S_CHAT = 58696
S_CHECK_TO_READY_PARTY = 60848
S_CHECK_TO_READY_PARTY_FIN = 53727
S_CHECK_VERSION = 19901
S_CLEAR_ALL_HOLDED_ABNORMALITY = 48225
S_COLLECTION_PICKEND = 54337
S_COLLECTION_PICKSTART = 54458
S_COMPLETE_EVENT_MATCHING_QUEST = 64639
S_CONNECT_SKILL_ARROW = 64315
S_CREATURE_CHANGE_HP = 34772
S_CREATURE_LIFE = 34074
S_CREATURE_ROTATE = 50807
S_CREST_APPLY = 39239
S_CREST_INFO = 49018
S_CREST_MESSAGE = 25031
S_CURRENT_CHANNEL = 20124
S_CUSTOM_STYLE_SYSTEM_MESSAGE = 45573
S_DEAD_LOCATION = 21408
S_DECREASE_COOLTIME_SKILL = 55036
S_DEFEND_SUCCESS = 30431
S_DELETE_FRIEND = 58553
S_DESPAWN_BONFIRE = 61160
S_DESPAWN_BUILD_OBJECT = 24856
S_DESPAWN_COLLECTION = 52926
S_DESPAWN_DROPITEM = 47382
S_DESPAWN_NPC = 52592
S_DESPAWN_PROJECTILE = 62310
S_DESPAWN_SHUTTLE = 31637
S_DESPAWN_USER = 51741
S_DESTROY_GUILD_TOWER = 50016
S_DIALOG = 46594
S_DUNGEON_CAMERA_SET = 61114
S_DUNGEON_CLEAR_COUNT_LIST = 65283
S_DUNGEON_COOL_TIME_LIST = 34277
S_DUNGEON_EVENT_MESSAGE = 23896
S_EACH_SKILL_RESULT = 27000
S_ENABLE_DISABLE_SELLABLE_ITEM_LIST = 45319
S_END_CHANGE_USER_APPEARANCE = 23686
S_END_PRODUCE = 58689
S_END_USER_PROJECTILE = 43971
S_EP_SYSTEM_DAILY_EVENT_EXP_ON_OFF = 42812
S_EXIT = 58303
S_F2P_PremiumUser_Permission = 23345
S_FEARMOVE_END = 26852
S_FEARMOVE_STAGE = 32338
S_FIELD_EVENT_ON_ENTER = 35023
S_FIELD_EVENT_ON_LEAVE = 53577
S_FIELD_POINT_INFO = 31949
S_FIN_INTER_PARTY_MATCH = 36670
S_FIX_VEHICLE_PROGRESS = 31141
S_FONT_SWAP_INFO = 38257
S_FRIEND_LIST = 26213
S_GACHA_END = 52661
S_GACHA_START = 28867
S_GET_IN_SHUTTLE = 60912
S_GET_OUT_SHUTTLE = 38478
S_GET_USER_GUILD_LOGO = 20181
S_GET_USER_LIST = 31010
S_GMEVENT_GUIDE_MESSAGE = 55556
S_GMEVENT_OX_QUIZ_OPEN = 42971
S_GMEVENT_OX_QUIZ_RESULT = 55197
S_GMEVENT_RECV_REWARD = 26878
S_GRANT_SKILL = 52794
S_GROUP_NPC_LOCATION = 51578
S_GUILD_MEMBER_LIST = 57751
S_GUILD_NAME = 33190
S_GUILD_STORE_SELL_LIST = 37423
S_GUILD_TOWER_INFO = 29506
S_HOLD_ABNORMALITY_ADD = 42741
S_IMAGE_DATA = 49730
S_INSTANCE_ARROW = 41551
S_INSTANT_DASH = 25654
S_INSTANT_MOVE = 60524
S_INVEN_CHANGEDSLOT = 47265
S_INVEN_USERDATA = 56502
S_ITEMLIST = 38080
S_ITEM_COLORING_BAG = 43380
S_ITEM_CUSTOM_STRING = 26835
S_JOIN_PRIVATE_CHANNEL = 39682
S_LEARN_EP_PERK = 52988
S_LEAVE_PARTY = 44827
S_LEAVE_PARTY_MEMBER = 62588
S_LEAVE_PRIVATE_CHANNEL = 21090
S_LOADING_SCREEN_CONTROL_INFO = 57618
S_LOAD_ACHIEVEMENT_LIST = 30447
S_LOAD_CLIENT_ACCOUNT_SETTING = 54544
S_LOAD_CLIENT_USER_SETTING = 57988
S_LOAD_DUNGEON_SOUND_HINT = 26117
S_LOAD_EP_INFO = 50077
S_LOAD_TELEPORT_TO_POS_LIST = 51240
S_LOAD_TOPO = 56587
S_LOGIN = 45658
S_LOGIN_ACCOUNT_INFO = 36188
S_LOGOUT_PARTY_MEMBER = 43556
S_MOUNT_VEHICLE = 49463
S_MOUNT_VEHICLE_EX = 31414
S_MOVE_SHUTTLE = 30733
S_MUTE = 43696
S_NOCTAN_VARIATION_INFO = 57366
S_NOTIFY_GUILD_QUEST_URGENT = 51619
S_NOTIFY_TO_FRIENDS_WALK_INTO_SAME_AREA = 45537
S_NPCGUILD_LIST = 55094
S_NPC_CHANGE_MESH = 27066
S_NPC_LOCATION = 54799
S_NPC_MENU_SELECT = 23302
S_NPC_OCCUPIER_INFO = 34318
S_NPC_STATUS = 49325
S_NPC_TARGET_USER = 36097
S_OPEN_AWESOMIUM_WEB_URL = 26721
S_OTHER_USER_APPLY_PARTY = 50035
S_PARTY_INFO = 45704
S_PARTY_MARKER = 53468
S_PARTY_MATCH_LINK = 52083
S_PARTY_MEMBER_ABNORMAL_ADD = 57914
S_PARTY_MEMBER_ABNORMAL_CLEAR = 57209
S_PARTY_MEMBER_ABNORMAL_DEL = 58473
S_PARTY_MEMBER_ABNORMAL_REFRESH = 48285
S_PARTY_MEMBER_BUFF_UPDATE = 51915
S_PARTY_MEMBER_CHANGE_HP = 46969
S_PARTY_MEMBER_CHANGE_MP = 55645
S_PARTY_MEMBER_INFO = 39752
S_PARTY_MEMBER_INTERVAL_POS_UPDATE = 47875
S_PARTY_MEMBER_LIST = 51448
S_PARTY_MEMBER_QUEST_DATA = 53636
S_PARTY_MEMBER_STAT_UPDATE = 61422
S_PLAYER_CHANGE_ALL_PROF = 43117
S_PLAYER_CHANGE_EP = 24519
S_PLAYER_CHANGE_EXP = 65514
S_PLAYER_CHANGE_FLIGHT_ENERGY = 45044
S_PLAYER_CHANGE_MP = 20072
S_PLAYER_CHANGE_PROF = 24649
S_PLAYER_CHANGE_STAMINA = 29047
S_PLAYER_RESET_EP = 27713
S_PLAYER_STAT_UPDATE = 25039
S_PLAY_ANIMATION = 64065
S_PLAY_EFFECT = 24982
S_PLAY_MOVIE = 30124
S_PLAY_SOUND = 51661
S_POINT_STORE_SELL_LIST = 28012
S_PREMIUM_SLOT_DATALIST = 34528
S_PREMIUM_SLOT_OFF = 40321
S_PREPARE_EXIT = 47274
S_PREPARE_RETURN_TO_LOBBY = 63788
S_PREVIEW_ITEM = 40175
S_PRIVATE_CHANNEL_NOTICE = 47632
S_PRIVATE_CHAT = 21591
S_PRODUCE_CRITICAL = 41865
S_QUEST_BALLOON = 49891
S_QUEST_INFO = 27727
S_QUEST_VILLAGER_INFO = 64532
S_REGISTER_ENCHANT_ITEM = 48164
S_REGISTER_EVOLUTION_ITEM = 38605
S_REJECT_CONTRACT = 57788
S_REMOVE_BLOCKED_USER = 30094
S_REMOVE_EFFECT = 63421
S_REPLY_NONDB_ITEM_INFO = 39778
S_REPLY_REQUEST_CONTRACT = 25751
S_REQUEST_CITY_WAR_MAP_INFO = 56241
S_REQUEST_CITY_WAR_MAP_INFO_DETAIL = 37045
S_REQUEST_CITY_WAR_MAP_INFO_END = 28726
S_REQUEST_CONTRACT = 47221
S_REQUEST_DESPAWN_SERVANT = 23308
S_REQUEST_PRIVATE_CHANNEL_INFO = 33876
S_REQUEST_REACTION_POS_TICK = 49262
S_REQUEST_SECOND_PASSWORD_AUTH = 34888
S_REQUEST_SERVANT_INFO_LIST = 58169
S_REQUEST_SPAWN_SERVANT = 25734
S_REQUEST_STYLE_SHOP_MARK_PRODUCTLIST = 59680
S_RESET_EP_PERK = 62250
S_RESPONSE_GAMESTAT_PONG = 56479
S_RESULT_BIDDING_DICE_THROW = 23937
S_RESULT_ITEM_BIDDING = 56438
S_RETURN_TO_LOBBY = 37263
S_RP_SKILL_POLISHING_LIST = 35230
S_SHORTCUT_CHANGE = 49049
S_SHOW_AWESOMIUMWEB_SHOP = 63164
S_SHOW_CANDIDATE_LIST = 64533
S_SHOW_HP = 36847
S_SHOW_ITEM_TOOLTIP = 59595
S_SHOW_PARTY_MATCH_INFO = 35772
S_SHOW_PEGASUS_MAP = 43310
S_SHOW_USER_EP_INFO = 36072
S_SKILL_ATTENTION_TARGET = 63827
S_SKILL_CATEGORY = 48780
S_SKILL_LIST = 32480
S_SOCIAL = 55060
S_SPAWN_BONFIRE = 49554
S_SPAWN_BUILD_OBJECT = 50303
S_SPAWN_COLLECTION = 33796
S_SPAWN_DOOR = 50996
S_SPAWN_DROPITEM = 33898
S_SPAWN_ME = 30118
S_SPAWN_NPC = 39303
S_SPAWN_PROJECTILE = 21845
S_SPAWN_SHUTTLE = 42882
S_SPAWN_USER = 58910
S_SPAWN_WORKOBJECT = 29925
S_START_ACTION_SCRIPT = 27837
S_START_CHANGE_USER_APPEARANCE = 43913
S_START_CLIENT_CUSTOM_SKILL = 54390
S_START_CLIMBING = 32255
S_START_COOLTIME_ITEM = 43461
S_START_COOLTIME_SKILL = 33398
S_START_INVERSE_CAPTURE = 35082
S_START_PRODUCE = 39802
S_START_USER_PROJECTILE = 52180
S_STICK_TO_USER_END = 46160
S_STICK_TO_USER_START = 50477
S_STORE_SELL_LIST = 34343
S_SUCCESS_COUNTER = 26801
S_SYSTEM_MESSAGE = 35817
S_SYSTEM_MESSAGE_LOOT_ITEM = 59546
S_SYSTEM_MESSAGE_LOOT_SPECIAL_ITEM = 46767
S_TARGET_INFO = 49122
S_TELEPORT_TO_CAMP = 55629
S_TRADE_BROKER_DEAL_INFO_UPDATE = 28324
S_TRADE_BROKER_DEAL_SUGGESTED = 43225
S_TRADE_BROKER_HISTORY_ITEM_LIST = 64379
S_TRADE_BROKER_REQUEST_DEAL_RESULT = 60228
S_TRADE_BROKER_SUGGEST_DEAL = 55093
S_TRADE_BROKER_WAITING_ITEM_LIST = 31407
S_UNICAST_FLOATING_CASTLE_INFO = 39544
S_UNICAST_FLOATING_CASTLE_NAMEPLATE = 51400
S_UNICAST_TRANSFORM_DATA = 25605
S_UNMOUNT_VEHICLE = 34273
S_UNMOUNT_VEHICLE_EX = 22947
S_UPDATE_ACHIEVEMENT_PROGRESS = 41581
S_UPDATE_FRIEND_INFO = 34616
S_UPDATE_NPCGUILD = 23795
S_USER_APPEARANCE_CHANGE = 58144
S_USER_BLOCK_LIST = 61867
S_USER_CHANGE_NAME = 37915
S_USER_DEATH = 47688
S_USER_EFFECT = 20112
S_USER_EXTERNAL_CHANGE = 55416
S_USER_LEVELUP = 59292
S_USER_LOCATION = 46471
S_USER_LOCATION_IN_ACTION = 53555
S_USER_MOVETYPE = 21866
S_USER_PAPERDOLL_INFO = 47335
S_USER_SITUATION = 63130
S_USER_STATUS = 59177
S_USER_WEAPON_APPEARANCE_CHANGE = 62576
S_VIEW_PARTY_INVITE = 22639
S_VIEW_WARE_EX = 51640
S_VILLAGE_LIST_TO_TELEPORT = 24736
S_VISIT_NEW_SECTION = 34511
S_VOTE_RESET_ALL_DUNGEON = 53793
S_WEAK_POINT = 49785
S_WHISPER = 26550
