C_ADD_FRIEND = 54117
C_ADD_TELEPORT_TO_POS_LIST = 46619
C_ADMIN = 56828
C_APPLY_PARTY = 20584
C_ASK_INTERACTIVE = 56791
C_BAN_PARTY_MEMBER = 45111
C_BIND_ITEM_BEGIN_PROGRESS = 32553
C_BIND_ITEM_EXECUTE = 59897
C_BLOCK_USER = 59631
C_CANCEL_CHANGE_USER_APPEARANCE = 25532
C_CANCEL_CONTRACT = 35160
C_CANCEL_SKILL = 57473
C_CAN_LOCKON_TARGET = 20241
C_CHANGE_PARTY_MANAGER = 63282
C_CHANGE_PARTY_MEMBER_AUTHORITY = 37868
C_CHAT = 21025
C_CHECK_VERSION = 19900
C_COMMIT_CHANGE_USER_APPEARANCE = 37051
C_COMPLETE_DAILY_EVENT = 57127
C_COMPLETE_EXTRA_EVENT = 29144
C_CONFIRM_UPDATE_NOTIFICATION = 49725
C_CREST_APPLY = 23311
C_CREST_APPLY_LIST = 46313
C_DELETE_FRIEND = 54930
C_DELETE_PARCEL = 62709
C_DELETE_TELEPORT_TO_POS_LIST = 50445
C_DEL_ITEM = 47218
C_DIALOG = 34905
C_DISMISS_PARTY = 50107
C_EDIT_BLOCKED_USER_MEMO = 33465
C_END_MOVIE = 51319
C_GACHA_TRY = 53617
C_GET_IN_SHUTTLE = 31829
C_GET_OUT_SHUTTLE = 30048
C_GET_USER_LIST = 32774
C_HIT_USER_PROJECTILE = 51555
C_INVITE_USER_TO_GUILD = 59610
C_ITEM_COLORING_SET_COLOR = 29087
C_LEAVE_PARTY = 53522
C_LEAVE_PRIVATE_CHANNEL = 42894
C_LIST_PARCEL = 43025
C_LOAD_TOPO_FIN = 22231
C_LOGIN_ARBITER = 47280
C_MERGE_ITEM = 55290
C_NOTIFY_LOCATION_IN_ACTION = 45613
C_NOTIFY_LOCATION_IN_DASH = 34030
C_NOTIMELINE_SKILL = 57939
C_NPC_CONTACT = 47375
C_OP_COMMAND = 24836
C_PARTY_APPLICATION_DENIED = 28008
C_PARTY_MARKER = 28894
C_PARTY_MATCH_WINDOW_CLOSED = 45860
C_PCBANGINVENTORY_USE_SLOT = 30010
C_PLAYER_FLYING_LOCATION = 55600
C_PLAYER_LOCATION = 29246
C_PREMIUM_SLOT_USE_SLOT = 54701
C_PRESS_SKILL = 38278
C_RECV_PARCEL = 29298
C_REGISTER_ENCHANT_ITEM = 41593
C_REGISTER_PARTY_INFO = 53869
C_REGISTER_UPGRADE_ITEM = 43466
C_REMOVE_BLOCKED_USER = 57983
C_REPLY_THROUGH_ARBITER_CONTRACT = 38025
C_REQUEST_CANDIDATE_LIST = 41836
C_REQUEST_CONTRACT = 39253
C_REQUEST_ENCHANT = 22859
C_REQUEST_GAMESTAT_PING = 46816
C_REQUEST_NONDB_ITEM_INFO = 59210
C_REQUEST_PARTY_INFO = 30225
C_REQUEST_PARTY_MATCH_INFO = 26184
C_REQUEST_PARTY_MATCH_INFO_PAGE = 29845
C_REQUEST_PARTY_MATCH_LINK = 54416
C_REQUEST_PRIVATE_CHANNEL_INFO = 65004
C_REQUEST_UPGRADE = 47223
C_REQUEST_USER_PAPERDOLL_INFO = 20082
C_RESET_ALL_DUNGEON = 40242
C_RETURN_TO_LOBBY = 54857
C_REVIVE_NOW = 52461
C_SAVE_CLIENT_ACCOUNT_SETTING = 46696
C_SAVE_CLIENT_USER_SETTING = 42635
C_SECOND_PASSWORD_AUTH = 45570
C_SELECT_USER = 50248
C_SET_VISIBLE_RANGE = 48948
C_SHOW_INVEN = 61919
C_SHOW_ITEM_TOOLTIP_EX = 33729
C_SHOW_PARCEL_MESSAGE = 41132
C_SOCIAL = 35126
C_START_COMBO_INSTANT_SKILL = 55629
C_START_ENCHANT = 65215
C_START_INSTANCE_SKILL = 60632
C_START_INSTANCE_SKILL_EX = 51243
C_START_PRODUCE = 55116
C_START_SKILL = 21080
C_START_TARGETED_SKILL = 49629
C_START_UPGRADE = 25585
C_TELEPORT_TO_POS = 24393
C_TELEPORT_TO_VILLAGE = 45667
C_TRADE_BROKER_BUY_IT_NOW = 21754
C_TRADE_BROKER_DEAL_CONFIRM = 59773
C_TRADE_BROKER_REJECT_SUGGEST = 35216
C_TRADE_BROKER_SUGGEST_DEAL = 33896
C_TRADE_BROKER_WAITING_ITEM_LIST_NEW = 40488
C_TRADE_BROKER_WAITING_ITEM_LIST_PAGE = 29854
C_TRY_LOOT_DROPITEM = 37506
C_UNMOUNT_VEHICLE = 55970
C_UNREGISTER_ENCHANT_ITEM = 40089
C_UNREGISTER_PARTY_INFO = 25531
C_UNREGISTER_UPGRADE_ITEM = 57242
C_USE_ITEM = 26716
C_VIEW_WARE = 58481
C_VISIT_NEW_SECTION = 59912
C_WHISPER = 27249
S_ABNORMALITY_BEGIN = 64789
S_ABNORMALITY_DAMAGE_ABSORB = 58103
S_ABNORMALITY_END = 22666
S_ABNORMALITY_FAIL = 23229
S_ABNORMALITY_REFRESH = 55322
S_ACCEPT_CONTRACT = 25339
S_ACCOMPLISH_ACHIEVEMENT = 62017
S_ACCOUNT_PACKAGE_LIST = 35144
S_ACTION_END = 41252
S_ACTION_STAGE = 63290
S_ADD_BLOCKED_USER = 57170
S_ADD_INTER_PARTY_MATCH_POOL = 62679
S_ADMIN_HOLD_CHARACTER = 41351
S_AERO = 49054
S_AIR_REACTION_END = 49516
S_ANNOUNCE_UPDATE_NOTIFICATION = 63833
S_ANSWER_INTERACTIVE = 35546
S_APPLY_TITLE = 36499
S_AVAILABLE_EVENT_MATCHING_LIST = 29715
S_BAN_PARTY = 47060
S_BAN_PARTY_MEMBER = 51455
S_BATTLE_FIELD_ENTRANCE_INFO = 41893
S_BATTLE_FIELD_POINT_STORE_SELL_LIST = 51749
S_BEGIN_THROUGH_ARBITER_CONTRACT = 44023
S_BOSS_GAGE_INFO = 35822
S_CANCEL_CONTRACT = 42269
S_CANNOT_START_SKILL = 29687
S_CAN_LOCKON_TARGET = 51005
S_CHANGE_DESTPOS_PROJECTILE = 49434
S_CHANGE_EP_EXP_DAILY_LIMIT = 38959
S_CHANGE_EP_POINT = 40806
S_CHANGE_EVENT_MATCHING_STATE = 43171
S_CHANGE_PARTY_MANAGER = 41817
S_CHANGE_VOICE_USE_QAC = 43177
S_CHAT = 52894
S_CHECK_TO_READY_PARTY = 38855
S_CHECK_TO_READY_PARTY_FIN = 38259
S_CHECK_VERSION = 19901
S_CLEAR_ALL_HOLDED_ABNORMALITY = 49270
S_COLLECTION_PICKEND = 39897
S_COLLECTION_PICKSTART = 45994
S_COMPLETE_EVENT_MATCHING_QUEST = 27911
S_CONNECT_SKILL_ARROW = 24972
S_CREATURE_CHANGE_HP = 62969
S_CREATURE_LIFE = 30749
S_CREATURE_ROTATE = 51119
S_CREST_APPLY = 61048
S_CREST_INFO = 57896
S_CREST_MESSAGE = 62621
S_CURRENT_CHANNEL = 22494
S_DEAD_LOCATION = 62848
S_DECREASE_COOLTIME_SKILL = 49595
S_DEFEND_SUCCESS = 40349
S_DESPAWN_BONFIRE = 45403
S_DESPAWN_BUILD_OBJECT = 30199
S_DESPAWN_COLLECTION = 32374
S_DESPAWN_DROPITEM = 23791
S_DESPAWN_NPC = 44472
S_DESPAWN_PROJECTILE = 23420
S_DESPAWN_SHUTTLE = 64247
S_DESPAWN_USER = 23720
S_DESTROY_GUILD_TOWER = 22531
S_DIALOG = 37608
S_DUNGEON_CAMERA_SET = 50157
S_DUNGEON_CLEAR_COUNT_LIST = 53649
S_DUNGEON_COOL_TIME_LIST = 58236
S_DUNGEON_EVENT_MESSAGE = 38240
S_EACH_SKILL_RESULT = 62851
S_ENABLE_DISABLE_SELLABLE_ITEM_LIST = 62485
S_END_CHANGE_USER_APPEARANCE = 22635
S_END_USER_PROJECTILE = 47265
S_EXIT = 53559
S_FEARMOVE_END = 33724
S_FEARMOVE_STAGE = 49746
S_FIELD_POINT_INFO = 43139
S_FIN_INTER_PARTY_MATCH = 45562
S_FONT_SWAP_INFO = 32792
S_FRIEND_LIST = 54533
S_GACHA_END = 25755
S_GACHA_START = 52347
S_GET_IN_SHUTTLE = 64962
S_GET_OUT_SHUTTLE = 36273
S_GET_USER_GUILD_LOGO = 48220
S_GET_USER_LIST = 51890
S_GMEVENT_GUIDE_MESSAGE = 61686
S_GMEVENT_OX_QUIZ_OPEN = 43472
S_GMEVENT_OX_QUIZ_RESULT = 58648
S_GMEVENT_RECV_REWARD = 55012
S_GRANT_SKILL = 32865
S_GROUP_NPC_LOCATION = 58727
S_GUILD_NAME = 21698
S_GUILD_STORE_SELL_LIST = 53897
S_GUILD_TOWER_INFO = 52032
S_HOLD_ABNORMALITY_ADD = 58769
S_IMAGE_DATA = 61208
S_INSTANT_DASH = 38059
S_INSTANT_MOVE = 27476
S_INVEN = 61281
S_INVEN_CHANGEDSLOT = 36130
S_ITEM_COLORING_BAG = 21550
S_ITEM_CUSTOM_STRING = 59799
S_JOIN_PRIVATE_CHANNEL = 52002
S_LEARN_EP_PERK = 61487
S_LEAVE_PARTY = 60829
S_LEAVE_PARTY_MEMBER = 30058
S_LEAVE_PRIVATE_CHANNEL = 59885
S_LIST_PARCEL_EX = 55038
S_LOADING_SCREEN_CONTROL_INFO = 62880
S_LOAD_CLIENT_ACCOUNT_SETTING = 30967
S_LOAD_CLIENT_USER_SETTING = 39865
S_LOAD_DUNGEON_SOUND_HINT = 52514
S_LOAD_EP_INFO = 47778
S_LOAD_TELEPORT_TO_POS_LIST = 24193
S_LOAD_TOPO = 46931
S_LOGIN = 57974
S_LOGIN_ACCOUNT_INFO = 56850
S_LOGOUT_PARTY_MEMBER = 22161
S_MOUNT_VEHICLE = 51076
S_MOUNT_VEHICLE_EX = 49061
S_MOVE_SHUTTLE = 26526
S_NOCTAN_VARIATION_INFO = 57220
S_NOTIFY_TO_FRIENDS_WALK_INTO_SAME_AREA = 37386
S_NPC_CHANGE_MESH = 51882
S_NPC_LOCATION = 58119
S_NPC_MENU_SELECT = 46921
S_NPC_OCCUPIER_INFO = 24078
S_NPC_STATUS = 46321
S_NPC_TARGET_USER = 62643
S_OPEN_AWESOMIUM_WEB_URL = 24015
S_OTHER_USER_APPLY_PARTY = 40820
S_PARCEL_READ_RECV_STATUS = 58200
S_PARTY_INFO = 21919
S_PARTY_MARKER = 30029
S_PARTY_MATCH_LINK = 52833
S_PARTY_MEMBER_ABNORMAL_ADD = 38105
S_PARTY_MEMBER_ABNORMAL_CLEAR = 40560
S_PARTY_MEMBER_ABNORMAL_DEL = 34531
S_PARTY_MEMBER_ABNORMAL_REFRESH = 25475
S_PARTY_MEMBER_BUFF_UPDATE = 43757
S_PARTY_MEMBER_CHANGE_HP = 59020
S_PARTY_MEMBER_CHANGE_MP = 39902
S_PARTY_MEMBER_INFO = 34382
S_PARTY_MEMBER_INTERVAL_POS_UPDATE = 40564
S_PARTY_MEMBER_LIST = 45754
S_PARTY_MEMBER_STAT_UPDATE = 26127
S_PCBANGINVENTORY_DATALIST = 46175
S_PLAYER_CHANGE_ALL_PROF = 58634
S_PLAYER_CHANGE_EXP = 24841
S_PLAYER_CHANGE_FLIGHT_ENERGY = 60687
S_PLAYER_CHANGE_MP = 24734
S_PLAYER_CHANGE_PROF = 40401
S_PLAYER_CHANGE_STAMINA = 51353
S_PLAYER_RESET_EP = 47934
S_PLAYER_STAT_UPDATE = 23803
S_PLAY_EFFECT = 45830
S_PLAY_MOVIE = 56913
S_PLAY_SOUND = 30490
S_POINT_STORE_SELL_LIST = 49900
S_PREMIUM_SLOT_DATALIST = 55182
S_PREMIUM_SLOT_OFF = 64779
S_PREPARE_EXIT = 33258
S_PREPARE_RETURN_TO_LOBBY = 28280
S_PREVIEW_ITEM = 59895
S_PRIVATE_CHAT = 37426
S_PRODUCE_CRITICAL = 46793
S_QUEST_BALLOON = 48258
S_QUEST_INFO = 37748
S_RECV_PARCEL = 45801
S_REGISTER_ENCHANT_ITEM = 48443
S_REGISTER_UPGRADE_ITEM = 36268
S_REJECT_CONTRACT = 36635
S_REMOVE_BLOCKED_USER = 44985
S_REMOVE_EFFECT = 39799
S_REPLY_NONDB_ITEM_INFO = 27126
S_REPLY_REQUEST_CONTRACT = 37800
S_REQUEST_CITY_WAR_MAP_INFO = 55680
S_REQUEST_CITY_WAR_MAP_INFO_DETAIL = 44522
S_REQUEST_CITY_WAR_MAP_INFO_END = 38289
S_REQUEST_CONTRACT = 45146
S_REQUEST_PRIVATE_CHANNEL_INFO = 65472
S_REQUEST_SECOND_PASSWORD_AUTH = 55741
S_REQUEST_STYLE_SHOP_MARK_PRODUCTLIST = 27822
S_RESPONSE_GAMESTAT_PONG = 42962
S_RESULT_BIDDING_DICE_THROW = 53059
S_RESULT_ITEM_BIDDING = 32845
S_RETURN_TO_LOBBY = 30028
S_SHORTCUT_CHANGE = 32724
S_SHOW_AWESOMIUMWEB_SHOP = 51212
S_SHOW_CANDIDATE_LIST = 25318
S_SHOW_HP = 20279
S_SHOW_ITEM_TOOLTIP = 57412
S_SHOW_PARTY_MATCH_INFO = 47243
S_SHOW_PCBANG_ICON = 33098
S_SHOW_PEGASUS_MAP = 24931
S_SKILL_CATEGORY = 31291
S_SKILL_LIST = 43322
S_SOCIAL = 60329
S_SPAWN_BONFIRE = 35613
S_SPAWN_BUILD_OBJECT = 20074
S_SPAWN_COLLECTION = 63269
S_SPAWN_DOOR = 35792
S_SPAWN_DROPITEM = 35304
S_SPAWN_ME = 21096
S_SPAWN_NPC = 36964
S_SPAWN_PROJECTILE = 25108
S_SPAWN_SHUTTLE = 20967
S_SPAWN_USER = 47547
S_SPAWN_WORKOBJECT = 44824
S_START_ACTION_SCRIPT = 35381
S_START_CHANGE_USER_APPEARANCE = 63767
S_START_CLIENT_CUSTOM_SKILL = 54299
S_START_COOLTIME_ITEM = 50125
S_START_COOLTIME_SKILL = 32871
S_START_INVERSE_CAPTURE = 59322
S_START_PRODUCE = 54915
S_START_USER_PROJECTILE = 46850
S_STORE_SELL_LIST = 47417
S_SUCCESS_COUNTER = 52337
S_SYSTEM_MESSAGE = 50768
S_SYSTEM_MESSAGE_LOOT_ITEM = 35876
S_SYSTEM_MESSAGE_LOOT_SPECIAL_ITEM = 28440
S_TARGET_INFO = 41407
S_TELEPORT_TO_CAMP = 47785
S_TRADE_BROKER_DEAL_INFO_UPDATE = 45090
S_TRADE_BROKER_DEAL_SUGGESTED = 42554
S_TRADE_BROKER_HISTORY_ITEM_LIST = 25650
S_TRADE_BROKER_REQUEST_DEAL_RESULT = 24744
S_TRADE_BROKER_SUGGEST_DEAL = 63012
S_TRADE_BROKER_WAITING_ITEM_LIST = 39770
S_UNICAST_TRANSFORM_DATA = 53027
S_UNMOUNT_VEHICLE = 30254
S_UNMOUNT_VEHICLE_EX = 53331
S_UPDATE_ACHIEVEMENT_PROGRESS = 37555
S_UPDATE_FRIEND_INFO = 32758
S_UPDATE_NPCGUILD = 20096
S_UPDATE_PRODUCE = 31479
S_USER_BLOCK_LIST = 32449
S_USER_CHANGE_NAME = 50638
S_USER_EFFECT = 41277
S_USER_EXTERNAL_CHANGE = 65517
S_USER_LEVELUP = 28167
S_USER_LOCATION = 54455
S_USER_LOCATION_IN_ACTION = 24461
S_USER_MOVETYPE = 39125
S_USER_PAPERDOLL_INFO = 62066
S_USER_SITUATION = 46977
S_USER_STATUS = 23655
S_USER_WEAPON_APPEARANCE_CHANGE = 41783
S_VIEW_WARE_EX = 63189
S_VILLAGE_LIST_TO_TELEPORT = 46145
S_VISIT_NEW_SECTION = 52908
S_VOTE_RESET_ALL_DUNGEON = 58005
S_WEAK_POINT = 20563
S_WHISPER = 34509
