C_ADD_FRIEND = 23031
C_ADD_TELEPORT_TO_POS_LIST = 43923
C_ADMIN = 55066
C_APPLY_PARTY = 65047
C_ASK_INTERACTIVE = 44765
C_BAN_PARTY_MEMBER = 37696
C_BIND_ITEM_BEGIN_PROGRESS = 38026
C_BIND_ITEM_EXECUTE = 28200
C_BLOCK_USER = 48934
C_CANCEL_CHANGE_USER_APPEARANCE = 58560
C_CANCEL_CONTRACT = 37985
C_CANCEL_SKILL = 23719
C_CAN_LOCKON_TARGET = 30191
C_CHANGE_PARTY_MANAGER = 41938
C_CHANGE_PARTY_MEMBER_AUTHORITY = 41331
C_CHAT = 42921
C_CHECK_VERSION = 19900
C_COMMIT_CHANGE_USER_APPEARANCE = 33896
C_COMPLETE_DAILY_EVENT = 28533
C_COMPLETE_EXTRA_EVENT = 27639
C_CONFIRM_UPDATE_NOTIFICATION = 21181
C_CREST_APPLY = 23671
C_CREST_APPLY_LIST = 34817
C_DELETE_FRIEND = 20929
C_DELETE_TELEPORT_TO_POS_LIST = 32398
C_DEL_ITEM = 65260
C_DIALOG = 21299
C_DISMISS_PARTY = 39057
C_EDIT_BLOCKED_USER_MEMO = 36935
C_END_CLIMBING = 35214
C_END_MOVIE = 44655
C_GACHA_TRY = 65395
C_GET_IN_SHUTTLE = 36888
C_GET_OUT_SHUTTLE = 57821
C_GET_USER_LIST = 35602
C_HIT_USER_PROJECTILE = 32149
C_INVITE_USER_TO_GUILD = 60540
C_ITEM_COLORING_SET_COLOR = 57306
C_LEAVE_PARTY = 43632
C_LEAVE_PRIVATE_CHANNEL = 27787
C_LOAD_TOPO_FIN = 56144
C_LOGIN_ARBITER = 52521
C_MERGE_ITEM = 32601
C_MERGE_ITEM_EXECUTE = 21593
C_NOTIFY_LOCATION_IN_ACTION = 55653
C_NOTIFY_LOCATION_IN_DASH = 22699
C_NOTIMELINE_SKILL = 59126
C_NPC_CONTACT = 52502
C_OP_COMMAND = 59545
C_PARTY_APPLICATION_DENIED = 45513
C_PARTY_MARKER = 24890
C_PARTY_MATCH_WINDOW_CLOSED = 24969
C_PLAYER_FLYING_LOCATION = 54438
C_PLAYER_LOCATION = 30305
C_PRESS_SKILL = 50092
C_REGISTER_ENCHANT_ITEM = 37651
C_REGISTER_EVOLUTION_ITEM = 58829
C_REGISTER_PARTY_INFO = 48777
C_REMOVE_BLOCKED_USER = 57328
C_REPLY_THROUGH_ARBITER_CONTRACT = 25857
C_REQUEST_CANDIDATE_LIST = 50329
C_REQUEST_CONTRACT = 47982
C_REQUEST_ENCHANT = 63577
C_REQUEST_EVOLUTION = 61976
C_REQUEST_GAMESTAT_PING = 34179
C_REQUEST_NONDB_ITEM_INFO = 44708
C_REQUEST_PARTY_INFO = 57526
C_REQUEST_PARTY_MATCH_INFO = 54296
C_REQUEST_PARTY_MATCH_INFO_PAGE = 54035
C_REQUEST_PARTY_MATCH_LINK = 24748
C_REQUEST_PRIVATE_CHANNEL_INFO = 53203
C_REQUEST_USER_PAPERDOLL_INFO = 26904
C_RESET_ALL_DUNGEON = 28499
C_RETURN_TO_LOBBY = 43143
C_REVIVE_NOW = 44612
C_RQ_COMMIT_DECOMPOSITION_CONTRACT = 56021
C_RQ_START_SOCIAL_ON_PROGRESS_DECOMPOSITION = 55423
C_SAVE_CLIENT_ACCOUNT_SETTING = 45174
C_SAVE_CLIENT_USER_SETTING = 51138
C_SECOND_PASSWORD_AUTH = 43480
C_SELECT_USER = 23709
C_SET_VISIBLE_RANGE = 42535
C_SHOW_ITEMLIST = 33676
C_SHOW_ITEM_TOOLTIP_EX = 61386
C_SOCIAL = 57514
C_START_COMBO_INSTANT_SKILL = 37411
C_START_ENCHANT = 47961
C_START_EVOLUTION = 53532
C_START_INSTANCE_SKILL = 55499
C_START_INSTANCE_SKILL_EX = 38748
C_START_PRODUCE = 41668
C_START_SKILL = 57063
C_START_TARGETED_SKILL = 30559
C_TELEPORT_TO_POS = 54437
C_TELEPORT_TO_VILLAGE = 46687
C_TRADE_BROKER_BUY_IT_NOW = 57432
C_TRADE_BROKER_DEAL_CONFIRM = 61492
C_TRADE_BROKER_REJECT_SUGGEST = 65234
C_TRADE_BROKER_SUGGEST_DEAL = 61633
C_TRADE_BROKER_WAITING_ITEM_LIST_NEW = 61029
C_TRADE_BROKER_WAITING_ITEM_LIST_PAGE = 62610
C_TRY_LOOT_DROPITEM = 33883
C_UNMOUNT_VEHICLE = 28293
C_UNREGISTER_ENCHANT_ITEM = 52121
C_UNREGISTER_EVOLUTION_ITEM = 63121
C_UNREGISTER_PARTY_INFO = 37993
C_UPDATE_REACTION_POS = 57904
C_USE_ITEM = 35236
C_USE_PREMIUM_SLOT = 39817
C_VIEW_WARE = 48107
C_VISIT_NEW_SECTION = 57721
C_WHISPER = 49565
S_ABNORMALITY_BEGIN = 24293
S_ABNORMALITY_DAMAGE_ABSORB = 26764
S_ABNORMALITY_END = 22811
S_ABNORMALITY_FAIL = 25801
S_ABNORMALITY_REFRESH = 27387
S_ABNORMALITY_SCALE_UP = 55723
S_ACCEPT_CONTRACT = 30225
S_ACCOMPLISH_ACHIEVEMENT = 31806
S_ACCOUNT_PACKAGE_LIST = 41730
S_ACTION_END = 20797
S_ACTION_STAGE = 60080
S_ADD_BLOCKED_USER = 29417
S_ADD_INTER_PARTY_MATCH_POOL = 64373
S_ADMIN_HOLD_CHARACTER = 39017
S_AERO = 51194
S_AIR_REACTION_END = 34886
S_ANNOUNCE_UPDATE_NOTIFICATION = 36785
S_ANSWER_INTERACTIVE = 60116
S_APPLY_TITLE = 63639
S_ASK_BIDDING_RARE_ITEM = 28354
S_ASK_TELEPORT = 65045
S_AVAILABLE_EVENT_MATCHING_LIST = 64916
S_AVAILABLE_SOCIAL_LIST = 63964
S_BAN_PARTY = 32355
S_BAN_PARTY_MEMBER = 60773
S_BATTLE_FIELD_ENTRANCE_INFO = 52272
S_BATTLE_FIELD_POINT_STORE_SELL_LIST = 27539
S_BEGIN_THROUGH_ARBITER_CONTRACT = 39967
S_BOSS_GAGE_INFO = 58393
S_CANCEL_CONTRACT = 47581
S_CANNOT_START_SKILL = 64651
S_CAN_LOCKON_TARGET = 45158
S_CHANGE_DESTPOS_PROJECTILE = 25912
S_CHANGE_EP_EXP_DAILY_LIMIT = 38213
S_CHANGE_EP_POINT = 56629
S_CHANGE_EVENT_MATCHING_STATE = 56701
S_CHANGE_FRIEND_STATE = 37800
S_CHANGE_GUILD_CHIEF = 59982
S_CHANGE_PARTY_MANAGER = 41100
S_CHANGE_VOICE_USE_QAC = 54988
S_CHAT = 61442
S_CHECK_TO_READY_PARTY = 50966
S_CHECK_TO_READY_PARTY_FIN = 47407
S_CHECK_VERSION = 19901
S_CLEAR_ALL_HOLDED_ABNORMALITY = 56399
S_COLLECTION_PICKEND = 49428
S_COLLECTION_PICKSTART = 24304
S_COMPLETE_EVENT_MATCHING_QUEST = 21072
S_CONNECT_SKILL_ARROW = 24971
S_CREATURE_CHANGE_HP = 61766
S_CREATURE_LIFE = 52867
S_CREATURE_ROTATE = 31903
S_CREST_APPLY = 28629
S_CREST_INFO = 41384
S_CREST_MESSAGE = 34490
S_CURRENT_CHANNEL = 27810
S_CUSTOM_STYLE_SYSTEM_MESSAGE = 36368
S_DEAD_LOCATION = 42363
S_DECREASE_COOLTIME_SKILL = 21483
S_DEFEND_SUCCESS = 22692
S_DELETE_FRIEND = 29266
S_DESPAWN_BONFIRE = 51658
S_DESPAWN_BUILD_OBJECT = 39724
S_DESPAWN_COLLECTION = 40066
S_DESPAWN_DROPITEM = 29936
S_DESPAWN_NPC = 33080
S_DESPAWN_PROJECTILE = 62513
S_DESPAWN_SHUTTLE = 48723
S_DESPAWN_USER = 60746
S_DESTROY_GUILD_TOWER = 28937
S_DIALOG = 57971
S_DUNGEON_CAMERA_SET = 47704
S_DUNGEON_CLEAR_COUNT_LIST = 54278
S_DUNGEON_COOL_TIME_LIST = 26629
S_DUNGEON_EVENT_MESSAGE = 41664
S_EACH_SKILL_RESULT = 40541
S_ENABLE_DISABLE_SELLABLE_ITEM_LIST = 21953
S_END_CHANGE_USER_APPEARANCE = 28500
S_END_PRODUCE = 36509
S_END_USER_PROJECTILE = 58453
S_EP_SYSTEM_DAILY_EVENT_EXP_ON_OFF = 62317
S_EXIT = 21905
S_F2P_PremiumUser_Permission = 35811
S_FEARMOVE_END = 37706
S_FEARMOVE_STAGE = 31913
S_FIELD_EVENT_ON_ENTER = 37639
S_FIELD_EVENT_ON_LEAVE = 30039
S_FIELD_POINT_INFO = 55838
S_FIN_INTER_PARTY_MATCH = 45262
S_FIX_VEHICLE_PROGRESS = 23499
S_FONT_SWAP_INFO = 20317
S_FRIEND_LIST = 33067
S_GACHA_END = 23855
S_GACHA_START = 39591
S_GET_IN_SHUTTLE = 33378
S_GET_OUT_SHUTTLE = 50538
S_GET_USER_GUILD_LOGO = 39097
S_GET_USER_LIST = 40877
S_GMEVENT_GUIDE_MESSAGE = 22737
S_GMEVENT_OX_QUIZ_OPEN = 41695
S_GMEVENT_OX_QUIZ_RESULT = 22643
S_GMEVENT_RECV_REWARD = 51826
S_GRANT_SKILL = 61105
S_GROUP_NPC_LOCATION = 27484
S_GUILD_MEMBER_LIST = 27656
S_GUILD_NAME = 36828
S_GUILD_STORE_SELL_LIST = 48716
S_GUILD_TOWER_INFO = 40596
S_HOLD_ABNORMALITY_ADD = 26803
S_IMAGE_DATA = 58958
S_INSTANCE_ARROW = 39432
S_INSTANT_DASH = 59724
S_INSTANT_MOVE = 40639
S_INVEN_CHANGEDSLOT = 59120
S_INVEN_USERDATA = 43447
S_ITEMLIST = 50751
S_ITEM_COLORING_BAG = 24155
S_ITEM_CUSTOM_STRING = 63834
S_JOIN_PRIVATE_CHANNEL = 56526
S_LEARN_EP_PERK = 46025
S_LEAVE_PARTY = 45984
S_LEAVE_PARTY_MEMBER = 51057
S_LEAVE_PRIVATE_CHANNEL = 26975
S_LOADING_SCREEN_CONTROL_INFO = 65352
S_LOAD_ACHIEVEMENT_LIST = 39951
S_LOAD_CLIENT_ACCOUNT_SETTING = 33349
S_LOAD_CLIENT_USER_SETTING = 52572
S_LOAD_DUNGEON_SOUND_HINT = 59764
S_LOAD_EP_INFO = 55506
S_LOAD_TELEPORT_TO_POS_LIST = 34929
S_LOAD_TOPO = 57501
S_LOGIN = 36701
S_LOGIN_ACCOUNT_INFO = 41264
S_LOGOUT_PARTY_MEMBER = 55486
S_MOUNT_VEHICLE = 64501
S_MOUNT_VEHICLE_EX = 54526
S_MOVE_SHUTTLE = 49357
S_MUTE = 30653
S_NOCTAN_VARIATION_INFO = 32502
S_NOTIFY_GUILD_QUEST_URGENT = 48290
S_NOTIFY_TO_FRIENDS_WALK_INTO_SAME_AREA = 20127
S_NPCGUILD_LIST = 31261
S_NPC_CHANGE_MESH = 21505
S_NPC_LOCATION = 37825
S_NPC_MENU_SELECT = 57990
S_NPC_OCCUPIER_INFO = 56256
S_NPC_STATUS = 34009
S_NPC_TARGET_USER = 36746
S_OPEN_AWESOMIUM_WEB_URL = 57330
S_OTHER_USER_APPLY_PARTY = 54736
S_PARTY_INFO = 52562
S_PARTY_MARKER = 60139
S_PARTY_MATCH_LINK = 39314
S_PARTY_MEMBER_ABNORMAL_ADD = 49466
S_PARTY_MEMBER_ABNORMAL_CLEAR = 44249
S_PARTY_MEMBER_ABNORMAL_DEL = 41262
S_PARTY_MEMBER_ABNORMAL_REFRESH = 64638
S_PARTY_MEMBER_BUFF_UPDATE = 59294
S_PARTY_MEMBER_CHANGE_HP = 37111
S_PARTY_MEMBER_CHANGE_MP = 21641
S_PARTY_MEMBER_INFO = 25564
S_PARTY_MEMBER_INTERVAL_POS_UPDATE = 43432
S_PARTY_MEMBER_LIST = 46027
S_PARTY_MEMBER_QUEST_DATA = 60642
S_PARTY_MEMBER_STAT_UPDATE = 22376
S_PLAYER_CHANGE_ALL_PROF = 54971
S_PLAYER_CHANGE_EP = 60559
S_PLAYER_CHANGE_EXP = 48097
S_PLAYER_CHANGE_FLIGHT_ENERGY = 22330
S_PLAYER_CHANGE_MP = 42305
S_PLAYER_CHANGE_PROF = 21826
S_PLAYER_CHANGE_STAMINA = 26741
S_PLAYER_RESET_EP = 43941
S_PLAYER_STAT_UPDATE = 61224
S_PLAY_ANIMATION = 57951
S_PLAY_EFFECT = 28540
S_PLAY_MOVIE = 54878
S_PLAY_SOUND = 23871
S_POINT_STORE_SELL_LIST = 23755
S_PREMIUM_SLOT_DATALIST = 54239
S_PREMIUM_SLOT_OFF = 49791
S_PREPARE_EXIT = 59599
S_PREPARE_RETURN_TO_LOBBY = 55474
S_PREVIEW_ITEM = 35783
S_PRIVATE_CHANNEL_NOTICE = 43429
S_PRIVATE_CHAT = 30174
S_PRODUCE_CRITICAL = 51681
S_QUEST_BALLOON = 58334
S_QUEST_INFO = 36212
S_QUEST_VILLAGER_INFO = 49866
S_REGISTER_ENCHANT_ITEM = 54549
S_REGISTER_EVOLUTION_ITEM = 47578
S_REJECT_CONTRACT = 57335
S_REMOVE_BLOCKED_USER = 48375
S_REMOVE_EFFECT = 27215
S_REPLY_NONDB_ITEM_INFO = 38552
S_REPLY_REQUEST_CONTRACT = 65499
S_REQUEST_CITY_WAR_MAP_INFO = 58883
S_REQUEST_CITY_WAR_MAP_INFO_DETAIL = 42843
S_REQUEST_CITY_WAR_MAP_INFO_END = 39849
S_REQUEST_CONTRACT = 25860
S_REQUEST_DESPAWN_SERVANT = 41461
S_REQUEST_PRIVATE_CHANNEL_INFO = 55555
S_REQUEST_REACTION_POS_TICK = 32287
S_REQUEST_SECOND_PASSWORD_AUTH = 21238
S_REQUEST_SERVANT_INFO_LIST = 59443
S_REQUEST_SPAWN_SERVANT = 47087
S_REQUEST_STYLE_SHOP_MARK_PRODUCTLIST = 38473
S_RESET_EP_PERK = 51449
S_RESPONSE_GAMESTAT_PONG = 37566
S_RESULT_BIDDING_DICE_THROW = 59915
S_RESULT_ITEM_BIDDING = 37260
S_RETURN_TO_LOBBY = 26432
S_RP_SKILL_POLISHING_LIST = 42523
S_SHORTCUT_CHANGE = 21566
S_SHOW_AWESOMIUMWEB_SHOP = 64552
S_SHOW_CANDIDATE_LIST = 38827
S_SHOW_HP = 28553
S_SHOW_ITEM_TOOLTIP = 32798
S_SHOW_PARTY_MATCH_INFO = 29559
S_SHOW_PEGASUS_MAP = 33611
S_SHOW_USER_EP_INFO = 23485
S_SKILL_ATTENTION_TARGET = 44716
S_SKILL_CATEGORY = 32699
S_SKILL_LIST = 58712
S_SOCIAL = 59714
S_SPAWN_BONFIRE = 27626
S_SPAWN_BUILD_OBJECT = 41140
S_SPAWN_COLLECTION = 40739
S_SPAWN_DOOR = 33515
S_SPAWN_DROPITEM = 30634
S_SPAWN_ME = 53583
S_SPAWN_NPC = 25294
S_SPAWN_PROJECTILE = 39194
S_SPAWN_SHUTTLE = 40475
S_SPAWN_USER = 37437
S_SPAWN_WORKOBJECT = 58312
S_START_ACTION_SCRIPT = 48390
S_START_CHANGE_USER_APPEARANCE = 40433
S_START_CLIENT_CUSTOM_SKILL = 63853
S_START_CLIMBING = 26164
S_START_COOLTIME_ITEM = 60078
S_START_COOLTIME_SKILL = 46683
S_START_INVERSE_CAPTURE = 47145
S_START_PRODUCE = 36503
S_START_USER_PROJECTILE = 59227
S_STICK_TO_USER_END = 57405
S_STICK_TO_USER_START = 24123
S_STORE_SELL_LIST = 39830
S_SUCCESS_COUNTER = 41217
S_SYSTEM_MESSAGE = 65515
S_SYSTEM_MESSAGE_LOOT_ITEM = 44199
S_SYSTEM_MESSAGE_LOOT_SPECIAL_ITEM = 24780
S_TARGET_INFO = 61047
S_TELEPORT_TO_CAMP = 44700
S_TRADE_BROKER_DEAL_INFO_UPDATE = 28178
S_TRADE_BROKER_DEAL_SUGGESTED = 35837
S_TRADE_BROKER_HISTORY_ITEM_LIST = 39695
S_TRADE_BROKER_REQUEST_DEAL_RESULT = 42714
S_TRADE_BROKER_SUGGEST_DEAL = 63254
S_TRADE_BROKER_WAITING_ITEM_LIST = 35157
S_UNICAST_FLOATING_CASTLE_INFO = 61446
S_UNICAST_FLOATING_CASTLE_NAMEPLATE = 20998
S_UNICAST_TRANSFORM_DATA = 45420
S_UNMOUNT_VEHICLE = 24918
S_UNMOUNT_VEHICLE_EX = 41617
S_UPDATE_ACHIEVEMENT_PROGRESS = 59942
S_UPDATE_FRIEND_INFO = 37587
S_UPDATE_NPCGUILD = 54175
S_USER_APPEARANCE_CHANGE = 37582
S_USER_BLOCK_LIST = 57939
S_USER_CHANGE_NAME = 57701
S_USER_DEATH = 52186
S_USER_EFFECT = 63318
S_USER_EXTERNAL_CHANGE = 27614
S_USER_LEVELUP = 56023
S_USER_LOCATION = 44703
S_USER_LOCATION_IN_ACTION = 34211
S_USER_MOVETYPE = 43540
S_USER_PAPERDOLL_INFO = 62590
S_USER_SITUATION = 51450
S_USER_STATUS = 29013
S_USER_WEAPON_APPEARANCE_CHANGE = 37761
S_VIEW_PARTY_INVITE = 34777
S_VIEW_WARE_EX = 57510
S_VILLAGE_LIST_TO_TELEPORT = 30482
S_VISIT_NEW_SECTION = 59746
S_VOTE_RESET_ALL_DUNGEON = 27409
S_WEAK_POINT = 43196
S_WHISPER = 46632
