C_ADD_FRIEND = 36070
C_ADD_TELEPORT_TO_POS_LIST = 44916
C_ADMIN = 23727
C_APPLY_PARTY = 53832
C_ASK_INTERACTIVE = 41729
C_BAN_PARTY_MEMBER = 50238
C_BIND_ITEM_BEGIN_PROGRESS = 61897
C_BIND_ITEM_EXECUTE = 53523
C_BLOCK_USER = 42944
C_CANCEL_CHANGE_USER_APPEARANCE = 44254
C_CANCEL_CONTRACT = 22123
C_CANCEL_SKILL = 52937
C_CAN_LOCKON_TARGET = 25351
C_CHANGE_PARTY_MANAGER = 41663
C_CHANGE_PARTY_MEMBER_AUTHORITY = 62595
C_CHAT = 64963
C_CHECK_VERSION = 19900
C_COMMIT_CHANGE_USER_APPEARANCE = 55264
C_COMPLETE_DAILY_EVENT = 20080
C_COMPLETE_EXTRA_EVENT = 52261
C_CREST_APPLY = 30484
C_CREST_APPLY_LIST = 48433
C_DELETE_FRIEND = 30902
C_DELETE_PARCEL = 55630
C_DELETE_TELEPORT_TO_POS_LIST = 54028
C_DEL_ITEM = 53147
C_DIALOG = 56381
C_DISMISS_PARTY = 56709
C_EDIT_BLOCKED_USER_MEMO = 53136
C_END_MOVIE = 55912
C_GACHA_TRY = 48073
C_GET_IN_SHUTTLE = 50029
C_GET_OUT_SHUTTLE = 39113
C_GET_USER_LIST = 40607
C_HIT_USER_PROJECTILE = 48638
C_INVITE_USER_TO_GUILD = 27814
C_ITEM_COLORING_SET_COLOR = 63955
C_LEAVE_PARTY = 25330
C_LEAVE_PRIVATE_CHANNEL = 28128
C_LIST_PARCEL = 51566
C_LOAD_TOPO_FIN = 50843
C_LOGIN_ARBITER = 59240
C_MERGE_ITEM = 48303
C_NOTIFY_LOCATION_IN_ACTION = 41578
C_NOTIFY_LOCATION_IN_DASH = 35509
C_NOTIMELINE_SKILL = 25406
C_NPC_CONTACT = 42794
C_OP_COMMAND = 35535
C_PARTY_APPLICATION_DENIED = 38297
C_PARTY_MARKER = 36858
C_PARTY_MATCH_WINDOW_CLOSED = 39222
C_PCBANGINVENTORY_USE_SLOT = 28248
C_PLAYER_FLYING_LOCATION = 57864
C_PLAYER_LOCATION = 55590
C_PRESS_SKILL = 49834
C_RECV_PARCEL = 47664
C_REGISTER_ENCHANT_ITEM = 57283
C_REGISTER_PARTY_INFO = 55044
C_REGISTER_UPGRADE_ITEM = 50705
C_REMOVE_BLOCKED_USER = 61153
C_REPLY_THROUGH_ARBITER_CONTRACT = 49445
C_REQUEST_CANDIDATE_LIST = 46763
C_REQUEST_CONTRACT = 26884
C_REQUEST_ENCHANT = 52396
C_REQUEST_GAMESTAT_PING = 60321
C_REQUEST_NONDB_ITEM_INFO = 23954
C_REQUEST_PARTY_INFO = 53943
C_REQUEST_PARTY_MATCH_INFO = 34237
C_REQUEST_PARTY_MATCH_INFO_PAGE = 33174
C_REQUEST_PARTY_MATCH_LINK = 23577
C_REQUEST_PRIVATE_CHANNEL_INFO = 58218
C_REQUEST_UPGRADE = 23569
C_REQUEST_USER_PAPERDOLL_INFO = 46450
C_RESET_ALL_DUNGEON = 53245
C_RETURN_TO_LOBBY = 20899
C_REVIVE_NOW = 59186
C_SAVE_CLIENT_ACCOUNT_SETTING = 25784
C_SAVE_CLIENT_USER_SETTING = 36918
C_SECOND_PASSWORD_AUTH = 48500
C_SELECT_USER = 56769
C_SET_VISIBLE_RANGE = 30486
C_SHOW_INVEN = 36571
C_SHOW_ITEM_TOOLTIP_EX = 40103
C_SHOW_PARCEL_MESSAGE = 37664
C_SOCIAL = 37066
C_START_COMBO_INSTANT_SKILL = 58098
C_START_ENCHANT = 62144
C_START_INSTANCE_SKILL = 59981
C_START_INSTANCE_SKILL_EX = 32682
C_START_PRODUCE = 45165
C_START_SKILL = 64396
C_START_TARGETED_SKILL = 32428
C_START_UPGRADE = 41776
C_TELEPORT_TO_POS = 22947
C_TELEPORT_TO_VILLAGE = 30957
C_TRADE_BROKER_BUY_IT_NOW = 29987
C_TRADE_BROKER_DEAL_CONFIRM = 57183
C_TRADE_BROKER_REJECT_SUGGEST = 40993
C_TRADE_BROKER_SUGGEST_DEAL = 63732
C_TRADE_BROKER_WAITING_ITEM_LIST_NEW = 44947
C_TRADE_BROKER_WAITING_ITEM_LIST_PAGE = 32018
C_TRY_LOOT_DROPITEM = 50245
C_UNMOUNT_VEHICLE = 51226
C_UNREGISTER_ENCHANT_ITEM = 34657
C_UNREGISTER_PARTY_INFO = 25824
C_UNREGISTER_UPGRADE_ITEM = 26026
C_USE_ITEM = 32703
C_VIEW_WARE = 25293
C_VISIT_NEW_SECTION = 60694
C_WHISPER = 23064
S_ABNORMALITY_BEGIN = 34233
S_ABNORMALITY_DAMAGE_ABSORB = 31779
S_ABNORMALITY_END = 60761
S_ABNORMALITY_FAIL = 34166
S_ABNORMALITY_REFRESH = 25095
S_ACCEPT_CONTRACT = 48763
S_ACCOMPLISH_ACHIEVEMENT = 45914
S_ACCOUNT_PACKAGE_LIST = 31498
S_ACTION_END = 39437
S_ACTION_STAGE = 25937
S_ADD_BLOCKED_USER = 60213
S_ADD_INTER_PARTY_MATCH_POOL = 22912
S_ADMIN_HOLD_CHARACTER = 31061
S_AERO = 30818
S_AIR_REACTION_END = 41370
S_ANSWER_INTERACTIVE = 41961
S_APPLY_TITLE = 53460
S_AVAILABLE_EVENT_MATCHING_LIST = 60235
S_BAN_PARTY = 35679
S_BAN_PARTY_MEMBER = 41499
S_BATTLE_FIELD_ENTRANCE_INFO = 31245
S_BATTLE_FIELD_POINT_STORE_SELL_LIST = 37509
S_BEGIN_THROUGH_ARBITER_CONTRACT = 37944
S_BOSS_GAGE_INFO = 22501
S_CANCEL_CONTRACT = 62847
S_CANNOT_START_SKILL = 41843
S_CAN_LOCKON_TARGET = 42539
S_CHANGE_DESTPOS_PROJECTILE = 29579
S_CHANGE_EVENT_MATCHING_STATE = 23418
S_CHANGE_PARTY_MANAGER = 21977
S_CHANGE_VOICE_USE_QAC = 21299
S_CHAT = 20642
S_CHECK_TO_READY_PARTY = 26407
S_CHECK_TO_READY_PARTY_FIN = 44859
S_CHECK_VERSION = 19901
S_CLEAR_ALL_HOLDED_ABNORMALITY = 35489
S_COLLECTION_PICKEND = 40520
S_COMPLETE_EVENT_MATCHING_QUEST = 23379
S_CONNECT_SKILL_ARROW = 35004
S_CREATURE_CHANGE_HP = 33681
S_CREATURE_LIFE = 47974
S_CREATURE_ROTATE = 39074
S_CREST_APPLY = 31175
S_CREST_INFO = 54422
S_CREST_MESSAGE = 55911
S_CURRENT_CHANNEL = 32228
S_DEAD_LOCATION = 42762
S_DECREASE_COOLTIME_SKILL = 29153
S_DEFEND_SUCCESS = 32284
S_DESPAWN_BONFIRE = 46235
S_DESPAWN_BUILD_OBJECT = 39173
S_DESPAWN_COLLECTION = 28689
S_DESPAWN_DROPITEM = 56550
S_DESPAWN_NPC = 39212
S_DESPAWN_PROJECTILE = 46852
S_DESPAWN_SHUTTLE = 31633
S_DESPAWN_USER = 41139
S_DIALOG = 64733
S_DUNGEON_CAMERA_SET = 41036
S_DUNGEON_CLEAR_COUNT_LIST = 21077
S_DUNGEON_COOL_TIME_LIST = 26669
S_DUNGEON_EVENT_MESSAGE = 30108
S_EACH_SKILL_RESULT = 53708
S_ENABLE_DISABLE_SELLABLE_ITEM_LIST = 50732
S_END_CHANGE_USER_APPEARANCE = 29516
S_END_USER_PROJECTILE = 41862
S_EXIT = 56233
S_FEARMOVE_END = 38330
S_FEARMOVE_STAGE = 40562
S_FIELD_POINT_INFO = 59732
S_FIN_INTER_PARTY_MATCH = 36768
S_FONT_SWAP_INFO = 43661
S_FRIEND_LIST = 34756
S_GACHA_END = 59643
S_GACHA_START = 60912
S_GET_IN_SHUTTLE = 39772
S_GET_OUT_SHUTTLE = 46913
S_GET_USER_GUILD_LOGO = 54689
S_GET_USER_LIST = 29134
S_GRANT_SKILL = 43579
S_GROUP_NPC_LOCATION = 65361
S_GUILD_NAME = 33794
S_GUILD_STORE_SELL_LIST = 30880
S_GUILD_TOWER_INFO = 49868
S_HOLD_ABNORMALITY_ADD = 52836
S_IMAGE_DATA = 39715
S_INSTANT_DASH = 21084
S_INSTANT_MOVE = 30291
S_INVEN = 55321
S_INVEN_CHANGEDSLOT = 31174
S_ITEM_COLORING_BAG = 35381
S_ITEM_CUSTOM_STRING = 43270
S_JOIN_PRIVATE_CHANNEL = 27170
S_LEAVE_PARTY = 21900
S_LEAVE_PARTY_MEMBER = 39894
S_LEAVE_PRIVATE_CHANNEL = 53087
S_LIST_PARCEL_EX = 34651
S_LOADING_SCREEN_CONTROL_INFO = 21450
S_LOAD_CLIENT_ACCOUNT_SETTING = 23575
S_LOAD_CLIENT_USER_SETTING = 56818
S_LOAD_DUNGEON_SOUND_HINT = 46618
S_LOAD_TELEPORT_TO_POS_LIST = 43931
S_LOAD_TOPO = 48838
S_LOGIN = 37267
S_LOGIN_ACCOUNT_INFO = 26921
S_LOGOUT_PARTY_MEMBER = 49526
S_MOUNT_VEHICLE = 29644
S_MOUNT_VEHICLE_EX = 26802
S_MOVE_SHUTTLE = 51716
S_NOTIFY_TO_FRIENDS_WALK_INTO_SAME_AREA = 49770
S_NPC_CHANGE_MESH = 25955
S_NPC_LOCATION = 62461
S_NPC_MENU_SELECT = 49096
S_NPC_OCCUPIER_INFO = 53982
S_NPC_STATUS = 34986
S_NPC_TARGET_USER = 30645
S_OPEN_AWESOMIUM_WEB_URL = 62718
S_OTHER_USER_APPLY_PARTY = 32746
S_PARCEL_READ_RECV_STATUS = 46828
S_PARTY_INFO = 25681
S_PARTY_MARKER = 36097
S_PARTY_MATCH_LINK = 62176
S_PARTY_MEMBER_ABNORMAL_ADD = 39175
S_PARTY_MEMBER_ABNORMAL_CLEAR = 38126
S_PARTY_MEMBER_ABNORMAL_DEL = 57299
S_PARTY_MEMBER_ABNORMAL_REFRESH = 64690
S_PARTY_MEMBER_BUFF_UPDATE = 42078
S_PARTY_MEMBER_CHANGE_HP = 34512
S_PARTY_MEMBER_CHANGE_MP = 47011
S_PARTY_MEMBER_INFO = 47869
S_PARTY_MEMBER_INTERVAL_POS_UPDATE = 46817
S_PARTY_MEMBER_LIST = 54597
S_PARTY_MEMBER_STAT_UPDATE = 50472
S_PCBANGINVENTORY_DATALIST = 52258
S_PLAYER_CHANGE_ALL_PROF = 46055
S_PLAYER_CHANGE_EXP = 58324
S_PLAYER_CHANGE_FLIGHT_ENERGY = 63719
S_PLAYER_CHANGE_MP = 57051
S_PLAYER_CHANGE_PROF = 28579
S_PLAYER_CHANGE_STAMINA = 65302
S_PLAYER_STAT_UPDATE = 29832
S_PLAY_EFFECT = 44270
S_PLAY_MOVIE = 47452
S_POINT_STORE_SELL_LIST = 47148
S_PREPARE_EXIT = 21268
S_PREPARE_RETURN_TO_LOBBY = 30340
S_PREVIEW_ITEM = 25823
S_PRIVATE_CHAT = 64208
S_PRODUCE_CRITICAL = 27790
S_QUEST_BALLOON = 64450
S_QUEST_INFO = 35036
S_RECV_PARCEL = 60539
S_REGISTER_ENCHANT_ITEM = 53877
S_REGISTER_UPGRADE_ITEM = 61673
S_REJECT_CONTRACT = 57763
S_REMOVE_BLOCKED_USER = 24816
S_REMOVE_EFFECT = 42238
S_REPLY_NONDB_ITEM_INFO = 63962
S_REPLY_REQUEST_CONTRACT = 32827
S_REQUEST_CONTRACT = 34534
S_REQUEST_PRIVATE_CHANNEL_INFO = 58531
S_REQUEST_SECOND_PASSWORD_AUTH = 50617
S_REQUEST_STYLE_SHOP_MARK_PRODUCTLIST = 50741
S_RESPONSE_GAMESTAT_PONG = 40652
S_RESULT_BIDDING_DICE_THROW = 38878
S_RESULT_ITEM_BIDDING = 56475
S_RETURN_TO_LOBBY = 28926
S_SHORTCUT_CHANGE = 38396
S_SHOW_AWESOMIUMWEB_SHOP = 63767
S_SHOW_CANDIDATE_LIST = 55784
S_SHOW_HP = 20463
S_SHOW_ITEM_TOOLTIP = 58521
S_SHOW_PARTY_MATCH_INFO = 52231
S_SHOW_PCBANG_ICON = 43804
S_SHOW_PEGASUS_MAP = 50702
S_SKILL_LIST = 56785
S_SOCIAL = 31983
S_SPAWN_BONFIRE = 36481
S_SPAWN_BUILD_OBJECT = 41398
S_SPAWN_COLLECTION = 54238
S_SPAWN_DOOR = 38024
S_SPAWN_DROPITEM = 48645
S_SPAWN_ME = 27662
S_SPAWN_NPC = 32686
S_SPAWN_PROJECTILE = 34338
S_SPAWN_SHUTTLE = 62811
S_SPAWN_USER = 42316
S_SPAWN_WORKOBJECT = 49888
S_START_ACTION_SCRIPT = 61125
S_START_CHANGE_USER_APPEARANCE = 42860
S_START_CLIENT_CUSTOM_SKILL = 35041
S_START_COOLTIME_ITEM = 57281
S_START_COOLTIME_SKILL = 30998
S_START_PRODUCE = 24982
S_START_USER_PROJECTILE = 51020
S_STORE_SELL_LIST = 57700
S_SUCCESS_COUNTER = 44736
S_SYSTEM_MESSAGE = 23292
S_SYSTEM_MESSAGE_LOOT_ITEM = 43929
S_SYSTEM_MESSAGE_LOOT_SPECIAL_ITEM = 21749
S_TARGET_INFO = 60712
S_TELEPORT_TO_CAMP = 63184
S_TRADE_BROKER_DEAL_INFO_UPDATE = 53493
S_TRADE_BROKER_DEAL_SUGGESTED = 54931
S_TRADE_BROKER_REQUEST_DEAL_RESULT = 43729
S_TRADE_BROKER_SUGGEST_DEAL = 51156
S_TRADE_BROKER_WAITING_ITEM_LIST = 25919
S_UNICAST_TRANSFORM_DATA = 48121
S_UNMOUNT_VEHICLE = 54066
S_UNMOUNT_VEHICLE_EX = 44578
S_UPDATE_ACHIEVEMENT_PROGRESS = 43972
S_UPDATE_FRIEND_INFO = 31091
S_UPDATE_NPCGUILD = 21685
S_UPDATE_PRODUCE = 54074
S_USER_BLOCK_LIST = 64615
S_USER_CHANGE_NAME = 64727
S_USER_EFFECT = 44702
S_USER_EXTERNAL_CHANGE = 31063
S_USER_LEVELUP = 26529
S_USER_LOCATION = 59294
S_USER_LOCATION_IN_ACTION = 59251
S_USER_MOVETYPE = 56096
S_USER_PAPERDOLL_INFO = 22133
S_USER_SITUATION = 27285
S_USER_STATUS = 32735
S_USER_WEAPON_APPEARANCE_CHANGE = 33394
S_VIEW_WARE_EX = 45280
S_VILLAGE_LIST_TO_TELEPORT = 54926
S_VISIT_NEW_SECTION = 25539
S_WEAK_POINT = 63882
S_WHISPER = 23860
