C_ASK_INTERACTIVE = 55428
C_AVAILABLE_EVENT_MATCHING_LIST = 60822
C_CAN_LOCKON_TARGET = 50489
C_CANCEL_CONTRACT = 40764
C_CANCEL_SKILL = 54305
C_CHANGE_PARTY_MANAGER = 40515
C_CHANGE_PARTY_MEMBER_AUTHORITY = 24038
C_CHAT = 48114
C_CHECK_VERSION = 19900
C_DEL_ITEM = 62881
C_DIALOG = 48649
C_DIALOG_EVENT = 55809
C_DUNGEON_CLEAR_COUNT_LIST = 27311
C_DUNGEON_COOL_TIME_LIST = 24977
C_END_FISHING_MINIGAME = 47069
C_GET_USER_GUILD_LOGO = 42141
C_GET_USER_LIST = 23145
C_HIT_USER_PROJECTILE = 60540
C_JOIN_PRIVATE_CHANNEL = 23931
C_LEAVE_PARTY = 48526
C_LEAVE_PRIVATE_CHANNEL = 29440
C_LOGIN_ARBITER = 52469
C_MEDAL_STORE_BUY_ADD_BASKET = 51541
C_MEDAL_STORE_COMMIT = 22677
C_MERGE_ITEM = 63997
C_NPC_CONTACT = 61008
C_NPCGUILD_LIST = 58316
C_PARTY_APPLICATION_DENIED = 21345
C_PLAYER_FLYING_LOCATION = 61637
C_PLAYER_LOCATION = 23441
C_PONG = 50585
C_PRESS_SKILL = 28397
C_REGISTER_PARTY_INFO = 55186
C_REQUEST_CONTRACT = 22847
C_REQUEST_PRIVATE_CHANNEL_INFO = 34984
C_REQUEST_USER_ITEMLEVEL_INFO = 62812
C_REQUEST_USER_PAPERDOLL_INFO = 49422
C_RETURN_TO_LOBBY = 37455
C_SECOND_PASSWORD_AUTH = 63169
C_SELECT_USER = 27092
C_SET_VISIBLE_RANGE = 35009
C_SHOW_INVEN = 27279
C_SHOW_ITEM_TOOLTIP_EX = 46800
C_START_INSTANCE_SKILL = 50799
C_START_SKILL = 49265
C_STORE_BUY_ADD_BASKET = 53887
C_STORE_COMMIT = 28952
C_STORE_SELL_ADD_BASKET = 39623
C_USE_ITEM = 55132
C_WHISPER = 38615
S_ABNORMALITY_BEGIN = 47639
S_ABNORMALITY_DAMAGE_ABSORB = 49383
S_ABNORMALITY_END = 62754
S_ABNORMALITY_REFRESH = 33982
S_ACCEPT_CONTRACT = 54588
S_ACCOMPLISH_ACHIEVEMENT = 53227
S_ACCOUNT_PACKAGE_LIST = 46999
S_ACTION_END = 51741
S_ACTION_STAGE = 62459
S_ANSWER_INTERACTIVE = 45094
S_AVAILABLE_EVENT_MATCHING_LIST = 56225
S_AVAILABLE_SOCIAL_LIST = 22823
S_BAN_PARTY = 24540
S_BAN_PARTY_MEMBER = 61062
S_BOSS_GAGE_INFO = 60239
S_BROCAST_GUILD_FLAG = 65216
S_CAN_LOCKON_TARGET = 24239
S_CANCEL_CONTRACT = 38121
S_CANT_FLY_ANYMORE = 48944
S_CHANGE_DESTPOS_PROJECTILE = 53575
S_CHANGE_PARTY_MANAGER = 26707
S_CHAT = 46410
S_CHECK_TO_READY_PARTY = 34788
S_CHECK_TO_READY_PARTY_FIN = 50993
S_CHECK_VERSION = 19901
S_CLEAR_ALL_HOLDED_ABNORMALITY = 46937
S_CLEAR_QUEST_INFO = 55044
S_CLEAR_WORLD_QUEST_VILLAGER_INFO = 42486
S_CONFIRM_INVITE_CODE_BUTTON = 52770
S_CREATURE_CHANGE_HP = 35937
S_CREATURE_LIFE = 25256
S_CREATURE_ROTATE = 24751
S_CREST_INFO = 47744
S_CREST_MESSAGE = 43659
S_DAILY_QUEST_COMPLETE_COUNT = 55143
S_DECREASE_COOLTIME_SKILL = 22083
S_DESPAWN_NPC = 57035
S_DESPAWN_PROJECTILE = 33084
S_DESPAWN_USER = 51915
S_DIALOG = 56293
S_EACH_SKILL_RESULT = 34707
S_END_USER_PROJECTILE = 48774
S_EVENT_QUEST_SUMMARY = 63685
S_EXIT = 56703
S_FISHING_BITE = 61868
S_FRIEND_LIST = 29284
S_GET_USER_GUILD_LOGO = 62134
S_GET_USER_LIST = 58317
S_GUILD_NAME = 50272
S_GUILD_QUEST_LIST = 53710
S_INSTANT_DASH = 46259
S_INSTANT_MOVE = 42262
S_INVEN = 50758
S_JOIN_PRIVATE_CHANNEL = 64725
S_LEAVE_PARTY = 49673
S_LEAVE_PARTY_MEMBER = 26052
S_LEAVE_PRIVATE_CHANNEL = 53489
S_LOAD_CLIENT_ACCOUNT_SETTING = 44513
S_LOAD_CLIENT_USER_SETTING = 21576
S_LOAD_TOPO = 25932
S_LOADING_SCREEN_CONTROL_INFO = 32435
S_LOGIN = 48670
S_LOGIN_ACCOUNT_INFO = 45800
S_LOGIN_ARBITER = 23851
S_LOGOUT_PARTY_MEMBER = 48429
S_MOUNT_VEHICLE = 61984
S_NPC_LOCATION = 28016
S_NPC_OCCUPIER_INFO = 44987
S_NPC_STATUS = 38957
S_NPC_TARGET_USER = 51542
S_OTHER_USER_APPLY_PARTY = 38190
S_PARTY_MATCH_LINK = 60316
S_PARTY_MEMBER_ABNORMAL_ADD = 61020
S_PARTY_MEMBER_ABNORMAL_CLEAR = 41568
S_PARTY_MEMBER_ABNORMAL_DEL = 36289
S_PARTY_MEMBER_ABNORMAL_REFRESH = 23551
S_PARTY_MEMBER_BUFF_UPDATE = 37887
S_PARTY_MEMBER_CHANGE_HP = 25146
S_PARTY_MEMBER_CHANGE_MP = 65081
S_PARTY_MEMBER_CHANGE_STAMINA = 59597
S_PARTY_MEMBER_LIST = 41187
S_PARTY_MEMBER_STAT_UPDATE = 28564
S_PING = 45261
S_PLAYER_CHANGE_FLIGHT_ENERGY = 49386
S_PLAYER_CHANGE_MP = 56675
S_PLAYER_CHANGE_STAMINA = 23479
S_PLAYER_STAT_UPDATE = 20712
S_PREPARE_RETURN_TO_LOBBY = 61924
S_PRIVATE_CHAT = 45098
S_QUEST_BALLOON = 28482
S_QUEST_INFO = 29017
S_REJECT_CONTRACT = 22550
S_REMAIN_PLAY_TIME = 21304
S_REQUEST_CONTRACT = 62788
S_REQUEST_PRIVATE_CHANNEL_INFO = 32655
S_REQUEST_SECOND_PASSWORD_AUTH = 21866
S_RESULT_BIDDING_DICE_THROW = 32055
S_RETURN_TO_LOBBY = 34558
S_SECOND_PASSWORD_AUTH_RESULT = 38461
S_SELECT_USER = 25739
S_SHOW_NPC_TO_MAP = 40106
S_SHOW_PARTY_MATCH_INFO = 36239
S_SKILL_LIST = 41168
S_SOCIAL = 50651
S_SPAWN_ME = 60429
S_SPAWN_NPC = 62525
S_SPAWN_PROJECTILE = 48308
S_SPAWN_USER = 20718
S_START_COOLTIME_ITEM = 49305
S_START_COOLTIME_SKILL = 40704
S_START_FISHING_MINIGAME = 50664
S_START_USER_PROJECTILE = 30042
S_SYSTEM_MESSAGE = 51978
S_SYSTEM_MESSAGE_LOOT_ITEM = 51354
S_MOUNT_VEHICLE_EX = 34154
S_UNMOUNT_VEHICLE = 63545
S_UPDATE_CONTENTS_ON_OFF = 46386
S_USER_BLOCK_LIST = 22850
S_USER_EFFECT = 57486
S_USER_LOCATION = 37651
S_USER_PAPERDOLL_INFO = 62250
S_USER_STATUS = 38760
S_WEAK_POINT = 63009
S_WHISPER = 45904
S_WORLD_QUEST_VILLAGER_INFO = 38556
C_OP_COMMAND = 56832
S_DESPAWN_BUILD_OBJECT = 27532
S_DESPAWN_COLLECTION = 58095
S_DESPAWN_DROPITEM = 62627
S_CURRENT_CHANNEL = 63323
S_SPAWN_BUILD_OBJECT = 33575
S_SKILL_CATEGORY = 33225
S_USER_EXTERNAL_CHANGE = 59313
S_ADMIN_HOLD_CHARACTER = 46470
C_VISIT_NEW_SECTION = 28712
