C_ADD_FRIEND = 32549
C_ADD_TELEPORT_TO_POS_LIST = 59689
C_ADMIN = 20454
C_APPLY_PARTY = 42663
C_ASK_INTERACTIVE = 54592
C_BAN_PARTY_MEMBER = 52406
C_BIND_ITEM_BEGIN_PROGRESS = 54963
C_BIND_ITEM_EXECUTE = 36601
C_BLOCK_USER = 53843
C_CANCEL_CHANGE_USER_APPEARANCE = 21716
C_CANCEL_CONTRACT = 45997
C_CANCEL_SKILL = 35973
C_CAN_LOCKON_TARGET = 27324
C_CHANGE_PARTY_MANAGER = 57865
C_CHANGE_PARTY_MEMBER_AUTHORITY = 32619
C_CHAT = 59196
C_CHECK_VERSION = 19900
C_COMMIT_CHANGE_USER_APPEARANCE = 59519
C_COMPLETE_DAILY_EVENT = 44202
C_COMPLETE_EXTRA_EVENT = 28063
C_CONFIRM_UPDATE_NOTIFICATION = 26343
C_CREST_APPLY = 41230
C_CREST_APPLY_LIST = 25360
C_DELETE_FRIEND = 53702
C_DELETE_PARCEL = 23664
C_DELETE_TELEPORT_TO_POS_LIST = 23971
C_DEL_ITEM = 28471
C_DIALOG = 20469
C_DISMISS_PARTY = 27659
C_EDIT_BLOCKED_USER_MEMO = 60325
C_END_CLIMBING = 58750
C_END_MOVIE = 63063
C_GACHA_TRY = 21819
C_GET_IN_SHUTTLE = 38531
C_GET_OUT_SHUTTLE = 45446
C_GET_USER_LIST = 34541
C_HIT_USER_PROJECTILE = 36182
C_INVITE_USER_TO_GUILD = 44620
C_ITEM_COLORING_SET_COLOR = 63986
C_LEAVE_PARTY = 44906
C_LEAVE_PRIVATE_CHANNEL = 50971
C_LIST_PARCEL = 43543
C_LOAD_TOPO_FIN = 25919
C_LOGIN_ARBITER = 62014
C_MERGE_ITEM = 61211
C_MERGE_ITEM_EXECUTE = 54831
C_NOTIFY_LOCATION_IN_ACTION = 34579
C_NOTIFY_LOCATION_IN_DASH = 37950
C_NOTIMELINE_SKILL = 59715
C_NPC_CONTACT = 46751
C_OP_COMMAND = 59136
C_PARTY_APPLICATION_DENIED = 31649
C_PARTY_MARKER = 54672
C_PARTY_MATCH_WINDOW_CLOSED = 40146
C_PCBANGINVENTORY_USE_SLOT = 62797
C_PLAYER_FLYING_LOCATION = 26178
C_PLAYER_LOCATION = 42888
C_PREMIUM_SLOT_USE_SLOT = 36299
C_PRESS_SKILL = 29783
C_RECV_PARCEL = 48003
C_REGISTER_ENCHANT_ITEM = 48063
C_REGISTER_EVOLUTION_ITEM = 51771
C_REGISTER_PARTY_INFO = 43369
C_REMOVE_BLOCKED_USER = 55423
C_REPLY_THROUGH_ARBITER_CONTRACT = 48209
C_REQUEST_CANDIDATE_LIST = 36892
C_REQUEST_CONTRACT = 30438
C_REQUEST_ENCHANT = 62302
C_REQUEST_EVOLUTION = 30274
C_REQUEST_GAMESTAT_PING = 29455
C_REQUEST_NONDB_ITEM_INFO = 31564
C_REQUEST_PARTY_INFO = 54192
C_REQUEST_PARTY_MATCH_INFO = 37714
C_REQUEST_PARTY_MATCH_INFO_PAGE = 51462
C_REQUEST_PARTY_MATCH_LINK = 32719
C_REQUEST_PRIVATE_CHANNEL_INFO = 62422
C_REQUEST_USER_PAPERDOLL_INFO = 45814
C_RESET_ALL_DUNGEON = 52830
C_RETURN_TO_LOBBY = 61262
C_REVIVE_NOW = 44672
C_RQ_COMMIT_DECOMPOSITION_CONTRACT = 30718
C_RQ_START_SOCIAL_ON_PROGRESS_DECOMPOSITION = 55620
C_SAVE_CLIENT_ACCOUNT_SETTING = 33245
C_SAVE_CLIENT_USER_SETTING = 35855
C_SECOND_PASSWORD_AUTH = 20570
C_SELECT_USER = 55276
C_SET_VISIBLE_RANGE = 23431
C_SHOW_INVEN = 60577
C_SHOW_ITEM_TOOLTIP_EX = 64151
C_SHOW_PARCEL_MESSAGE = 21226
C_SOCIAL = 63882
C_START_COMBO_INSTANT_SKILL = 54602
C_START_ENCHANT = 57785
C_START_EVOLUTION = 27546
C_START_INSTANCE_SKILL = 58039
C_START_INSTANCE_SKILL_EX = 59853
C_START_PRODUCE = 51533
C_START_SKILL = 54249
C_START_TARGETED_SKILL = 62976
C_TELEPORT_TO_POS = 27108
C_TELEPORT_TO_VILLAGE = 35234
C_TRADE_BROKER_BUY_IT_NOW = 50947
C_TRADE_BROKER_DEAL_CONFIRM = 50917
C_TRADE_BROKER_REJECT_SUGGEST = 58110
C_TRADE_BROKER_SUGGEST_DEAL = 61617
C_TRADE_BROKER_WAITING_ITEM_LIST_NEW = 50646
C_TRADE_BROKER_WAITING_ITEM_LIST_PAGE = 50625
C_TRY_LOOT_DROPITEM = 25428
C_UNMOUNT_VEHICLE = 32671
C_UNREGISTER_ENCHANT_ITEM = 44496
C_UNREGISTER_EVOLUTION_ITEM = 40115
C_UNREGISTER_PARTY_INFO = 57689
C_UPDATE_REACTION_POS = 44372
C_USE_ITEM = 33042
C_VIEW_WARE = 20381
C_VISIT_NEW_SECTION = 38082
C_WHISPER = 34353
S_ABNORMALITY_BEGIN = 64076
S_ABNORMALITY_DAMAGE_ABSORB = 24094
S_ABNORMALITY_END = 64311
S_ABNORMALITY_FAIL = 44378
S_ABNORMALITY_REFRESH = 22257
S_ACCEPT_CONTRACT = 25791
S_ACCOMPLISH_ACHIEVEMENT = 56526
S_ACCOUNT_PACKAGE_LIST = 46309
S_ACTION_END = 53496
S_ACTION_STAGE = 61049
S_ADD_BLOCKED_USER = 43378
S_ADD_INTER_PARTY_MATCH_POOL = 27256
S_ADMIN_HOLD_CHARACTER = 23806
S_AERO = 42293
S_AIR_REACTION_END = 20781
S_ANNOUNCE_UPDATE_NOTIFICATION = 22737
S_ANSWER_INTERACTIVE = 32532
S_APPLY_TITLE = 53418
S_ASK_BIDDING_RARE_ITEM = 39311
S_ASK_TELEPORT = 34172
S_AVAILABLE_EVENT_MATCHING_LIST = 26947
S_AVAILABLE_SOCIAL_LIST = 28909
S_BAN_PARTY = 54895
S_BAN_PARTY_MEMBER = 44304
S_BATTLE_FIELD_ENTRANCE_INFO = 33737
S_BATTLE_FIELD_POINT_STORE_SELL_LIST = 52030
S_BEGIN_THROUGH_ARBITER_CONTRACT = 23552
S_BOSS_GAGE_INFO = 38771
S_CANCEL_CONTRACT = 20865
S_CANNOT_START_SKILL = 51870
S_CAN_LOCKON_TARGET = 36975
S_CHANGE_DESTPOS_PROJECTILE = 30716
S_CHANGE_EP_EXP_DAILY_LIMIT = 62844
S_CHANGE_EP_POINT = 63861
S_CHANGE_EVENT_MATCHING_STATE = 24286
S_CHANGE_FRIEND_STATE = 62864
S_CHANGE_GUILD_CHIEF = 29217
S_CHANGE_PARTY_MANAGER = 51730
S_CHANGE_VOICE_USE_QAC = 50185
S_CHAT = 21645
S_CHECK_TO_READY_PARTY = 48406
S_CHECK_TO_READY_PARTY_FIN = 32134
S_CHECK_VERSION = 19901
S_CLEAR_ALL_HOLDED_ABNORMALITY = 46491
S_COLLECTION_PICKEND = 43592
S_COLLECTION_PICKSTART = 55171
S_COMPLETE_EVENT_MATCHING_QUEST = 39489
S_CONNECT_SKILL_ARROW = 53298
S_CREATURE_CHANGE_HP = 22774
S_CREATURE_LIFE = 45866
S_CREATURE_ROTATE = 20056
S_CREST_APPLY = 44887
S_CREST_INFO = 38734
S_CREST_MESSAGE = 62052
S_CURRENT_CHANNEL = 54803
S_CUSTOM_STYLE_SYSTEM_MESSAGE = 44061
S_DEAD_LOCATION = 22146
S_DECREASE_COOLTIME_SKILL = 44182
S_DEFEND_SUCCESS = 65256
S_DESPAWN_BONFIRE = 22562
S_DESPAWN_BUILD_OBJECT = 50826
S_DESPAWN_COLLECTION = 29171
S_DESPAWN_DROPITEM = 34403
S_DESPAWN_NPC = 25322
S_DESPAWN_PROJECTILE = 25840
S_DESPAWN_SHUTTLE = 46005
S_DESPAWN_USER = 26980
S_DESTROY_GUILD_TOWER = 55235
S_DIALOG = 30835
S_DUNGEON_CAMERA_SET = 31837
S_DUNGEON_CLEAR_COUNT_LIST = 28059
S_DUNGEON_COOL_TIME_LIST = 64900
S_DUNGEON_EVENT_MESSAGE = 48192
S_EACH_SKILL_RESULT = 48867
S_ENABLE_DISABLE_SELLABLE_ITEM_LIST = 40844
S_END_CHANGE_USER_APPEARANCE = 40092
S_END_PRODUCE = 39014
S_END_USER_PROJECTILE = 46507
S_EP_SYSTEM_DAILY_EVENT_EXP_ON_OFF = 32612
S_EXIT = 23328
S_F2P_PremiumUser_Permission = 36256
S_FEARMOVE_END = 25642
S_FEARMOVE_STAGE = 55763
S_FIELD_EVENT_ON_ENTER = 43574
S_FIELD_EVENT_ON_LEAVE = 31379
S_FIELD_POINT_INFO = 26121
S_FIN_INTER_PARTY_MATCH = 60255
S_FIX_VEHICLE_PROGRESS = 65428
S_FONT_SWAP_INFO = 29713
S_FRIEND_LIST = 47184
S_GACHA_END = 61947
S_GACHA_START = 49621
S_GET_IN_SHUTTLE = 51226
S_GET_OUT_SHUTTLE = 25224
S_GET_USER_GUILD_LOGO = 46497
S_GET_USER_LIST = 51188
S_GMEVENT_GUIDE_MESSAGE = 43086
S_GMEVENT_OX_QUIZ_OPEN = 38671
S_GMEVENT_OX_QUIZ_RESULT = 65343
S_GMEVENT_RECV_REWARD = 33701
S_GRANT_SKILL = 46034
S_GROUP_NPC_LOCATION = 53170
S_GUILD_MEMBER_LIST = 29383
S_GUILD_NAME = 37841
S_GUILD_STORE_SELL_LIST = 36694
S_GUILD_TOWER_INFO = 47486
S_HOLD_ABNORMALITY_ADD = 53758
S_IMAGE_DATA = 41952
S_INSTANCE_ARROW = 43496
S_INSTANT_DASH = 38125
S_INSTANT_MOVE = 47970
S_INVEN = 53785
S_INVEN_CHANGEDSLOT = 30450
S_ITEM_COLORING_BAG = 58378
S_ITEM_CUSTOM_STRING = 59677
S_JOIN_PRIVATE_CHANNEL = 25271
S_LEARN_EP_PERK = 65036
S_LEAVE_PARTY = 40549
S_LEAVE_PARTY_MEMBER = 46191
S_LEAVE_PRIVATE_CHANNEL = 31314
S_LIST_PARCEL_EX = 59602
S_LOADING_SCREEN_CONTROL_INFO = 23646
S_LOAD_ACHIEVEMENT_LIST = 39073
S_LOAD_CLIENT_ACCOUNT_SETTING = 28797
S_LOAD_CLIENT_USER_SETTING = 26682
S_LOAD_DUNGEON_SOUND_HINT = 54126
S_LOAD_EP_INFO = 53205
S_LOAD_TELEPORT_TO_POS_LIST = 22564
S_LOAD_TOPO = 25595
S_LOGIN = 29142
S_LOGIN_ACCOUNT_INFO = 53733
S_LOGOUT_PARTY_MEMBER = 39944
S_MOUNT_VEHICLE = 37681
S_MOUNT_VEHICLE_EX = 22313
S_MOVE_SHUTTLE = 62332
S_MUTE = 42934
S_NOCTAN_VARIATION_INFO = 52164
S_NOTIFY_GUILD_QUEST_URGENT = 22203
S_NOTIFY_TO_FRIENDS_WALK_INTO_SAME_AREA = 51032
S_NPCGUILD_LIST = 54738
S_NPC_CHANGE_MESH = 25098
S_NPC_LOCATION = 39445
S_NPC_MENU_SELECT = 21161
S_NPC_OCCUPIER_INFO = 35107
S_NPC_STATUS = 49170
S_NPC_TARGET_USER = 33101
S_OPEN_AWESOMIUM_WEB_URL = 60604
S_OTHER_USER_APPLY_PARTY = 47051
S_PARCEL_READ_RECV_STATUS = 29307
S_PARTY_INFO = 65030
S_PARTY_MARKER = 25382
S_PARTY_MATCH_LINK = 46025
S_PARTY_MEMBER_ABNORMAL_ADD = 54211
S_PARTY_MEMBER_ABNORMAL_CLEAR = 57649
S_PARTY_MEMBER_ABNORMAL_DEL = 43235
S_PARTY_MEMBER_ABNORMAL_REFRESH = 44146
S_PARTY_MEMBER_BUFF_UPDATE = 50571
S_PARTY_MEMBER_CHANGE_HP = 27341
S_PARTY_MEMBER_CHANGE_MP = 46432
S_PARTY_MEMBER_INFO = 33916
S_PARTY_MEMBER_INTERVAL_POS_UPDATE = 43900
S_PARTY_MEMBER_LIST = 55742
S_PARTY_MEMBER_QUEST_DATA = 62722
S_PARTY_MEMBER_STAT_UPDATE = 64287
S_PCBANGINVENTORY_DATALIST = 24297
S_PLAYER_CHANGE_ALL_PROF = 60582
S_PLAYER_CHANGE_EP = 60825
S_PLAYER_CHANGE_EXP = 51350
S_PLAYER_CHANGE_FLIGHT_ENERGY = 31085
S_PLAYER_CHANGE_MP = 61641
S_PLAYER_CHANGE_PROF = 23355
S_PLAYER_CHANGE_STAMINA = 34652
S_PLAYER_RESET_EP = 56340
S_PLAYER_STAT_UPDATE = 54431
S_PLAY_ANIMATION = 32196
S_PLAY_EFFECT = 30445
S_PLAY_MOVIE = 52184
S_PLAY_SOUND = 21194
S_POINT_STORE_SELL_LIST = 26336
S_PREMIUM_SLOT_DATALIST = 42510
S_PREMIUM_SLOT_OFF = 48934
S_PREPARE_EXIT = 39775
S_PREPARE_RETURN_TO_LOBBY = 59010
S_PREVIEW_ITEM = 31190
S_PRIVATE_CHANNEL_NOTICE = 34615
S_PRIVATE_CHAT = 34285
S_PRODUCE_CRITICAL = 35624
S_QUEST_BALLOON = 33002
S_QUEST_INFO = 47036
S_QUEST_VILLAGER_INFO = 54468
S_RECV_PARCEL = 26123
S_REGISTER_ENCHANT_ITEM = 37883
S_REGISTER_EVOLUTION_ITEM = 49090
S_REJECT_CONTRACT = 62939
S_REMOVE_BLOCKED_USER = 28728
S_REMOVE_EFFECT = 23976
S_REPLY_NONDB_ITEM_INFO = 64754
S_REPLY_REQUEST_CONTRACT = 40990
S_REQUEST_CITY_WAR_MAP_INFO = 29266
S_REQUEST_CITY_WAR_MAP_INFO_DETAIL = 44595
S_REQUEST_CITY_WAR_MAP_INFO_END = 35197
S_REQUEST_CONTRACT = 46067
S_REQUEST_DESPAWN_SERVANT = 51949
S_REQUEST_PRIVATE_CHANNEL_INFO = 31985
S_REQUEST_REACTION_POS_TICK = 36593
S_REQUEST_SECOND_PASSWORD_AUTH = 43625
S_REQUEST_SERVANT_INFO_LIST = 29802
S_REQUEST_SPAWN_SERVANT = 38157
S_REQUEST_STYLE_SHOP_MARK_PRODUCTLIST = 61560
S_RESET_EP_PERK = 59864
S_RESPONSE_GAMESTAT_PONG = 58991
S_RESULT_BIDDING_DICE_THROW = 44212
S_RESULT_ITEM_BIDDING = 22719
S_RETURN_TO_LOBBY = 54870
S_RP_SKILL_POLISHING_LIST = 63715
S_SHORTCUT_CHANGE = 20632
S_SHOW_AWESOMIUMWEB_SHOP = 42139
S_SHOW_CANDIDATE_LIST = 49680
S_SHOW_HP = 63303
S_SHOW_ITEM_TOOLTIP = 33271
S_SHOW_PARTY_MATCH_INFO = 45279
S_SHOW_PCBANG_ICON = 27050
S_SHOW_PEGASUS_MAP = 29446
S_SHOW_USER_EP_INFO = 23035
S_SKILL_ATTENTION_TARGET = 37937
S_SKILL_CATEGORY = 30686
S_SKILL_LIST = 39218
S_SOCIAL = 50307
S_SPAWN_BONFIRE = 61231
S_SPAWN_BUILD_OBJECT = 30989
S_SPAWN_COLLECTION = 56427
S_SPAWN_DOOR = 63720
S_SPAWN_DROPITEM = 41556
S_SPAWN_ME = 61134
S_SPAWN_NPC = 52083
S_SPAWN_PROJECTILE = 43945
S_SPAWN_SHUTTLE = 65128
S_SPAWN_USER = 50262
S_SPAWN_WORKOBJECT = 20249
S_START_ACTION_SCRIPT = 60553
S_START_CHANGE_USER_APPEARANCE = 35400
S_START_CLIENT_CUSTOM_SKILL = 61707
S_START_CLIMBING = 47245
S_START_COOLTIME_ITEM = 33742
S_START_COOLTIME_SKILL = 64959
S_START_INVERSE_CAPTURE = 25376
S_START_PRODUCE = 60972
S_START_USER_PROJECTILE = 53016
S_STICK_TO_USER_END = 31653
S_STICK_TO_USER_START = 44314
S_STORE_SELL_LIST = 46381
S_SUCCESS_COUNTER = 28076
S_SYSTEM_MESSAGE = 40171
S_SYSTEM_MESSAGE_LOOT_ITEM = 38095
S_SYSTEM_MESSAGE_LOOT_SPECIAL_ITEM = 41741
S_TARGET_INFO = 30347
S_TELEPORT_TO_CAMP = 43298
S_TRADE_BROKER_DEAL_INFO_UPDATE = 59883
S_TRADE_BROKER_DEAL_SUGGESTED = 43240
S_TRADE_BROKER_HISTORY_ITEM_LIST = 34065
S_TRADE_BROKER_REQUEST_DEAL_RESULT = 52176
S_TRADE_BROKER_SUGGEST_DEAL = 48842
S_TRADE_BROKER_WAITING_ITEM_LIST = 34272
S_UNICAST_FLOATING_CASTLE_INFO = 28008
S_UNICAST_FLOATING_CASTLE_NAMEPLATE = 42252
S_UNICAST_TRANSFORM_DATA = 57981
S_UNMOUNT_VEHICLE = 51420
S_UNMOUNT_VEHICLE_EX = 24088
S_UPDATE_ACHIEVEMENT_PROGRESS = 36667
S_UPDATE_FRIEND_INFO = 59949
S_UPDATE_NPCGUILD = 25923
S_USER_APPEARANCE_CHANGE = 56931
S_USER_BLOCK_LIST = 21345
S_USER_CHANGE_NAME = 37557
S_USER_DEATH = 60491
S_USER_EFFECT = 51085
S_USER_EXTERNAL_CHANGE = 50071
S_USER_LEVELUP = 31247
S_USER_LOCATION = 60966
S_USER_LOCATION_IN_ACTION = 37188
S_USER_MOVETYPE = 49015
S_USER_PAPERDOLL_INFO = 29858
S_USER_SITUATION = 31667
S_USER_STATUS = 62341
S_USER_WEAPON_APPEARANCE_CHANGE = 24731
S_VIEW_PARTY_INVITE = 59739
S_VIEW_WARE_EX = 52138
S_VILLAGE_LIST_TO_TELEPORT = 62259
S_VISIT_NEW_SECTION = 57352
S_VOTE_RESET_ALL_DUNGEON = 55674
S_WEAK_POINT = 50728
S_WHISPER = 35827
