C_ADD_FRIEND = 44846
C_ADD_TELEPORT_TO_POS_LIST = 21939
C_ADMIN = 55725
C_APPLY_PARTY = 36481
C_ASK_INTERACTIVE = 43823
C_BAN_PARTY_MEMBER = 56995
C_BIND_ITEM_BEGIN_PROGRESS = 41001
C_BIND_ITEM_EXECUTE = 53855
C_BLOCK_USER = 34479
C_CANCEL_CHANGE_USER_APPEARANCE = 57553
C_CANCEL_CONTRACT = 47312
C_CANCEL_SKILL = 47726
C_CAN_LOCKON_TARGET = 43183
C_CHANGE_PARTY_MANAGER = 60630
C_CHANGE_PARTY_MEMBER_AUTHORITY = 56826
C_CHAT = 43632
C_CHECK_VERSION = 19900
C_COMMIT_CHANGE_USER_APPEARANCE = 50498
C_COMPLETE_DAILY_EVENT = 62522
C_COMPLETE_EXTRA_EVENT = 62230
C_CONFIRM_UPDATE_NOTIFICATION = 34666
C_CREST_APPLY = 40490
C_CREST_APPLY_LIST = 20853
C_DELETE_FRIEND = 37080
C_DELETE_PARCEL = 47175
C_DELETE_TELEPORT_TO_POS_LIST = 46556
C_DEL_ITEM = 52607
C_DIALOG = 32106
C_DISMISS_PARTY = 57623
C_EDIT_BLOCKED_USER_MEMO = 50221
C_END_MOVIE = 32554
C_GACHA_TRY = 46734
C_GET_IN_SHUTTLE = 28280
C_GET_OUT_SHUTTLE = 27576
C_GET_USER_LIST = 48727
C_HIT_USER_PROJECTILE = 36701
C_INVITE_USER_TO_GUILD = 64261
C_ITEM_COLORING_SET_COLOR = 33907
C_LEAVE_PARTY = 49519
C_LEAVE_PRIVATE_CHANNEL = 27259
C_LIST_PARCEL = 52422
C_LOAD_TOPO_FIN = 29841
C_LOGIN_ARBITER = 41048
C_MERGE_ITEM = 29477
C_NOTIFY_LOCATION_IN_ACTION = 36802
C_NOTIFY_LOCATION_IN_DASH = 54371
C_NOTIMELINE_SKILL = 52226
C_NPC_CONTACT = 36738
C_OP_COMMAND = 37778
C_PARTY_APPLICATION_DENIED = 26799
C_PARTY_MARKER = 47244
C_PARTY_MATCH_WINDOW_CLOSED = 29973
C_PCBANGINVENTORY_USE_SLOT = 25080
C_PLAYER_FLYING_LOCATION = 47857
C_PLAYER_LOCATION = 30507
C_PREMIUM_SLOT_USE_SLOT = 30776
C_PRESS_SKILL = 49750
C_RECV_PARCEL = 29904
C_REGISTER_ENCHANT_ITEM = 40779
C_REGISTER_PARTY_INFO = 45447
C_REGISTER_UPGRADE_ITEM = 61579
C_REMOVE_BLOCKED_USER = 60873
C_REPLY_THROUGH_ARBITER_CONTRACT = 53327
C_REQUEST_CANDIDATE_LIST = 48008
C_REQUEST_CONTRACT = 64379
C_REQUEST_ENCHANT = 48706
C_REQUEST_GAMESTAT_PING = 27601
C_REQUEST_NONDB_ITEM_INFO = 34697
C_REQUEST_PARTY_INFO = 32089
C_REQUEST_PARTY_MATCH_INFO = 55827
C_REQUEST_PARTY_MATCH_INFO_PAGE = 42283
C_REQUEST_PARTY_MATCH_LINK = 36074
C_REQUEST_PRIVATE_CHANNEL_INFO = 33143
C_REQUEST_UPGRADE = 60948
C_REQUEST_USER_PAPERDOLL_INFO = 25418
C_RESET_ALL_DUNGEON = 42486
C_RETURN_TO_LOBBY = 35507
C_REVIVE_NOW = 22013
C_SAVE_CLIENT_ACCOUNT_SETTING = 25632
C_SAVE_CLIENT_USER_SETTING = 20355
C_SECOND_PASSWORD_AUTH = 34979
C_SELECT_USER = 49963
C_SET_VISIBLE_RANGE = 21481
C_SHOW_INVEN = 49860
C_SHOW_ITEM_TOOLTIP_EX = 20778
C_SHOW_PARCEL_MESSAGE = 38348
C_SOCIAL = 43486
C_START_COMBO_INSTANT_SKILL = 44852
C_START_ENCHANT = 55689
C_START_INSTANCE_SKILL = 36429
C_START_INSTANCE_SKILL_EX = 45657
C_START_PRODUCE = 64224
C_START_SKILL = 47467
C_START_TARGETED_SKILL = 27041
C_START_UPGRADE = 46595
C_TELEPORT_TO_POS = 54884
C_TELEPORT_TO_VILLAGE = 30633
C_TRADE_BROKER_BUY_IT_NOW = 46057
C_TRADE_BROKER_DEAL_CONFIRM = 29827
C_TRADE_BROKER_REJECT_SUGGEST = 21865
C_TRADE_BROKER_SUGGEST_DEAL = 23441
C_TRADE_BROKER_WAITING_ITEM_LIST_NEW = 62552
C_TRADE_BROKER_WAITING_ITEM_LIST_PAGE = 20908
C_TRY_LOOT_DROPITEM = 26810
C_UNMOUNT_VEHICLE = 63913
C_UNREGISTER_ENCHANT_ITEM = 61234
C_UNREGISTER_PARTY_INFO = 35075
C_UNREGISTER_UPGRADE_ITEM = 20065
C_USE_ITEM = 60459
C_VIEW_WARE = 38988
C_VISIT_NEW_SECTION = 28565
C_WHISPER = 31435
S_ABNORMALITY_BEGIN = 52982
S_ABNORMALITY_DAMAGE_ABSORB = 62469
S_ABNORMALITY_END = 59574
S_ABNORMALITY_FAIL = 45343
S_ABNORMALITY_REFRESH = 23919
S_ACCEPT_CONTRACT = 51342
S_ACCOMPLISH_ACHIEVEMENT = 31982
S_ACCOUNT_PACKAGE_LIST = 32523
S_ACTION_END = 31212
S_ACTION_STAGE = 58720
S_ADD_BLOCKED_USER = 56551
S_ADD_INTER_PARTY_MATCH_POOL = 50332
S_ADMIN_HOLD_CHARACTER = 39770
S_AERO = 48491
S_AIR_REACTION_END = 46909
S_ANNOUNCE_UPDATE_NOTIFICATION = 28789
S_ANSWER_INTERACTIVE = 50764
S_APPLY_TITLE = 20693
S_AVAILABLE_EVENT_MATCHING_LIST = 40693
S_BAN_PARTY = 25900
S_BAN_PARTY_MEMBER = 31171
S_BATTLE_FIELD_ENTRANCE_INFO = 59841
S_BATTLE_FIELD_POINT_STORE_SELL_LIST = 64263
S_BEGIN_THROUGH_ARBITER_CONTRACT = 49605
S_BOSS_GAGE_INFO = 37950
S_CANCEL_CONTRACT = 48210
S_CANNOT_START_SKILL = 25513
S_CAN_LOCKON_TARGET = 38104
S_CHANGE_DESTPOS_PROJECTILE = 50875
S_CHANGE_EVENT_MATCHING_STATE = 56158
S_CHANGE_PARTY_MANAGER = 40393
S_CHANGE_VOICE_USE_QAC = 61091
S_CHAT = 58310
S_CHECK_TO_READY_PARTY = 40729
S_CHECK_TO_READY_PARTY_FIN = 26578
S_CHECK_VERSION = 19901
S_CLEAR_ALL_HOLDED_ABNORMALITY = 44254
S_COLLECTION_PICKEND = 41765
S_COMPLETE_EVENT_MATCHING_QUEST = 22253
S_CONNECT_SKILL_ARROW = 49098
S_CREATURE_CHANGE_HP = 36353
S_CREATURE_LIFE = 25180
S_CREATURE_ROTATE = 54843
S_CREST_APPLY = 49499
S_CREST_INFO = 63258
S_CREST_MESSAGE = 39077
S_CURRENT_CHANNEL = 52746
S_DEAD_LOCATION = 61767
S_DECREASE_COOLTIME_SKILL = 29606
S_DEFEND_SUCCESS = 30604
S_DESPAWN_BONFIRE = 33164
S_DESPAWN_BUILD_OBJECT = 56985
S_DESPAWN_COLLECTION = 49789
S_DESPAWN_DROPITEM = 45246
S_DESPAWN_NPC = 35746
S_DESPAWN_PROJECTILE = 63590
S_DESPAWN_SHUTTLE = 41990
S_DESPAWN_USER = 40816
S_DIALOG = 28197
S_DUNGEON_CAMERA_SET = 28533
S_DUNGEON_CLEAR_COUNT_LIST = 48416
S_DUNGEON_COOL_TIME_LIST = 37280
S_DUNGEON_EVENT_MESSAGE = 64561
S_EACH_SKILL_RESULT = 49960
S_ENABLE_DISABLE_SELLABLE_ITEM_LIST = 51085
S_END_CHANGE_USER_APPEARANCE = 48327
S_END_USER_PROJECTILE = 27987
S_EXIT = 20280
S_FEARMOVE_END = 28709
S_FEARMOVE_STAGE = 50363
S_FIELD_POINT_INFO = 57784
S_FIN_INTER_PARTY_MATCH = 49332
S_FONT_SWAP_INFO = 47618
S_FRIEND_LIST = 25014
S_GACHA_END = 41612
S_GACHA_START = 53484
S_GET_IN_SHUTTLE = 55634
S_GET_OUT_SHUTTLE = 58251
S_GET_USER_GUILD_LOGO = 49732
S_GET_USER_LIST = 21888
S_GMEVENT_GUIDE_MESSAGE = 63605
S_GMEVENT_OX_QUIZ_OPEN = 57877
S_GMEVENT_OX_QUIZ_RESULT = 28805
S_GMEVENT_RECV_REWARD = 35784
S_GRANT_SKILL = 49156
S_GROUP_NPC_LOCATION = 61860
S_GUILD_NAME = 21335
S_GUILD_STORE_SELL_LIST = 28199
S_GUILD_TOWER_INFO = 52144
S_HOLD_ABNORMALITY_ADD = 28077
S_IMAGE_DATA = 57195
S_INSTANT_DASH = 42294
S_INSTANT_MOVE = 56798
S_INVEN = 26022
S_INVEN_CHANGEDSLOT = 51384
S_ITEM_COLORING_BAG = 49837
S_ITEM_CUSTOM_STRING = 25252
S_JOIN_PRIVATE_CHANNEL = 64442
S_LEAVE_PARTY = 22213
S_LEAVE_PARTY_MEMBER = 59220
S_LEAVE_PRIVATE_CHANNEL = 39486
S_LIST_PARCEL_EX = 48145
S_LOADING_SCREEN_CONTROL_INFO = 54376
S_LOAD_CLIENT_ACCOUNT_SETTING = 58029
S_LOAD_CLIENT_USER_SETTING = 63210
S_LOAD_DUNGEON_SOUND_HINT = 28183
S_LOAD_TELEPORT_TO_POS_LIST = 35082
S_LOAD_TOPO = 26511
S_LOGIN = 33336
S_LOGIN_ACCOUNT_INFO = 57708
S_LOGOUT_PARTY_MEMBER = 26444
S_MOUNT_VEHICLE = 41923
S_MOUNT_VEHICLE_EX = 45564
S_MOVE_SHUTTLE = 24836
S_NOTIFY_TO_FRIENDS_WALK_INTO_SAME_AREA = 42512
S_NPC_CHANGE_MESH = 48588
S_NPC_LOCATION = 53668
S_NPC_MENU_SELECT = 63011
S_NPC_OCCUPIER_INFO = 32831
S_NPC_STATUS = 57258
S_NPC_TARGET_USER = 37169
S_OPEN_AWESOMIUM_WEB_URL = 61399
S_OTHER_USER_APPLY_PARTY = 29392
S_PARCEL_READ_RECV_STATUS = 62775
S_PARTY_INFO = 53153
S_PARTY_MARKER = 45412
S_PARTY_MATCH_LINK = 49153
S_PARTY_MEMBER_ABNORMAL_ADD = 44823
S_PARTY_MEMBER_ABNORMAL_CLEAR = 26757
S_PARTY_MEMBER_ABNORMAL_DEL = 51936
S_PARTY_MEMBER_ABNORMAL_REFRESH = 53515
S_PARTY_MEMBER_BUFF_UPDATE = 45350
S_PARTY_MEMBER_CHANGE_HP = 21199
S_PARTY_MEMBER_CHANGE_MP = 65278
S_PARTY_MEMBER_INFO = 46322
S_PARTY_MEMBER_INTERVAL_POS_UPDATE = 32779
S_PARTY_MEMBER_LIST = 34917
S_PARTY_MEMBER_STAT_UPDATE = 45970
S_PCBANGINVENTORY_DATALIST = 62025
S_PLAYER_CHANGE_ALL_PROF = 55747
S_PLAYER_CHANGE_EXP = 42131
S_PLAYER_CHANGE_FLIGHT_ENERGY = 65516
S_PLAYER_CHANGE_MP = 27822
S_PLAYER_CHANGE_PROF = 20429
S_PLAYER_CHANGE_STAMINA = 35470
S_PLAYER_STAT_UPDATE = 53509
S_PLAY_EFFECT = 21204
S_PLAY_MOVIE = 50820
S_POINT_STORE_SELL_LIST = 39040
S_PREMIUM_SLOT_DATALIST = 32975
S_PREMIUM_SLOT_OFF = 51485
S_PREPARE_EXIT = 48271
S_PREPARE_RETURN_TO_LOBBY = 63726
S_PREVIEW_ITEM = 26946
S_PRIVATE_CHAT = 42157
S_PRODUCE_CRITICAL = 57843
S_QUEST_BALLOON = 33445
S_QUEST_INFO = 58110
S_RECV_PARCEL = 31802
S_REGISTER_ENCHANT_ITEM = 29425
S_REGISTER_UPGRADE_ITEM = 52800
S_REJECT_CONTRACT = 31149
S_REMOVE_BLOCKED_USER = 58574
S_REMOVE_EFFECT = 52005
S_REPLY_NONDB_ITEM_INFO = 46717
S_REPLY_REQUEST_CONTRACT = 53823
S_REQUEST_CONTRACT = 52469
S_REQUEST_PRIVATE_CHANNEL_INFO = 59898
S_REQUEST_SECOND_PASSWORD_AUTH = 38461
S_REQUEST_STYLE_SHOP_MARK_PRODUCTLIST = 33044
S_RESPONSE_GAMESTAT_PONG = 49949
S_RESULT_BIDDING_DICE_THROW = 56104
S_RESULT_ITEM_BIDDING = 42498
S_RETURN_TO_LOBBY = 51705
S_SHORTCUT_CHANGE = 37894
S_SHOW_AWESOMIUMWEB_SHOP = 63938
S_SHOW_CANDIDATE_LIST = 65271
S_SHOW_HP = 57018
S_SHOW_ITEM_TOOLTIP = 30896
S_SHOW_PARTY_MATCH_INFO = 22160
S_SHOW_PCBANG_ICON = 63053
S_SHOW_PEGASUS_MAP = 39967
S_SKILL_CATEGORY = 60075
S_SKILL_LIST = 61446
S_SOCIAL = 49633
S_SPAWN_BONFIRE = 63770
S_SPAWN_BUILD_OBJECT = 56761
S_SPAWN_COLLECTION = 49538
S_SPAWN_DOOR = 58520
S_SPAWN_DROPITEM = 63570
S_SPAWN_ME = 59392
S_SPAWN_NPC = 45310
S_SPAWN_PROJECTILE = 52103
S_SPAWN_SHUTTLE = 62814
S_SPAWN_USER = 53925
S_SPAWN_WORKOBJECT = 61191
S_START_ACTION_SCRIPT = 42993
S_START_CHANGE_USER_APPEARANCE = 61350
S_START_CLIENT_CUSTOM_SKILL = 43382
S_START_COOLTIME_ITEM = 23493
S_START_COOLTIME_SKILL = 46128
S_START_PRODUCE = 45165
S_START_USER_PROJECTILE = 20199
S_STORE_SELL_LIST = 58028
S_SUCCESS_COUNTER = 46596
S_SYSTEM_MESSAGE = 39028
S_SYSTEM_MESSAGE_LOOT_ITEM = 47047
S_SYSTEM_MESSAGE_LOOT_SPECIAL_ITEM = 53180
S_TARGET_INFO = 20054
S_TELEPORT_TO_CAMP = 38534
S_TRADE_BROKER_DEAL_INFO_UPDATE = 56313
S_TRADE_BROKER_DEAL_SUGGESTED = 29831
S_TRADE_BROKER_REQUEST_DEAL_RESULT = 25343
S_TRADE_BROKER_SUGGEST_DEAL = 40569
S_TRADE_BROKER_WAITING_ITEM_LIST = 31718
S_UNICAST_TRANSFORM_DATA = 23953
S_UNMOUNT_VEHICLE = 35177
S_UNMOUNT_VEHICLE_EX = 38498
S_UPDATE_ACHIEVEMENT_PROGRESS = 21275
S_UPDATE_FRIEND_INFO = 47464
S_UPDATE_NPCGUILD = 43560
S_UPDATE_PRODUCE = 52564
S_USER_BLOCK_LIST = 27200
S_USER_CHANGE_NAME = 34084
S_USER_EFFECT = 47310
S_USER_EXTERNAL_CHANGE = 61531
S_USER_LEVELUP = 58249
S_USER_LOCATION = 57053
S_USER_LOCATION_IN_ACTION = 23973
S_USER_MOVETYPE = 60864
S_USER_PAPERDOLL_INFO = 61896
S_USER_SITUATION = 27937
S_USER_STATUS = 41856
S_USER_WEAPON_APPEARANCE_CHANGE = 28174
S_VIEW_WARE_EX = 43700
S_VILLAGE_LIST_TO_TELEPORT = 25838
S_VISIT_NEW_SECTION = 61230
S_WEAK_POINT = 49086
S_WHISPER = 58513
