C_ADD_FRIEND 56144
C_ADMIN 59932
C_APPLY_PARTY 56502
C_ASK_INTERACTIVE 47704
C_BAN_PARTY_MEMBER 50631
C_BIND_ITEM_BEGIN_PROGRESS 21512
C_BIND_ITEM_EXECUTE 51334
C_BLOCK_USER 28125
C_CANCEL_CHANGE_USER_APPEARANCE 28667
C_CANCEL_CONTRACT 23416
C_CANCEL_SKILL 36518
C_CAN_LOCKON_TARGET 35300
C_CHANGE_PARTY_MANAGER 45782
C_CHANGE_PARTY_MEMBER_AUTHORITY 26094
C_CHAT 30429
C_CHECK_VERSION 19900
C_COMMIT_CHANGE_USER_APPEARANCE 46500
C_COMPLETE_DAILY_EVENT 60676
C_COMPLETE_EXTRA_EVENT 65136
C_CONFIRM_UPDATE_NOTIFICATION 26794
C_CREST_APPLY 56401
C_CREST_APPLY_LIST 53442
C_DELETE_FRIEND 62896
C_DEL_ITEM 45979
C_DIALOG 39161
C_DISMISS_PARTY 31265
C_END_CLIMBING 43535
C_END_MOVIE 30813
C_GACHA_CANCEL 34949
C_GACHA_TRY 55855
C_GET_IN_SHUTTLE 21874
C_GET_OUT_SHUTTLE 40345
C_GET_USER_LIST 23283
C_HIT_USER_PROJECTILE 46474
C_INVITE_USER_TO_GUILD 27460
C_ITEM_COLORING_SET_COLOR 27953
C_LEAVE_PARTY 27383
C_LEAVE_PRIVATE_CHANNEL 64182
C_LOAD_TOPO_FIN 41343
C_LOGIN_ARBITER 55119
C_MERGE_ITEM 40753
C_MERGE_ITEM_EXECUTE 35936
C_NOTIFY_LOCATION_IN_ACTION 45914
C_NOTIFY_LOCATION_IN_DASH 35070
C_NOTIMELINE_SKILL 44419
C_NPC_CONTACT 20788
C_OP_COMMAND 49636
C_PARTY_APPLICATION_DENIED 33161
C_PARTY_MARKER 20448
C_PARTY_MATCH_WINDOW_CLOSED 24394
C_PLAYER_FLYING_LOCATION 52186
C_PLAYER_LOCATION 26432
C_PRESS_SKILL 25741
C_PUT_WARE_ITEM 44673
C_REGISTER_ENCHANT_ITEM 21009
C_REGISTER_EVOLUTION_ITEM 50095
C_REGISTER_PARTY_INFO 50005
C_REMOVE_BLOCKED_USER 53880
C_REPLY_THROUGH_ARBITER_CONTRACT 56340
C_REQUEST_ABNORMALITY_TOOLTIP_VALUE 34724
C_REQUEST_CANDIDATE_LIST 51904
C_REQUEST_CONTRACT 23314
C_REQUEST_ENCHANT 61325
C_REQUEST_EVOLUTION 39845
C_REQUEST_GAMESTAT_PING 28503
C_REQUEST_NONDB_ITEM_INFO 44329
C_REQUEST_PARTY_INFO 55334
C_REQUEST_PARTY_MATCH_INFO 27732
C_REQUEST_PARTY_MATCH_INFO_PAGE 54854
C_REQUEST_PARTY_MATCH_LINK 44810
C_REQUEST_PRIVATE_CHANNEL_INFO 60073
C_REQUEST_USER_PAPERDOLL_INFO 37454
C_REQUEST_USER_PAPERDOLL_INFO_WITH_GAMEID 57174
C_RESET_ALL_DUNGEON 20263
C_RETURN_TO_LOBBY 32137
C_REVIVE_NOW 54279
C_RQ_COMMIT_DECOMPOSITION_CONTRACT 45258
C_RQ_SKILL_POLISHING_CHANGE_OPTION 51641
C_RQ_START_SOCIAL_ON_PROGRESS_DECOMPOSITION 32436
C_SAVE_CLIENT_ACCOUNT_SETTING 50029
C_SAVE_CLIENT_USER_SETTING 23725
C_SECOND_PASSWORD_AUTH 28133
C_SELECT_USER 64621
C_SET_VISIBLE_RANGE 40585
C_SHOW_ITEMLIST 28058
C_SHOW_ITEM_TOOLTIP_EX 56008
C_SKILL_LEARN_LIST 35241
C_SKILL_LEARN_REQUEST 38839
C_SOCIAL 51601
C_START_COMBO_INSTANT_SKILL 53966
C_START_ENCHANT 27489
C_START_EVOLUTION 26909
C_START_INSTANCE_SKILL 21264
C_START_INSTANCE_SKILL_EX 27052
C_START_PRODUCE 22393
C_START_SKILL 25745
C_START_TARGETED_SKILL 42933
C_TRADE_BROKER_DEAL_CONFIRM 22983
C_TRADE_BROKER_REJECT_SUGGEST 58353
C_TRY_LOOT_DROPITEM 27946
C_UNMOUNT_VEHICLE 39296
C_UNREGISTER_ENCHANT_ITEM 35826
C_UNREGISTER_EVOLUTION_ITEM 52786
C_UNREGISTER_PARTY_INFO 64253
C_UPDATE_FRIEND_INFO 48362
C_UPDATE_REACTION_POS 23875
C_USE_ITEM 25140
C_USE_PREMIUM_SLOT 48834
C_VIEW_WARE 21293
C_VISIT_NEW_SECTION 37079
C_WHISPER 50900
S_ABNORMALITY_BEGIN 60614
S_ABNORMALITY_DAMAGE_ABSORB 29809
S_ABNORMALITY_END 37676
S_ABNORMALITY_FAIL 62651
S_ABNORMALITY_REFRESH 23271
S_ABNORMALITY_RESIST 39269
S_ABNORMALITY_SCALE_UP 42632
S_ABNORMALITY_TOOLTIP_VALUE 63628
S_ACCEPT_CONTRACT 40807
S_ACCOMPLISH_ACHIEVEMENT 48205
S_ACCOUNT_PACKAGE_LIST 40099
S_ACTION_END 23886
S_ACTION_STAGE 58101
S_ADMIN_HOLD_CHARACTER 31350
S_AERO 33668
S_AIR_REACTION_END 36196
S_ANNOUNCE_UPDATE_NOTIFICATION 31791
S_ANSWER_INTERACTIVE 42697
S_APPLY_TITLE 29335
S_ASK_BIDDING_RARE_ITEM 31430
S_ASK_TELEPORT 63528
S_AVAILABLE_EVENT_MATCHING_LIST 60442
S_AVAILABLE_SOCIAL_LIST 51281
S_BAN_PARTY 26274
S_BAN_PARTY_MEMBER 27244
S_BATTLE_FIELD_ENTRANCE_INFO 64708
S_BATTLE_FIELD_POINT_STORE_SELL_LIST 21246
S_BEGIN_THROUGH_ARBITER_CONTRACT 38240
S_BOSS_GAGE_INFO 65172
S_CANCEL_CONTRACT 32480
S_CANNOT_START_SKILL 55136
S_CAN_LOCKON_TARGET 62064
S_CHANGE_DESTPOS_PROJECTILE 28157
S_CHANGE_EP_EXP_DAILY_LIMIT 58116
S_CHANGE_EP_POINT 33549
S_CHANGE_FRIEND_STATE 48593
S_CHANGE_GUILD_CHIEF 21795
S_CHANGE_PARTY_MANAGER 31415
S_CHANGE_VOICE_USE_QAC 48966
S_CHAT 31832
S_CHECK_TO_READY_PARTY 21289
S_CHECK_TO_READY_PARTY_FIN 42852
S_CHECK_VERSION 19901
S_CLEAR_ALL_HOLDED_ABNORMALITY 36372
S_COLLECTION_PICKEND 32257
S_COLLECTION_PICKSTART 28759
S_COMPLETE_EVENT_MATCHING_QUEST 25353
S_CONNECT_SKILL_ARROW 57958
S_CREATURE_CHANGE_HP 27057
S_CREATURE_LIFE 20668
S_CREATURE_ROTATE 64609
S_CREST_APPLY 52840
S_CREST_INFO 54273
S_CREST_MESSAGE 43966
S_CURRENT_CHANNEL 35011
S_CUSTOM_STYLE_SYSTEM_MESSAGE 62497
S_DEAD_LOCATION 22492
S_DECREASE_COOLTIME_SKILL 25957
S_DEFEND_SUCCESS 40874
S_DELETE_FRIEND 31586
S_DESPAWN_BONFIRE 39359
S_DESPAWN_BUILD_OBJECT 65020
S_DESPAWN_COLLECTION 46749
S_DESPAWN_DROPITEM 58439
S_DESPAWN_EVENT_SEED 61845
S_DESPAWN_NPC 48359
S_DESPAWN_PROJECTILE 25418
S_DESPAWN_SHUTTLE 38385
S_DESPAWN_USER 22442
S_DESTROY_GUILD_TOWER 22259
S_DIALOG 41861
S_DUNGEON_CAMERA_SET 34141
S_DUNGEON_CLEAR_COUNT_LIST 31784
S_DUNGEON_COOL_TIME_LIST 63720
S_DUNGEON_EVENT_MESSAGE 33050
S_EACH_SKILL_RESULT 23217
S_ENABLE_DISABLE_SELLABLE_ITEM_LIST 30591
S_END_CHANGE_USER_APPEARANCE 37316
S_END_PRODUCE 56580
S_END_USER_PROJECTILE 24991
S_ENTER_DUNGEON 31777
S_EP_SYSTEM_DAILY_EVENT_EXP_ON_OFF 31396
S_EXIT 21814
S_F2P_PremiumUser_Permission 37502
S_FACIAL_ATTACHMENT_BROADCAST 41752
S_FATIGABILITY_POINT 60046
S_FEARMOVE_END 25162
S_FEARMOVE_STAGE 43482
S_FIELD_EVENT_ON_ENTER 54387
S_FIELD_EVENT_ON_LEAVE 39418
S_FIELD_EVENT_PROGRESS_INFO 41017
S_FIELD_POINT_INFO 57003
S_FIN_INTER_PARTY_MATCH 20807
S_FIX_VEHICLE_PROGRESS 24452
S_FONT_SWAP_INFO 34942
S_FRIEND_LIST 55664
S_GACHA_END 54047
S_GACHA_START 42504
S_GET_IN_SHUTTLE 61910
S_GET_OUT_SHUTTLE 55909
S_GET_USER_GUILD_LOGO 53566
S_GET_USER_LIST 60224
S_GMEVENT_GUIDE_MESSAGE 35280
S_GMEVENT_OX_QUIZ_OPEN 36737
S_GMEVENT_OX_QUIZ_RESULT 28385
S_GMEVENT_RECV_REWARD 39632
S_GRANT_SKILL 27313
S_GROUP_NPC_LOCATION 34822
S_GUILD_MEMBER_LIST 36610
S_GUILD_NAME 55457
S_GUILD_STORE_SELL_LIST 28201
S_GUILD_TOWER_INFO 28343
S_HIT_COMBO 36747
S_HOLD_ABNORMALITY_ADD 54345
S_IMAGE_DATA 49040
S_INSTANCE_ARROW 61104
S_INSTANT_DASH 39095
S_INSTANT_MOVE 46431
S_INVEN_CHANGEDSLOT 20060
S_INVEN_USERDATA 25977
S_ITEMLIST 22438
S_ITEM_COLORING_BAG 60303
S_ITEM_CUSTOM_STRING 44735
S_ITEM_EXPLOSION_RESULT 30619
S_JOIN_PRIVATE_CHANNEL 33493
S_LEARN_EP_PERK 48617
S_LEAVE_GUILD 29853
S_LEAVE_PARTY 31433
S_LEAVE_PARTY_MEMBER 45674
S_LEAVE_PRIVATE_CHANNEL 61597
S_LOADING_SCREEN_CONTROL_INFO 56177
S_LOAD_ACHIEVEMENT_LIST 22266
S_LOAD_CLIENT_ACCOUNT_SETTING 33032
S_LOAD_CLIENT_USER_SETTING 35554
S_LOAD_DUNGEON_SOUND_HINT 58151
S_LOAD_EP_INFO 23341
S_LOAD_TOPO 25066
S_LOCKON_YOU 23925
S_LOGIN 30347
S_LOGIN_ACCOUNT_INFO 30814
S_LOGOUT_PARTY_MEMBER 52412
S_MOUNT_VEHICLE 48845
S_MOUNT_VEHICLE_EX 52338
S_MOVE_SHUTTLE 39223
S_MUTE 52785
S_NOCTAN_VARIATION_INFO 24228
S_NOTIFY_GUILD_QUEST_URGENT 27300
S_NOTIFY_TO_FRIENDS_WALK_INTO_SAME_AREA 59297
S_NPCGUILD_LIST 39928
S_NPC_CHANGE_MESH 27500
S_NPC_LOCATION 25376
S_NPC_MENU_SELECT 48480
S_NPC_OCCUPIER_INFO 48471
S_NPC_STATUS 28556
S_NPC_TARGET_USER 31886
S_OPEN_AWESOMIUM_WEB_URL 56398
S_OTHER_USER_APPLY_PARTY 58936
S_PARTY_INFO 25146
S_PARTY_MARKER 62048
S_PARTY_MATCH_LINK 41463
S_PARTY_MEMBER_ABNORMAL_ADD 52285
S_PARTY_MEMBER_ABNORMAL_CLEAR 24484
S_PARTY_MEMBER_ABNORMAL_DEL 25372
S_PARTY_MEMBER_ABNORMAL_REFRESH 32143
S_PARTY_MEMBER_BUFF_UPDATE 32325
S_PARTY_MEMBER_CHANGE_HP 31525
S_PARTY_MEMBER_CHANGE_MP 62478
S_PARTY_MEMBER_CHANGE_STAMINA 48498
S_PARTY_MEMBER_INFO 57243
S_PARTY_MEMBER_INTERVAL_POS_UPDATE 21806
S_PARTY_MEMBER_LIST 61250
S_PARTY_MEMBER_QUEST_DATA 23965
S_PARTY_MEMBER_STAT_UPDATE 32244
S_PLAYER_CHANGE_ACTPOINT 56193
S_PLAYER_CHANGE_ALL_PROF 32880
S_PLAYER_CHANGE_EP 63248
S_PLAYER_CHANGE_EXP 41701
S_PLAYER_CHANGE_FLIGHT_ENERGY 35979
S_PLAYER_CHANGE_MP 28897
S_PLAYER_CHANGE_PROF 37717
S_PLAYER_CHANGE_STAMINA 49730
S_PLAYER_RESET_EP 42979
S_PLAYER_STAT_UPDATE 33630
S_PLAY_ANIMATION 36120
S_PLAY_EFFECT 62030
S_PLAY_EVENT_SOUND 39406
S_PLAY_MOVIE 31773
S_PLAY_SOUND 40172
S_PLAY_SOUND_BYNAME 61234
S_POINT_STORE_SELL_LIST 61265
S_POST_PROCESS 49122
S_PREMIUM_SLOT_DATALIST 33267
S_PREMIUM_SLOT_OFF 21090
S_PREPARE_EXIT 56481
S_PREPARE_RETURN_TO_LOBBY 46501
S_PRIVATE_CHANNEL_NOTICE 29048
S_PRIVATE_CHAT 37542
S_PRODUCE_CRITICAL 25271
S_QUEST_BALLOON 37822
S_QUEST_VILLAGER_INFO 31760
S_REGISTER_ENCHANT_ITEM 27462
S_REGISTER_EVOLUTION_ITEM 36356
S_REJECT_CONTRACT 26173
S_REMOVE_EFFECT 21675
S_REPLY_CLIENT_CHAT_OPTION_SETTING 63285
S_REPLY_NONDB_ITEM_INFO 32246
S_REPLY_REQUEST_CONTRACT 63894
S_REQUEST_CITY_WAR_MAP_INFO 22535
S_REQUEST_CITY_WAR_MAP_INFO_DETAIL 51007
S_REQUEST_CONTRACT 45349
S_REQUEST_DESPAWN_SERVANT 29490
S_REQUEST_PRIVATE_CHANNEL_INFO 45538
S_REQUEST_REACTION_POS_TICK 56161
S_REQUEST_SECOND_PASSWORD_AUTH 38096
S_REQUEST_SERVANT_INFO_LIST 54503
S_REQUEST_SPAWN_SERVANT 59998
S_RESET_EP_PERK 62687
S_RESPONSE_GAMESTAT_PONG 45084
S_RESULT_BIDDING_DICE_THROW 50384
S_RESULT_EVENT_SEED 35540
S_RESULT_ITEM_BIDDING 38482
S_RETURN_TO_LOBBY 21856
S_RP_SKILL_POLISHING_LIST 27498
S_SELECT_USER 47441
S_SHORTCUT_CHANGE 63546
S_SHOW_AWESOMIUMWEB_SHOP 56993
S_SHOW_CANDIDATE_LIST 58648
S_SHOW_HP 37509
S_SHOW_ITEM_TOOLTIP 38778
S_SHOW_PARTY_MATCH_INFO 44080
S_SHOW_PEGASUS_MAP 63819
S_SHOW_USER_EP_INFO 50507
S_SKILL_ATTENTION_TARGET 26324
S_SKILL_CATEGORY 64726
S_SKILL_LEARN_LIST 29755
S_SKILL_LEARN_RESULT 46820
S_SKILL_LIST 58126
S_SOCIAL 56967
S_SPAWN_BONFIRE 31973
S_SPAWN_BUILD_OBJECT 65328
S_SPAWN_COLLECTION 34796
S_SPAWN_DOOR 32005
S_SPAWN_DROPITEM 29978
S_SPAWN_EVENT_SEED 63750
S_SPAWN_ME 22759
S_SPAWN_NPC 52005
S_SPAWN_PROJECTILE 34698
S_SPAWN_SHUTTLE 29194
S_SPAWN_USER 42735
S_SPAWN_WORKOBJECT 45677
S_START_ACTION_SCRIPT 60251
S_START_CHANGE_USER_APPEARANCE 58078
S_START_CLIENT_CUSTOM_SKILL 38293
S_START_CLIMBING 30868
S_START_COOLTIME_ITEM 63361
S_START_COOLTIME_SKILL 25334
S_START_INVERSE_CAPTURE 39631
S_START_PRODUCE 28145
S_START_USER_PROJECTILE 23764
S_STEER_DEBUG_COMMAND 64238
S_STICK_TO_USER_END 58537
S_STICK_TO_USER_START 28644
S_STORE_SELL_LIST 22963
S_SUCCESS_COUNTER 20641
S_SYSTEM_MESSAGE 28411
S_SYSTEM_MESSAGE_LOOT_ITEM 53217
S_SYSTEM_MESSAGE_LOOT_SPECIAL_ITEM 20713
S_TARGET_INFO 54521
S_TBA_SELECT_USER 37618
S_TELEPORT_TO_CAMP 34628
S_TIMEOVER_CONTRACT 24575
S_TRADE_BROKER_DEAL_INFO_UPDATE 57395
S_TRADE_BROKER_DEAL_SUGGESTED 65355
S_TRADE_BROKER_REQUEST_DEAL_RESULT 32988
S_UNICAST_TRANSFORM_DATA 43685
S_UNMOUNT_VEHICLE 45100
S_UNMOUNT_VEHICLE_EX 21493
S_UPDATE_ACHIEVEMENT_PROGRESS 24554
S_UPDATE_EVENT_SEED_STATE 60541
S_UPDATE_FRIEND_INFO 60327
S_UPDATE_GUILD_QUEST_STATUS 48853
S_UPDATE_NPCGUILD 55333
S_USER_APPEARANCE_CHANGE 60153
S_USER_BLOCK_LIST 39328
S_USER_CHANGE_FACE_CUSTOM 33322
S_USER_CHANGE_NAME 22961
S_USER_DEATH 65386
S_USER_EFFECT 62226
S_USER_EXTERNAL_CHANGE 36469
S_USER_LEVELUP 51458
S_USER_LOCATION 54407
S_USER_LOCATION_IN_ACTION 62485
S_USER_MOVETYPE 50468
S_USER_PAPERDOLL_INFO 33619
S_USER_SITUATION 23529
S_USER_STATUS 55188
S_USER_WEAPON_APPEARANCE_CHANGE 45856
S_VIEW_PARTY_INVITE 25290
S_VIEW_WARE_EX 33383
S_VISIT_NEW_SECTION 44023
S_VOTE_RESET_ALL_DUNGEON 40426
S_WEAK_POINT 39655
S_WHISPER 55837
TTB_S_CHANGE_HERO 43000
TTB_S_LOAD_EP_PAGE 37901