C_CHECK_VERSION = 19900
C_LOGIN_ARBITER = 44565
C_PLAYER_LOCATION = 50974
S_ABNORMALITY_BEGIN = 61796
S_ABNORMALITY_END = 35399
S_ABNORMALITY_REFRESH = 50074
S_ACTION_END = 39380
S_ACTION_STAGE = 38320
S_AVAILABLE_EVENT_MATCHING_LIST = 31893
S_BOSS_GAGE_INFO = 32072
S_CHAT = 30764
S_CREATURE_CHANGE_HP = 37441
S_CREATURE_LIFE = 29883
S_CREATURE_ROTATE = 39826
S_DESPAWN_NPC = 24698
S_DESPAWN_USER = 27310
S_EACH_SKILL_RESULT = 51956
S_GET_USER_GUILD_LOGO = 22934
S_GET_USER_LIST = 20770
S_INSTANT_DASH = 50792
S_INSTANT_MOVE = 53776
S_LOAD_TOPO = 20843
S_LOGIN = 25746
S_LOGIN_ACCOUNT_INFO = 63335
S_LOGIN_ARBITER = 32534
S_NPC_LOCATION = 49136
S_NPC_STATUS = 27687
S_PARTY_MEMBER_CHANGE_HP = 62530
S_PARTY_MEMBER_LIST = 37959
S_PARTY_MEMBER_STAT_UPDATE = 40278
S_PLAYER_CHANGE_MP = 64617
S_PLAYER_STAT_UPDATE = 56216
S_PRIVATE_CHAT = 60247
S_REQUEST_CONTRACT = 61099
S_RETURN_TO_LOBBY = 65072
S_SPAWN_ME = 25815
S_SPAWN_NPC = 32234
S_SPAWN_PROJECTILE = 42243
S_SPAWN_USER = 62472
S_START_COOLTIME_SKILL = 44533
S_START_USER_PROJECTILE = 25394
S_SYSTEM_MESSAGE = 47949
S_USER_LOCATION = 64223
S_USER_STATUS = 37571
S_WEAK_POINT = 32428
S_WHISPER = 37312
