C_ADD_FRIEND 50634
C_ADD_TELEPORT_TO_POS_LIST 28839
C_ADMIN 34733
C_APPLY_PARTY 52191
C_ASK_INTERACTIVE 46048
C_BAN_PARTY_MEMBER 22536
C_BIND_ITEM_BEGIN_PROGRESS 54290
C_BIND_ITEM_EXECUTE 37176
C_BLOCK_USER 36826
C_CANCEL_CHANGE_USER_APPEARANCE 54953
C_CANCEL_CONTRACT 31288
C_CANCEL_SKILL 63617
C_CAN_LOCKON_TARGET 43895
C_CHANGE_PARTY_MANAGER 31307
C_CHANGE_PARTY_MEMBER_AUTHORITY 51856
C_CHAT 34087
C_CHECK_VERSION 19900
C_COMMIT_CHANGE_USER_APPEARANCE 39275
C_COMPLETE_DAILY_EVENT 39528
C_COMPLETE_EXTRA_EVENT 45033
C_CONFIRM_UPDATE_NOTIFICATION 21878
C_CREST_APPLY 64778
C_CREST_APPLY_LIST 45280
C_DELETE_FRIEND 46279
C_DELETE_TELEPORT_TO_POS_LIST 23698
C_DEL_ITEM 61031
C_DIALOG 31841
C_DISMISS_PARTY 55930
C_EDIT_BLOCKED_USER_MEMO 21954
C_END_CLIMBING 52802
C_END_MOVIE 49734
C_GACHA_CANCEL 32924
C_GACHA_TRY 24517
C_GET_IN_SHUTTLE 43033
C_GET_OUT_SHUTTLE 54258
C_GET_USER_LIST 50565
C_HIT_USER_PROJECTILE 37695
C_INVITE_USER_TO_GUILD 25955
C_ITEM_COLORING_SET_COLOR 52567
C_LEAVE_PARTY 62243
C_LEAVE_PRIVATE_CHANNEL 52094
C_LOAD_TOPO_FIN 61911
C_LOGIN_ARBITER 50638
C_MERGE_ITEM 52983
C_MERGE_ITEM_EXECUTE 58706
C_NOTIFY_LOCATION_IN_ACTION 49757
C_NOTIFY_LOCATION_IN_DASH 26715
C_NOTIMELINE_SKILL 43553
C_NPC_CONTACT 61624
C_OP_COMMAND 42894
C_PARTY_APPLICATION_DENIED 64151
C_PARTY_MARKER 49522
C_PARTY_MATCH_WINDOW_CLOSED 57509
C_PLAYER_FLYING_LOCATION 27982
C_PLAYER_LOCATION 51216
C_PRESS_SKILL 64789
C_PUT_WARE_ITEM 35042
C_REGISTER_ENCHANT_ITEM 51105
C_REGISTER_EVOLUTION_ITEM 50347
C_REGISTER_PARTY_INFO 27740
C_REMOVE_BLOCKED_USER 45354
C_REPLY_THROUGH_ARBITER_CONTRACT 47706
C_REQUEST_ABNORMALITY_TOOLTIP_VALUE 61077
C_REQUEST_CANDIDATE_LIST 38478
C_REQUEST_CONTRACT 37736
C_REQUEST_ENCHANT 48111
C_REQUEST_EVOLUTION 24607
C_REQUEST_GAMESTAT_PING 46102
C_REQUEST_NONDB_ITEM_INFO 61610
C_REQUEST_PARTY_INFO 30339
C_REQUEST_PARTY_MATCH_INFO 35241
C_REQUEST_PARTY_MATCH_INFO_PAGE 37813
C_REQUEST_PARTY_MATCH_LINK 47493
C_REQUEST_PRIVATE_CHANNEL_INFO 27469
C_REQUEST_USER_PAPERDOLL_INFO 64874
C_REQUEST_USER_PAPERDOLL_INFO_WITH_GAMEID 48649
C_RESET_ALL_DUNGEON 46914
C_RETURN_TO_LOBBY 23032
C_REVIVE_NOW 43760
C_RQ_COMMIT_DECOMPOSITION_CONTRACT 30581
C_RQ_START_SOCIAL_ON_PROGRESS_DECOMPOSITION 28238
C_SAVE_CLIENT_ACCOUNT_SETTING 27552
C_SAVE_CLIENT_USER_SETTING 54492
C_SECOND_PASSWORD_AUTH 38300
C_SELECT_USER 33249
C_SET_VISIBLE_RANGE 34645
C_SHOW_ITEMLIST 20380
C_SHOW_ITEM_TOOLTIP_EX 28570
C_SOCIAL 44466
C_START_COMBO_INSTANT_SKILL 53762
C_START_ENCHANT 44278
C_START_EVOLUTION 23956
C_START_INSTANCE_SKILL 24962
C_START_INSTANCE_SKILL_EX 51281
C_START_PRODUCE 42376
C_START_SKILL 56691
C_START_TARGETED_SKILL 25605
C_TELEPORT_TO_POS 30073
C_TELEPORT_TO_VILLAGE 57707
C_TRADE_BROKER_BUY_IT_NOW 39672
C_TRADE_BROKER_DEAL_CONFIRM 34035
C_TRADE_BROKER_REJECT_SUGGEST 47535
C_TRADE_BROKER_SUGGEST_DEAL 41543
C_TRADE_BROKER_WAITING_ITEM_LIST_NEW 56947
C_TRADE_BROKER_WAITING_ITEM_LIST_PAGE 55660
C_TRY_LOOT_DROPITEM 29710
C_UNMOUNT_VEHICLE 21576
C_UNREGISTER_ENCHANT_ITEM 42595
C_UNREGISTER_EVOLUTION_ITEM 22655
C_UNREGISTER_PARTY_INFO 53071
C_UPDATE_REACTION_POS 46907
C_USE_ITEM 45637
C_USE_PREMIUM_SLOT 30885
C_VIEW_WARE 49077
C_VISIT_NEW_SECTION 26524
C_WHISPER 34358
S_ABNORMALITY_BEGIN 23193
S_ABNORMALITY_DAMAGE_ABSORB 51582
S_ABNORMALITY_END 36846
S_ABNORMALITY_FAIL 57890
S_ABNORMALITY_REFRESH 58504
S_ABNORMALITY_RESIST 29316
S_ABNORMALITY_SCALE_UP 26031
S_ABNORMALITY_TOOLTIP_VALUE 20289
S_ACCEPT_CONTRACT 46888
S_ACCOMPLISH_ACHIEVEMENT 46651
S_ACCOUNT_PACKAGE_LIST 38943
S_ACTION_END 23377
S_ACTION_STAGE 50479
S_ADD_BLOCKED_USER 23638
S_ADD_INTER_PARTY_MATCH_POOL 57770
S_ADMIN_HOLD_CHARACTER 43264
S_AERO 62546
S_AIR_REACTION_END 30454
S_ANNOUNCE_UPDATE_NOTIFICATION 28967
S_ANSWER_INTERACTIVE 54639
S_APPLY_TITLE 61954
S_ASK_BIDDING_RARE_ITEM 50760
S_ASK_TELEPORT 60272
S_AVAILABLE_EVENT_MATCHING_LIST 41318
S_AVAILABLE_SOCIAL_LIST 33560
S_BAN_PARTY 30313
S_BAN_PARTY_MEMBER 22839
S_BATTLE_FIELD_ENTRANCE_INFO 31327
S_BATTLE_FIELD_POINT_STORE_SELL_LIST 40588
S_BEGIN_THROUGH_ARBITER_CONTRACT 52613
S_BOSS_GAGE_INFO 61223
S_BROADCAST_FLOATING_CASTLE_INFO 41852
S_BROADCAST_FLOATING_CASTLE_NAMEPLATE 47998
S_CANCEL_CONTRACT 38347
S_CANNOT_START_SKILL 53180
S_CAN_LOCKON_TARGET 44438
S_CHANGE_DESTPOS_PROJECTILE 65005
S_CHANGE_EP_EXP_DAILY_LIMIT 20678
S_CHANGE_EP_POINT 56187
S_CHANGE_EVENT_MATCHING_STATE 44428
S_CHANGE_FRIEND_STATE 30896
S_CHANGE_GUILD_CHIEF 42608
S_CHANGE_PARTY_MANAGER 37141
S_CHANGE_VOICE_USE_QAC 40102
S_CHAT 41844
S_CHECK_TO_READY_PARTY 54022
S_CHECK_TO_READY_PARTY_FIN 27852
S_CHECK_VERSION 19901
S_CLEAR_ALL_HOLDED_ABNORMALITY 44544
S_COLLECTION_PICKEND 26608
S_COLLECTION_PICKSTART 43817
S_COMPLETE_EVENT_MATCHING_QUEST 48050
S_CONNECT_SKILL_ARROW 47642
S_CREATURE_CHANGE_HP 30969
S_CREATURE_LIFE 38265
S_CREATURE_ROTATE 64661
S_CREST_APPLY 37185
S_CREST_INFO 51474
S_CREST_MESSAGE 34255
S_CURRENT_CHANNEL 57456
S_CUSTOM_STYLE_SYSTEM_MESSAGE 28808
S_DEAD_LOCATION 20386
S_DECREASE_COOLTIME_SKILL 35812
S_DEFEND_SUCCESS 51172
S_DELETE_FRIEND 40943
S_DESPAWN_BONFIRE 49892
S_DESPAWN_BUILD_OBJECT 46383
S_DESPAWN_COLLECTION 33887
S_DESPAWN_DROPITEM 45043
S_DESPAWN_EVENT_SEED 30399
S_DESPAWN_NPC 49225
S_DESPAWN_PROJECTILE 49778
S_DESPAWN_SHUTTLE 46630
S_DESPAWN_USER 43215
S_DESTROY_GUILD_TOWER 31449
S_DIALOG 38739
S_DUNGEON_CAMERA_SET 39389
S_DUNGEON_CLEAR_COUNT_LIST 54474
S_DUNGEON_COOL_TIME_LIST 22288
S_DUNGEON_EVENT_MESSAGE 41363
S_EACH_SKILL_RESULT 27568
S_ENABLE_DISABLE_SELLABLE_ITEM_LIST 25068
S_END_CHANGE_USER_APPEARANCE 40581
S_END_PRODUCE 40626
S_END_USER_PROJECTILE 27893
S_EP_SYSTEM_DAILY_EVENT_EXP_ON_OFF 53158
S_EXIT 36768
S_F2P_PremiumUser_Permission 20095
S_FACIAL_ATTACHMENT_BROADCAST 24969
S_FATIGABILITY_POINT 49054
S_FEARMOVE_END 21074
S_FEARMOVE_STAGE 40497
S_FIELD_EVENT_ON_ENTER 39323
S_FIELD_EVENT_ON_LEAVE 46994
S_FIELD_EVENT_PROGRESS_INFO 56539
S_FIELD_POINT_INFO 22572
S_FIN_INTER_PARTY_MATCH 24391
S_FIX_VEHICLE_PROGRESS 44411
S_FONT_SWAP_INFO 64027
S_FRIEND_LIST 37526
S_GACHA_END 58044
S_GACHA_START 48513
S_GET_IN_SHUTTLE 51006
S_GET_OUT_SHUTTLE 36040
S_GET_USER_GUILD_LOGO 40327
S_GET_USER_LIST 34790
S_GMEVENT_GUIDE_MESSAGE 57490
S_GMEVENT_OX_QUIZ_OPEN 31774
S_GMEVENT_OX_QUIZ_RESULT 52990
S_GMEVENT_RECV_REWARD 38842
S_GRANT_SKILL 22778
S_GROUP_NPC_LOCATION 30418
S_GUILD_MEMBER_LIST 55015
S_GUILD_NAME 37580
S_GUILD_STORE_SELL_LIST 20774
S_GUILD_TOWER_INFO 44200
S_HIT_COMBO 60281
S_HOLD_ABNORMALITY_ADD 20553
S_IMAGE_DATA 38886
S_INSTANCE_ARROW 28933
S_INSTANT_DASH 28169
S_INSTANT_MOVE 24657
S_INVEN_CHANGEDSLOT 54990
S_INVEN_USERDATA 30235
S_ITEMLIST 57617
S_ITEM_COLORING_BAG 21519
S_ITEM_CUSTOM_STRING 51359
S_ITEM_EXPLOSION_RESULT 38136
S_JOIN_PRIVATE_CHANNEL 29324
S_LEARN_EP_PERK 39740
S_LEAVE_GUILD 56274
S_LEAVE_PARTY 28437
S_LEAVE_PARTY_MEMBER 26838
S_LEAVE_PRIVATE_CHANNEL 48074
S_LOADING_SCREEN_CONTROL_INFO 54817
S_LOAD_ACHIEVEMENT_LIST 46015
S_LOAD_CLIENT_ACCOUNT_SETTING 24811
S_LOAD_CLIENT_USER_SETTING 43956
S_LOAD_DUNGEON_SOUND_HINT 24154
S_LOAD_EP_INFO 20118
S_LOAD_TELEPORT_TO_POS_LIST 45328
S_LOAD_TOPO 47281
S_LOCKON_YOU 37356
S_LOGIN 60585
S_LOGIN_ACCOUNT_INFO 34128
S_LOGOUT_PARTY_MEMBER 56802
S_MOUNT_VEHICLE 37209
S_MOUNT_VEHICLE_EX 35164
S_MOVE_SHUTTLE 62607
S_MUTE 26788
S_NOCTAN_VARIATION_INFO 61976
S_NOTIFY_GUILD_QUEST_URGENT 51554
S_NOTIFY_TO_FRIENDS_WALK_INTO_SAME_AREA 47658
S_NPCGUILD_LIST 51972
S_NPC_CHANGE_MESH 36307
S_NPC_LOCATION 26037
S_NPC_MENU_SELECT 52442
S_NPC_OCCUPIER_INFO 61004
S_NPC_STATUS 46495
S_NPC_TARGET_USER 21663
S_OPEN_AWESOMIUM_WEB_URL 35287
S_OTHER_USER_APPLY_PARTY 54377
S_PARTY_INFO 22362
S_PARTY_MARKER 32443
S_PARTY_MATCH_LINK 47234
S_PARTY_MEMBER_ABNORMAL_ADD 43005
S_PARTY_MEMBER_ABNORMAL_CLEAR 26855
S_PARTY_MEMBER_ABNORMAL_DEL 43114
S_PARTY_MEMBER_ABNORMAL_REFRESH 53232
S_PARTY_MEMBER_BUFF_UPDATE 56911
S_PARTY_MEMBER_CHANGE_HP 54316
S_PARTY_MEMBER_CHANGE_MP 42494
S_PARTY_MEMBER_CHANGE_STAMINA 63374
S_PARTY_MEMBER_INFO 61259
S_PARTY_MEMBER_INTERVAL_POS_UPDATE 24936
S_PARTY_MEMBER_LIST 29337
S_PARTY_MEMBER_QUEST_DATA 24506
S_PARTY_MEMBER_STAT_UPDATE 42960
S_PLAYER_CHANGE_ACTPOINT 31623
S_PLAYER_CHANGE_ALL_PROF 42723
S_PLAYER_CHANGE_EP 54997
S_PLAYER_CHANGE_EXP 31087
S_PLAYER_CHANGE_FLIGHT_ENERGY 58058
S_PLAYER_CHANGE_MP 55985
S_PLAYER_CHANGE_PROF 60213
S_PLAYER_CHANGE_STAMINA 49971
S_PLAYER_RESET_EP 44433
S_PLAYER_STAT_UPDATE 52916
S_PLAY_ANIMATION 32758
S_PLAY_EFFECT 62300
S_PLAY_EVENT_SOUND 25227
S_PLAY_MOVIE 41976
S_PLAY_SOUND 61158
S_PLAY_SOUND_BYNAME 27914
S_POINT_STORE_SELL_LIST 39556
S_POST_PROCESS 29209
S_PREMIUM_SLOT_DATALIST 63482
S_PREMIUM_SLOT_OFF 59977
S_PREPARE_EXIT 51051
S_PREPARE_RETURN_TO_LOBBY 29797
S_PREVIEW_ITEM 51991
S_PRIVATE_CHANNEL_NOTICE 53734
S_PRIVATE_CHAT 61946
S_PRODUCE_CRITICAL 42891
S_QUEST_BALLOON 47876
S_QUEST_INFO 60295
S_QUEST_VILLAGER_INFO 54482
S_REGISTER_ENCHANT_ITEM 45516
S_REGISTER_EVOLUTION_ITEM 28062
S_REJECT_CONTRACT 46908
S_REMOVE_BLOCKED_USER 58770
S_REMOVE_EFFECT 59847
S_REPLY_CLIENT_CHAT_OPTION_SETTING 23439
S_REPLY_NONDB_ITEM_INFO 59011
S_REPLY_REQUEST_CONTRACT 43029
S_REQUEST_CITY_WAR_MAP_INFO 50013
S_REQUEST_CITY_WAR_MAP_INFO_DETAIL 21862
S_REQUEST_CITY_WAR_MAP_INFO_END 24901
S_REQUEST_CONTRACT 60701
S_REQUEST_DESPAWN_SERVANT 59001
S_REQUEST_PRIVATE_CHANNEL_INFO 35129
S_REQUEST_REACTION_POS_TICK 59548
S_REQUEST_SECOND_PASSWORD_AUTH 27450
S_REQUEST_SERVANT_INFO_LIST 48786
S_REQUEST_SPAWN_SERVANT 60056
S_REQUEST_STYLE_SHOP_MARK_PRODUCTLIST 50342
S_RESET_EP_PERK 65338
S_RESPONSE_GAMESTAT_PONG 26387
S_RESULT_BIDDING_DICE_THROW 27414
S_RESULT_EVENT_SEED 57410
S_RESULT_ITEM_BIDDING 45899
S_RETURN_TO_LOBBY 63015
S_RP_SKILL_POLISHING_LIST 62511
S_SHORTCUT_CHANGE 55228
S_SHOW_AWESOMIUMWEB_SHOP 43060
S_SHOW_CANDIDATE_LIST 34680
S_SHOW_HP 60648
S_SHOW_ITEM_TOOLTIP 59940
S_SHOW_PARTY_MATCH_INFO 39381
S_SHOW_PEGASUS_MAP 65079
S_SHOW_USER_EP_INFO 53673
S_SKILL_ATTENTION_TARGET 41583
S_SKILL_CATEGORY 58768
S_SKILL_LIST 54495
S_SOCIAL 55185
S_SPAWN_BONFIRE 46468
S_SPAWN_BUILD_OBJECT 37803
S_SPAWN_COLLECTION 53087
S_SPAWN_DOOR 51327
S_SPAWN_DROPITEM 47676
S_SPAWN_EVENT_SEED 42638
S_SPAWN_ME 25612
S_SPAWN_NPC 59083
S_SPAWN_PROJECTILE 60477
S_SPAWN_SHUTTLE 51926
S_SPAWN_USER 60710
S_SPAWN_WORKOBJECT 63126
S_START_ACTION_SCRIPT 23105
S_START_CHANGE_USER_APPEARANCE 33762
S_START_CLIENT_CUSTOM_SKILL 56040
S_START_CLIMBING 35240
S_START_COOLTIME_ITEM 43300
S_START_COOLTIME_SKILL 22626
S_START_INVERSE_CAPTURE 57963
S_START_PRODUCE 46681
S_START_USER_PROJECTILE 23000
S_STICK_TO_USER_END 64535
S_STICK_TO_USER_START 40551
S_STORE_SELL_LIST 52043
S_SUCCESS_COUNTER 47435
S_SYSTEM_MESSAGE 20249
S_SYSTEM_MESSAGE_LOOT_ITEM 54251
S_SYSTEM_MESSAGE_LOOT_SPECIAL_ITEM 45032
S_TARGET_INFO 21390
S_TELEPORT_TO_CAMP 41761
S_TRADE_BROKER_DEAL_INFO_UPDATE 63401
S_TRADE_BROKER_DEAL_SUGGESTED 29095
S_TRADE_BROKER_HISTORY_ITEM_LIST 47614
S_TRADE_BROKER_REQUEST_DEAL_RESULT 40850
S_TRADE_BROKER_SUGGEST_DEAL 37831
S_TRADE_BROKER_WAITING_ITEM_LIST 59662
S_UNICAST_FLOATING_CASTLE_INFO 43118
S_UNICAST_FLOATING_CASTLE_NAMEPLATE 34710
S_UNICAST_TRANSFORM_DATA 21587
S_UNMOUNT_VEHICLE 23321
S_UNMOUNT_VEHICLE_EX 52533
S_UPDATE_ACHIEVEMENT_PROGRESS 47990
S_UPDATE_EVENT_SEED_STATE 43331
S_UPDATE_FRIEND_INFO 40003
S_UPDATE_GUILD_QUEST_STATUS 30946
S_UPDATE_NPCGUILD 20870
S_USER_APPEARANCE_CHANGE 36008
S_USER_BLOCK_LIST 48781
S_USER_CHANGE_FACE_CUSTOM 63467
S_USER_CHANGE_NAME 48654
S_USER_DEATH 30664
S_USER_EFFECT 22145
S_USER_EXTERNAL_CHANGE 35362
S_USER_LEVELUP 57003
S_USER_LOCATION 50973
S_USER_LOCATION_IN_ACTION 61563
S_USER_MOVETYPE 65406
S_USER_PAPERDOLL_INFO 46442
S_USER_SITUATION 56789
S_USER_STATUS 23629
S_USER_WEAPON_APPEARANCE_CHANGE 35951
S_VIEW_PARTY_INVITE 25576
S_VIEW_WARE_EX 55191
S_VILLAGE_LIST_TO_TELEPORT 47626
S_VISIT_NEW_SECTION 58876
S_VOTE_RESET_ALL_DUNGEON 20473
S_WEAK_POINT 29136
S_WHISPER 46103