C_ADD_FRIEND 44906
C_ADMIN 20629
C_APPLY_PARTY 39425
C_ASK_INTERACTIVE 61949
C_BAN_PARTY_MEMBER 42717
C_BIND_ITEM_BEGIN_PROGRESS 32428
C_BIND_ITEM_EXECUTE 36779
C_BLOCK_USER 39076
C_CANCEL_CHANGE_USER_APPEARANCE 50296
C_CANCEL_CONTRACT 24346
C_CANCEL_SKILL 40003
C_CAN_LOCKON_TARGET 53452
C_CHANGE_PARTY_MANAGER 44483
C_CHANGE_PARTY_MEMBER_AUTHORITY 51257
C_CHAT 35256
C_CHECK_VERSION 19900
C_COMMIT_CHANGE_USER_APPEARANCE 58956
C_COMPLETE_DAILY_EVENT 31854
C_COMPLETE_EXTRA_EVENT 23285
C_CONFIRM_UPDATE_NOTIFICATION 30448
C_CREST_APPLY 24145
C_CREST_APPLY_LIST 50312
C_DELETE_FRIEND 37952
C_DEL_ITEM 32097
C_DIALOG 58239
C_DISMISS_PARTY 63124
C_END_CLIMBING 45283
C_END_MOVIE 40260
C_GACHA_CANCEL 61986
C_GACHA_TRY 28858
C_GET_IN_SHUTTLE 54949
C_GET_OUT_SHUTTLE 46151
C_GET_USER_LIST 33608
C_HIT_USER_PROJECTILE 46797
C_INVITE_USER_TO_GUILD 63993
C_ITEM_COLORING_SET_COLOR 39146
C_LEAVE_PARTY 56361
C_LEAVE_PRIVATE_CHANNEL 23264
C_LOAD_TOPO_FIN 47243
C_LOGIN_ARBITER 30621
C_MERGE_ITEM 61453
C_MERGE_ITEM_EXECUTE 21015
C_NOTIFY_LOCATION_IN_ACTION 44519
C_NOTIFY_LOCATION_IN_DASH 57286
C_NOTIMELINE_SKILL 52055
C_NPC_CONTACT 20326
C_OP_COMMAND 59147
C_PARTY_APPLICATION_DENIED 30351
C_PARTY_MARKER 33308
C_PARTY_MATCH_WINDOW_CLOSED 47183
C_PLAYER_FLYING_LOCATION 51390
C_PLAYER_LOCATION 33375
C_PRESS_SKILL 62089
C_PUT_WARE_ITEM 54113
C_REGISTER_ENCHANT_ITEM 48001
C_REGISTER_EVOLUTION_ITEM 60950
C_REGISTER_PARTY_INFO 26502
C_REMOVE_BLOCKED_USER 37640
C_REPLY_THROUGH_ARBITER_CONTRACT 62682
C_REQUEST_ABNORMALITY_TOOLTIP_VALUE 46196
C_REQUEST_CANDIDATE_LIST 34671
C_REQUEST_CONTRACT 21018
C_REQUEST_ENCHANT 62215
C_REQUEST_EVOLUTION 56005
C_REQUEST_GAMESTAT_PING 47111
C_REQUEST_NONDB_ITEM_INFO 21077
C_REQUEST_PARTY_INFO 56653
C_REQUEST_PARTY_MATCH_INFO 47857
C_REQUEST_PARTY_MATCH_INFO_PAGE 46400
C_REQUEST_PARTY_MATCH_LINK 43514
C_REQUEST_PRIVATE_CHANNEL_INFO 21999
C_REQUEST_USER_PAPERDOLL_INFO 55025
C_REQUEST_USER_PAPERDOLL_INFO_WITH_GAMEID 39963
C_RESET_ALL_DUNGEON 60293
C_RETURN_TO_LOBBY 58580
C_REVIVE_NOW 26172
C_RQ_COMMIT_DECOMPOSITION_CONTRACT 59328
C_RQ_SKILL_POLISHING_CHANGE_OPTION 30453
C_RQ_START_SOCIAL_ON_PROGRESS_DECOMPOSITION 33546
C_SAVE_CLIENT_ACCOUNT_SETTING 49425
C_SAVE_CLIENT_USER_SETTING 27532
C_SECOND_PASSWORD_AUTH 39896
C_SELECT_USER 20835
C_SET_VISIBLE_RANGE 29325
C_SHOW_ITEMLIST 64078
C_SHOW_ITEM_TOOLTIP_EX 50824
C_SKILL_LEARN_LIST 44017
C_SKILL_LEARN_REQUEST 49656
C_SOCIAL 57875
C_START_COMBO_INSTANT_SKILL 58773
C_START_ENCHANT 51130
C_START_EVOLUTION 48909
C_START_INSTANCE_SKILL 64638
C_START_INSTANCE_SKILL_EX 40289
C_START_PRODUCE 50240
C_START_SKILL 28830
C_START_TARGETED_SKILL 57024
C_TRADE_BROKER_DEAL_CONFIRM 41117
C_TRADE_BROKER_REJECT_SUGGEST 30968
C_TRY_LOOT_DROPITEM 55720
C_UNMOUNT_VEHICLE 44295
C_UNREGISTER_ENCHANT_ITEM 55889
C_UNREGISTER_EVOLUTION_ITEM 39112
C_UNREGISTER_PARTY_INFO 37694
C_UPDATE_FRIEND_INFO 42045
C_UPDATE_REACTION_POS 20719
C_USE_ITEM 49452
C_USE_PREMIUM_SLOT 38155
C_VIEW_WARE 48606
C_VISIT_NEW_SECTION 62741
C_WHISPER 26389
S_ABNORMALITY_BEGIN 50893
S_ABNORMALITY_DAMAGE_ABSORB 46846
S_ABNORMALITY_END 57471
S_ABNORMALITY_FAIL 61707
S_ABNORMALITY_REFRESH 49022
S_ABNORMALITY_RESIST 38532
S_ABNORMALITY_SCALE_UP 39421
S_ABNORMALITY_TOOLTIP_VALUE 38106
S_ACCEPT_CONTRACT 51028
S_ACCOMPLISH_ACHIEVEMENT 51473
S_ACCOUNT_PACKAGE_LIST 52535
S_ACTION_END 29796
S_ACTION_STAGE 55295
S_ADMIN_HOLD_CHARACTER 24707
S_AERO 26063
S_AIR_REACTION_END 64455
S_ANNOUNCE_UPDATE_NOTIFICATION 26359
S_ANSWER_INTERACTIVE 27629
S_APPLY_TITLE 26832
S_ASK_BIDDING_RARE_ITEM 43050
S_ASK_TELEPORT 44892
S_AVAILABLE_EVENT_MATCHING_LIST 62573
S_AVAILABLE_SOCIAL_LIST 28492
S_BAN_PARTY 43771
S_BAN_PARTY_MEMBER 33694
S_BATTLE_FIELD_ENTRANCE_INFO 25682
S_BATTLE_FIELD_POINT_STORE_SELL_LIST 53770
S_BEGIN_THROUGH_ARBITER_CONTRACT 57329
S_BOSS_GAGE_INFO 31153
S_CANCEL_CONTRACT 51281
S_CANNOT_START_SKILL 59738
S_CAN_LOCKON_TARGET 65524
S_CHANGE_DESTPOS_PROJECTILE 33041
S_CHANGE_EP_EXP_DAILY_LIMIT 26619
S_CHANGE_EP_POINT 27930
S_CHANGE_FRIEND_STATE 23607
S_CHANGE_GUILD_CHIEF 60625
S_CHANGE_PARTY_MANAGER 31063
S_CHANGE_VOICE_USE_QAC 22821
S_CHAT 43880
S_CHECK_TO_READY_PARTY 56016
S_CHECK_TO_READY_PARTY_FIN 48330
S_CHECK_VERSION 19901
S_CLEAR_ALL_HOLDED_ABNORMALITY 20544
S_COLLECTION_PICKEND 30053
S_COLLECTION_PICKSTART 37431
S_COMPLETE_EVENT_MATCHING_QUEST 48649
S_CONNECT_SKILL_ARROW 28803
S_CREATURE_CHANGE_HP 20873
S_CREATURE_LIFE 54018
S_CREATURE_ROTATE 65351
S_CREST_APPLY 42786
S_CREST_INFO 64555
S_CREST_MESSAGE 34952
S_CURRENT_CHANNEL 60198
S_CUSTOM_STYLE_SYSTEM_MESSAGE 29269
S_DEAD_LOCATION 53577
S_DECREASE_COOLTIME_SKILL 23216
S_DEFEND_SUCCESS 46814
S_DELETE_FRIEND 48808
S_DESPAWN_BONFIRE 27096
S_DESPAWN_BUILD_OBJECT 34241
S_DESPAWN_COLLECTION 41989
S_DESPAWN_DROPITEM 27166
S_DESPAWN_EVENT_SEED 45646
S_DESPAWN_NPC 64151
S_DESPAWN_PROJECTILE 22034
S_DESPAWN_SHUTTLE 41580
S_DESPAWN_USER 48689
S_DESTROY_GUILD_TOWER 58210
S_DIALOG 47354
S_DUNGEON_CAMERA_SET 23263
S_DUNGEON_CLEAR_COUNT_LIST 28020
S_DUNGEON_COOL_TIME_LIST 34656
S_DUNGEON_EVENT_MESSAGE 29133
S_EACH_SKILL_RESULT 53981
S_ENABLE_DISABLE_SELLABLE_ITEM_LIST 41793
S_END_CHANGE_USER_APPEARANCE 39843
S_END_PRODUCE 37342
S_END_USER_PROJECTILE 52666
S_ENTER_DUNGEON 46226
S_EP_SYSTEM_DAILY_EVENT_EXP_ON_OFF 21412
S_EXIT 27120
S_F2P_PremiumUser_Permission 48552
S_FACIAL_ATTACHMENT_BROADCAST 52925
S_FATIGABILITY_POINT 41004
S_FEARMOVE_END 38951
S_FEARMOVE_STAGE 59272
S_FIELD_EVENT_ON_ENTER 30490
S_FIELD_EVENT_ON_LEAVE 45697
S_FIELD_EVENT_PROGRESS_INFO 25595
S_FIELD_POINT_INFO 31050
S_FIN_INTER_PARTY_MATCH 37956
S_FIX_VEHICLE_PROGRESS 43020
S_FONT_SWAP_INFO 58752
S_FRIEND_LIST 56332
S_GACHA_END 53741
S_GACHA_START 46035
S_GET_IN_SHUTTLE 26299
S_GET_OUT_SHUTTLE 61738
S_GET_USER_GUILD_LOGO 24097
S_GET_USER_LIST 57583
S_GMEVENT_GUIDE_MESSAGE 36531
S_GMEVENT_OX_QUIZ_OPEN 64650
S_GMEVENT_OX_QUIZ_RESULT 46692
S_GMEVENT_RECV_REWARD 54253
S_GRANT_SKILL 63618
S_GROUP_NPC_LOCATION 50142
S_GUILD_MEMBER_LIST 61826
S_GUILD_NAME 27367
S_GUILD_STORE_SELL_LIST 38044
S_GUILD_TOWER_INFO 63671
S_HIT_COMBO 43235
S_HOLD_ABNORMALITY_ADD 27428
S_IMAGE_DATA 24691
S_INSTANCE_ARROW 34638
S_INSTANT_DASH 24166
S_INSTANT_MOVE 52839
S_INVEN_CHANGEDSLOT 42951
S_INVEN_USERDATA 20296
S_ITEMLIST 49140
S_ITEM_COLORING_BAG 32955
S_ITEM_CUSTOM_STRING 56851
S_ITEM_EXPLOSION_RESULT 57897
S_JOIN_PRIVATE_CHANNEL 25289
S_LEARN_EP_PERK 40346
S_LEAVE_GUILD 22391
S_LEAVE_PARTY 27537
S_LEAVE_PARTY_MEMBER 39661
S_LEAVE_PRIVATE_CHANNEL 22348
S_LOADING_SCREEN_CONTROL_INFO 57112
S_LOAD_ACHIEVEMENT_LIST 53067
S_LOAD_CLIENT_ACCOUNT_SETTING 57444
S_LOAD_CLIENT_USER_SETTING 39233
S_LOAD_DUNGEON_SOUND_HINT 49320
S_LOAD_EP_INFO 61620
S_LOAD_TOPO 23815
S_LOCKON_YOU 43348
S_LOGIN 40113
S_LOGIN_ACCOUNT_INFO 31567
S_LOGOUT_PARTY_MEMBER 28777
S_MOUNT_VEHICLE 50079
S_MOUNT_VEHICLE_EX 52778
S_MOVE_SHUTTLE 37366
S_MUTE 47373
S_NOCTAN_VARIATION_INFO 29134
S_NOTIFY_GUILD_QUEST_URGENT 49599
S_NOTIFY_TO_FRIENDS_WALK_INTO_SAME_AREA 26915
S_NPCGUILD_LIST 21938
S_NPC_CHANGE_MESH 45759
S_NPC_LOCATION 63283
S_NPC_MENU_SELECT 40167
S_NPC_OCCUPIER_INFO 32789
S_NPC_STATUS 30123
S_NPC_TARGET_USER 21808
S_OPEN_AWESOMIUM_WEB_URL 47452
S_OTHER_USER_APPLY_PARTY 57961
S_PARTY_INFO 40980
S_PARTY_MARKER 34408
S_PARTY_MATCH_LINK 59261
S_PARTY_MEMBER_ABNORMAL_ADD 31339
S_PARTY_MEMBER_ABNORMAL_CLEAR 49177
S_PARTY_MEMBER_ABNORMAL_DEL 20320
S_PARTY_MEMBER_ABNORMAL_REFRESH 35159
S_PARTY_MEMBER_BUFF_UPDATE 20917
S_PARTY_MEMBER_CHANGE_HP 33569
S_PARTY_MEMBER_CHANGE_MP 56339
S_PARTY_MEMBER_CHANGE_STAMINA 35423
S_PARTY_MEMBER_INFO 35680
S_PARTY_MEMBER_INTERVAL_POS_UPDATE 53088
S_PARTY_MEMBER_LIST 64139
S_PARTY_MEMBER_QUEST_DATA 38915
S_PARTY_MEMBER_STAT_UPDATE 42244
S_PLAYER_CHANGE_ACTPOINT 29635
S_PLAYER_CHANGE_ALL_PROF 41889
S_PLAYER_CHANGE_EP 25236
S_PLAYER_CHANGE_EXP 22477
S_PLAYER_CHANGE_FLIGHT_ENERGY 36018
S_PLAYER_CHANGE_MP 56383
S_PLAYER_CHANGE_PROF 63622
S_PLAYER_CHANGE_STAMINA 39591
S_PLAYER_RESET_EP 52037
S_PLAYER_STAT_UPDATE 38618
S_PLAY_ANIMATION 61654
S_PLAY_EFFECT 49845
S_PLAY_EVENT_SOUND 48957
S_PLAY_MOVIE 52502
S_PLAY_SOUND 33487
S_PLAY_SOUND_BYNAME 52674
S_POINT_STORE_SELL_LIST 61645
S_POST_PROCESS 30465
S_PREMIUM_SLOT_DATALIST 36989
S_PREMIUM_SLOT_OFF 20112
S_PREPARE_EXIT 38110
S_PREPARE_RETURN_TO_LOBBY 27869
S_PRIVATE_CHANNEL_NOTICE 24553
S_PRIVATE_CHAT 49442
S_PRODUCE_CRITICAL 57632
S_QUEST_BALLOON 38908
S_QUEST_VILLAGER_INFO 20676
S_REGISTER_ENCHANT_ITEM 21785
S_REGISTER_EVOLUTION_ITEM 22424
S_REJECT_CONTRACT 50044
S_REMOVE_EFFECT 48165
S_REPLY_CLIENT_CHAT_OPTION_SETTING 59065
S_REPLY_NONDB_ITEM_INFO 23710
S_REPLY_REQUEST_CONTRACT 60618
S_REQUEST_CITY_WAR_MAP_INFO 50219
S_REQUEST_CITY_WAR_MAP_INFO_DETAIL 30267
S_REQUEST_CONTRACT 38320
S_REQUEST_DESPAWN_SERVANT 57011
S_REQUEST_PRIVATE_CHANNEL_INFO 33785
S_REQUEST_REACTION_POS_TICK 42885
S_REQUEST_SECOND_PASSWORD_AUTH 62318
S_REQUEST_SERVANT_INFO_LIST 55371
S_REQUEST_SPAWN_SERVANT 32132
S_RESET_EP_PERK 20361
S_RESPONSE_GAMESTAT_PONG 50905
S_RESULT_BIDDING_DICE_THROW 29001
S_RESULT_EVENT_SEED 27069
S_RESULT_ITEM_BIDDING 55985
S_RETURN_TO_LOBBY 55077
S_RP_SKILL_POLISHING_LIST 50337
S_SELECT_USER 29787
S_SHORTCUT_CHANGE 62166
S_SHOW_AWESOMIUMWEB_SHOP 61733
S_SHOW_CANDIDATE_LIST 22379
S_SHOW_HP 38143
S_SHOW_ITEM_TOOLTIP 20726
S_SHOW_PARTY_MATCH_INFO 35116
S_SHOW_PEGASUS_MAP 31255
S_SHOW_USER_EP_INFO 38463
S_SKILL_ATTENTION_TARGET 52560
S_SKILL_CATEGORY 35025
S_SKILL_LEARN_LIST 61256
S_SKILL_LEARN_RESULT 43114
S_SKILL_LIST 37859
S_SOCIAL 41121
S_SPAWN_BONFIRE 47647
S_SPAWN_BUILD_OBJECT 26639
S_SPAWN_COLLECTION 45765
S_SPAWN_DOOR 32501
S_SPAWN_DROPITEM 38396
S_SPAWN_EVENT_SEED 27891
S_SPAWN_ME 44039
S_SPAWN_NPC 26720
S_SPAWN_PROJECTILE 62170
S_SPAWN_SHUTTLE 49750
S_SPAWN_USER 52845
S_SPAWN_WORKOBJECT 59458
S_START_ACTION_SCRIPT 24065
S_START_CHANGE_USER_APPEARANCE 53620
S_START_CLIENT_CUSTOM_SKILL 46835
S_START_CLIMBING 29146
S_START_COOLTIME_ITEM 50399
S_START_COOLTIME_SKILL 58031
S_START_INVERSE_CAPTURE 59827
S_START_PRODUCE 37010
S_START_USER_PROJECTILE 64342
S_STEER_DEBUG_COMMAND 60416
S_STICK_TO_USER_END 61576
S_STICK_TO_USER_START 28497
S_STORE_SELL_LIST 58038
S_SUCCESS_COUNTER 21574
S_SYSTEM_MESSAGE 41040
S_SYSTEM_MESSAGE_LOOT_ITEM 61093
S_SYSTEM_MESSAGE_LOOT_SPECIAL_ITEM 56131
S_TARGET_INFO 50304
S_TBA_SELECT_USER 23587
S_TELEPORT_TO_CAMP 63938
S_TIMEOVER_CONTRACT 52555
S_TRADE_BROKER_DEAL_INFO_UPDATE 59568
S_TRADE_BROKER_DEAL_SUGGESTED 32715
S_TRADE_BROKER_REQUEST_DEAL_RESULT 52772
S_UNICAST_TRANSFORM_DATA 52851
S_UNMOUNT_VEHICLE 30280
S_UNMOUNT_VEHICLE_EX 56320
S_UPDATE_ACHIEVEMENT_PROGRESS 40401
S_UPDATE_EVENT_SEED_STATE 39719
S_UPDATE_FRIEND_INFO 54918
S_UPDATE_GUILD_QUEST_STATUS 22545
S_UPDATE_NPCGUILD 55648
S_USER_APPEARANCE_CHANGE 35531
S_USER_BLOCK_LIST 41815
S_USER_CHANGE_FACE_CUSTOM 38161
S_USER_CHANGE_NAME 29254
S_USER_DEATH 59638
S_USER_EFFECT 61184
S_USER_EXTERNAL_CHANGE 49929
S_USER_LEVELUP 49781
S_USER_LOCATION 55242
S_USER_LOCATION_IN_ACTION 37247
S_USER_MOVETYPE 33414
S_USER_PAPERDOLL_INFO 41856
S_USER_SITUATION 42340
S_USER_STATUS 24352
S_USER_WEAPON_APPEARANCE_CHANGE 36708
S_VIEW_PARTY_INVITE 23848
S_VIEW_WARE_EX 65477
S_VISIT_NEW_SECTION 25045
S_VOTE_RESET_ALL_DUNGEON 35408
S_WEAK_POINT 33720
S_WHISPER 32498
TTB_S_CHANGE_HERO 20390
TTB_S_LOAD_EP_PAGE 42043