C_ADD_FRIEND 46927
C_ADD_TELEPORT_TO_POS_LIST 26461
C_ADMIN 32674
C_APPLY_PARTY 61658
C_ASK_INTERACTIVE 26294
C_BAN_PARTY_MEMBER 63908
C_BIND_ITEM_BEGIN_PROGRESS 54526
C_BIND_ITEM_EXECUTE 21668
C_BLOCK_USER 51497
C_CANCEL_CHANGE_USER_APPEARANCE 25120
C_CANCEL_CONTRACT 20285
C_CANCEL_SKILL 50002
C_CAN_LOCKON_TARGET 28912
C_CHANGE_PARTY_MANAGER 39809
C_CHANGE_PARTY_MEMBER_AUTHORITY 52279
C_CHAT 37540
C_CHECK_VERSION 19900
C_COMMIT_CHANGE_USER_APPEARANCE 37289
C_COMPLETE_DAILY_EVENT 49420
C_COMPLETE_EXTRA_EVENT 37797
C_CONFIRM_UPDATE_NOTIFICATION 34815
C_CREST_APPLY 59094
C_CREST_APPLY_LIST 31515
C_DELETE_FRIEND 54200
C_DELETE_TELEPORT_TO_POS_LIST 48644
C_DEL_ITEM 29940
C_DIALOG 39032
C_DISMISS_PARTY 63899
C_EDIT_BLOCKED_USER_MEMO 21235
C_END_CLIMBING 36347
C_END_MOVIE 33317
C_GACHA_CANCEL 28539
C_GACHA_TRY 49033
C_GET_IN_SHUTTLE 65418
C_GET_OUT_SHUTTLE 45225
C_GET_USER_LIST 49205
C_HIT_USER_PROJECTILE 43257
C_INVITE_USER_TO_GUILD 27637
C_ITEM_COLORING_SET_COLOR 33193
C_LEAVE_PARTY 40608
C_LEAVE_PRIVATE_CHANNEL 37499
C_LOAD_TOPO_FIN 41976
C_LOGIN_ARBITER 52201
C_MERGE_ITEM 27960
C_MERGE_ITEM_EXECUTE 24365
C_NOTIFY_LOCATION_IN_ACTION 63826
C_NOTIFY_LOCATION_IN_DASH 63005
C_NOTIMELINE_SKILL 54498
C_NPC_CONTACT 41424
C_OP_COMMAND 37295
C_PARTY_APPLICATION_DENIED 58523
C_PARTY_MARKER 35489
C_PARTY_MATCH_WINDOW_CLOSED 54476
C_PLAYER_FLYING_LOCATION 30042
C_PLAYER_LOCATION 24939
C_PRESS_SKILL 56043
C_PUT_WARE_ITEM 57289
C_REGISTER_ENCHANT_ITEM 62806
C_REGISTER_EVOLUTION_ITEM 59513
C_REGISTER_PARTY_INFO 42408
C_REMOVE_BLOCKED_USER 57087
C_REPLY_THROUGH_ARBITER_CONTRACT 45989
C_REQUEST_ABNORMALITY_TOOLTIP_VALUE 37896
C_REQUEST_CANDIDATE_LIST 40288
C_REQUEST_CONTRACT 21833
C_REQUEST_ENCHANT 42679
C_REQUEST_EVOLUTION 30033
C_REQUEST_GAMESTAT_PING 30641
C_REQUEST_NONDB_ITEM_INFO 42743
C_REQUEST_PARTY_INFO 50982
C_REQUEST_PARTY_MATCH_INFO 39110
C_REQUEST_PARTY_MATCH_INFO_PAGE 58081
C_REQUEST_PARTY_MATCH_LINK 51857
C_REQUEST_PRIVATE_CHANNEL_INFO 52402
C_REQUEST_USER_PAPERDOLL_INFO 63501
C_REQUEST_USER_PAPERDOLL_INFO_WITH_GAMEID 24201
C_RESET_ALL_DUNGEON 53089
C_RETURN_TO_LOBBY 55948
C_REVIVE_NOW 43740
C_RQ_COMMIT_DECOMPOSITION_CONTRACT 39406
C_RQ_START_SOCIAL_ON_PROGRESS_DECOMPOSITION 51489
C_SAVE_CLIENT_ACCOUNT_SETTING 36154
C_SAVE_CLIENT_USER_SETTING 58007
C_SECOND_PASSWORD_AUTH 56196
C_SELECT_USER 59686
C_SET_VISIBLE_RANGE 56937
C_SHOW_ITEMLIST 27638
C_SHOW_ITEM_TOOLTIP_EX 33849
C_SOCIAL 32830
C_START_COMBO_INSTANT_SKILL 24616
C_START_ENCHANT 22112
C_START_EVOLUTION 20853
C_START_INSTANCE_SKILL 48264
C_START_INSTANCE_SKILL_EX 31426
C_START_PRODUCE 48230
C_START_SKILL 47975
C_START_TARGETED_SKILL 52080
C_TELEPORT_TO_POS 20100
C_TELEPORT_TO_VILLAGE 51696
C_TRADE_BROKER_BUY_IT_NOW 34141
C_TRADE_BROKER_DEAL_CONFIRM 57164
C_TRADE_BROKER_REJECT_SUGGEST 28540
C_TRADE_BROKER_SUGGEST_DEAL 59591
C_TRADE_BROKER_WAITING_ITEM_LIST_NEW 42801
C_TRADE_BROKER_WAITING_ITEM_LIST_PAGE 31401
C_TRY_LOOT_DROPITEM 46245
C_UNMOUNT_VEHICLE 32690
C_UNREGISTER_ENCHANT_ITEM 64909
C_UNREGISTER_EVOLUTION_ITEM 30979
C_UNREGISTER_PARTY_INFO 38003
C_UPDATE_REACTION_POS 40070
C_USE_ITEM 31341
C_USE_PREMIUM_SLOT 39896
C_VIEW_WARE 51890
C_VISIT_NEW_SECTION 28055
C_WHISPER 35987
S_ABNORMALITY_BEGIN 49955
S_ABNORMALITY_DAMAGE_ABSORB 57764
S_ABNORMALITY_END 41297
S_ABNORMALITY_FAIL 24244
S_ABNORMALITY_REFRESH 63026
S_ABNORMALITY_RESIST 63229
S_ABNORMALITY_SCALE_UP 39215
S_ABNORMALITY_TOOLTIP_VALUE 22172
S_ACCEPT_CONTRACT 28850
S_ACCOMPLISH_ACHIEVEMENT 34029
S_ACCOUNT_PACKAGE_LIST 20488
S_ACTION_END 63207
S_ACTION_STAGE 27183
S_ADD_BLOCKED_USER 24504
S_ADD_INTER_PARTY_MATCH_POOL 61415
S_ADMIN_HOLD_CHARACTER 61818
S_AERO 28417
S_AIR_REACTION_END 51213
S_ANNOUNCE_UPDATE_NOTIFICATION 29520
S_ANSWER_INTERACTIVE 37152
S_APPLY_TITLE 46847
S_ASK_BIDDING_RARE_ITEM 39511
S_ASK_TELEPORT 61374
S_AVAILABLE_EVENT_MATCHING_LIST 54918
S_AVAILABLE_SOCIAL_LIST 53296
S_BAN_PARTY 58452
S_BAN_PARTY_MEMBER 60329
S_BATTLE_FIELD_ENTRANCE_INFO 20667
S_BATTLE_FIELD_POINT_STORE_SELL_LIST 33978
S_BEGIN_THROUGH_ARBITER_CONTRACT 56220
S_BOSS_GAGE_INFO 54556
S_BROADCAST_FLOATING_CASTLE_INFO 26486
S_BROADCAST_FLOATING_CASTLE_NAMEPLATE 39207
S_CANCEL_CONTRACT 22995
S_CANNOT_START_SKILL 26755
S_CAN_LOCKON_TARGET 56817
S_CHANGE_DESTPOS_PROJECTILE 41377
S_CHANGE_EP_EXP_DAILY_LIMIT 52415
S_CHANGE_EP_POINT 53108
S_CHANGE_EVENT_MATCHING_STATE 48193
S_CHANGE_FRIEND_STATE 42289
S_CHANGE_GUILD_CHIEF 23200
S_CHANGE_PARTY_MANAGER 42597
S_CHANGE_VOICE_USE_QAC 42329
S_CHAT 62681
S_CHECK_TO_READY_PARTY 63834
S_CHECK_TO_READY_PARTY_FIN 55324
S_CHECK_VERSION 19901
S_CLEAR_ALL_HOLDED_ABNORMALITY 50531
S_COLLECTION_PICKEND 57378
S_COLLECTION_PICKSTART 55580
S_COMPLETE_EVENT_MATCHING_QUEST 56666
S_CONNECT_SKILL_ARROW 59223
S_CREATURE_CHANGE_HP 65091
S_CREATURE_LIFE 43863
S_CREATURE_ROTATE 20003
S_CREST_APPLY 55209
S_CREST_INFO 38740
S_CREST_MESSAGE 29527
S_CURRENT_CHANNEL 38206
S_CUSTOM_STYLE_SYSTEM_MESSAGE 61531
S_DEAD_LOCATION 55402
S_DECREASE_COOLTIME_SKILL 32855
S_DEFEND_SUCCESS 27086
S_DELETE_FRIEND 20828
S_DESPAWN_BONFIRE 26782
S_DESPAWN_BUILD_OBJECT 56197
S_DESPAWN_COLLECTION 48890
S_DESPAWN_DROPITEM 43955
S_DESPAWN_EVENT_SEED 57640
S_DESPAWN_NPC 33559
S_DESPAWN_PROJECTILE 53167
S_DESPAWN_SHUTTLE 60272
S_DESPAWN_USER 28862
S_DESTROY_GUILD_TOWER 29932
S_DIALOG 31633
S_DUNGEON_CAMERA_SET 38345
S_DUNGEON_CLEAR_COUNT_LIST 44116
S_DUNGEON_COOL_TIME_LIST 32534
S_DUNGEON_EVENT_MESSAGE 33609
S_EACH_SKILL_RESULT 23700
S_ENABLE_DISABLE_SELLABLE_ITEM_LIST 32861
S_END_CHANGE_USER_APPEARANCE 32129
S_END_PRODUCE 48917
S_END_USER_PROJECTILE 30299
S_EP_SYSTEM_DAILY_EVENT_EXP_ON_OFF 63001
S_EXIT 23073
S_F2P_PremiumUser_Permission 46136
S_FACIAL_ATTACHMENT_BROADCAST 37686
S_FATIGABILITY_POINT 30068
S_FEARMOVE_END 63788
S_FEARMOVE_STAGE 37590
S_FIELD_EVENT_ON_ENTER 55086
S_FIELD_EVENT_ON_LEAVE 57420
S_FIELD_EVENT_PROGRESS_INFO 54045
S_FIELD_POINT_INFO 62088
S_FIN_INTER_PARTY_MATCH 56510
S_FIX_VEHICLE_PROGRESS 32189
S_FONT_SWAP_INFO 52823
S_FRIEND_LIST 56664
S_GACHA_END 32505
S_GACHA_START 46024
S_GET_IN_SHUTTLE 46694
S_GET_OUT_SHUTTLE 40429
S_GET_USER_GUILD_LOGO 38474
S_GET_USER_LIST 24901
S_GMEVENT_GUIDE_MESSAGE 44025
S_GMEVENT_OX_QUIZ_OPEN 47082
S_GMEVENT_OX_QUIZ_RESULT 60781
S_GMEVENT_RECV_REWARD 31659
S_GRANT_SKILL 44365
S_GROUP_NPC_LOCATION 63173
S_GUILD_MEMBER_LIST 28972
S_GUILD_NAME 56339
S_GUILD_STORE_SELL_LIST 50736
S_GUILD_TOWER_INFO 34912
S_HIT_COMBO 28219
S_HOLD_ABNORMALITY_ADD 24360
S_IMAGE_DATA 34545
S_INSTANCE_ARROW 35402
S_INSTANT_DASH 48800
S_INSTANT_MOVE 52654
S_INVEN_CHANGEDSLOT 24204
S_INVEN_USERDATA 56756
S_ITEMLIST 38695
S_ITEM_COLORING_BAG 27858
S_ITEM_CUSTOM_STRING 26252
S_ITEM_EXPLOSION_RESULT 51859
S_JOIN_PRIVATE_CHANNEL 58423
S_LEARN_EP_PERK 49981
S_LEAVE_GUILD 41216
S_LEAVE_PARTY 56840
S_LEAVE_PARTY_MEMBER 56689
S_LEAVE_PRIVATE_CHANNEL 51041
S_LOADING_SCREEN_CONTROL_INFO 64045
S_LOAD_ACHIEVEMENT_LIST 37066
S_LOAD_CLIENT_ACCOUNT_SETTING 37761
S_LOAD_CLIENT_USER_SETTING 32312
S_LOAD_DUNGEON_SOUND_HINT 27059
S_LOAD_EP_INFO 38344
S_LOAD_TELEPORT_TO_POS_LIST 52776
S_LOAD_TOPO 23975
S_LOCKON_YOU 37009
S_LOGIN 47852
S_LOGIN_ACCOUNT_INFO 32193
S_LOGOUT_PARTY_MEMBER 31297
S_MOUNT_VEHICLE 63039
S_MOUNT_VEHICLE_EX 33270
S_MOVE_SHUTTLE 59519
S_MUTE 27261
S_NOCTAN_VARIATION_INFO 25314
S_NOTIFY_GUILD_QUEST_URGENT 54511
S_NOTIFY_TO_FRIENDS_WALK_INTO_SAME_AREA 25500
S_NPCGUILD_LIST 38064
S_NPC_CHANGE_MESH 62800
S_NPC_LOCATION 34253
S_NPC_MENU_SELECT 49719
S_NPC_OCCUPIER_INFO 47774
S_NPC_STATUS 53663
S_NPC_TARGET_USER 61615
S_OPEN_AWESOMIUM_WEB_URL 22158
S_OTHER_USER_APPLY_PARTY 24533
S_PARTY_INFO 44168
S_PARTY_MARKER 30912
S_PARTY_MATCH_LINK 52867
S_PARTY_MEMBER_ABNORMAL_ADD 60037
S_PARTY_MEMBER_ABNORMAL_CLEAR 50916
S_PARTY_MEMBER_ABNORMAL_DEL 63560
S_PARTY_MEMBER_ABNORMAL_REFRESH 63252
S_PARTY_MEMBER_BUFF_UPDATE 46718
S_PARTY_MEMBER_CHANGE_HP 52551
S_PARTY_MEMBER_CHANGE_MP 25309
S_PARTY_MEMBER_CHANGE_STAMINA 60744
S_PARTY_MEMBER_INFO 43267
S_PARTY_MEMBER_INTERVAL_POS_UPDATE 63003
S_PARTY_MEMBER_LIST 53502
S_PARTY_MEMBER_QUEST_DATA 29622
S_PARTY_MEMBER_STAT_UPDATE 42504
S_PLAYER_CHANGE_ACTPOINT 22244
S_PLAYER_CHANGE_ALL_PROF 44515
S_PLAYER_CHANGE_EP 21193
S_PLAYER_CHANGE_EXP 38417
S_PLAYER_CHANGE_FLIGHT_ENERGY 62255
S_PLAYER_CHANGE_MP 33935
S_PLAYER_CHANGE_PROF 29191
S_PLAYER_CHANGE_STAMINA 41852
S_PLAYER_RESET_EP 62941
S_PLAYER_STAT_UPDATE 38716
S_PLAY_ANIMATION 34906
S_PLAY_EFFECT 35137
S_PLAY_EVENT_SOUND 64348
S_PLAY_MOVIE 20451
S_PLAY_SOUND 26325
S_PLAY_SOUND_BYNAME 29025
S_POINT_STORE_SELL_LIST 47844
S_POST_PROCESS 26787
S_PREMIUM_SLOT_DATALIST 46731
S_PREMIUM_SLOT_OFF 20027
S_PREPARE_EXIT 58973
S_PREPARE_RETURN_TO_LOBBY 50370
S_PREVIEW_ITEM 59882
S_PRIVATE_CHANNEL_NOTICE 61216
S_PRIVATE_CHAT 23236
S_PRODUCE_CRITICAL 29826
S_QUEST_BALLOON 59217
S_QUEST_INFO 32939
S_QUEST_VILLAGER_INFO 38800
S_REGISTER_ENCHANT_ITEM 61550
S_REGISTER_EVOLUTION_ITEM 52074
S_REJECT_CONTRACT 27147
S_REMOVE_BLOCKED_USER 51267
S_REMOVE_EFFECT 27498
S_REPLY_CLIENT_CHAT_OPTION_SETTING 44228
S_REPLY_NONDB_ITEM_INFO 39845
S_REPLY_REQUEST_CONTRACT 52780
S_REQUEST_CITY_WAR_MAP_INFO 43198
S_REQUEST_CITY_WAR_MAP_INFO_DETAIL 52507
S_REQUEST_CITY_WAR_MAP_INFO_END 57170
S_REQUEST_CONTRACT 51600
S_REQUEST_DESPAWN_SERVANT 59128
S_REQUEST_PRIVATE_CHANNEL_INFO 28279
S_REQUEST_REACTION_POS_TICK 39519
S_REQUEST_SECOND_PASSWORD_AUTH 61663
S_REQUEST_SERVANT_INFO_LIST 29440
S_REQUEST_SPAWN_SERVANT 61176
S_REQUEST_STYLE_SHOP_MARK_PRODUCTLIST 54060
S_RESET_EP_PERK 50146
S_RESPONSE_GAMESTAT_PONG 52461
S_RESULT_BIDDING_DICE_THROW 41514
S_RESULT_EVENT_SEED 50209
S_RESULT_ITEM_BIDDING 48598
S_RETURN_TO_LOBBY 39733
S_RP_SKILL_POLISHING_LIST 35316
S_SHORTCUT_CHANGE 45608
S_SHOW_AWESOMIUMWEB_SHOP 22409
S_SHOW_CANDIDATE_LIST 55292
S_SHOW_HP 43352
S_SHOW_ITEM_TOOLTIP 60857
S_SHOW_PARTY_MATCH_INFO 40474
S_SHOW_PEGASUS_MAP 33845
S_SHOW_USER_EP_INFO 37722
S_SKILL_ATTENTION_TARGET 45707
S_SKILL_CATEGORY 21136
S_SKILL_LIST 23824
S_SOCIAL 64096
S_SPAWN_BONFIRE 64100
S_SPAWN_BUILD_OBJECT 62004
S_SPAWN_COLLECTION 40168
S_SPAWN_DOOR 30092
S_SPAWN_DROPITEM 29055
S_SPAWN_EVENT_SEED 46047
S_SPAWN_ME 62816
S_SPAWN_NPC 63980
S_SPAWN_PROJECTILE 40031
S_SPAWN_SHUTTLE 26097
S_SPAWN_USER 31049
S_SPAWN_WORKOBJECT 41395
S_START_ACTION_SCRIPT 49342
S_START_CHANGE_USER_APPEARANCE 52854
S_START_CLIENT_CUSTOM_SKILL 33437
S_START_CLIMBING 41521
S_START_COOLTIME_ITEM 27226
S_START_COOLTIME_SKILL 64523
S_START_INVERSE_CAPTURE 24349
S_START_PRODUCE 46470
S_START_USER_PROJECTILE 43843
S_STICK_TO_USER_END 21028
S_STICK_TO_USER_START 37833
S_STORE_SELL_LIST 24234
S_SUCCESS_COUNTER 25125
S_SYSTEM_MESSAGE 23954
S_SYSTEM_MESSAGE_LOOT_ITEM 62112
S_SYSTEM_MESSAGE_LOOT_SPECIAL_ITEM 47840
S_TARGET_INFO 45371
S_TELEPORT_TO_CAMP 62122
S_TRADE_BROKER_DEAL_INFO_UPDATE 33830
S_TRADE_BROKER_DEAL_SUGGESTED 31549
S_TRADE_BROKER_HISTORY_ITEM_LIST 25080
S_TRADE_BROKER_REQUEST_DEAL_RESULT 54539
S_TRADE_BROKER_SUGGEST_DEAL 63611
S_TRADE_BROKER_WAITING_ITEM_LIST 60433
S_UNICAST_FLOATING_CASTLE_INFO 57698
S_UNICAST_FLOATING_CASTLE_NAMEPLATE 20393
S_UNICAST_TRANSFORM_DATA 59906
S_UNMOUNT_VEHICLE 46891
S_UNMOUNT_VEHICLE_EX 53075
S_UPDATE_ACHIEVEMENT_PROGRESS 33728
S_UPDATE_EVENT_SEED_STATE 36501
S_UPDATE_FRIEND_INFO 28922
S_UPDATE_GUILD_QUEST_STATUS 43405
S_UPDATE_NPCGUILD 64255
S_USER_APPEARANCE_CHANGE 20826
S_USER_BLOCK_LIST 22016
S_USER_CHANGE_FACE_CUSTOM 39173
S_USER_CHANGE_NAME 41703
S_USER_DEATH 33676
S_USER_EFFECT 22570
S_USER_EXTERNAL_CHANGE 47163
S_USER_LEVELUP 26148
S_USER_LOCATION 40582
S_USER_LOCATION_IN_ACTION 36143
S_USER_MOVETYPE 28561
S_USER_PAPERDOLL_INFO 29153
S_USER_SITUATION 49173
S_USER_STATUS 36856
S_USER_WEAPON_APPEARANCE_CHANGE 37214
S_VIEW_PARTY_INVITE 52538
S_VIEW_WARE_EX 31705
S_VILLAGE_LIST_TO_TELEPORT 53872
S_VISIT_NEW_SECTION 27605
S_VOTE_RESET_ALL_DUNGEON 62755
S_WEAK_POINT 25547
S_WHISPER 42703
