C_ADD_FRIEND = 42715
C_ADD_TELEPORT_TO_POS_LIST = 48102
C_ADMIN = 35732
C_APPLY_PARTY = 47907
C_ASK_INTERACTIVE = 61754
C_BAN_PARTY_MEMBER = 21162
C_BIND_ITEM_BEGIN_PROGRESS = 34916
C_BIND_ITEM_EXECUTE = 51950
C_BLOCK_USER = 45671
C_CANCEL_CHANGE_USER_APPEARANCE = 51318
C_CANCEL_CONTRACT = 55472
C_CANCEL_SKILL = 43200
C_CAN_LOCKON_TARGET = 63365
C_CHANGE_PARTY_MANAGER = 34723
C_CHANGE_PARTY_MEMBER_AUTHORITY = 51064
C_CHAT = 45890
C_CHECK_VERSION = 19900
C_COMMIT_CHANGE_USER_APPEARANCE = 55159
C_CONFIRM_UPDATE_NOTIFICATION = 44581
C_CREST_APPLY = 45071
C_CREST_APPLY_LIST = 45589
C_DELETE_FRIEND = 39690
C_DELETE_PARCEL = 49905
C_DELETE_TELEPORT_TO_POS_LIST = 63055
C_DEL_ITEM = 55235
C_DIALOG = 23202
C_DISMISS_PARTY = 48538
C_EDIT_BLOCKED_USER_MEMO = 63484
C_END_CLIMBING = 64722
C_END_MOVIE = 31686
C_GACHA_TRY = 29746
C_GET_IN_SHUTTLE = 38659
C_GET_OUT_SHUTTLE = 47710
C_GET_USER_LIST = 59715
C_HIT_USER_PROJECTILE = 44338
C_ITEM_COLORING_SET_COLOR = 56448
C_LEAVE_PARTY = 28219
C_LEAVE_PRIVATE_CHANNEL = 22158
C_LIST_PARCEL = 43020
C_LOAD_TOPO_FIN = 35735
C_LOGIN_ARBITER = 60751
C_MERGE_ITEM = 32996
C_MERGE_ITEM_EXECUTE = 47138
C_NOTIFY_LOCATION_IN_ACTION = 25444
C_NOTIMELINE_SKILL = 22125
C_NPC_CONTACT = 43520
C_OP_COMMAND = 58077
C_PARTY_APPLICATION_DENIED = 64201
C_PARTY_MARKER = 40599
C_PARTY_MATCH_WINDOW_CLOSED = 28499
C_PCBANGINVENTORY_USE_SLOT = 25927
C_PLAYER_LOCATION = 59847
C_PRESS_SKILL = 32732
C_RECV_PARCEL = 59410
C_REGISTER_PARTY_INFO = 38602
C_REMOVE_BLOCKED_USER = 60479
C_REPLY_THROUGH_ARBITER_CONTRACT = 35078
C_REQUEST_CANDIDATE_LIST = 39504
C_REQUEST_CONTRACT = 59907
C_REQUEST_GAMESTAT_PING = 65337
C_REQUEST_NONDB_ITEM_INFO = 23912
C_REQUEST_PARTY_INFO = 30104
C_REQUEST_PARTY_MATCH_INFO = 44859
C_REQUEST_PARTY_MATCH_INFO_PAGE = 30231
C_REQUEST_PARTY_MATCH_LINK = 47938
C_REQUEST_USER_PAPERDOLL_INFO = 30309
C_RESET_ALL_DUNGEON = 47928
C_RETURN_TO_LOBBY = 49007
C_REVIVE_NOW = 36542
C_SAVE_CLIENT_ACCOUNT_SETTING = 46649
C_SAVE_CLIENT_USER_SETTING = 61093
C_SELECT_USER = 63935
C_SET_VISIBLE_RANGE = 52384
C_SHOW_INVEN = 37983
C_SHOW_ITEM_TOOLTIP_EX = 58669
C_SHOW_PARCEL_MESSAGE = 46709
C_SOCIAL = 42342
C_START_COMBO_INSTANT_SKILL = 48956
C_START_INSTANCE_SKILL = 49403
C_START_PRODUCE = 62247
C_START_SKILL = 43871
C_START_TARGETED_SKILL = 46185
C_TELEPORT_TO_POS = 64678
C_TELEPORT_TO_VILLAGE = 36409
C_TRADE_BROKER_BUY_IT_NOW = 53203
C_TRADE_BROKER_DEAL_CONFIRM = 39684
C_TRADE_BROKER_REJECT_SUGGEST = 41392
C_TRADE_BROKER_SUGGEST_DEAL = 22880
C_TRADE_BROKER_WAITING_ITEM_LIST_NEW = 48726
C_TRADE_BROKER_WAITING_ITEM_LIST_PAGE = 34718
C_TRY_LOOT_DROPITEM = 41901
C_UNMOUNT_VEHICLE = 48550
C_UNREGISTER_PARTY_INFO = 38328
C_USE_ITEM = 32940
C_VIEW_WARE = 59280
C_VISIT_NEW_SECTION = 20301
C_WHISPER = 46547
S_ABNORMALITY_BEGIN = 43713
S_ABNORMALITY_DAMAGE_ABSORB = 65303
S_ABNORMALITY_END = 37892
S_ABNORMALITY_FAIL = 58703
S_ABNORMALITY_REFRESH = 45673
S_ACCEPT_CONTRACT = 36707
S_ACCOMPLISH_ACHIEVEMENT = 44967
S_ACCOUNT_PACKAGE_LIST = 54850
S_ACTION_END = 62387
S_ACTION_STAGE = 23343
S_ADD_BLOCKED_USER = 54052
S_ADD_CHARM_STATUS = 60748
S_ADD_INTER_PARTY_MATCH_POOL = 47921
S_ADMIN_HOLD_CHARACTER = 56226
S_AERO = 48853
S_ANNOUNCE_UPDATE_NOTIFICATION = 54953
S_ANSWER_INTERACTIVE = 63569
S_APPLY_TITLE = 54486
S_AVAILABLE_SOCIAL_LIST = 42612
S_BAN_PARTY = 33976
S_BAN_PARTY_MEMBER = 36967
S_BATTLE_FIELD_ENTRANCE_INFO = 59679
S_BATTLE_FIELD_POINT_STORE_SELL_LIST = 57312
S_BEGIN_THROUGH_ARBITER_CONTRACT = 64750
S_BOSS_GAGE_INFO = 28892
S_CANCEL_CONTRACT = 52846
S_CANNOT_START_SKILL = 37837
S_CAN_LOCKON_TARGET = 50968
S_CHANGE_DESTPOS_PROJECTILE = 32351
S_CHANGE_GUILD_CHIEF = 60137
S_CHANGE_PARTY_MANAGER = 60239
S_CHAT = 25153
S_CHECK_TO_READY_PARTY = 22032
S_CHECK_TO_READY_PARTY_FIN = 60822
S_CHECK_VERSION = 19901
S_CLEAR_ALL_HOLDED_ABNORMALITY = 29685
S_COLLECTION_PICKEND = 38966
S_COLLECTION_PICKSTART = 52911
S_CREATURE_CHANGE_HP = 40531
S_CREATURE_LIFE = 42605
S_CREATURE_ROTATE = 44233
S_CREST_APPLY = 46212
S_CREST_INFO = 34411
S_CREST_MESSAGE = 52584
S_CURRENT_CHANNEL = 46548
S_DEFEND_SUCCESS = 21694
S_DESPAWN_BONFIRE = 45326
S_DESPAWN_BUILD_OBJECT = 59524
S_DESPAWN_COLLECTION = 54559
S_DESPAWN_DROPITEM = 62637
S_DESPAWN_NPC = 60496
S_DESPAWN_PROJECTILE = 62998
S_DESPAWN_SHUTTLE = 20041
S_DESPAWN_USER = 44855
S_DIALOG = 45238
S_DUNGEON_CLEAR_COUNT_LIST = 55497
S_DUNGEON_COOL_TIME_LIST = 48180
S_EACH_SKILL_RESULT = 63009
S_ENABLE_CHARM_STATUS = 59606
S_ENABLE_DISABLE_SELLABLE_ITEM_LIST = 51076
S_END_CHANGE_USER_APPEARANCE = 40226
S_END_USER_PROJECTILE = 25292
S_EXIT = 41929
S_F2P_PremiumUser_Permission = 56243
S_FAIL_CHARM_STATUS = 25483
S_FEARMOVE_END = 50748
S_FEARMOVE_STAGE = 57573
S_FIN_INTER_PARTY_MATCH = 50955
S_FRIEND_LIST = 20457
S_GACHA_END = 23241
S_GACHA_START = 64532
S_GET_IN_SHUTTLE = 54135
S_GET_OUT_SHUTTLE = 49063
S_GET_USER_LIST = 46488
S_GRANT_SKILL = 57945
S_GROUP_NPC_LOCATION = 21609
S_GUILD_MEMBER_LIST = 63429
S_GUILD_NAME = 25151
S_HOLD_ABNORMALITY_ADD = 41781
S_IMAGE_DATA = 22076
S_INSTANT_DASH = 49650
S_INSTANT_MOVE = 38765
S_INVEN = 43312
S_INVEN_CHANGEDSLOT = 52754
S_ITEM_COLORING_BAG = 34609
S_ITEM_CUSTOM_STRING = 60615
S_JOIN_PRIVATE_CHANNEL = 50575
S_LEAVE_PARTY = 35145
S_LEAVE_PARTY_MEMBER = 42936
S_LEAVE_PRIVATE_CHANNEL = 53223
S_LIST_PARCEL_EX = 40587
S_LOADING_SCREEN_CONTROL_INFO = 29015
S_LOAD_ACHIEVEMENT_LIST = 53787
S_LOAD_CLIENT_ACCOUNT_SETTING = 32235
S_LOAD_CLIENT_USER_SETTING = 60723
S_LOAD_DUNGEON_SOUND_HINT = 32723
S_LOAD_TELEPORT_TO_POS_LIST = 42490
S_LOAD_TOPO = 33261
S_LOGIN = 36750
S_LOGIN_ACCOUNT_INFO = 22033
S_LOGOUT_PARTY_MEMBER = 48774
S_MOUNT_VEHICLE = 46196
S_MOUNT_VEHICLE_EX = 50050
S_MOVE_SHUTTLE = 57488
S_MUTE = 64320
S_NOTIFY_TO_FRIENDS_WALK_INTO_SAME_AREA = 22644
S_NPC_CHANGE_MESH = 44074
S_NPC_LOCATION = 26088
S_NPC_MENU_SELECT = 24841
S_NPC_OCCUPIER_INFO = 35847
S_NPC_STATUS = 59353
S_NPC_TARGET_USER = 44573
S_OTHER_USER_APPLY_PARTY = 29240
S_PARCEL_READ_RECV_STATUS = 40843
S_PARTY_INFO = 53286
S_PARTY_MARKER = 58093
S_PARTY_MATCH_LINK = 24808
S_PARTY_MEMBER_ABNORMAL_ADD = 30509
S_PARTY_MEMBER_ABNORMAL_CLEAR = 60460
S_PARTY_MEMBER_ABNORMAL_DEL = 47013
S_PARTY_MEMBER_ABNORMAL_REFRESH = 31060
S_PARTY_MEMBER_BUFF_UPDATE = 53390
S_PARTY_MEMBER_CHANGE_HP = 47493
S_PARTY_MEMBER_CHANGE_MP = 65399
S_PARTY_MEMBER_CHARM_ADD = 54676
S_PARTY_MEMBER_CHARM_DEL = 38290
S_PARTY_MEMBER_CHARM_ENABLE = 60497
S_PARTY_MEMBER_CHARM_RESET = 47918
S_PARTY_MEMBER_INFO = 28904
S_PARTY_MEMBER_INTERVAL_POS_UPDATE = 27555
S_PARTY_MEMBER_LIST = 28712
S_PARTY_MEMBER_QUEST_DATA = 44594
S_PARTY_MEMBER_STAT_UPDATE = 50649
S_PCBANGINVENTORY_DATALIST = 54268
S_PLAYER_CHANGE_ALL_PROF = 27948
S_PLAYER_CHANGE_EP = 47929
S_PLAYER_CHANGE_EXP = 36425
S_PLAYER_CHANGE_MP = 54218
S_PLAYER_CHANGE_PROF = 53103
S_PLAYER_CHANGE_STAMINA = 25537
S_PLAYER_STAT_UPDATE = 47321
S_PLAY_ANIMATION = 45200
S_PLAY_EFFECT = 36135
S_PLAY_MOVIE = 51422
S_PLAY_SOUND = 58794
S_POINT_STORE_SELL_LIST = 35132
S_PREPARE_EXIT = 61599
S_PREPARE_RETURN_TO_LOBBY = 31745
S_PREVIEW_ITEM = 32334
S_PRIVATE_CHAT = 49148
S_PRODUCE_CRITICAL = 44203
S_QUEST_BALLOON = 59155
S_QUEST_INFO = 49807
S_QUEST_VILLAGER_INFO = 46533
S_RECV_PARCEL = 24500
S_REJECT_CONTRACT = 61348
S_REMOVE_BLOCKED_USER = 38450
S_REMOVE_CHARM_STATUS = 27758
S_REMOVE_EFFECT = 39104
S_REPLY_NONDB_ITEM_INFO = 36118
S_REPLY_REQUEST_CONTRACT = 37355
S_REQUEST_CONTRACT = 54145
S_RESET_CHARM_STATUS = 64926
S_RESPONSE_GAMESTAT_PONG = 65407
S_RESULT_BIDDING_DICE_THROW = 49048
S_RESULT_ITEM_BIDDING = 20338
S_RETURN_TO_LOBBY = 37496
S_SHORTCUT_CHANGE = 29915
S_SHOW_AWESOMIUMWEB_SHOP = 48461
S_SHOW_CANDIDATE_LIST = 28321
S_SHOW_HP = 51168
S_SHOW_ITEM_TOOLTIP = 29250
S_SHOW_PARTY_MATCH_INFO = 31449
S_SHOW_PEGASUS_MAP = 61857
S_SKILL_ATTENTION_TARGET = 47816
S_SKILL_CATEGORY = 46829
S_SKILL_LIST = 46000
S_SOCIAL = 45002
S_SPAWN_BONFIRE = 31412
S_SPAWN_BUILD_OBJECT = 64840
S_SPAWN_COLLECTION = 62737
S_SPAWN_DOOR = 30748
S_SPAWN_DROPITEM = 56740
S_SPAWN_ME = 54377
S_SPAWN_NPC = 30673
S_SPAWN_PROJECTILE = 60069
S_SPAWN_SHUTTLE = 49303
S_SPAWN_USER = 31909
S_SPAWN_WORKOBJECT = 51850
S_START_ACTION_SCRIPT = 50513
S_START_CHANGE_USER_APPEARANCE = 36042
S_START_CLIMBING = 55592
S_START_COOLTIME_ITEM = 48345
S_START_COOLTIME_SKILL = 39430
S_START_INVERSE_CAPTURE = 32573
S_START_PRODUCE = 23573
S_START_USER_PROJECTILE = 52269
S_STORE_SELL_LIST = 23834
S_SUCCESS_COUNTER = 58288
S_SYSTEM_MESSAGE = 44180
S_SYSTEM_MESSAGE_LOOT_ITEM = 58403
S_SYSTEM_MESSAGE_LOOT_SPECIAL_ITEM = 31837
S_TARGET_INFO = 46721
S_TELEPORT_TO_CAMP = 54172
S_TRADE_BROKER_DEAL_INFO_UPDATE = 30510
S_TRADE_BROKER_DEAL_SUGGESTED = 51607
S_TRADE_BROKER_HISTORY_ITEM_LIST = 54146
S_TRADE_BROKER_REQUEST_DEAL_RESULT = 28622
S_TRADE_BROKER_SUGGEST_DEAL = 57028
S_TRADE_BROKER_WAITING_ITEM_LIST = 44458
S_UNMOUNT_VEHICLE = 27906
S_UNMOUNT_VEHICLE_EX = 50608
S_UPDATE_ACHIEVEMENT_PROGRESS = 40417
S_UPDATE_FRIEND_INFO = 39384
S_UPDATE_NPCGUILD = 35352
S_USER_APPEARANCE_CHANGE = 55893
S_USER_BLOCK_LIST = 40902
S_USER_CHANGE_NAME = 29715
S_USER_EFFECT = 56884
S_USER_EXTERNAL_CHANGE = 64393
S_USER_LEVELUP = 21287
S_USER_LOCATION = 31579
S_USER_PAPERDOLL_INFO = 20617
S_USER_SITUATION = 54956
S_USER_STATUS = 46331
S_VIEW_WARE_EX = 47396
S_VILLAGE_LIST_TO_TELEPORT = 27260
S_VISIT_NEW_SECTION = 40273
S_VOTE_RESET_ALL_DUNGEON = 33467
S_WHISPER = 59443
