C_ASK_INTERACTIVE = 29739
C_CAN_LOCKON_TARGET = 28586
C_CANCEL_CONTRACT = 20178
C_CANCEL_SKILL = 39851
C_CHANGE_PARTY_MANAGER = 61456
C_CHANGE_PARTY_MEMBER_AUTHORITY = 52763
C_CHAT = 58972
C_CHECK_VERSION = 19900
C_DEL_ITEM = 56351
C_DIALOG = 28491
C_GET_USER_LIST = 52191
C_HIT_USER_PROJECTILE = 62784
C_LEAVE_PARTY = 23435
C_LEAVE_PRIVATE_CHANNEL = 62268
C_LOGIN_ARBITER = 53142
C_MERGE_ITEM = 32720
C_NPC_CONTACT = 46414
C_PARTY_APPLICATION_DENIED = 38666
C_PLAYER_FLYING_LOCATION = 63613
C_PLAYER_LOCATION = 41669
C_PRESS_SKILL = 33249
C_REGISTER_PARTY_INFO = 63062
C_REQUEST_CONTRACT = 28385
C_REQUEST_PRIVATE_CHANNEL_INFO = 48941
C_REQUEST_USER_PAPERDOLL_INFO = 35963
C_RETURN_TO_LOBBY = 57955
C_SECOND_PASSWORD_AUTH = 58666
C_SELECT_USER = 56153
C_SET_VISIBLE_RANGE = 32013
C_SHOW_INVEN = 48786
C_SHOW_ITEM_TOOLTIP_EX = 56747
C_START_INSTANCE_SKILL = 33076
C_START_SKILL = 40024
C_USE_ITEM = 50853
C_WHISPER = 37762
S_ABNORMALITY_BEGIN = 55085
S_ABNORMALITY_END = 44913
S_ABNORMALITY_REFRESH = 42356
S_ACCEPT_CONTRACT = 44717
S_ACCOMPLISH_ACHIEVEMENT = 40768
S_ACCOUNT_PACKAGE_LIST = 57659
S_ACTION_END = 30963
S_ACTION_STAGE = 44778
S_ANSWER_INTERACTIVE = 47948
S_AVAILABLE_EVENT_MATCHING_LIST = 29742
S_AVAILABLE_SOCIAL_LIST = 31719
S_BAN_PARTY = 61278
S_BAN_PARTY_MEMBER = 63179
S_BOSS_GAGE_INFO = 25310
S_CAN_LOCKON_TARGET = 34423
S_CANCEL_CONTRACT = 24397
S_CHANGE_DESTPOS_PROJECTILE = 38081
S_CHANGE_PARTY_MANAGER = 24958
S_CHAT = 57264
S_CHECK_TO_READY_PARTY = 33466
S_CHECK_TO_READY_PARTY_FIN = 41626
S_CHECK_VERSION = 19901
S_CLEAR_ALL_HOLDED_ABNORMALITY = 40115
S_CREATURE_CHANGE_HP = 54400
S_CREATURE_LIFE = 47300
S_CREATURE_ROTATE = 30228
S_CREST_INFO = 50297
S_CREST_MESSAGE = 35777
S_DECREASE_COOLTIME_SKILL = 64161
S_DESPAWN_NPC = 36745
S_DESPAWN_PROJECTILE = 59592
S_DESPAWN_USER = 57552
S_DIALOG = 28469
S_EACH_SKILL_RESULT = 59245
S_END_USER_PROJECTILE = 62950
S_EXIT = 57617
S_FRIEND_LIST = 58118
S_GET_USER_GUILD_LOGO = 56442
S_GET_USER_LIST = 34245
S_GUILD_NAME = 34259
S_INSTANT_DASH = 52741
S_INSTANT_MOVE = 61729
S_INVEN = 58188
S_JOIN_PRIVATE_CHANNEL = 52830
S_LEAVE_PARTY = 56337
S_LEAVE_PARTY_MEMBER = 31603
S_LEAVE_PRIVATE_CHANNEL = 27352
S_LOAD_CLIENT_ACCOUNT_SETTING = 23897
S_LOAD_CLIENT_USER_SETTING = 63386
S_LOAD_TOPO = 36794
S_LOADING_SCREEN_CONTROL_INFO = 59574
S_LOGIN = 59329
S_LOGIN_ACCOUNT_INFO = 64064
S_LOGOUT_PARTY_MEMBER = 57551
S_MOUNT_VEHICLE = 25368
S_NOTIFY_TO_FRIENDS_WALK_INTO_SAME_AREA = 50187
S_NPC_LOCATION = 39130
S_NPC_OCCUPIER_INFO = 43691
S_NPC_STATUS = 35493
S_NPC_TARGET_USER = 49353
S_OTHER_USER_APPLY_PARTY = 39533
S_PARTY_MATCH_LINK = 21482
S_PARTY_MEMBER_ABNORMAL_ADD = 56119
S_PARTY_MEMBER_ABNORMAL_CLEAR = 26951
S_PARTY_MEMBER_ABNORMAL_DEL = 48927
S_PARTY_MEMBER_ABNORMAL_REFRESH = 36210
S_PARTY_MEMBER_BUFF_UPDATE = 52362
S_PARTY_MEMBER_CHANGE_HP = 34653
S_PARTY_MEMBER_CHANGE_MP = 57220
S_PARTY_MEMBER_LIST = 52034
S_PARTY_MEMBER_STAT_UPDATE = 57773
S_PLAYER_CHANGE_FLIGHT_ENERGY = 20338
S_PLAYER_CHANGE_MP = 33314
S_PLAYER_CHANGE_STAMINA = 48075
S_PLAYER_STAT_UPDATE = 34271
S_PREPARE_RETURN_TO_LOBBY = 48819
S_PRIVATE_CHAT = 61328
S_QUEST_BALLOON = 41725
S_QUEST_INFO = 63959
S_REJECT_CONTRACT = 27070
S_REQUEST_CONTRACT = 22554
S_REQUEST_PRIVATE_CHANNEL_INFO = 45386
S_REQUEST_SECOND_PASSWORD_AUTH = 34161
S_RESULT_BIDDING_DICE_THROW = 46245
S_RESULT_ITEM_BIDDING = 36302
S_RETURN_TO_LOBBY = 28480
S_SHOW_PARTY_MATCH_INFO = 40477
S_SKILL_LIST = 31522
S_SPAWN_ME = 37567
S_SPAWN_NPC = 35395
S_SPAWN_PROJECTILE = 34110
S_SPAWN_USER = 21139
S_START_COOLTIME_ITEM = 35911
S_START_COOLTIME_SKILL = 47629
S_START_USER_PROJECTILE = 41799
S_SYSTEM_MESSAGE = 65000
S_SYSTEM_MESSAGE_LOOT_ITEM = 29762
S_UNMOUNT_VEHICLE = 36103
S_UPDATE_FRIEND_INFO = 46903
S_USER_BLOCK_LIST = 53269
S_USER_EFFECT = 58921
S_USER_LOCATION = 37355
S_USER_PAPERDOLL_INFO = 60730
S_USER_STATUS = 43423
S_WEAK_POINT = 45328
S_WHISPER = 42049
