C_ADD_FRIEND 30092
C_ADMIN 31260
C_APPLY_PARTY 37684
C_ASK_INTERACTIVE 44267
C_BAN_PARTY_MEMBER 27647
C_BIND_ITEM_BEGIN_PROGRESS 60852
C_BIND_ITEM_EXECUTE 32165
C_BLOCK_USER 34496
C_CANCEL_CHANGE_USER_APPEARANCE 63367
C_CANCEL_CONTRACT 37310
C_CANCEL_SKILL 64467
C_CAN_LOCKON_TARGET 33006
C_CHANGE_PARTY_MANAGER 22332
C_CHANGE_PARTY_MEMBER_AUTHORITY 39376
C_CHAT 21411
C_CHECK_VERSION 19900
C_COMMIT_CHANGE_USER_APPEARANCE 36717
C_COMPLETE_DAILY_EVENT 64519
C_COMPLETE_EXTRA_EVENT 58468
C_CONFIRM_UPDATE_NOTIFICATION 63860
C_CREST_APPLY 27109
C_CREST_APPLY_LIST 44408
C_DELETE_FRIEND 37196
C_DEL_ITEM 38566
C_DIALOG 26410
C_DISMISS_PARTY 51751
C_END_CLIMBING 57500
C_END_MOVIE 41871
C_GACHA_CANCEL 50595
C_GACHA_TRY 23419
C_GET_IN_SHUTTLE 59073
C_GET_OUT_SHUTTLE 56115
C_GET_USER_LIST 24945
C_HIT_USER_PROJECTILE 38152
C_INVITE_USER_TO_GUILD 36273
C_ITEM_COLORING_SET_COLOR 43462
C_LEAVE_PARTY 44619
C_LEAVE_PRIVATE_CHANNEL 27442
C_LOAD_TOPO_FIN 55905
C_LOGIN_ARBITER 26248
C_MERGE_ITEM 39903
C_MERGE_ITEM_EXECUTE 25161
C_NOTIFY_LOCATION_IN_ACTION 46439
C_NOTIFY_LOCATION_IN_DASH 47877
C_NOTIMELINE_SKILL 59083
C_NPC_CONTACT 43814
C_OP_COMMAND 65134
C_PARTY_APPLICATION_DENIED 20291
C_PARTY_MARKER 65419
C_PARTY_MATCH_WINDOW_CLOSED 33289
C_PLAYER_FLYING_LOCATION 51960
C_PLAYER_LOCATION 61965
C_PRESS_SKILL 39024
C_PUT_WARE_ITEM 44153
C_REGISTER_ENCHANT_ITEM 25172
C_REGISTER_EVOLUTION_ITEM 45742
C_REGISTER_PARTY_INFO 51951
C_REMOVE_BLOCKED_USER 53863
C_REPLY_THROUGH_ARBITER_CONTRACT 55963
C_REQUEST_ABNORMALITY_TOOLTIP_VALUE 25731
C_REQUEST_CANDIDATE_LIST 53529
C_REQUEST_CONTRACT 45474
C_REQUEST_ENCHANT 48038
C_REQUEST_EVOLUTION 49870
C_REQUEST_GAMESTAT_PING 24571
C_REQUEST_NONDB_ITEM_INFO 36696
C_REQUEST_PARTY_INFO 35558
C_REQUEST_PARTY_MATCH_INFO 22483
C_REQUEST_PARTY_MATCH_INFO_PAGE 54124
C_REQUEST_PARTY_MATCH_LINK 56492
C_REQUEST_PRIVATE_CHANNEL_INFO 60221
C_REQUEST_USER_PAPERDOLL_INFO 39269
C_REQUEST_USER_PAPERDOLL_INFO_WITH_GAMEID 59111
C_RESET_ALL_DUNGEON 52234
C_RETURN_TO_LOBBY 50434
C_REVIVE_NOW 31569
C_RQ_COMMIT_DECOMPOSITION_CONTRACT 50588
C_RQ_SKILL_POLISHING_CHANGE_OPTION 41689
C_RQ_START_SOCIAL_ON_PROGRESS_DECOMPOSITION 47284
C_SAVE_CLIENT_ACCOUNT_SETTING 34261
C_SAVE_CLIENT_USER_SETTING 36785
C_SECOND_PASSWORD_AUTH 62277
C_SELECT_USER 61467
C_SET_VISIBLE_RANGE 51674
C_SHOW_ITEMLIST 44302
C_SHOW_ITEM_TOOLTIP_EX 28291
C_SKILL_LEARN_LIST 20364
C_SKILL_LEARN_REQUEST 22016
C_SOCIAL 31713
C_START_COMBO_INSTANT_SKILL 28823
C_START_ENCHANT 33786
C_START_EVOLUTION 26252
C_START_INSTANCE_SKILL 43829
C_START_INSTANCE_SKILL_EX 57043
C_START_PRODUCE 31487
C_START_SKILL 21844
C_START_TARGETED_SKILL 63556
C_TRADE_BROKER_DEAL_CONFIRM 33580
C_TRADE_BROKER_REJECT_SUGGEST 47296
C_TRY_LOOT_DROPITEM 20096
C_UNMOUNT_VEHICLE 31162
C_UNREGISTER_ENCHANT_ITEM 63054
C_UNREGISTER_EVOLUTION_ITEM 60861
C_UNREGISTER_PARTY_INFO 40755
C_UPDATE_FRIEND_INFO 44657
C_UPDATE_REACTION_POS 59451
C_USE_ITEM 22001
C_USE_PREMIUM_SLOT 28340
C_VIEW_WARE 29201
C_VISIT_NEW_SECTION 31488
C_WHISPER 57390
S_ABNORMALITY_BEGIN 42791
S_ABNORMALITY_DAMAGE_ABSORB 33434
S_ABNORMALITY_END 37956
S_ABNORMALITY_FAIL 51748
S_ABNORMALITY_REFRESH 64309
S_ABNORMALITY_RESIST 63127
S_ABNORMALITY_SCALE_UP 20442
S_ABNORMALITY_TOOLTIP_VALUE 49775
S_ACCEPT_CONTRACT 22381
S_ACCOMPLISH_ACHIEVEMENT 62390
S_ACCOUNT_PACKAGE_LIST 65360
S_ACTION_END 52664
S_ACTION_STAGE 59369
S_ADMIN_HOLD_CHARACTER 23332
S_AERO 37100
S_AIR_REACTION_END 61477
S_ANNOUNCE_UPDATE_NOTIFICATION 45784
S_ANSWER_INTERACTIVE 35038
S_APPLY_TITLE 26416
S_ASK_BIDDING_RARE_ITEM 63238
S_ASK_TELEPORT 57820
S_AVAILABLE_EVENT_MATCHING_LIST 42099
S_AVAILABLE_SOCIAL_LIST 23917
S_BAN_PARTY 27818
S_BAN_PARTY_MEMBER 26264
S_BATTLE_FIELD_ENTRANCE_INFO 56898
S_BATTLE_FIELD_POINT_STORE_SELL_LIST 23849
S_BEGIN_THROUGH_ARBITER_CONTRACT 20879
S_BOSS_GAGE_INFO 37940
S_CANCEL_CONTRACT 50313
S_CANNOT_START_SKILL 21060
S_CAN_LOCKON_TARGET 26368
S_CHANGE_DESTPOS_PROJECTILE 30146
S_CHANGE_EP_EXP_DAILY_LIMIT 41310
S_CHANGE_EP_POINT 32755
S_CHANGE_FRIEND_STATE 47704
S_CHANGE_GUILD_CHIEF 39988
S_CHANGE_PARTY_MANAGER 52464
S_CHANGE_VOICE_USE_QAC 45530
S_CHAT 65147
S_CHECK_TO_READY_PARTY 37725
S_CHECK_TO_READY_PARTY_FIN 23635
S_CHECK_VERSION 19901
S_CLEAR_ALL_HOLDED_ABNORMALITY 20316
S_COLLECTION_PICKEND 44155
S_COLLECTION_PICKSTART 25610
S_COMPLETE_EVENT_MATCHING_QUEST 31937
S_CONNECT_SKILL_ARROW 43915
S_CREATURE_CHANGE_HP 63415
S_CREATURE_LIFE 20335
S_CREATURE_ROTATE 29835
S_CREST_APPLY 50325
S_CREST_INFO 21044
S_CREST_MESSAGE 20580
S_CURRENT_CHANNEL 43318
S_CUSTOM_STYLE_SYSTEM_MESSAGE 26852
S_DEAD_LOCATION 46845
S_DECREASE_COOLTIME_SKILL 29678
S_DEFEND_SUCCESS 43539
S_DELETE_FRIEND 20064
S_DESPAWN_BONFIRE 27801
S_DESPAWN_BUILD_OBJECT 21160
S_DESPAWN_COLLECTION 49095
S_DESPAWN_DROPITEM 59851
S_DESPAWN_EVENT_SEED 32950
S_DESPAWN_NPC 24061
S_DESPAWN_PROJECTILE 57544
S_DESPAWN_SHUTTLE 20645
S_DESPAWN_USER 63276
S_DIALOG 54897
S_DUNGEON_CAMERA_SET 43680
S_DUNGEON_CLEAR_COUNT_LIST 26972
S_DUNGEON_COOL_TIME_LIST 40611
S_DUNGEON_EVENT_MESSAGE 62681
S_EACH_SKILL_RESULT 61875
S_ENABLE_DISABLE_SELLABLE_ITEM_LIST 21009
S_END_CHANGE_USER_APPEARANCE 56737
S_END_PRODUCE 57766
S_END_USER_PROJECTILE 37180
S_EP_SYSTEM_DAILY_EVENT_EXP_ON_OFF 29909
S_EXIT 25500
S_F2P_PremiumUser_Permission 65108
S_FACIAL_ATTACHMENT_BROADCAST 28952
S_FATIGABILITY_POINT 40275
S_FEARMOVE_END 25341
S_FEARMOVE_STAGE 34571
S_FIELD_EVENT_ON_ENTER 57864
S_FIELD_EVENT_ON_LEAVE 30909
S_FIELD_EVENT_PROGRESS_INFO 34847
S_FIELD_POINT_INFO 33009
S_FIN_INTER_PARTY_MATCH 36694
S_FIX_VEHICLE_PROGRESS 40556
S_FONT_SWAP_INFO 38867
S_FRIEND_LIST 24249
S_GACHA_END 27042
S_GACHA_START 53185
S_GET_IN_SHUTTLE 21961
S_GET_OUT_SHUTTLE 57777
S_GET_USER_GUILD_LOGO 64788
S_GET_USER_LIST 65372
S_GMEVENT_GUIDE_MESSAGE 26582
S_GMEVENT_OX_QUIZ_OPEN 58481
S_GMEVENT_OX_QUIZ_RESULT 44167
S_GMEVENT_RECV_REWARD 63050
S_GRANT_SKILL 27338
S_GROUP_NPC_LOCATION 46720
S_GUILD_MEMBER_LIST 47462
S_GUILD_NAME 54727
S_GUILD_STORE_SELL_LIST 52043
S_GUILD_TOWER_INFO 53732
S_HIT_COMBO 60794
S_HOLD_ABNORMALITY_ADD 60869
S_IMAGE_DATA 63331
S_INSTANCE_ARROW 38135
S_INSTANT_DASH 52614
S_INSTANT_MOVE 39745
S_INVEN_CHANGEDSLOT 62333
S_INVEN_USERDATA 45172
S_ITEMLIST 21676
S_ITEM_COLORING_BAG 49027
S_ITEM_CUSTOM_STRING 37896
S_ITEM_EXPLOSION_RESULT 63044
S_JOIN_PRIVATE_CHANNEL 36848
S_LEARN_EP_PERK 32256
S_LEAVE_GUILD 33937
S_LEAVE_PARTY 47928
S_LEAVE_PARTY_MEMBER 38688
S_LEAVE_PRIVATE_CHANNEL 58498
S_LOADING_SCREEN_CONTROL_INFO 33705
S_LOAD_ACHIEVEMENT_LIST 62668
S_LOAD_CLIENT_ACCOUNT_SETTING 28073
S_LOAD_CLIENT_USER_SETTING 49488
S_LOAD_DUNGEON_SOUND_HINT 55446
S_LOAD_EP_INFO 52616
S_LOAD_TOPO 30172
S_LOCKON_YOU 26841
S_LOGIN 48731
S_LOGIN_ACCOUNT_INFO 61501
S_LOGOUT_PARTY_MEMBER 34989
S_MOUNT_VEHICLE 22908
S_MOUNT_VEHICLE_EX 45142
S_MOVE_SHUTTLE 52039
S_MUTE 29548
S_NOCTAN_VARIATION_INFO 47846
S_NOTIFY_GUILD_QUEST_URGENT 63121
S_NOTIFY_TO_FRIENDS_WALK_INTO_SAME_AREA 65399
S_NPCGUILD_LIST 24450
S_NPC_CHANGE_MESH 28947
S_NPC_LOCATION 39127
S_NPC_MENU_SELECT 62279
S_NPC_OCCUPIER_INFO 45051
S_NPC_STATUS 56481
S_NPC_TARGET_USER 22927
S_OPEN_AWESOMIUM_WEB_URL 64502
S_OTHER_USER_APPLY_PARTY 34537
S_PARTY_INFO 51895
S_PARTY_MARKER 34919
S_PARTY_MATCH_LINK 33298
S_PARTY_MEMBER_ABNORMAL_ADD 58052
S_PARTY_MEMBER_ABNORMAL_CLEAR 46167
S_PARTY_MEMBER_ABNORMAL_DEL 33335
S_PARTY_MEMBER_ABNORMAL_REFRESH 45116
S_PARTY_MEMBER_BUFF_UPDATE 55747
S_PARTY_MEMBER_CHANGE_HP 32235
S_PARTY_MEMBER_CHANGE_MP 24071
S_PARTY_MEMBER_CHANGE_STAMINA 63948
S_PARTY_MEMBER_INFO 24398
S_PARTY_MEMBER_INTERVAL_POS_UPDATE 26713
S_PARTY_MEMBER_LIST 30843
S_PARTY_MEMBER_QUEST_DATA 61032
S_PARTY_MEMBER_STAT_UPDATE 61830
S_PLAYER_CHANGE_ACTPOINT 54221
S_PLAYER_CHANGE_ALL_PROF 47218
S_PLAYER_CHANGE_EP 61665
S_PLAYER_CHANGE_EXP 35609
S_PLAYER_CHANGE_FLIGHT_ENERGY 45873
S_PLAYER_CHANGE_MP 53670
S_PLAYER_CHANGE_PROF 42917
S_PLAYER_CHANGE_STAMINA 27059
S_PLAYER_RESET_EP 56285
S_PLAYER_STAT_UPDATE 23986
S_PLAY_ANIMATION 24171
S_PLAY_EFFECT 62369
S_PLAY_EVENT_SOUND 53561
S_PLAY_MOVIE 34765
S_PLAY_SOUND 33562
S_PLAY_SOUND_BYNAME 48404
S_POINT_STORE_SELL_LIST 25704
S_POST_PROCESS 63836
S_PREMIUM_SLOT_DATALIST 57064
S_PREMIUM_SLOT_OFF 33507
S_PREPARE_EXIT 59400
S_PREPARE_RETURN_TO_LOBBY 56590
S_PRIVATE_CHANNEL_NOTICE 41594
S_PRIVATE_CHAT 41557
S_PRODUCE_CRITICAL 24960
S_QUEST_BALLOON 29691
S_QUEST_VILLAGER_INFO 49047
S_REGISTER_ENCHANT_ITEM 55478
S_REGISTER_EVOLUTION_ITEM 39922
S_REJECT_CONTRACT 36839
S_REMOVE_EFFECT 42684
S_REPLY_CLIENT_CHAT_OPTION_SETTING 44880
S_REPLY_NONDB_ITEM_INFO 32398
S_REPLY_REQUEST_CONTRACT 54880
S_REQUEST_CONTRACT 26764
S_REQUEST_DESPAWN_SERVANT 37570
S_REQUEST_PRIVATE_CHANNEL_INFO 53242
S_REQUEST_REACTION_POS_TICK 32463
S_REQUEST_SECOND_PASSWORD_AUTH 36524
S_REQUEST_SERVANT_INFO_LIST 32012
S_REQUEST_SPAWN_SERVANT 43994
S_RESET_EP_PERK 58802
S_RESPONSE_GAMESTAT_PONG 42549
S_RESULT_BIDDING_DICE_THROW 62117
S_RESULT_EVENT_SEED 48741
S_RESULT_ITEM_BIDDING 65008
S_RETURN_TO_LOBBY 62984
S_RP_SKILL_POLISHING_LIST 28743
S_SELECT_USER 55029
S_SHORTCUT_CHANGE 44318
S_SHOW_AWESOMIUMWEB_SHOP 41930
S_SHOW_CANDIDATE_LIST 47163
S_SHOW_HP 22472
S_SHOW_ITEM_TOOLTIP 27024
S_SHOW_PARTY_MATCH_INFO 25176
S_SHOW_PEGASUS_MAP 20728
S_SHOW_USER_EP_INFO 21744
S_SKILL_ATTENTION_TARGET 37193
S_SKILL_CATEGORY 39852
S_SKILL_LEARN_LIST 39439
S_SKILL_LEARN_RESULT 31360
S_SKILL_LIST 40028
S_SOCIAL 25483
S_SPAWN_BONFIRE 20776
S_SPAWN_BUILD_OBJECT 45863
S_SPAWN_COLLECTION 39382
S_SPAWN_DOOR 63489
S_SPAWN_DROPITEM 58105
S_SPAWN_EVENT_SEED 34876
S_SPAWN_ME 64928
S_SPAWN_NPC 60903
S_SPAWN_PROJECTILE 58785
S_SPAWN_SHUTTLE 30650
S_SPAWN_USER 56635
S_SPAWN_WORKOBJECT 49489
S_START_ACTION_SCRIPT 51510
S_START_CHANGE_USER_APPEARANCE 23711
S_START_CLIENT_CUSTOM_SKILL 55649
S_START_CLIMBING 28137
S_START_COOLTIME_ITEM 43404
S_START_COOLTIME_SKILL 53749
S_START_INVERSE_CAPTURE 27594
S_START_PRODUCE 40022
S_START_USER_PROJECTILE 24851
S_STEER_DEBUG_COMMAND 48956
S_STICK_TO_USER_END 35252
S_STICK_TO_USER_START 28283
S_STORE_SELL_LIST 21862
S_SUCCESS_COUNTER 35794
S_SYSTEM_MESSAGE 23778
S_SYSTEM_MESSAGE_LOOT_ITEM 51511
S_SYSTEM_MESSAGE_LOOT_SPECIAL_ITEM 27676
S_TARGET_INFO 57950
S_TBA_SELECT_USER 39309
S_TELEPORT_TO_CAMP 35516
S_TIMEOVER_CONTRACT 45763
S_TRADE_BROKER_DEAL_INFO_UPDATE 29591
S_TRADE_BROKER_DEAL_SUGGESTED 20346
S_TRADE_BROKER_REQUEST_DEAL_RESULT 21507
S_UNICAST_TRANSFORM_DATA 44873
S_UNMOUNT_VEHICLE 65144
S_UNMOUNT_VEHICLE_EX 41074
S_UPDATE_ACHIEVEMENT_PROGRESS 25132
S_UPDATE_EVENT_SEED_STATE 65319
S_UPDATE_FRIEND_INFO 59684
S_UPDATE_GUILD_QUEST_STATUS 24766
S_UPDATE_NPCGUILD 42542
S_USER_APPEARANCE_CHANGE 29469
S_USER_BLOCK_LIST 40351
S_USER_CHANGE_FACE_CUSTOM 30806
S_USER_CHANGE_NAME 50928
S_USER_DEATH 57646
S_USER_EFFECT 52967
S_USER_EXTERNAL_CHANGE 44641
S_USER_LEVELUP 47252
S_USER_LOCATION 64772
S_USER_LOCATION_IN_ACTION 63965
S_USER_MOVETYPE 34846
S_USER_PAPERDOLL_INFO 45099
S_USER_SITUATION 49222
S_USER_STATUS 38565
S_USER_WEAPON_APPEARANCE_CHANGE 21301
S_VIEW_PARTY_INVITE 42554
S_VIEW_WARE_EX 30371
S_VISIT_NEW_SECTION 39168
S_VOTE_RESET_ALL_DUNGEON 59521
S_WEAK_POINT 23576
S_WHISPER 56934
TTB_S_CHANGE_HERO 42036
TTB_S_LOAD_EP_PAGE 31276