C_ADD_FRIEND = 48397
C_ADD_TELEPORT_TO_POS_LIST = 56172
C_ADMIN = 51056
C_APPLY_PARTY = 33748
C_ASK_INTERACTIVE = 26416
C_BAN_PARTY_MEMBER = 35431
C_BIND_ITEM_BEGIN_PROGRESS = 37285
C_BIND_ITEM_EXECUTE = 61523
C_BLOCK_USER = 41409
C_CANCEL_CHANGE_USER_APPEARANCE = 55899
C_CANCEL_CONTRACT = 26990
C_CANCEL_SKILL = 58726
C_CAN_LOCKON_TARGET = 47888
C_CHANGE_PARTY_MANAGER = 53830
C_CHANGE_PARTY_MEMBER_AUTHORITY = 32180
C_CHAT = 62115
C_CHECK_VERSION = 19900
C_COMMIT_CHANGE_USER_APPEARANCE = 61622
C_COMPLETE_DAILY_EVENT = 56456
C_COMPLETE_EXTRA_EVENT = 48227
C_CONFIRM_UPDATE_NOTIFICATION = 45731
C_CREST_APPLY = 55820
C_CREST_APPLY_LIST = 62868
C_DELETE_FRIEND = 61415
C_DELETE_TELEPORT_TO_POS_LIST = 30596
C_DEL_ITEM = 35741
C_DIALOG = 44085
C_DISMISS_PARTY = 28981
C_EDIT_BLOCKED_USER_MEMO = 62228
C_END_CLIMBING = 49154
C_END_MOVIE = 63914
C_GACHA_TRY = 54163
C_GET_IN_SHUTTLE = 30318
C_GET_OUT_SHUTTLE = 53506
C_GET_USER_LIST = 55666
C_HIT_USER_PROJECTILE = 50403
C_INVITE_USER_TO_GUILD = 41583
C_ITEM_COLORING_SET_COLOR = 26548
C_LEAVE_PARTY = 51764
C_LEAVE_PRIVATE_CHANNEL = 24612
C_LOAD_TOPO_FIN = 64912
C_LOGIN_ARBITER = 47564
C_MERGE_ITEM = 29082
C_MERGE_ITEM_EXECUTE = 63088
C_NOTIFY_LOCATION_IN_ACTION = 61584
C_NOTIFY_LOCATION_IN_DASH = 51092
C_NOTIMELINE_SKILL = 62476
C_NPC_CONTACT = 55526
C_OP_COMMAND = 41040
C_PARTY_APPLICATION_DENIED = 34512
C_PARTY_MARKER = 40267
C_PARTY_MATCH_WINDOW_CLOSED = 56932
C_PLAYER_FLYING_LOCATION = 29651
C_PLAYER_LOCATION = 53168
C_PRESS_SKILL = 45509
C_REGISTER_ENCHANT_ITEM = 20927
C_REGISTER_EVOLUTION_ITEM = 55827
C_REGISTER_PARTY_INFO = 42316
C_REMOVE_BLOCKED_USER = 25663
C_REPLY_THROUGH_ARBITER_CONTRACT = 60044
C_REQUEST_CANDIDATE_LIST = 34396
C_REQUEST_CONTRACT = 26246
C_REQUEST_ENCHANT = 42389
C_REQUEST_EVOLUTION = 30564
C_REQUEST_GAMESTAT_PING = 24335
C_REQUEST_NONDB_ITEM_INFO = 48769
C_REQUEST_PARTY_INFO = 55139
C_REQUEST_PARTY_MATCH_INFO = 51732
C_REQUEST_PARTY_MATCH_INFO_PAGE = 45480
C_REQUEST_PARTY_MATCH_LINK = 47399
C_REQUEST_PRIVATE_CHANNEL_INFO = 21936
C_REQUEST_USER_PAPERDOLL_INFO = 20302
C_REQUEST_USER_PAPERDOLL_INFO_WITH_GAMEID = 34267
C_RESET_ALL_DUNGEON = 60069
C_RETURN_TO_LOBBY = 20215
C_REVIVE_NOW = 58950
C_RQ_COMMIT_DECOMPOSITION_CONTRACT = 53097
C_RQ_START_SOCIAL_ON_PROGRESS_DECOMPOSITION = 26720
C_SAVE_CLIENT_ACCOUNT_SETTING = 56815
C_SAVE_CLIENT_USER_SETTING = 40174
C_SECOND_PASSWORD_AUTH = 23006
C_SELECT_USER = 53955
C_SET_VISIBLE_RANGE = 31411
C_SHOW_ITEMLIST = 31252
C_SHOW_ITEM_TOOLTIP_EX = 57028
C_SOCIAL = 55446
C_START_COMBO_INSTANT_SKILL = 56251
C_START_ENCHANT = 23581
C_START_EVOLUTION = 60586
C_START_INSTANCE_SKILL = 20584
C_START_INSTANCE_SKILL_EX = 51467
C_START_PRODUCE = 26670
C_START_SKILL = 40729
C_START_TARGETED_SKILL = 49441
C_TELEPORT_TO_POS = 23005
C_TELEPORT_TO_VILLAGE = 30109
C_TRADE_BROKER_BUY_IT_NOW = 30050
C_TRADE_BROKER_DEAL_CONFIRM = 35581
C_TRADE_BROKER_REJECT_SUGGEST = 60043
C_TRADE_BROKER_SUGGEST_DEAL = 55813
C_TRADE_BROKER_WAITING_ITEM_LIST_NEW = 62464
C_TRADE_BROKER_WAITING_ITEM_LIST_PAGE = 49657
C_TRY_LOOT_DROPITEM = 32581
C_UNMOUNT_VEHICLE = 27866
C_UNREGISTER_ENCHANT_ITEM = 34472
C_UNREGISTER_EVOLUTION_ITEM = 36521
C_UNREGISTER_PARTY_INFO = 57864
C_UPDATE_REACTION_POS = 22119
C_USE_ITEM = 60700
C_USE_PREMIUM_SLOT = 32812
C_VIEW_WARE = 63997
C_VISIT_NEW_SECTION = 23271
C_WHISPER = 48557
S_ABNORMALITY_BEGIN = 25217
S_ABNORMALITY_DAMAGE_ABSORB = 38859
S_ABNORMALITY_END = 49424
S_ABNORMALITY_FAIL = 24333
S_ABNORMALITY_REFRESH = 53985
S_ABNORMALITY_RESIST = 65416
S_ABNORMALITY_SCALE_UP = 61613
S_ACCEPT_CONTRACT = 43067
S_ACCOMPLISH_ACHIEVEMENT = 47118
S_ACCOUNT_PACKAGE_LIST = 31749
S_ACTION_END = 57851
S_ACTION_STAGE = 46649
S_ADD_BLOCKED_USER = 20265
S_ADD_INTER_PARTY_MATCH_POOL = 40597
S_ADMIN_HOLD_CHARACTER = 54576
S_AERO = 32939
S_AIR_REACTION_END = 29763
S_ANNOUNCE_UPDATE_NOTIFICATION = 45640
S_ANSWER_INTERACTIVE = 49524
S_APPLY_TITLE = 24916
S_ASK_BIDDING_RARE_ITEM = 24698
S_ASK_TELEPORT = 34039
S_AVAILABLE_EVENT_MATCHING_LIST = 53959
S_AVAILABLE_SOCIAL_LIST = 37411
S_BAN_PARTY = 54827
S_BAN_PARTY_MEMBER = 55801
S_BATTLE_FIELD_ENTRANCE_INFO = 25916
S_BATTLE_FIELD_POINT_STORE_SELL_LIST = 40311
S_BEGIN_THROUGH_ARBITER_CONTRACT = 37310
S_BOSS_GAGE_INFO = 32364
S_BROADCAST_FLOATING_CASTLE_INFO = 63282
S_BROADCAST_FLOATING_CASTLE_NAMEPLATE = 31106
S_CANCEL_CONTRACT = 22010
S_CANNOT_START_SKILL = 62785
S_CAN_LOCKON_TARGET = 61157
S_CHANGE_DESTPOS_PROJECTILE = 64028
S_CHANGE_EP_EXP_DAILY_LIMIT = 39943
S_CHANGE_EP_POINT = 61655
S_CHANGE_EVENT_MATCHING_STATE = 53172
S_CHANGE_FRIEND_STATE = 30470
S_CHANGE_GUILD_CHIEF = 63340
S_CHANGE_PARTY_MANAGER = 61143
S_CHANGE_VOICE_USE_QAC = 60597
S_CHAT = 45589
S_CHECK_TO_READY_PARTY = 57968
S_CHECK_TO_READY_PARTY_FIN = 33926
S_CHECK_VERSION = 19901
S_CLEAR_ALL_HOLDED_ABNORMALITY = 61888
S_COLLECTION_PICKEND = 33923
S_COLLECTION_PICKSTART = 42642
S_COMPLETE_EVENT_MATCHING_QUEST = 44370
S_CONNECT_SKILL_ARROW = 46111
S_CREATURE_CHANGE_HP = 39528
S_CREATURE_LIFE = 51642
S_CREATURE_ROTATE = 42009
S_CREST_APPLY = 51911
S_CREST_INFO = 54691
S_CREST_MESSAGE = 59997
S_CURRENT_CHANNEL = 24339
S_CUSTOM_STYLE_SYSTEM_MESSAGE = 27099
S_DEAD_LOCATION = 35002
S_DECREASE_COOLTIME_SKILL = 35497
S_DEFEND_SUCCESS = 42616
S_DELETE_FRIEND = 44302
S_DESPAWN_BONFIRE = 45171
S_DESPAWN_BUILD_OBJECT = 60250
S_DESPAWN_COLLECTION = 49993
S_DESPAWN_DROPITEM = 49595
S_DESPAWN_EVENT_SEED = 26445
S_DESPAWN_NPC = 26212
S_DESPAWN_PROJECTILE = 43218
S_DESPAWN_SHUTTLE = 64502
S_DESPAWN_USER = 24778
S_DESTROY_GUILD_TOWER = 36946
S_DIALOG = 28268
S_DUNGEON_CAMERA_SET = 48256
S_DUNGEON_CLEAR_COUNT_LIST = 20553
S_DUNGEON_COOL_TIME_LIST = 53041
S_DUNGEON_EVENT_MESSAGE = 59841
S_EACH_SKILL_RESULT = 29956
S_ENABLE_DISABLE_SELLABLE_ITEM_LIST = 60977
S_END_CHANGE_USER_APPEARANCE = 41897
S_END_PRODUCE = 51953
S_END_USER_PROJECTILE = 59101
S_EP_SYSTEM_DAILY_EVENT_EXP_ON_OFF = 49408
S_EXIT = 44536
S_F2P_PremiumUser_Permission = 64235
S_FACIAL_ATTACHMENT_BROADCAST = 61519
S_FEARMOVE_END = 61875
S_FEARMOVE_STAGE = 43759
S_FIELD_EVENT_ON_ENTER = 22420
S_FIELD_EVENT_ON_LEAVE = 27280
S_FIELD_POINT_INFO = 49970
S_FIN_INTER_PARTY_MATCH = 54963
S_FIX_VEHICLE_PROGRESS = 41645
S_FONT_SWAP_INFO = 21014
S_FRIEND_LIST = 22343
S_GACHA_END = 39117
S_GACHA_START = 30891
S_GET_IN_SHUTTLE = 51757
S_GET_OUT_SHUTTLE = 31406
S_GET_USER_GUILD_LOGO = 33891
S_GET_USER_LIST = 42327
S_GMEVENT_GUIDE_MESSAGE = 64457
S_GMEVENT_OX_QUIZ_OPEN = 55217
S_GMEVENT_OX_QUIZ_RESULT = 42492
S_GMEVENT_RECV_REWARD = 24779
S_GRANT_SKILL = 49126
S_GROUP_NPC_LOCATION = 49860
S_GUILD_MEMBER_LIST = 55413
S_GUILD_NAME = 53338
S_GUILD_STORE_SELL_LIST = 50671
S_GUILD_TOWER_INFO = 44435
S_HIT_COMBO = 51463
S_HOLD_ABNORMALITY_ADD = 24594
S_IMAGE_DATA = 32796
S_INSTANCE_ARROW = 57081
S_INSTANT_DASH = 62299
S_INSTANT_MOVE = 41916
S_INVEN_CHANGEDSLOT = 53060
S_INVEN_USERDATA = 24101
S_ITEMLIST = 55677
S_ITEM_COLORING_BAG = 51262
S_ITEM_CUSTOM_STRING = 36609
S_ITEM_EXPLOSION_RESULT = 39182
S_JOIN_PRIVATE_CHANNEL = 37897
S_LEARN_EP_PERK = 26605
S_LEAVE_GUILD = 48178
S_LEAVE_PARTY = 49444
S_LEAVE_PARTY_MEMBER = 39548
S_LEAVE_PRIVATE_CHANNEL = 41202
S_LOADING_SCREEN_CONTROL_INFO = 63710
S_LOAD_ACHIEVEMENT_LIST = 38607
S_LOAD_CLIENT_ACCOUNT_SETTING = 45524
S_LOAD_CLIENT_USER_SETTING = 48692
S_LOAD_DUNGEON_SOUND_HINT = 58854
S_LOAD_EP_INFO = 58232
S_LOAD_TELEPORT_TO_POS_LIST = 20692
S_LOAD_TOPO = 54211
S_LOCKON_YOU = 56091
S_LOGIN = 52815
S_LOGIN_ACCOUNT_INFO = 55264
S_LOGOUT_PARTY_MEMBER = 21352
S_MOUNT_VEHICLE = 33152
S_MOUNT_VEHICLE_EX = 38312
S_MOVE_SHUTTLE = 63415
S_MUTE = 59237
S_NOCTAN_VARIATION_INFO = 51121
S_NOTIFY_GUILD_QUEST_URGENT = 27311
S_NOTIFY_TO_FRIENDS_WALK_INTO_SAME_AREA = 26354
S_NPCGUILD_LIST = 59041
S_NPC_CHANGE_MESH = 57329
S_NPC_LOCATION = 56085
S_NPC_MENU_SELECT = 52135
S_NPC_OCCUPIER_INFO = 32781
S_NPC_STATUS = 47058
S_NPC_TARGET_USER = 58838
S_OPEN_AWESOMIUM_WEB_URL = 45222
S_OTHER_USER_APPLY_PARTY = 47996
S_PARTY_INFO = 34471
S_PARTY_MARKER = 29231
S_PARTY_MATCH_LINK = 50248
S_PARTY_MEMBER_ABNORMAL_ADD = 65105
S_PARTY_MEMBER_ABNORMAL_CLEAR = 55159
S_PARTY_MEMBER_ABNORMAL_DEL = 21286
S_PARTY_MEMBER_ABNORMAL_REFRESH = 43765
S_PARTY_MEMBER_BUFF_UPDATE = 55593
S_PARTY_MEMBER_CHANGE_HP = 38797
S_PARTY_MEMBER_CHANGE_MP = 38872
S_PARTY_MEMBER_INFO = 46347
S_PARTY_MEMBER_INTERVAL_POS_UPDATE = 51754
S_PARTY_MEMBER_LIST = 24433
S_PARTY_MEMBER_QUEST_DATA = 45693
S_PARTY_MEMBER_STAT_UPDATE = 50031
S_PLAYER_CHANGE_ALL_PROF = 59452
S_PLAYER_CHANGE_EP = 27449
S_PLAYER_CHANGE_EXP = 45455
S_PLAYER_CHANGE_FLIGHT_ENERGY = 39152
S_PLAYER_CHANGE_MP = 51438
S_PLAYER_CHANGE_PROF = 47483
S_PLAYER_CHANGE_STAMINA = 60210
S_PLAYER_RESET_EP = 63319
S_PLAYER_STAT_UPDATE = 38282
S_PLAY_ANIMATION = 50677
S_PLAY_EFFECT = 52405
S_PLAY_MOVIE = 42294
S_PLAY_SOUND = 42188
S_POINT_STORE_SELL_LIST = 23774
S_PREMIUM_SLOT_DATALIST = 49168
S_PREMIUM_SLOT_OFF = 37961
S_PREPARE_EXIT = 41184
S_PREPARE_RETURN_TO_LOBBY = 59369
S_PREVIEW_ITEM = 23939
S_PRIVATE_CHANNEL_NOTICE = 36326
S_PRIVATE_CHAT = 58052
S_PRODUCE_CRITICAL = 48602
S_QUEST_BALLOON = 28262
S_QUEST_INFO = 34489
S_QUEST_VILLAGER_INFO = 29814
S_REGISTER_ENCHANT_ITEM = 43540
S_REGISTER_EVOLUTION_ITEM = 46515
S_REJECT_CONTRACT = 30224
S_REMOVE_BLOCKED_USER = 35267
S_REMOVE_EFFECT = 28150
S_REPLY_CLIENT_CHAT_OPTION_SETTING = 37180
S_REPLY_NONDB_ITEM_INFO = 61029
S_REPLY_REQUEST_CONTRACT = 25120
S_REQUEST_CITY_WAR_MAP_INFO = 34223
S_REQUEST_CITY_WAR_MAP_INFO_DETAIL = 25547
S_REQUEST_CITY_WAR_MAP_INFO_END = 64228
S_REQUEST_CONTRACT = 48192
S_REQUEST_DESPAWN_SERVANT = 44453
S_REQUEST_PRIVATE_CHANNEL_INFO = 36230
S_REQUEST_REACTION_POS_TICK = 47674
S_REQUEST_SECOND_PASSWORD_AUTH = 44619
S_REQUEST_SERVANT_INFO_LIST = 41939
S_REQUEST_SPAWN_SERVANT = 62012
S_REQUEST_STYLE_SHOP_MARK_PRODUCTLIST = 25083
S_RESET_EP_PERK = 33346
S_RESPONSE_GAMESTAT_PONG = 37282
S_RESULT_BIDDING_DICE_THROW = 33772
S_RESULT_EVENT_SEED = 44524
S_RESULT_ITEM_BIDDING = 25860
S_RETURN_TO_LOBBY = 32131
S_RP_SKILL_POLISHING_LIST = 20902
S_SHORTCUT_CHANGE = 44494
S_SHOW_AWESOMIUMWEB_SHOP = 31938
S_SHOW_CANDIDATE_LIST = 59116
S_SHOW_HP = 38366
S_SHOW_ITEM_TOOLTIP = 64324
S_SHOW_PARTY_MATCH_INFO = 59391
S_SHOW_PEGASUS_MAP = 54122
S_SHOW_USER_EP_INFO = 62398
S_SKILL_ATTENTION_TARGET = 30449
S_SKILL_CATEGORY = 39801
S_SKILL_LIST = 30927
S_SOCIAL = 39259
S_SPAWN_BONFIRE = 39351
S_SPAWN_BUILD_OBJECT = 60871
S_SPAWN_COLLECTION = 56074
S_SPAWN_DOOR = 31686
S_SPAWN_DROPITEM = 39109
S_SPAWN_EVENT_SEED = 36987
S_SPAWN_ME = 23207
S_SPAWN_NPC = 30135
S_SPAWN_PROJECTILE = 45685
S_SPAWN_SHUTTLE = 55785
S_SPAWN_USER = 32224
S_SPAWN_WORKOBJECT = 24165
S_START_ACTION_SCRIPT = 58361
S_START_CHANGE_USER_APPEARANCE = 62521
S_START_CLIENT_CUSTOM_SKILL = 60530
S_START_CLIMBING = 53016
S_START_COOLTIME_ITEM = 26629
S_START_COOLTIME_SKILL = 47689
S_START_INVERSE_CAPTURE = 54389
S_START_PRODUCE = 41886
S_START_USER_PROJECTILE = 30354
S_STICK_TO_USER_END = 45852
S_STICK_TO_USER_START = 46095
S_STORE_SELL_LIST = 21221
S_SUCCESS_COUNTER = 55257
S_SYSTEM_MESSAGE = 24797
S_SYSTEM_MESSAGE_LOOT_ITEM = 35834
S_SYSTEM_MESSAGE_LOOT_SPECIAL_ITEM = 23050
S_TARGET_INFO = 32622
S_TELEPORT_TO_CAMP = 43442
S_TRADE_BROKER_DEAL_INFO_UPDATE = 47272
S_TRADE_BROKER_DEAL_SUGGESTED = 58595
S_TRADE_BROKER_HISTORY_ITEM_LIST = 55046
S_TRADE_BROKER_REQUEST_DEAL_RESULT = 43023
S_TRADE_BROKER_SUGGEST_DEAL = 48054
S_TRADE_BROKER_WAITING_ITEM_LIST = 53936
S_UNICAST_FLOATING_CASTLE_INFO = 43884
S_UNICAST_FLOATING_CASTLE_NAMEPLATE = 31767
S_UNICAST_TRANSFORM_DATA = 61187
S_UNMOUNT_VEHICLE = 63067
S_UNMOUNT_VEHICLE_EX = 40398
S_UPDATE_ACHIEVEMENT_PROGRESS = 42357
S_UPDATE_EVENT_SEED_STATE = 30524
S_UPDATE_FRIEND_INFO = 31586
S_UPDATE_NPCGUILD = 25460
S_USER_APPEARANCE_CHANGE = 62933
S_USER_BLOCK_LIST = 54372
S_USER_CHANGE_FACE_CUSTOM = 39742
S_USER_CHANGE_NAME = 59188
S_USER_DEATH = 41398
S_USER_EFFECT = 35647
S_USER_EXTERNAL_CHANGE = 28851
S_USER_LEVELUP = 65020
S_USER_LOCATION = 36761
S_USER_LOCATION_IN_ACTION = 21771
S_USER_MOVETYPE = 52142
S_USER_PAPERDOLL_INFO = 46379
S_USER_SITUATION = 62401
S_USER_STATUS = 42024
S_USER_WEAPON_APPEARANCE_CHANGE = 44593
S_VIEW_PARTY_INVITE = 61108
S_VIEW_WARE_EX = 56709
S_VILLAGE_LIST_TO_TELEPORT = 58981
S_VISIT_NEW_SECTION = 64282
S_VOTE_RESET_ALL_DUNGEON = 35545
S_WEAK_POINT = 26823
S_WHISPER = 62746
