C_ADMIN = 40338
C_ASK_INTERACTIVE = 30613
C_BIND_ITEM_BEGIN_PROGRESS = 52965
C_BIND_ITEM_EXECUTE = 48225
C_BLOCK_USER = 44986
C_CANCEL_CHANGE_USER_APPEARANCE = 20608
C_CANCEL_CONTRACT = 27721
C_CANCEL_SKILL = 27429
C_CAN_LOCKON_TARGET = 54912
C_CHANGE_PARTY_MANAGER = 37325
C_CHANGE_PARTY_MEMBER_AUTHORITY = 42853
C_CHAT = 26199
C_CHECK_VERSION = 19900
C_COMMIT_CHANGE_USER_APPEARANCE = 35421
C_COMPLETE_DAILY_EVENT = 56924
C_COMPLETE_EXTRA_EVENT = 32787
C_CREST_APPLY = 52496
C_CREST_APPLY_LIST = 63314
C_DELETE_FRIEND = 63714
C_DIALOG = 39978
C_END_MOVIE = 45174
C_GACHA_TRY = 32226
C_GET_USER_LIST = 49230
C_INVITE_USER_TO_GUILD = 53076
C_ITEM_COLORING_SET_COLOR = 61749
C_LEAVE_PRIVATE_CHANNEL = 47979
C_LOAD_TOPO_FIN = 44933
C_LOGIN_ARBITER = 32773
C_NOTIFY_LOCATION_IN_ACTION = 22274
C_NOTIFY_LOCATION_IN_DASH = 23951
C_NOTIMELINE_SKILL = 54464
C_NPC_CONTACT = 56954
C_OP_COMMAND = 43644
C_PARTY_APPLICATION_DENIED = 20414
C_PCBANGINVENTORY_USE_SLOT = 27535
C_PLAYER_FLYING_LOCATION = 24257
C_PLAYER_LOCATION = 61790
C_PRESS_SKILL = 59928
C_REGISTER_ENCHANT_ITEM = 53576
C_REGISTER_UPGRADE_ITEM = 36040
C_REMOVE_BLOCKED_USER = 26856
C_REPLY_THROUGH_ARBITER_CONTRACT = 27327
C_REQUEST_CONTRACT = 32298
C_REQUEST_ENCHANT = 62432
C_REQUEST_GAMESTAT_PING = 32332
C_REQUEST_NONDB_ITEM_INFO = 44724
C_REQUEST_PARTY_INFO = 62583
C_REQUEST_PRIVATE_CHANNEL_INFO = 41735
C_REQUEST_UPGRADE = 36810
C_REQUEST_USER_PAPERDOLL_INFO = 37422
C_RESET_ALL_DUNGEON = 46315
C_RETURN_TO_LOBBY = 33541
C_REVIVE_NOW = 50507
C_SAVE_CLIENT_ACCOUNT_SETTING = 43950
C_SAVE_CLIENT_USER_SETTING = 23005
C_SELECT_USER = 36421
C_SET_VISIBLE_RANGE = 28129
C_SHOW_INVEN = 38848
C_SHOW_ITEM_TOOLTIP_EX = 41507
C_SOCIAL = 28415
C_START_COMBO_INSTANT_SKILL = 55830
C_START_ENCHANT = 22063
C_START_INSTANCE_SKILL = 53926
C_START_INSTANCE_SKILL_EX = 30685
C_START_PRODUCE = 34594
C_START_SKILL = 53994
C_START_TARGETED_SKILL = 41210
C_START_UPGRADE = 28174
C_TRADE_BROKER_BUY_IT_NOW = 25033
C_TRADE_BROKER_DEAL_CONFIRM = 23736
C_TRADE_BROKER_REJECT_SUGGEST = 64752
C_TRADE_BROKER_SUGGEST_DEAL = 28464
C_TRADE_BROKER_WAITING_ITEM_LIST_NEW = 43112
C_TRADE_BROKER_WAITING_ITEM_LIST_PAGE = 58855
C_TRY_LOOT_DROPITEM = 22402
C_UNMOUNT_VEHICLE = 63207
C_UNREGISTER_ENCHANT_ITEM = 55988
C_UNREGISTER_UPGRADE_ITEM = 51532
C_USE_ITEM = 56729
C_VISIT_NEW_SECTION = 54573
C_WHISPER = 63392
S_ABNORMALITY_BEGIN = 42675
S_ABNORMALITY_DAMAGE_ABSORB = 46020
S_ABNORMALITY_END = 62297
S_ABNORMALITY_FAIL = 36644
S_ABNORMALITY_REFRESH = 43669
S_ACCEPT_CONTRACT = 41804
S_ACCOMPLISH_ACHIEVEMENT = 52040
S_ACCOUNT_PACKAGE_LIST = 53305
S_ACTION_END = 24181
S_ACTION_STAGE = 36330
S_ADMIN_HOLD_CHARACTER = 40792
S_AERO = 60949
S_AIR_REACTION_END = 42975
S_ANSWER_INTERACTIVE = 59257
S_APPLY_TITLE = 44518
S_AVAILABLE_EVENT_MATCHING_LIST = 38853
S_BAN_PARTY = 54697
S_BAN_PARTY_MEMBER = 27653
S_BATTLE_FIELD_ENTRANCE_INFO = 28353
S_BATTLE_FIELD_POINT_STORE_SELL_LIST = 61115
S_BEGIN_THROUGH_ARBITER_CONTRACT = 23777
S_BOSS_GAGE_INFO = 29067
S_CANCEL_CONTRACT = 53096
S_CANNOT_START_SKILL = 41592
S_CAN_LOCKON_TARGET = 48582
S_CHANGE_DESTPOS_PROJECTILE = 48188
S_CHANGE_PARTY_MANAGER = 55144
S_CHANGE_VOICE_USE_QAC = 42785
S_CHAT = 60292
S_CHECK_TO_READY_PARTY = 54780
S_CHECK_TO_READY_PARTY_FIN = 28329
S_CHECK_VERSION = 19901
S_CLEAR_ALL_HOLDED_ABNORMALITY = 30768
S_COLLECTION_PICKEND = 38986
S_COMPLETE_EVENT_MATCHING_QUEST = 31020
S_CREATURE_CHANGE_HP = 21363
S_CREATURE_LIFE = 61394
S_CREATURE_ROTATE = 45816
S_CREST_APPLY = 48514
S_CREST_INFO = 50888
S_CREST_MESSAGE = 33650
S_CURRENT_CHANNEL = 51274
S_DEAD_LOCATION = 30715
S_DECREASE_COOLTIME_SKILL = 35414
S_DEFEND_SUCCESS = 32221
S_DESPAWN_BONFIRE = 35596
S_DESPAWN_BUILD_OBJECT = 49138
S_DESPAWN_COLLECTION = 63513
S_DESPAWN_DROPITEM = 62747
S_DESPAWN_NPC = 59688
S_DESPAWN_USER = 41229
S_DIALOG = 25516
S_DUNGEON_CAMERA_SET = 35455
S_DUNGEON_COOL_TIME_LIST = 34065
S_DUNGEON_EVENT_MESSAGE = 39714
S_EACH_SKILL_RESULT = 43871
S_ENABLE_DISABLE_SELLABLE_ITEM_LIST = 57709
S_END_CHANGE_USER_APPEARANCE = 59972
S_EXIT = 48903
S_FEARMOVE_END = 36755
S_FEARMOVE_STAGE = 56628
S_FIN_INTER_PARTY_MATCH = 45097
S_FONT_SWAP_INFO = 27156
S_FRIEND_LIST = 24475
S_GACHA_END = 24155
S_GACHA_START = 34785
S_GET_USER_GUILD_LOGO = 30936
S_GET_USER_LIST = 43737
S_GRANT_SKILL = 36636
S_GUILD_NAME = 37985
S_GUILD_STORE_SELL_LIST = 23112
S_GUILD_TOWER_INFO = 47741
S_HOLD_ABNORMALITY_ADD = 49932
S_IMAGE_DATA = 51782
S_INSTANT_DASH = 51680
S_INSTANT_MOVE = 20687
S_INVEN = 30376
S_INVEN_CHANGEDSLOT = 53391
S_ITEM_CUSTOM_STRING = 55696
S_JOIN_PRIVATE_CHANNEL = 26749
S_LEAVE_PARTY = 31225
S_LEAVE_PARTY_MEMBER = 27264
S_LEAVE_PRIVATE_CHANNEL = 58706
S_LOADING_SCREEN_CONTROL_INFO = 64229
S_LOAD_CLIENT_ACCOUNT_SETTING = 50084
S_LOAD_CLIENT_USER_SETTING = 59569
S_LOAD_TOPO = 20911
S_LOGIN = 44039
S_LOGIN_ACCOUNT_INFO = 27742
S_LOGOUT_PARTY_MEMBER = 49866
S_MOUNT_VEHICLE = 26935
S_MOUNT_VEHICLE_EX = 28971
S_NOTIFY_TO_FRIENDS_WALK_INTO_SAME_AREA = 64675
S_NPC_LOCATION = 27990
S_NPC_MENU_SELECT = 21956
S_NPC_OCCUPIER_INFO = 51978
S_NPC_STATUS = 37289
S_NPC_TARGET_USER = 64278
S_OPEN_AWESOMIUM_WEB_URL = 24940
S_OTHER_USER_APPLY_PARTY = 39844
S_PARTY_INFO = 21503
S_PARTY_MATCH_LINK = 34230
S_PARTY_MEMBER_ABNORMAL_ADD = 57692
S_PARTY_MEMBER_ABNORMAL_CLEAR = 55067
S_PARTY_MEMBER_ABNORMAL_DEL = 45355
S_PARTY_MEMBER_ABNORMAL_REFRESH = 63198
S_PARTY_MEMBER_BUFF_UPDATE = 20654
S_PARTY_MEMBER_CHANGE_HP = 22955
S_PARTY_MEMBER_CHANGE_MP = 30901
S_PARTY_MEMBER_INFO = 25657
S_PARTY_MEMBER_INTERVAL_POS_UPDATE = 31758
S_PARTY_MEMBER_LIST = 31245
S_PARTY_MEMBER_STAT_UPDATE = 27203
S_PCBANGINVENTORY_DATALIST = 43022
S_PLAYER_CHANGE_ALL_PROF = 63609
S_PLAYER_CHANGE_EXP = 32147
S_PLAYER_CHANGE_FLIGHT_ENERGY = 51915
S_PLAYER_CHANGE_MP = 46358
S_PLAYER_CHANGE_PROF = 26614
S_PLAYER_CHANGE_STAMINA = 57552
S_PLAYER_STAT_UPDATE = 30703
S_PLAY_MOVIE = 57925
S_POINT_STORE_SELL_LIST = 51981
S_PREPARE_RETURN_TO_LOBBY = 55581
S_PRIVATE_CHAT = 54254
S_PRODUCE_CRITICAL = 44835
S_QUEST_BALLOON = 60296
S_QUEST_INFO = 62425
S_REGISTER_ENCHANT_ITEM = 31657
S_REGISTER_UPGRADE_ITEM = 37115
S_REJECT_CONTRACT = 51808
S_REPLY_REQUEST_CONTRACT = 40403
S_REQUEST_CONTRACT = 38116
S_REQUEST_PRIVATE_CHANNEL_INFO = 62397
S_REQUEST_STYLE_SHOP_MARK_PRODUCTLIST = 60201
S_RESPONSE_GAMESTAT_PONG = 31268
S_RESULT_BIDDING_DICE_THROW = 31393
S_RESULT_ITEM_BIDDING = 47295
S_RETURN_TO_LOBBY = 40682
S_SHOW_AWESOMIUMWEB_SHOP = 27092
S_SHOW_HP = 51876
S_SHOW_PCBANG_ICON = 31787
S_SHOW_PEGASUS_MAP = 50808
S_SKILL_LIST = 40379
S_SOCIAL = 61719
S_SPAWN_BONFIRE = 43618
S_SPAWN_BUILD_OBJECT = 53026
S_SPAWN_COLLECTION = 54949
S_SPAWN_DOOR = 64681
S_SPAWN_DROPITEM = 28709
S_SPAWN_ME = 33662
S_SPAWN_NPC = 28706
S_SPAWN_PROJECTILE = 62889
S_SPAWN_SHUTTLE = 61423
S_SPAWN_USER = 64092
S_SPAWN_WORKOBJECT = 43651
S_START_ACTION_SCRIPT = 39595
S_START_CHANGE_USER_APPEARANCE = 50622
S_START_COOLTIME_ITEM = 55491
S_START_COOLTIME_SKILL = 30249
S_START_PRODUCE = 40721
S_START_USER_PROJECTILE = 49472
S_STORE_SELL_LIST = 39975
S_SUCCESS_COUNTER = 64708
S_SYSTEM_MESSAGE = 57656
S_SYSTEM_MESSAGE_LOOT_ITEM = 53478
S_SYSTEM_MESSAGE_LOOT_SPECIAL_ITEM = 31911
S_TARGET_INFO = 29138
S_TELEPORT_TO_CAMP = 54568
S_TRADE_BROKER_DEAL_INFO_UPDATE = 25859
S_TRADE_BROKER_DEAL_SUGGESTED = 54249
S_TRADE_BROKER_REQUEST_DEAL_RESULT = 57542
S_TRADE_BROKER_SUGGEST_DEAL = 28293
S_TRADE_BROKER_WAITING_ITEM_LIST = 56491
S_UNICAST_TRANSFORM_DATA = 64764
S_UNMOUNT_VEHICLE = 44063
S_UNMOUNT_VEHICLE_EX = 47291
S_UPDATE_ACHIEVEMENT_PROGRESS = 47665
S_UPDATE_FRIEND_INFO = 52730
S_UPDATE_NPCGUILD = 36406
S_UPDATE_PRODUCE = 37494
S_USER_BLOCK_LIST = 40870
S_USER_EFFECT = 48971
S_USER_EXTERNAL_CHANGE = 28436
S_USER_LEVELUP = 46682
S_USER_LOCATION = 53741
S_USER_LOCATION_IN_ACTION = 56485
S_USER_SITUATION = 38940
S_USER_STATUS = 42000
S_VISIT_NEW_SECTION = 20316
S_WEAK_POINT = 54204
S_WHISPER = 33043
