C_ADD_FRIEND = 57066
C_ADD_TELEPORT_TO_POS_LIST = 23231
C_ADMIN = 54012
C_APPLY_PARTY = 51718
C_ASK_INTERACTIVE = 46714
C_BAN_PARTY_MEMBER = 48615
C_BIND_ITEM_BEGIN_PROGRESS = 49992
C_BIND_ITEM_EXECUTE = 55371
C_BLOCK_USER = 38180
C_CANCEL_CHANGE_USER_APPEARANCE = 35629
C_CANCEL_CONTRACT = 43776
C_CANCEL_SKILL = 54803
C_CAN_LOCKON_TARGET = 24936
C_CHANGE_PARTY_MANAGER = 59897
C_CHANGE_PARTY_MEMBER_AUTHORITY = 64789
C_CHAT = 23634
C_CHECK_VERSION = 19900
C_COMMIT_CHANGE_USER_APPEARANCE = 33294
C_COMPLETE_DAILY_EVENT = 65413
C_COMPLETE_EXTRA_EVENT = 60355
C_CREST_APPLY = 20156
C_CREST_APPLY_LIST = 36354
C_DELETE_FRIEND = 41585
C_DELETE_PARCEL = 20671
C_DELETE_TELEPORT_TO_POS_LIST = 33601
C_DEL_ITEM = 52428
C_DIALOG = 33969
C_DISMISS_PARTY = 33629
C_EDIT_BLOCKED_USER_MEMO = 32423
C_END_MOVIE = 23914
C_GACHA_TRY = 32338
C_GET_IN_SHUTTLE = 60469
C_GET_OUT_SHUTTLE = 44416
C_GET_USER_LIST = 49962
C_HIT_USER_PROJECTILE = 33416
C_INVITE_USER_TO_GUILD = 25842
C_ITEM_COLORING_SET_COLOR = 32400
C_LEAVE_PARTY = 42062
C_LEAVE_PRIVATE_CHANNEL = 27620
C_LIST_PARCEL = 51670
C_LOAD_TOPO_FIN = 56116
C_LOGIN_ARBITER = 42903
C_MERGE_ITEM = 27284
C_NOTIFY_LOCATION_IN_ACTION = 36848
C_NOTIFY_LOCATION_IN_DASH = 58195
C_NOTIMELINE_SKILL = 31341
C_NPC_CONTACT = 62793
C_OP_COMMAND = 63156
C_PARTY_APPLICATION_DENIED = 45294
C_PARTY_MARKER = 43793
C_PARTY_MATCH_WINDOW_CLOSED = 49662
C_PCBANGINVENTORY_USE_SLOT = 57577
C_PLAYER_FLYING_LOCATION = 60408
C_PLAYER_LOCATION = 20419
C_PRESS_SKILL = 36927
C_RECV_PARCEL = 21074
C_REGISTER_ENCHANT_ITEM = 55107
C_REGISTER_PARTY_INFO = 35552
C_REGISTER_UPGRADE_ITEM = 40554
C_REMOVE_BLOCKED_USER = 29222
C_REPLY_THROUGH_ARBITER_CONTRACT = 35761
C_REQUEST_CANDIDATE_LIST = 54923
C_REQUEST_CONTRACT = 32675
C_REQUEST_ENCHANT = 49704
C_REQUEST_GAMESTAT_PING = 39273
C_REQUEST_NONDB_ITEM_INFO = 59731
C_REQUEST_PARTY_INFO = 32449
C_REQUEST_PARTY_MATCH_INFO = 42508
C_REQUEST_PARTY_MATCH_INFO_PAGE = 29905
C_REQUEST_PARTY_MATCH_LINK = 29485
C_REQUEST_PRIVATE_CHANNEL_INFO = 37711
C_REQUEST_UPGRADE = 42842
C_REQUEST_USER_PAPERDOLL_INFO = 56190
C_RESET_ALL_DUNGEON = 27011
C_RETURN_TO_LOBBY = 46342
C_REVIVE_NOW = 36365
C_SAVE_CLIENT_ACCOUNT_SETTING = 28217
C_SAVE_CLIENT_USER_SETTING = 42420
C_SECOND_PASSWORD_AUTH = 20322
C_SELECT_USER = 55780
C_SET_VISIBLE_RANGE = 36750
C_SHOW_INVEN = 55169
C_SHOW_ITEM_TOOLTIP_EX = 39873
C_SHOW_PARCEL_MESSAGE = 24249
C_SOCIAL = 36778
C_START_COMBO_INSTANT_SKILL = 46214
C_START_ENCHANT = 28089
C_START_INSTANCE_SKILL = 59215
C_START_INSTANCE_SKILL_EX = 49873
C_START_PRODUCE = 36162
C_START_SKILL = 64047
C_START_TARGETED_SKILL = 31359
C_START_UPGRADE = 42722
C_TELEPORT_TO_POS = 61849
C_TELEPORT_TO_VILLAGE = 64317
C_TRADE_BROKER_BUY_IT_NOW = 26703
C_TRADE_BROKER_DEAL_CONFIRM = 46466
C_TRADE_BROKER_REJECT_SUGGEST = 34464
C_TRADE_BROKER_SUGGEST_DEAL = 38545
C_TRADE_BROKER_WAITING_ITEM_LIST_NEW = 27832
C_TRADE_BROKER_WAITING_ITEM_LIST_PAGE = 51588
C_TRY_LOOT_DROPITEM = 52387
C_UNMOUNT_VEHICLE = 47490
C_UNREGISTER_ENCHANT_ITEM = 62914
C_UNREGISTER_PARTY_INFO = 59518
C_UNREGISTER_UPGRADE_ITEM = 61685
C_USE_ITEM = 48585
C_VIEW_WARE = 62449
C_VISIT_NEW_SECTION = 20187
C_WHISPER = 63408
S_ABNORMALITY_BEGIN = 45793
S_ABNORMALITY_DAMAGE_ABSORB = 65272
S_ABNORMALITY_END = 43265
S_ABNORMALITY_FAIL = 56645
S_ABNORMALITY_REFRESH = 29625
S_ACCEPT_CONTRACT = 37450
S_ACCOMPLISH_ACHIEVEMENT = 29044
S_ACCOUNT_PACKAGE_LIST = 34692
S_ACTION_END = 47595
S_ACTION_STAGE = 25139
S_ADD_BLOCKED_USER = 20111
S_ADD_INTER_PARTY_MATCH_POOL = 20024
S_ADMIN_HOLD_CHARACTER = 61644
S_AERO = 51634
S_AIR_REACTION_END = 56600
S_ANSWER_INTERACTIVE = 36901
S_APPLY_TITLE = 59040
S_AVAILABLE_EVENT_MATCHING_LIST = 33687
S_BAN_PARTY = 27256
S_BAN_PARTY_MEMBER = 50494
S_BATTLE_FIELD_ENTRANCE_INFO = 24937
S_BATTLE_FIELD_POINT_STORE_SELL_LIST = 24569
S_BEGIN_THROUGH_ARBITER_CONTRACT = 20534
S_BOSS_GAGE_INFO = 26442
S_CANCEL_CONTRACT = 60953
S_CANNOT_START_SKILL = 47867
S_CAN_LOCKON_TARGET = 62928
S_CHANGE_DESTPOS_PROJECTILE = 32940
S_CHANGE_EVENT_MATCHING_STATE = 20271
S_CHANGE_PARTY_MANAGER = 51004
S_CHANGE_VOICE_USE_QAC = 52981
S_CHAT = 51711
S_CHECK_TO_READY_PARTY = 22429
S_CHECK_TO_READY_PARTY_FIN = 48984
S_CHECK_VERSION = 19901
S_CLEAR_ALL_HOLDED_ABNORMALITY = 33987
S_COLLECTION_PICKEND = 52651
S_COMPLETE_EVENT_MATCHING_QUEST = 37857
S_CONNECT_SKILL_ARROW = 24054
S_CREATURE_CHANGE_HP = 53156
S_CREATURE_LIFE = 44180
S_CREATURE_ROTATE = 38046
S_CREST_APPLY = 23468
S_CREST_INFO = 58859
S_CREST_MESSAGE = 44335
S_CURRENT_CHANNEL = 56257
S_DEAD_LOCATION = 26249
S_DECREASE_COOLTIME_SKILL = 47987
S_DEFEND_SUCCESS = 46295
S_DESPAWN_BONFIRE = 59444
S_DESPAWN_BUILD_OBJECT = 37807
S_DESPAWN_COLLECTION = 47458
S_DESPAWN_DROPITEM = 42658
S_DESPAWN_NPC = 49917
S_DESPAWN_PROJECTILE = 20435
S_DESPAWN_SHUTTLE = 43451
S_DESPAWN_USER = 64255
S_DIALOG = 21806
S_DUNGEON_CAMERA_SET = 53588
S_DUNGEON_CLEAR_COUNT_LIST = 32875
S_DUNGEON_COOL_TIME_LIST = 46955
S_DUNGEON_EVENT_MESSAGE = 62113
S_EACH_SKILL_RESULT = 49988
S_ENABLE_DISABLE_SELLABLE_ITEM_LIST = 48675
S_END_CHANGE_USER_APPEARANCE = 38212
S_END_USER_PROJECTILE = 34509
S_EXIT = 25531
S_FEARMOVE_END = 26151
S_FEARMOVE_STAGE = 56156
S_FIELD_POINT_INFO = 35352
S_FIN_INTER_PARTY_MATCH = 49810
S_FONT_SWAP_INFO = 59357
S_FRIEND_LIST = 56579
S_GACHA_END = 21942
S_GACHA_START = 54043
S_GET_IN_SHUTTLE = 42585
S_GET_OUT_SHUTTLE = 36150
S_GET_USER_GUILD_LOGO = 57051
S_GET_USER_LIST = 50856
S_GRANT_SKILL = 35943
S_GROUP_NPC_LOCATION = 25534
S_GUILD_NAME = 34038
S_GUILD_STORE_SELL_LIST = 64257
S_GUILD_TOWER_INFO = 27557
S_HOLD_ABNORMALITY_ADD = 40493
S_IMAGE_DATA = 30751
S_INSTANT_DASH = 60379
S_INSTANT_MOVE = 32408
S_INVEN = 61831
S_INVEN_CHANGEDSLOT = 55846
S_ITEM_COLORING_BAG = 46973
S_ITEM_CUSTOM_STRING = 35626
S_JOIN_PRIVATE_CHANNEL = 48258
S_LEAVE_PARTY = 28640
S_LEAVE_PARTY_MEMBER = 23079
S_LEAVE_PRIVATE_CHANNEL = 63552
S_LIST_PARCEL_EX = 30154
S_LOADING_SCREEN_CONTROL_INFO = 58334
S_LOAD_CLIENT_ACCOUNT_SETTING = 58116
S_LOAD_CLIENT_USER_SETTING = 38582
S_LOAD_TELEPORT_TO_POS_LIST = 51468
S_LOAD_TOPO = 41565
S_LOGIN = 30419
S_LOGIN_ACCOUNT_INFO = 21230
S_LOGOUT_PARTY_MEMBER = 47268
S_MOUNT_VEHICLE = 28687
S_MOUNT_VEHICLE_EX = 53083
S_MOVE_SHUTTLE = 48121
S_NOTIFY_TO_FRIENDS_WALK_INTO_SAME_AREA = 26995
S_NPC_LOCATION = 58870
S_NPC_MENU_SELECT = 46441
S_NPC_OCCUPIER_INFO = 29869
S_NPC_STATUS = 65513
S_NPC_TARGET_USER = 51879
S_OPEN_AWESOMIUM_WEB_URL = 32133
S_OTHER_USER_APPLY_PARTY = 43090
S_PARCEL_READ_RECV_STATUS = 47753
S_PARTY_INFO = 53567
S_PARTY_MARKER = 23898
S_PARTY_MATCH_LINK = 39341
S_PARTY_MEMBER_ABNORMAL_ADD = 25268
S_PARTY_MEMBER_ABNORMAL_CLEAR = 32375
S_PARTY_MEMBER_ABNORMAL_DEL = 62956
S_PARTY_MEMBER_ABNORMAL_REFRESH = 53159
S_PARTY_MEMBER_BUFF_UPDATE = 23576
S_PARTY_MEMBER_CHANGE_HP = 32632
S_PARTY_MEMBER_CHANGE_MP = 52729
S_PARTY_MEMBER_INFO = 22492
S_PARTY_MEMBER_INTERVAL_POS_UPDATE = 62994
S_PARTY_MEMBER_LIST = 41336
S_PARTY_MEMBER_STAT_UPDATE = 65196
S_PCBANGINVENTORY_DATALIST = 29021
S_PLAYER_CHANGE_ALL_PROF = 54985
S_PLAYER_CHANGE_EXP = 65417
S_PLAYER_CHANGE_FLIGHT_ENERGY = 59777
S_PLAYER_CHANGE_MP = 27215
S_PLAYER_CHANGE_PROF = 39049
S_PLAYER_CHANGE_STAMINA = 30786
S_PLAYER_STAT_UPDATE = 21142
S_PLAY_MOVIE = 31050
S_POINT_STORE_SELL_LIST = 52341
S_PREPARE_EXIT = 59076
S_PREPARE_RETURN_TO_LOBBY = 33720
S_PRIVATE_CHAT = 45868
S_PRODUCE_CRITICAL = 51437
S_QUEST_BALLOON = 53482
S_QUEST_INFO = 64619
S_RECV_PARCEL = 35690
S_REGISTER_ENCHANT_ITEM = 65081
S_REGISTER_UPGRADE_ITEM = 26281
S_REJECT_CONTRACT = 26295
S_REMOVE_BLOCKED_USER = 49443
S_REPLY_NONDB_ITEM_INFO = 65202
S_REPLY_REQUEST_CONTRACT = 31288
S_REQUEST_CONTRACT = 52590
S_REQUEST_PRIVATE_CHANNEL_INFO = 50345
S_REQUEST_SECOND_PASSWORD_AUTH = 23856
S_REQUEST_STYLE_SHOP_MARK_PRODUCTLIST = 52823
S_RESPONSE_GAMESTAT_PONG = 37251
S_RESULT_BIDDING_DICE_THROW = 44009
S_RESULT_ITEM_BIDDING = 51656
S_RETURN_TO_LOBBY = 63036
S_SHORTCUT_CHANGE = 45804
S_SHOW_AWESOMIUMWEB_SHOP = 23277
S_SHOW_CANDIDATE_LIST = 28597
S_SHOW_HP = 54507
S_SHOW_ITEM_TOOLTIP = 24760
S_SHOW_PARTY_MATCH_INFO = 46722
S_SHOW_PCBANG_ICON = 55795
S_SHOW_PEGASUS_MAP = 37166
S_SKILL_LIST = 41212
S_SOCIAL = 21063
S_SPAWN_BONFIRE = 45670
S_SPAWN_BUILD_OBJECT = 29768
S_SPAWN_COLLECTION = 62561
S_SPAWN_DOOR = 27766
S_SPAWN_DROPITEM = 39193
S_SPAWN_ME = 33092
S_SPAWN_NPC = 25927
S_SPAWN_PROJECTILE = 46096
S_SPAWN_SHUTTLE = 23257
S_SPAWN_USER = 22642
S_SPAWN_WORKOBJECT = 63892
S_START_ACTION_SCRIPT = 38855
S_START_CHANGE_USER_APPEARANCE = 32039
S_START_CLIENT_CUSTOM_SKILL = 30516
S_START_COOLTIME_ITEM = 56792
S_START_COOLTIME_SKILL = 28229
S_START_PRODUCE = 57920
S_START_USER_PROJECTILE = 54830
S_STORE_SELL_LIST = 59493
S_SUCCESS_COUNTER = 21086
S_SYSTEM_MESSAGE = 55130
S_SYSTEM_MESSAGE_LOOT_ITEM = 48032
S_SYSTEM_MESSAGE_LOOT_SPECIAL_ITEM = 51735
S_TARGET_INFO = 35033
S_TELEPORT_TO_CAMP = 64818
S_TRADE_BROKER_DEAL_INFO_UPDATE = 61759
S_TRADE_BROKER_DEAL_SUGGESTED = 24089
S_TRADE_BROKER_REQUEST_DEAL_RESULT = 45299
S_TRADE_BROKER_SUGGEST_DEAL = 29824
S_TRADE_BROKER_WAITING_ITEM_LIST = 41432
S_UNICAST_TRANSFORM_DATA = 49845
S_UNMOUNT_VEHICLE = 33743
S_UNMOUNT_VEHICLE_EX = 20884
S_UPDATE_ACHIEVEMENT_PROGRESS = 54032
S_UPDATE_FRIEND_INFO = 46139
S_UPDATE_NPCGUILD = 52815
S_UPDATE_PRODUCE = 42448
S_USER_BLOCK_LIST = 60372
S_USER_CHANGE_NAME = 48400
S_USER_EFFECT = 36262
S_USER_EXTERNAL_CHANGE = 59999
S_USER_LEVELUP = 39492
S_USER_LOCATION = 56032
S_USER_LOCATION_IN_ACTION = 40820
S_USER_MOVETYPE = 36125
S_USER_PAPERDOLL_INFO = 59917
S_USER_SITUATION = 21966
S_USER_STATUS = 26960
S_USER_WEAPON_APPEARANCE_CHANGE = 22627
S_VIEW_WARE_EX = 32101
S_VILLAGE_LIST_TO_TELEPORT = 27472
S_VISIT_NEW_SECTION = 40788
S_WEAK_POINT = 53376
S_WHISPER = 55569
