C_ADD_FRIEND 51936
C_ADD_TELEPORT_TO_POS_LIST 33884
C_ADMIN 32684
C_APPLY_PARTY 25864
C_ASK_INTERACTIVE 22739
C_BAN_PARTY_MEMBER 57707
C_BIND_ITEM_BEGIN_PROGRESS 62935
C_BIND_ITEM_EXECUTE 31455
C_BLOCK_USER 36747
C_CANCEL_CHANGE_USER_APPEARANCE 25117
C_CANCEL_CONTRACT 63851
C_CANCEL_SKILL 46819
C_CAN_LOCKON_TARGET 44583
C_CHANGE_PARTY_MANAGER 21432
C_CHANGE_PARTY_MEMBER_AUTHORITY 48483
C_CHAT 24140
C_CHECK_VERSION 19900
C_COMMIT_CHANGE_USER_APPEARANCE 53751
C_COMPLETE_DAILY_EVENT 58358
C_COMPLETE_EXTRA_EVENT 59196
C_CONFIRM_UPDATE_NOTIFICATION 26629
C_CREST_APPLY 21802
C_CREST_APPLY_LIST 44275
C_DELETE_FRIEND 56684
C_DELETE_TELEPORT_TO_POS_LIST 22540
C_DEL_ITEM 58991
C_DIALOG 24473
C_DISMISS_PARTY 56806
C_EDIT_BLOCKED_USER_MEMO 42277
C_END_CLIMBING 38050
C_END_MOVIE 33795
C_GACHA_TRY 64140
C_GET_IN_SHUTTLE 26060
C_GET_OUT_SHUTTLE 47574
C_GET_USER_LIST 47391
C_HIT_USER_PROJECTILE 62580
C_INVITE_USER_TO_GUILD 32202
C_ITEM_COLORING_SET_COLOR 58068
C_LEAVE_PARTY 44639
C_LEAVE_PRIVATE_CHANNEL 35483
C_LOAD_TOPO_FIN 24458
C_LOGIN_ARBITER 47290
C_MERGE_ITEM 53756
C_MERGE_ITEM_EXECUTE 21793
C_NOTIFY_LOCATION_IN_ACTION 37711
C_NOTIFY_LOCATION_IN_DASH 61291
C_NOTIMELINE_SKILL 60962
C_NPC_CONTACT 25626
C_OP_COMMAND 40067
C_PARTY_APPLICATION_DENIED 50026
C_PARTY_MARKER 54195
C_PARTY_MATCH_WINDOW_CLOSED 29735
C_PLAYER_FLYING_LOCATION 30939
C_PLAYER_LOCATION 56169
C_PRESS_SKILL 38016
C_REGISTER_ENCHANT_ITEM 41798
C_REGISTER_EVOLUTION_ITEM 58405
C_REGISTER_PARTY_INFO 49648
C_REMOVE_BLOCKED_USER 51750
C_REPLY_THROUGH_ARBITER_CONTRACT 33394
C_REQUEST_CANDIDATE_LIST 50383
C_REQUEST_CONTRACT 20154
C_REQUEST_ENCHANT 32022
C_REQUEST_EVOLUTION 50769
C_REQUEST_GAMESTAT_PING 57248
C_REQUEST_NONDB_ITEM_INFO 56180
C_REQUEST_PARTY_INFO 64200
C_REQUEST_PARTY_MATCH_INFO 42422
C_REQUEST_PARTY_MATCH_INFO_PAGE 53753
C_REQUEST_PARTY_MATCH_LINK 29153
C_REQUEST_PRIVATE_CHANNEL_INFO 54091
C_REQUEST_USER_PAPERDOLL_INFO 28839
C_REQUEST_USER_PAPERDOLL_INFO_WITH_GAMEID 42263
C_RESET_ALL_DUNGEON 47478
C_RETURN_TO_LOBBY 53328
C_REVIVE_NOW 31550
C_RQ_COMMIT_DECOMPOSITION_CONTRACT 52907
C_RQ_START_SOCIAL_ON_PROGRESS_DECOMPOSITION 41840
C_SAVE_CLIENT_ACCOUNT_SETTING 30514
C_SAVE_CLIENT_USER_SETTING 42315
C_SECOND_PASSWORD_AUTH 36798
C_SELECT_USER 47225
C_SET_VISIBLE_RANGE 56100
C_SHOW_ITEMLIST 28636
C_SHOW_ITEM_TOOLTIP_EX 33586
C_SOCIAL 51290
C_START_COMBO_INSTANT_SKILL 31611
C_START_ENCHANT 49354
C_START_EVOLUTION 46561
C_START_INSTANCE_SKILL 32767
C_START_INSTANCE_SKILL_EX 51363
C_START_PRODUCE 43054
C_START_SKILL 56508
C_START_TARGETED_SKILL 55973
C_TELEPORT_TO_POS 51963
C_TELEPORT_TO_VILLAGE 21077
C_TRADE_BROKER_BUY_IT_NOW 26020
C_TRADE_BROKER_DEAL_CONFIRM 57448
C_TRADE_BROKER_REJECT_SUGGEST 34509
C_TRADE_BROKER_SUGGEST_DEAL 44472
C_TRADE_BROKER_WAITING_ITEM_LIST_NEW 48268
C_TRADE_BROKER_WAITING_ITEM_LIST_PAGE 21384
C_TRY_LOOT_DROPITEM 24926
C_UNMOUNT_VEHICLE 40755
C_UNREGISTER_ENCHANT_ITEM 37039
C_UNREGISTER_EVOLUTION_ITEM 44813
C_UNREGISTER_PARTY_INFO 57891
C_UPDATE_REACTION_POS 32562
C_USE_ITEM 23266
C_USE_PREMIUM_SLOT 53234
C_VIEW_WARE 44822
C_VISIT_NEW_SECTION 26552
C_WHISPER 33529
S_ABNORMALITY_BEGIN 44643
S_ABNORMALITY_DAMAGE_ABSORB 58551
S_ABNORMALITY_END 20638
S_ABNORMALITY_FAIL 21554
S_ABNORMALITY_REFRESH 51076
S_ABNORMALITY_RESIST 34424
S_ABNORMALITY_SCALE_UP 25828
S_ACCEPT_CONTRACT 45763
S_ACCOMPLISH_ACHIEVEMENT 34749
S_ACCOUNT_PACKAGE_LIST 33004
S_ACTION_END 21253
S_ACTION_STAGE 40160
S_ADD_BLOCKED_USER 31723
S_ADD_INTER_PARTY_MATCH_POOL 64584
S_ADMIN_HOLD_CHARACTER 61470
S_AERO 29042
S_AIR_REACTION_END 57400
S_ANNOUNCE_UPDATE_NOTIFICATION 35177
S_ANSWER_INTERACTIVE 55875
S_APPLY_TITLE 57586
S_ASK_BIDDING_RARE_ITEM 46353
S_ASK_TELEPORT 50013
S_AVAILABLE_EVENT_MATCHING_LIST 31312
S_AVAILABLE_SOCIAL_LIST 28203
S_BAN_PARTY 64157
S_BAN_PARTY_MEMBER 37461
S_BATTLE_FIELD_ENTRANCE_INFO 53540
S_BATTLE_FIELD_POINT_STORE_SELL_LIST 23411
S_BEGIN_THROUGH_ARBITER_CONTRACT 52279
S_BOSS_GAGE_INFO 41161
S_BROADCAST_FLOATING_CASTLE_INFO 22274
S_BROADCAST_FLOATING_CASTLE_NAMEPLATE 23471
S_CANCEL_CONTRACT 56662
S_CANNOT_START_SKILL 41844
S_CAN_LOCKON_TARGET 23964
S_CHANGE_DESTPOS_PROJECTILE 37454
S_CHANGE_EP_EXP_DAILY_LIMIT 20363
S_CHANGE_EP_POINT 48702
S_CHANGE_EVENT_MATCHING_STATE 54412
S_CHANGE_FRIEND_STATE 59828
S_CHANGE_GUILD_CHIEF 63867
S_CHANGE_PARTY_MANAGER 44761
S_CHANGE_VOICE_USE_QAC 47607
S_CHAT 27504
S_CHECK_TO_READY_PARTY 44908
S_CHECK_TO_READY_PARTY_FIN 42880
S_CHECK_VERSION 19901
S_CLEAR_ALL_HOLDED_ABNORMALITY 27840
S_COLLECTION_PICKEND 60075
S_COLLECTION_PICKSTART 43070
S_COMPLETE_EVENT_MATCHING_QUEST 49744
S_CONNECT_SKILL_ARROW 44312
S_CREATURE_CHANGE_HP 64042
S_CREATURE_LIFE 57016
S_CREATURE_ROTATE 53573
S_CREST_APPLY 59387
S_CREST_INFO 47240
S_CREST_MESSAGE 43191
S_CURRENT_CHANNEL 22764
S_CUSTOM_STYLE_SYSTEM_MESSAGE 24451
S_DEAD_LOCATION 40899
S_DECREASE_COOLTIME_SKILL 27341
S_DEFEND_SUCCESS 55647
S_DELETE_FRIEND 49917
S_DESPAWN_BONFIRE 52962
S_DESPAWN_BUILD_OBJECT 52330
S_DESPAWN_COLLECTION 50722
S_DESPAWN_DROPITEM 22148
S_DESPAWN_EVENT_SEED 34034
S_DESPAWN_NPC 37385
S_DESPAWN_PROJECTILE 41203
S_DESPAWN_SHUTTLE 47831
S_DESPAWN_USER 48429
S_DESTROY_GUILD_TOWER 41661
S_DIALOG 26919
S_DUNGEON_CAMERA_SET 47979
S_DUNGEON_CLEAR_COUNT_LIST 57363
S_DUNGEON_COOL_TIME_LIST 53205
S_DUNGEON_EVENT_MESSAGE 21763
S_EACH_SKILL_RESULT 60309
S_ENABLE_DISABLE_SELLABLE_ITEM_LIST 40468
S_END_CHANGE_USER_APPEARANCE 63464
S_END_PRODUCE 49143
S_END_USER_PROJECTILE 48108
S_EP_SYSTEM_DAILY_EVENT_EXP_ON_OFF 32996
S_EXIT 28550
S_F2P_PremiumUser_Permission 42910
S_FACIAL_ATTACHMENT_BROADCAST 61565
S_FEARMOVE_END 32916
S_FEARMOVE_STAGE 57338
S_FIELD_EVENT_ON_ENTER 53620
S_FIELD_EVENT_ON_LEAVE 28897
S_FIELD_POINT_INFO 41773
S_FIN_INTER_PARTY_MATCH 56831
S_FIX_VEHICLE_PROGRESS 56049
S_FONT_SWAP_INFO 37162
S_FRIEND_LIST 58967
S_GACHA_END 21391
S_GACHA_START 34331
S_GET_IN_SHUTTLE 22690
S_GET_OUT_SHUTTLE 24235
S_GET_USER_GUILD_LOGO 50125
S_GET_USER_LIST 20978
S_GMEVENT_GUIDE_MESSAGE 42716
S_GMEVENT_OX_QUIZ_OPEN 44526
S_GMEVENT_OX_QUIZ_RESULT 38911
S_GMEVENT_RECV_REWARD 26605
S_GRANT_SKILL 63849
S_GROUP_NPC_LOCATION 32823
S_GUILD_MEMBER_LIST 45990
S_GUILD_NAME 49191
S_GUILD_STORE_SELL_LIST 37202
S_GUILD_TOWER_INFO 45838
S_HIT_COMBO 50408
S_HOLD_ABNORMALITY_ADD 25470
S_IMAGE_DATA 24682
S_INSTANCE_ARROW 65217
S_INSTANT_DASH 65395
S_INSTANT_MOVE 54791
S_INVEN_CHANGEDSLOT 26041
S_INVEN_USERDATA 63197
S_ITEMLIST 56895
S_ITEM_COLORING_BAG 60933
S_ITEM_CUSTOM_STRING 28860
S_ITEM_EXPLOSION_RESULT 37409
S_JOIN_PRIVATE_CHANNEL 21791
S_LEARN_EP_PERK 40177
S_LEAVE_GUILD 36411
S_LEAVE_PARTY 27738
S_LEAVE_PARTY_MEMBER 50266
S_LEAVE_PRIVATE_CHANNEL 23359
S_LOADING_SCREEN_CONTROL_INFO 50391
S_LOAD_ACHIEVEMENT_LIST 29032
S_LOAD_CLIENT_ACCOUNT_SETTING 26436
S_LOAD_CLIENT_USER_SETTING 26661
S_LOAD_DUNGEON_SOUND_HINT 31585
S_LOAD_EP_INFO 53167
S_LOAD_TELEPORT_TO_POS_LIST 39536
S_LOAD_TOPO 55028
S_LOCKON_YOU 48289
S_LOGIN 47087
S_LOGIN_ACCOUNT_INFO 25373
S_LOGOUT_PARTY_MEMBER 61247
S_MOUNT_VEHICLE 36584
S_MOUNT_VEHICLE_EX 62034
S_MOVE_SHUTTLE 39320
S_MUTE 51066
S_NOCTAN_VARIATION_INFO 62382
S_NOTIFY_GUILD_QUEST_URGENT 23663
S_NOTIFY_TO_FRIENDS_WALK_INTO_SAME_AREA 34376
S_NPCGUILD_LIST 62920
S_NPC_CHANGE_MESH 25826
S_NPC_LOCATION 53627
S_NPC_MENU_SELECT 39501
S_NPC_OCCUPIER_INFO 62991
S_NPC_STATUS 56117
S_NPC_TARGET_USER 46098
S_OPEN_AWESOMIUM_WEB_URL 64609
S_OTHER_USER_APPLY_PARTY 29520
S_PARTY_INFO 60593
S_PARTY_MARKER 58435
S_PARTY_MATCH_LINK 29713
S_PARTY_MEMBER_ABNORMAL_ADD 38818
S_PARTY_MEMBER_ABNORMAL_CLEAR 26002
S_PARTY_MEMBER_ABNORMAL_DEL 40663
S_PARTY_MEMBER_ABNORMAL_REFRESH 34541
S_PARTY_MEMBER_BUFF_UPDATE 47557
S_PARTY_MEMBER_CHANGE_HP 30500
S_PARTY_MEMBER_CHANGE_MP 22592
S_PARTY_MEMBER_INFO 60416
S_PARTY_MEMBER_INTERVAL_POS_UPDATE 44589
S_PARTY_MEMBER_LIST 56795
S_PARTY_MEMBER_QUEST_DATA 52593
S_PARTY_MEMBER_STAT_UPDATE 26753
S_PLAYER_CHANGE_ALL_PROF 40415
S_PLAYER_CHANGE_EP 40942
S_PLAYER_CHANGE_EXP 29770
S_PLAYER_CHANGE_FLIGHT_ENERGY 61199
S_PLAYER_CHANGE_MP 30759
S_PLAYER_CHANGE_PROF 42118
S_PLAYER_CHANGE_STAMINA 33532
S_PLAYER_RESET_EP 42760
S_PLAYER_STAT_UPDATE 24408
S_PLAY_ANIMATION 38332
S_PLAY_EFFECT 41942
S_PLAY_MOVIE 44053
S_PLAY_SOUND 55677
S_POINT_STORE_SELL_LIST 65177
S_PREMIUM_SLOT_DATALIST 33360
S_PREMIUM_SLOT_OFF 40043
S_PREPARE_EXIT 54125
S_PREPARE_RETURN_TO_LOBBY 58322
S_PREVIEW_ITEM 21250
S_PRIVATE_CHANNEL_NOTICE 47632
S_PRIVATE_CHAT 64598
S_PRODUCE_CRITICAL 60014
S_QUEST_BALLOON 47948
S_QUEST_INFO 45556
S_QUEST_VILLAGER_INFO 49082
S_REGISTER_ENCHANT_ITEM 20574
S_REGISTER_EVOLUTION_ITEM 48114
S_REJECT_CONTRACT 45183
S_REMOVE_BLOCKED_USER 29543
S_REMOVE_EFFECT 50770
S_REPLY_CLIENT_CHAT_OPTION_SETTING 24354
S_REPLY_NONDB_ITEM_INFO 63265
S_REPLY_REQUEST_CONTRACT 24628
S_REQUEST_CITY_WAR_MAP_INFO 48059
S_REQUEST_CITY_WAR_MAP_INFO_DETAIL 33926
S_REQUEST_CITY_WAR_MAP_INFO_END 26817
S_REQUEST_CONTRACT 35854
S_REQUEST_DESPAWN_SERVANT 32563
S_REQUEST_PRIVATE_CHANNEL_INFO 32468
S_REQUEST_REACTION_POS_TICK 50291
S_REQUEST_SECOND_PASSWORD_AUTH 37799
S_REQUEST_SERVANT_INFO_LIST 60064
S_REQUEST_SPAWN_SERVANT 48283
S_REQUEST_STYLE_SHOP_MARK_PRODUCTLIST 21978
S_RESET_EP_PERK 51926
S_RESPONSE_GAMESTAT_PONG 54577
S_RESULT_BIDDING_DICE_THROW 55593
S_RESULT_EVENT_SEED 48249
S_RESULT_ITEM_BIDDING 24209
S_RETURN_TO_LOBBY 26560
S_RP_SKILL_POLISHING_LIST 46107
S_SHORTCUT_CHANGE 26130
S_SHOW_AWESOMIUMWEB_SHOP 45523
S_SHOW_CANDIDATE_LIST 63298
S_SHOW_HP 24627
S_SHOW_ITEM_TOOLTIP 47174
S_SHOW_PARTY_MATCH_INFO 38805
S_SHOW_PEGASUS_MAP 24263
S_SHOW_USER_EP_INFO 48927
S_SKILL_ATTENTION_TARGET 63798
S_SKILL_CATEGORY 29288
S_SKILL_LIST 35434
S_SOCIAL 35756
S_SPAWN_BONFIRE 48248
S_SPAWN_BUILD_OBJECT 22049
S_SPAWN_COLLECTION 30984
S_SPAWN_DOOR 32362
S_SPAWN_DROPITEM 39912
S_SPAWN_EVENT_SEED 26798
S_SPAWN_ME 23911
S_SPAWN_NPC 33978
S_SPAWN_PROJECTILE 30619
S_SPAWN_SHUTTLE 42109
S_SPAWN_USER 51364
S_SPAWN_WORKOBJECT 43184
S_START_ACTION_SCRIPT 23972
S_START_CHANGE_USER_APPEARANCE 43753
S_START_CLIENT_CUSTOM_SKILL 47601
S_START_CLIMBING 37613
S_START_COOLTIME_ITEM 38786
S_START_COOLTIME_SKILL 30670
S_START_INVERSE_CAPTURE 34606
S_START_PRODUCE 29511
S_START_USER_PROJECTILE 45590
S_STICK_TO_USER_END 39709
S_STICK_TO_USER_START 35646
S_STORE_SELL_LIST 38388
S_SUCCESS_COUNTER 45305
S_SYSTEM_MESSAGE 43794
S_SYSTEM_MESSAGE_LOOT_ITEM 44369
S_SYSTEM_MESSAGE_LOOT_SPECIAL_ITEM 30569
S_TARGET_INFO 20815
S_TELEPORT_TO_CAMP 45737
S_TRADE_BROKER_DEAL_INFO_UPDATE 65324
S_TRADE_BROKER_DEAL_SUGGESTED 33917
S_TRADE_BROKER_HISTORY_ITEM_LIST 55596
S_TRADE_BROKER_REQUEST_DEAL_RESULT 59737
S_TRADE_BROKER_SUGGEST_DEAL 27447
S_TRADE_BROKER_WAITING_ITEM_LIST 35936
S_UNICAST_FLOATING_CASTLE_INFO 30688
S_UNICAST_FLOATING_CASTLE_NAMEPLATE 39457
S_UNICAST_TRANSFORM_DATA 65100
S_UNMOUNT_VEHICLE 50844
S_UNMOUNT_VEHICLE_EX 51952
S_UPDATE_ACHIEVEMENT_PROGRESS 53927
S_UPDATE_EVENT_SEED_STATE 52308
S_UPDATE_FRIEND_INFO 33002
S_UPDATE_NPCGUILD 36514
S_USER_APPEARANCE_CHANGE 28422
S_USER_BLOCK_LIST 27318
S_USER_CHANGE_FACE_CUSTOM 24249
S_USER_CHANGE_NAME 45190
S_USER_DEATH 30934
S_USER_EFFECT 62578
S_USER_EXTERNAL_CHANGE 65065
S_USER_LEVELUP 60839
S_USER_LOCATION 34058
S_USER_LOCATION_IN_ACTION 39633
S_USER_MOVETYPE 63704
S_USER_PAPERDOLL_INFO 46099
S_USER_SITUATION 65249
S_USER_STATUS 27307
S_USER_WEAPON_APPEARANCE_CHANGE 52337
S_VIEW_PARTY_INVITE 48417
S_VIEW_WARE_EX 62022
S_VILLAGE_LIST_TO_TELEPORT 58474
S_VISIT_NEW_SECTION 62205
S_VOTE_RESET_ALL_DUNGEON 33610
S_WEAK_POINT 42806
S_WHISPER 50201