C_ADD_FRIEND 51405
C_ADMIN 24622
C_APPLY_PARTY 47908
C_ASK_INTERACTIVE 47110
C_BAN_PARTY_MEMBER 33063
C_BIND_ITEM_BEGIN_PROGRESS 23365
C_BIND_ITEM_EXECUTE 43994
C_BLOCK_USER 49827
C_CANCEL_CHANGE_USER_APPEARANCE 27654
C_CANCEL_CONTRACT 21763
C_CANCEL_SKILL 31925
C_CAN_LOCKON_TARGET 25954
C_CHANGE_PARTY_MANAGER 46849
C_CHANGE_PARTY_MEMBER_AUTHORITY 21253
C_CHAT 20480
C_CHECK_VERSION 19900
C_COMMIT_CHANGE_USER_APPEARANCE 41077
C_COMPLETE_DAILY_EVENT 27555
C_COMPLETE_EXTRA_EVENT 48302
C_CONFIRM_UPDATE_NOTIFICATION 55354
C_CREST_APPLY 60947
C_CREST_APPLY_LIST 62952
C_DELETE_FRIEND 52829
C_DEL_ITEM 64866
C_DIALOG 37708
C_DISMISS_PARTY 34740
C_END_CLIMBING 24848
C_END_MOVIE 64363
C_GACHA_CANCEL 23152
C_GACHA_TRY 47372
C_GET_IN_SHUTTLE 50700
C_GET_OUT_SHUTTLE 44971
C_GET_USER_LIST 62970
C_HIT_USER_PROJECTILE 33418
C_INVITE_USER_TO_GUILD 47329
C_ITEM_COLORING_SET_COLOR 45609
C_LEAVE_PARTY 50739
C_LEAVE_PRIVATE_CHANNEL 29774
C_LOAD_TOPO_FIN 56136
C_LOGIN_ARBITER 47261
C_MERGE_ITEM 25368
C_MERGE_ITEM_EXECUTE 31466
C_NOTIFY_LOCATION_IN_ACTION 54372
C_NOTIFY_LOCATION_IN_DASH 54802
C_NOTIMELINE_SKILL 42759
C_NPC_CONTACT 41937
C_OP_COMMAND 26775
C_PARTY_APPLICATION_DENIED 57661
C_PARTY_MARKER 37102
C_PARTY_MATCH_WINDOW_CLOSED 55261
C_PLAYER_FLYING_LOCATION 28848
C_PLAYER_LOCATION 33242
C_PRESS_SKILL 32174
C_PUT_WARE_ITEM 52138
C_REGISTER_ENCHANT_ITEM 25376
C_REGISTER_EVOLUTION_ITEM 40995
C_REGISTER_PARTY_INFO 24103
C_REMOVE_BLOCKED_USER 53335
C_REPLY_THROUGH_ARBITER_CONTRACT 20132
C_REQUEST_ABNORMALITY_TOOLTIP_VALUE 54018
C_REQUEST_CANDIDATE_LIST 57251
C_REQUEST_CONTRACT 64986
C_REQUEST_ENCHANT 45621
C_REQUEST_EVOLUTION 45182
C_REQUEST_GAMESTAT_PING 37970
C_REQUEST_NONDB_ITEM_INFO 63680
C_REQUEST_PARTY_INFO 37328
C_REQUEST_PARTY_MATCH_INFO 62336
C_REQUEST_PARTY_MATCH_INFO_PAGE 22731
C_REQUEST_PARTY_MATCH_LINK 26278
C_REQUEST_PRIVATE_CHANNEL_INFO 22142
C_REQUEST_USER_PAPERDOLL_INFO 31894
C_REQUEST_USER_PAPERDOLL_INFO_WITH_GAMEID 30642
C_RESET_ALL_DUNGEON 58784
C_RETURN_TO_LOBBY 24113
C_REVIVE_NOW 42897
C_RQ_COMMIT_DECOMPOSITION_CONTRACT 56332
C_RQ_SKILL_POLISHING_CHANGE_OPTION 22235
C_RQ_START_SOCIAL_ON_PROGRESS_DECOMPOSITION 44504
C_SAVE_CLIENT_ACCOUNT_SETTING 31482
C_SAVE_CLIENT_USER_SETTING 45360
C_SECOND_PASSWORD_AUTH 62547
C_SELECT_USER 31860
C_SET_VISIBLE_RANGE 42924
C_SHOW_ITEMLIST 24249
C_SHOW_ITEM_TOOLTIP_EX 40696
C_SKILL_LEARN_LIST 33885
C_SKILL_LEARN_REQUEST 57029
C_SOCIAL 42133
C_START_COMBO_INSTANT_SKILL 48936
C_START_ENCHANT 33757
C_START_EVOLUTION 27103
C_START_INSTANCE_SKILL 52280
C_START_INSTANCE_SKILL_EX 53448
C_START_PRODUCE 56058
C_START_SKILL 36645
C_START_TARGETED_SKILL 65361
C_TRADE_BROKER_DEAL_CONFIRM 22708
C_TRADE_BROKER_REJECT_SUGGEST 26731
C_TRY_LOOT_DROPITEM 45401
C_UNMOUNT_VEHICLE 24028
C_UNREGISTER_ENCHANT_ITEM 46336
C_UNREGISTER_EVOLUTION_ITEM 50873
C_UNREGISTER_PARTY_INFO 55992
C_UPDATE_FRIEND_INFO 42441
C_UPDATE_REACTION_POS 45926
C_USE_ITEM 39598
C_USE_PREMIUM_SLOT 35803
C_VIEW_WARE 39322
C_VISIT_NEW_SECTION 35496
C_WHISPER 20732
S_ABNORMALITY_BEGIN 45399
S_ABNORMALITY_DAMAGE_ABSORB 62727
S_ABNORMALITY_END 62512
S_ABNORMALITY_FAIL 45583
S_ABNORMALITY_REFRESH 51540
S_ABNORMALITY_RESIST 55270
S_ABNORMALITY_SCALE_UP 49621
S_ABNORMALITY_TOOLTIP_VALUE 53323
S_ACCEPT_CONTRACT 53063
S_ACCOMPLISH_ACHIEVEMENT 61025
S_ACCOUNT_PACKAGE_LIST 28421
S_ACTION_END 43349
S_ACTION_STAGE 37964
S_ADMIN_HOLD_CHARACTER 39502
S_AERO 38672
S_AIR_REACTION_END 22098
S_ANNOUNCE_UPDATE_NOTIFICATION 54640
S_ANSWER_INTERACTIVE 59564
S_APPLY_TITLE 60014
S_ASK_BIDDING_RARE_ITEM 58332
S_ASK_TELEPORT 26637
S_AVAILABLE_EVENT_MATCHING_LIST 56447
S_AVAILABLE_SOCIAL_LIST 29766
S_BAN_PARTY 41655
S_BAN_PARTY_MEMBER 20517
S_BATTLE_FIELD_ENTRANCE_INFO 55260
S_BATTLE_FIELD_POINT_STORE_SELL_LIST 62225
S_BEGIN_THROUGH_ARBITER_CONTRACT 64308
S_BOSS_GAGE_INFO 63101
S_CANCEL_CONTRACT 34255
S_CANNOT_START_SKILL 59724
S_CAN_LOCKON_TARGET 54039
S_CHANGE_DESTPOS_PROJECTILE 51059
S_CHANGE_EP_EXP_DAILY_LIMIT 57060
S_CHANGE_EP_POINT 58233
S_CHANGE_FRIEND_STATE 53869
S_CHANGE_GUILD_CHIEF 53561
S_CHANGE_PARTY_MANAGER 48813
S_CHANGE_VOICE_USE_QAC 30759
S_CHAT 50502
S_CHECK_TO_READY_PARTY 55159
S_CHECK_TO_READY_PARTY_FIN 27270
S_CHECK_VERSION 19901
S_CLEAR_ALL_HOLDED_ABNORMALITY 56609
S_COLLECTION_PICKEND 64810
S_COLLECTION_PICKSTART 22693
S_COMPLETE_EVENT_MATCHING_QUEST 33607
S_CONNECT_SKILL_ARROW 49700
S_CREATURE_CHANGE_HP 27536
S_CREATURE_LIFE 54748
S_CREATURE_ROTATE 58488
S_CREST_APPLY 57349
S_CREST_INFO 57503
S_CREST_MESSAGE 48719
S_CURRENT_CHANNEL 55137
S_CUSTOM_STYLE_SYSTEM_MESSAGE 58480
S_DEAD_LOCATION 35608
S_DECREASE_COOLTIME_SKILL 48824
S_DEFEND_SUCCESS 24225
S_DELETE_FRIEND 63972
S_DESPAWN_BONFIRE 26114
S_DESPAWN_BUILD_OBJECT 30112
S_DESPAWN_COLLECTION 50704
S_DESPAWN_DROPITEM 26685
S_DESPAWN_EVENT_SEED 25576
S_DESPAWN_NPC 42956
S_DESPAWN_PROJECTILE 30974
S_DESPAWN_SHUTTLE 65209
S_DESPAWN_USER 52009
S_DIALOG 45742
S_DUNGEON_CAMERA_SET 55099
S_DUNGEON_CLEAR_COUNT_LIST 38282
S_DUNGEON_COOL_TIME_LIST 28897
S_DUNGEON_EVENT_MESSAGE 53275
S_EACH_SKILL_RESULT 55861
S_ENABLE_DISABLE_SELLABLE_ITEM_LIST 54160
S_END_CHANGE_USER_APPEARANCE 59064
S_END_PRODUCE 53313
S_END_USER_PROJECTILE 22994
S_EP_SYSTEM_DAILY_EVENT_EXP_ON_OFF 24030
S_EXIT 51070
S_F2P_PremiumUser_Permission 60563
S_FACIAL_ATTACHMENT_BROADCAST 61017
S_FATIGABILITY_POINT 60861
S_FEARMOVE_END 45404
S_FEARMOVE_STAGE 31371
S_FIELD_EVENT_ON_ENTER 22054
S_FIELD_EVENT_ON_LEAVE 30314
S_FIELD_EVENT_PROGRESS_INFO 37852
S_FIELD_POINT_INFO 35549
S_FIN_INTER_PARTY_MATCH 58146
S_FIX_VEHICLE_PROGRESS 20307
S_FONT_SWAP_INFO 40088
S_FRIEND_LIST 34308
S_GACHA_END 33802
S_GACHA_START 41660
S_GET_IN_SHUTTLE 64317
S_GET_OUT_SHUTTLE 32650
S_GET_USER_GUILD_LOGO 39030
S_GET_USER_LIST 36449
S_GMEVENT_GUIDE_MESSAGE 27061
S_GMEVENT_OX_QUIZ_OPEN 34102
S_GMEVENT_OX_QUIZ_RESULT 52649
S_GMEVENT_RECV_REWARD 21432
S_GRANT_SKILL 51206
S_GROUP_NPC_LOCATION 49160
S_GUILD_MEMBER_LIST 63536
S_GUILD_NAME 51393
S_GUILD_STORE_SELL_LIST 38274
S_GUILD_TOWER_INFO 22855
S_HIT_COMBO 44676
S_HOLD_ABNORMALITY_ADD 45791
S_IMAGE_DATA 22380
S_INSTANCE_ARROW 25644
S_INSTANT_DASH 60989
S_INSTANT_MOVE 46547
S_INVEN_CHANGEDSLOT 61671
S_INVEN_USERDATA 21553
S_ITEMLIST 28443
S_ITEM_COLORING_BAG 54657
S_ITEM_CUSTOM_STRING 29692
S_ITEM_EXPLOSION_RESULT 38585
S_JOIN_PRIVATE_CHANNEL 35804
S_LEARN_EP_PERK 23180
S_LEAVE_GUILD 27737
S_LEAVE_PARTY 29191
S_LEAVE_PARTY_MEMBER 39306
S_LEAVE_PRIVATE_CHANNEL 23885
S_LOADING_SCREEN_CONTROL_INFO 55284
S_LOAD_ACHIEVEMENT_LIST 59457
S_LOAD_CLIENT_ACCOUNT_SETTING 31295
S_LOAD_CLIENT_USER_SETTING 44194
S_LOAD_DUNGEON_SOUND_HINT 23095
S_LOAD_EP_INFO 61858
S_LOAD_TOPO 43744
S_LOCKON_YOU 50225
S_LOGIN 58998
S_LOGIN_ACCOUNT_INFO 56465
S_LOGOUT_PARTY_MEMBER 26819
S_MOUNT_VEHICLE 25466
S_MOUNT_VEHICLE_EX 32559
S_MOVE_SHUTTLE 25529
S_MUTE 62899
S_NOCTAN_VARIATION_INFO 52340
S_NOTIFY_GUILD_QUEST_URGENT 51798
S_NOTIFY_TO_FRIENDS_WALK_INTO_SAME_AREA 45373
S_NPCGUILD_LIST 32208
S_NPC_CHANGE_MESH 56419
S_NPC_LOCATION 58237
S_NPC_MENU_SELECT 30523
S_NPC_OCCUPIER_INFO 55200
S_NPC_STATUS 28787
S_NPC_TARGET_USER 52661
S_OPEN_AWESOMIUM_WEB_URL 25237
S_OTHER_USER_APPLY_PARTY 36428
S_PARTY_INFO 55799
S_PARTY_MARKER 50509
S_PARTY_MATCH_LINK 42345
S_PARTY_MEMBER_ABNORMAL_ADD 44587
S_PARTY_MEMBER_ABNORMAL_CLEAR 33799
S_PARTY_MEMBER_ABNORMAL_DEL 62362
S_PARTY_MEMBER_ABNORMAL_REFRESH 28484
S_PARTY_MEMBER_BUFF_UPDATE 48374
S_PARTY_MEMBER_CHANGE_HP 47162
S_PARTY_MEMBER_CHANGE_MP 30461
S_PARTY_MEMBER_CHANGE_STAMINA 40783
S_PARTY_MEMBER_INFO 42278
S_PARTY_MEMBER_INTERVAL_POS_UPDATE 51370
S_PARTY_MEMBER_LIST 59086
S_PARTY_MEMBER_QUEST_DATA 45230
S_PARTY_MEMBER_STAT_UPDATE 40560
S_PLAYER_CHANGE_ACTPOINT 21950
S_PLAYER_CHANGE_ALL_PROF 33495
S_PLAYER_CHANGE_EP 60321
S_PLAYER_CHANGE_EXP 53094
S_PLAYER_CHANGE_FLIGHT_ENERGY 46509
S_PLAYER_CHANGE_MP 57597
S_PLAYER_CHANGE_PROF 44889
S_PLAYER_CHANGE_STAMINA 56805
S_PLAYER_RESET_EP 50263
S_PLAYER_STAT_UPDATE 40150
S_PLAY_ANIMATION 26751
S_PLAY_EFFECT 60447
S_PLAY_EVENT_SOUND 29697
S_PLAY_MOVIE 33716
S_PLAY_SOUND 33168
S_PLAY_SOUND_BYNAME 23887
S_POINT_STORE_SELL_LIST 65031
S_POST_PROCESS 28719
S_PREMIUM_SLOT_DATALIST 64946
S_PREMIUM_SLOT_OFF 40750
S_PREPARE_EXIT 59633
S_PREPARE_RETURN_TO_LOBBY 52925
S_PRIVATE_CHANNEL_NOTICE 59147
S_PRIVATE_CHAT 30740
S_PRODUCE_CRITICAL 44553
S_QUEST_BALLOON 45836
S_QUEST_VILLAGER_INFO 33212
S_REGISTER_ENCHANT_ITEM 28128
S_REGISTER_EVOLUTION_ITEM 37906
S_REJECT_CONTRACT 23259
S_REMOVE_EFFECT 28957
S_REPLY_CLIENT_CHAT_OPTION_SETTING 21133
S_REPLY_NONDB_ITEM_INFO 28064
S_REPLY_REQUEST_CONTRACT 63616
S_REQUEST_CONTRACT 39984
S_REQUEST_DESPAWN_SERVANT 39403
S_REQUEST_PRIVATE_CHANNEL_INFO 33999
S_REQUEST_REACTION_POS_TICK 28783
S_REQUEST_SECOND_PASSWORD_AUTH 49815
S_REQUEST_SERVANT_INFO_LIST 29698
S_REQUEST_SPAWN_SERVANT 29001
S_RESET_EP_PERK 36297
S_RESPONSE_GAMESTAT_PONG 41213
S_RESULT_BIDDING_DICE_THROW 26016
S_RESULT_EVENT_SEED 37992
S_RESULT_ITEM_BIDDING 47844
S_RETURN_TO_LOBBY 27809
S_RP_SKILL_POLISHING_LIST 41196
S_SELECT_USER 32814
S_SHORTCUT_CHANGE 26001
S_SHOW_AWESOMIUMWEB_SHOP 41219
S_SHOW_CANDIDATE_LIST 54409
S_SHOW_HP 58018
S_SHOW_ITEM_TOOLTIP 26116
S_SHOW_PARTY_MATCH_INFO 20968
S_SHOW_PEGASUS_MAP 60196
S_SHOW_USER_EP_INFO 49515
S_SKILL_ATTENTION_TARGET 44381
S_SKILL_CATEGORY 30981
S_SKILL_LEARN_LIST 40006
S_SKILL_LEARN_RESULT 49299
S_SKILL_LIST 65086
S_SOCIAL 40130
S_SPAWN_BONFIRE 47933
S_SPAWN_BUILD_OBJECT 62383
S_SPAWN_COLLECTION 41430
S_SPAWN_DOOR 27851
S_SPAWN_DROPITEM 50595
S_SPAWN_EVENT_SEED 36946
S_SPAWN_ME 38632
S_SPAWN_NPC 36634
S_SPAWN_PROJECTILE 31574
S_SPAWN_SHUTTLE 56307
S_SPAWN_USER 31107
S_SPAWN_WORKOBJECT 61340
S_START_ACTION_SCRIPT 39503
S_START_CHANGE_USER_APPEARANCE 52562
S_START_CLIENT_CUSTOM_SKILL 24585
S_START_CLIMBING 33939
S_START_COOLTIME_ITEM 57882
S_START_COOLTIME_SKILL 53727
S_START_INVERSE_CAPTURE 23080
S_START_PRODUCE 22222
S_START_USER_PROJECTILE 61975
S_STEER_DEBUG_COMMAND 38340
S_STICK_TO_USER_END 49438
S_STICK_TO_USER_START 29921
S_STORE_SELL_LIST 51677
S_SUCCESS_COUNTER 33686
S_SYSTEM_MESSAGE 45287
S_SYSTEM_MESSAGE_LOOT_ITEM 53156
S_SYSTEM_MESSAGE_LOOT_SPECIAL_ITEM 41169
S_TARGET_INFO 31437
S_TBA_SELECT_USER 31254
S_TELEPORT_TO_CAMP 43095
S_TIMEOVER_CONTRACT 50775
S_TRADE_BROKER_DEAL_INFO_UPDATE 39582
S_TRADE_BROKER_DEAL_SUGGESTED 27145
S_TRADE_BROKER_REQUEST_DEAL_RESULT 49171
S_UNICAST_TRANSFORM_DATA 27977
S_UNMOUNT_VEHICLE 24543
S_UNMOUNT_VEHICLE_EX 41475
S_UPDATE_ACHIEVEMENT_PROGRESS 48389
S_UPDATE_EVENT_SEED_STATE 63665
S_UPDATE_FRIEND_INFO 45663
S_UPDATE_GUILD_QUEST_STATUS 33788
S_UPDATE_NPCGUILD 51549
S_USER_APPEARANCE_CHANGE 45027
S_USER_BLOCK_LIST 59980
S_USER_CHANGE_FACE_CUSTOM 30269
S_USER_CHANGE_NAME 27167
S_USER_DEATH 57645
S_USER_EFFECT 57296
S_USER_EXTERNAL_CHANGE 27110
S_USER_LEVELUP 26046
S_USER_LOCATION 24048
S_USER_LOCATION_IN_ACTION 38557
S_USER_MOVETYPE 34083
S_USER_PAPERDOLL_INFO 38198
S_USER_SITUATION 46716
S_USER_STATUS 36127
S_USER_WEAPON_APPEARANCE_CHANGE 21126
S_VIEW_PARTY_INVITE 51334
S_VIEW_WARE_EX 57195
S_VISIT_NEW_SECTION 62849
S_VOTE_RESET_ALL_DUNGEON 46673
S_WEAK_POINT 20052
S_WHISPER 61026
TTB_S_CHANGE_HERO 63622
TTB_S_LOAD_EP_PAGE 50116