C_ADMIN = 22562
C_APPLY_PARTY = 63953
C_ASK_INTERACTIVE = 20473
C_BAN_PARTY_MEMBER = 52381
C_BIND_ITEM_BEGIN_PROGRESS = 63150
C_BIND_ITEM_EXECUTE = 59542
C_BLOCK_USER = 55364
C_CANCEL_CHANGE_USER_APPEARANCE = 52748
C_CANCEL_CONTRACT = 40743
C_CANCEL_SKILL = 41465
C_CAN_LOCKON_TARGET = 50307
C_CHANGE_PARTY_MANAGER = 58765
C_CHANGE_PARTY_MEMBER_AUTHORITY = 49453
C_CHAT = 27955
C_CHECK_VERSION = 19900
C_COMMIT_CHANGE_USER_APPEARANCE = 27888
C_COMPLETE_DAILY_EVENT = 63984
C_COMPLETE_EXTRA_EVENT = 24484
C_CREST_APPLY = 52146
C_CREST_APPLY_LIST = 46426
C_DELETE_FRIEND = 55918
C_DIALOG = 32335
C_DISMISS_PARTY = 49033
C_END_MOVIE = 47134
C_GACHA_TRY = 31248
C_GET_USER_LIST = 44940
C_INVITE_USER_TO_GUILD = 62926
C_ITEM_COLORING_SET_COLOR = 55263
C_LEAVE_PARTY = 47511
C_LEAVE_PRIVATE_CHANNEL = 61083
C_LOAD_TOPO_FIN = 26016
C_LOGIN_ARBITER = 42244
C_NOTIFY_LOCATION_IN_ACTION = 43640
C_NOTIFY_LOCATION_IN_DASH = 24831
C_NOTIMELINE_SKILL = 36936
C_NPC_CONTACT = 39796
C_OP_COMMAND = 24069
C_PARTY_APPLICATION_DENIED = 34213
C_PARTY_MATCH_WINDOW_CLOSED = 40556
C_PCBANGINVENTORY_USE_SLOT = 53335
C_PLAYER_FLYING_LOCATION = 29602
C_PLAYER_LOCATION = 39768
C_PRESS_SKILL = 22464
C_REGISTER_ENCHANT_ITEM = 55163
C_REGISTER_PARTY_INFO = 35698
C_REGISTER_UPGRADE_ITEM = 31690
C_REMOVE_BLOCKED_USER = 25965
C_REPLY_THROUGH_ARBITER_CONTRACT = 24710
C_REQUEST_CANDIDATE_LIST = 31791
C_REQUEST_CONTRACT = 25215
C_REQUEST_ENCHANT = 24047
C_REQUEST_GAMESTAT_PING = 33484
C_REQUEST_NONDB_ITEM_INFO = 31995
C_REQUEST_PARTY_INFO = 41797
C_REQUEST_PARTY_MATCH_INFO = 49447
C_REQUEST_PARTY_MATCH_INFO_PAGE = 56886
C_REQUEST_PARTY_MATCH_LINK = 63018
C_REQUEST_PRIVATE_CHANNEL_INFO = 52175
C_REQUEST_UPGRADE = 50388
C_REQUEST_USER_PAPERDOLL_INFO = 45445
C_RESET_ALL_DUNGEON = 36108
C_RETURN_TO_LOBBY = 46116
C_REVIVE_NOW = 37337
C_SAVE_CLIENT_ACCOUNT_SETTING = 20339
C_SAVE_CLIENT_USER_SETTING = 34777
C_SELECT_USER = 55928
C_SET_VISIBLE_RANGE = 22292
C_SHOW_INVEN = 36827
C_SHOW_ITEM_TOOLTIP_EX = 47676
C_SOCIAL = 62806
C_START_COMBO_INSTANT_SKILL = 38586
C_START_ENCHANT = 23124
C_START_INSTANCE_SKILL = 50364
C_START_INSTANCE_SKILL_EX = 46464
C_START_PRODUCE = 46663
C_START_SKILL = 26564
C_START_TARGETED_SKILL = 65297
C_START_UPGRADE = 31163
C_TRADE_BROKER_BUY_IT_NOW = 58242
C_TRADE_BROKER_DEAL_CONFIRM = 31408
C_TRADE_BROKER_REJECT_SUGGEST = 41055
C_TRADE_BROKER_SUGGEST_DEAL = 46842
C_TRADE_BROKER_WAITING_ITEM_LIST_NEW = 49534
C_TRADE_BROKER_WAITING_ITEM_LIST_PAGE = 30427
C_TRY_LOOT_DROPITEM = 20431
C_UNMOUNT_VEHICLE = 56472
C_UNREGISTER_ENCHANT_ITEM = 53316
C_UNREGISTER_PARTY_INFO = 29164
C_UNREGISTER_UPGRADE_ITEM = 54789
C_USE_ITEM = 22375
C_VISIT_NEW_SECTION = 39211
C_WHISPER = 50224
S_ABNORMALITY_BEGIN = 55644
S_ABNORMALITY_DAMAGE_ABSORB = 28017
S_ABNORMALITY_END = 39760
S_ABNORMALITY_FAIL = 33692
S_ABNORMALITY_REFRESH = 46612
S_ACCEPT_CONTRACT = 26637
S_ACCOMPLISH_ACHIEVEMENT = 37436
S_ACCOUNT_PACKAGE_LIST = 33500
S_ACTION_END = 61075
S_ACTION_STAGE = 61996
S_ADMIN_HOLD_CHARACTER = 33138
S_AERO = 36959
S_AIR_REACTION_END = 50356
S_ANSWER_INTERACTIVE = 64379
S_APPLY_TITLE = 27656
S_AVAILABLE_EVENT_MATCHING_LIST = 31386
S_BAN_PARTY = 24631
S_BAN_PARTY_MEMBER = 60536
S_BATTLE_FIELD_ENTRANCE_INFO = 34232
S_BATTLE_FIELD_POINT_STORE_SELL_LIST = 24276
S_BEGIN_THROUGH_ARBITER_CONTRACT = 53116
S_BOSS_GAGE_INFO = 61094
S_CANCEL_CONTRACT = 64351
S_CANNOT_START_SKILL = 56173
S_CAN_LOCKON_TARGET = 43385
S_CHANGE_DESTPOS_PROJECTILE = 39761
S_CHANGE_PARTY_MANAGER = 57220
S_CHANGE_VOICE_USE_QAC = 61839
S_CHAT = 59295
S_CHECK_TO_READY_PARTY = 55920
S_CHECK_TO_READY_PARTY_FIN = 52716
S_CHECK_VERSION = 19901
S_CLEAR_ALL_HOLDED_ABNORMALITY = 47314
S_COLLECTION_PICKEND = 36152
S_COMPLETE_EVENT_MATCHING_QUEST = 40815
S_CREATURE_CHANGE_HP = 24557
S_CREATURE_LIFE = 37218
S_CREATURE_ROTATE = 35765
S_CREST_APPLY = 54992
S_CREST_INFO = 51193
S_CREST_MESSAGE = 45611
S_CURRENT_CHANNEL = 58030
S_DEAD_LOCATION = 20643
S_DECREASE_COOLTIME_SKILL = 62684
S_DEFEND_SUCCESS = 25345
S_DESPAWN_BONFIRE = 41973
S_DESPAWN_BUILD_OBJECT = 33840
S_DESPAWN_COLLECTION = 49856
S_DESPAWN_DROPITEM = 49608
S_DESPAWN_NPC = 45424
S_DESPAWN_USER = 25512
S_DIALOG = 31825
S_DUNGEON_CAMERA_SET = 37562
S_DUNGEON_CLEAR_COUNT_LIST = 23198
S_DUNGEON_COOL_TIME_LIST = 56440
S_DUNGEON_EVENT_MESSAGE = 31056
S_EACH_SKILL_RESULT = 49283
S_ENABLE_DISABLE_SELLABLE_ITEM_LIST = 27914
S_END_CHANGE_USER_APPEARANCE = 61597
S_EXIT = 50272
S_FEARMOVE_END = 44741
S_FEARMOVE_STAGE = 57484
S_FIELD_POINT_INFO = 21727
S_FIN_INTER_PARTY_MATCH = 56975
S_FONT_SWAP_INFO = 37345
S_FRIEND_LIST = 44363
S_GACHA_END = 33702
S_GACHA_START = 24648
S_GET_USER_GUILD_LOGO = 56043
S_GET_USER_LIST = 48553
S_GRANT_SKILL = 45195
S_GROUP_NPC_LOCATION = 41487
S_GUILD_NAME = 32504
S_GUILD_STORE_SELL_LIST = 36437
S_GUILD_TOWER_INFO = 33146
S_HOLD_ABNORMALITY_ADD = 57915
S_IMAGE_DATA = 60710
S_INSTANT_DASH = 38010
S_INSTANT_MOVE = 41278
S_INVEN = 26948
S_INVEN_CHANGEDSLOT = 27551
S_ITEM_CUSTOM_STRING = 24321
S_JOIN_PRIVATE_CHANNEL = 62969
S_LEAVE_PARTY = 28947
S_LEAVE_PARTY_MEMBER = 35363
S_LEAVE_PRIVATE_CHANNEL = 53373
S_LOADING_SCREEN_CONTROL_INFO = 53140
S_LOAD_CLIENT_ACCOUNT_SETTING = 51203
S_LOAD_CLIENT_USER_SETTING = 40633
S_LOAD_TOPO = 53904
S_LOGIN = 43667
S_LOGIN_ACCOUNT_INFO = 51574
S_LOGOUT_PARTY_MEMBER = 40672
S_MOUNT_VEHICLE = 38964
S_MOUNT_VEHICLE_EX = 26286
S_NOTIFY_TO_FRIENDS_WALK_INTO_SAME_AREA = 56653
S_NPC_LOCATION = 23309
S_NPC_MENU_SELECT = 22379
S_NPC_OCCUPIER_INFO = 60375
S_NPC_STATUS = 23032
S_NPC_TARGET_USER = 30945
S_OPEN_AWESOMIUM_WEB_URL = 62184
S_OTHER_USER_APPLY_PARTY = 20068
S_PARTY_INFO = 26163
S_PARTY_MATCH_LINK = 35816
S_PARTY_MEMBER_ABNORMAL_ADD = 47612
S_PARTY_MEMBER_ABNORMAL_CLEAR = 36098
S_PARTY_MEMBER_ABNORMAL_DEL = 22791
S_PARTY_MEMBER_ABNORMAL_REFRESH = 64173
S_PARTY_MEMBER_BUFF_UPDATE = 21912
S_PARTY_MEMBER_CHANGE_HP = 20005
S_PARTY_MEMBER_CHANGE_MP = 42231
S_PARTY_MEMBER_INFO = 55916
S_PARTY_MEMBER_INTERVAL_POS_UPDATE = 65175
S_PARTY_MEMBER_LIST = 44162
S_PARTY_MEMBER_STAT_UPDATE = 54290
S_PCBANGINVENTORY_DATALIST = 48232
S_PLAYER_CHANGE_ALL_PROF = 43603
S_PLAYER_CHANGE_EXP = 65533
S_PLAYER_CHANGE_FLIGHT_ENERGY = 53187
S_PLAYER_CHANGE_MP = 49105
S_PLAYER_CHANGE_PROF = 24036
S_PLAYER_CHANGE_STAMINA = 30048
S_PLAYER_STAT_UPDATE = 55681
S_PLAY_MOVIE = 58771
S_POINT_STORE_SELL_LIST = 63942
S_PREPARE_RETURN_TO_LOBBY = 39552
S_PRIVATE_CHAT = 44545
S_PRODUCE_CRITICAL = 40467
S_QUEST_BALLOON = 48860
S_QUEST_INFO = 39731
S_REGISTER_ENCHANT_ITEM = 64044
S_REGISTER_UPGRADE_ITEM = 27268
S_REJECT_CONTRACT = 32300
S_REPLY_REQUEST_CONTRACT = 47426
S_REQUEST_CONTRACT = 54296
S_REQUEST_PRIVATE_CHANNEL_INFO = 49929
S_REQUEST_STYLE_SHOP_MARK_PRODUCTLIST = 23624
S_RESPONSE_GAMESTAT_PONG = 20264
S_RESULT_BIDDING_DICE_THROW = 21339
S_RESULT_ITEM_BIDDING = 33077
S_RETURN_TO_LOBBY = 21496
S_SHOW_AWESOMIUMWEB_SHOP = 39781
S_SHOW_CANDIDATE_LIST = 37889
S_SHOW_HP = 23137
S_SHOW_PARTY_MATCH_INFO = 47325
S_SHOW_PCBANG_ICON = 54731
S_SHOW_PEGASUS_MAP = 56752
S_SKILL_LIST = 53557
S_SOCIAL = 45204
S_SPAWN_BONFIRE = 23161
S_SPAWN_BUILD_OBJECT = 32386
S_SPAWN_COLLECTION = 42711
S_SPAWN_DOOR = 35373
S_SPAWN_DROPITEM = 41071
S_SPAWN_ME = 21615
S_SPAWN_NPC = 59998
S_SPAWN_PROJECTILE = 30533
S_SPAWN_SHUTTLE = 41212
S_SPAWN_USER = 30371
S_SPAWN_WORKOBJECT = 65391
S_START_ACTION_SCRIPT = 34622
S_START_CHANGE_USER_APPEARANCE = 50880
S_START_COOLTIME_ITEM = 59693
S_START_COOLTIME_SKILL = 34598
S_START_PRODUCE = 46926
S_START_USER_PROJECTILE = 46434
S_STORE_SELL_LIST = 53139
S_SUCCESS_COUNTER = 53132
S_SYSTEM_MESSAGE = 52220
S_SYSTEM_MESSAGE_LOOT_ITEM = 25713
S_SYSTEM_MESSAGE_LOOT_SPECIAL_ITEM = 65012
S_TARGET_INFO = 56393
S_TELEPORT_TO_CAMP = 24825
S_TRADE_BROKER_DEAL_INFO_UPDATE = 56150
S_TRADE_BROKER_DEAL_SUGGESTED = 56413
S_TRADE_BROKER_REQUEST_DEAL_RESULT = 41018
S_TRADE_BROKER_SUGGEST_DEAL = 23955
S_TRADE_BROKER_WAITING_ITEM_LIST = 53197
S_UNICAST_TRANSFORM_DATA = 55029
S_UNMOUNT_VEHICLE = 50986
S_UNMOUNT_VEHICLE_EX = 34925
S_UPDATE_ACHIEVEMENT_PROGRESS = 60476
S_UPDATE_FRIEND_INFO = 36724
S_UPDATE_NPCGUILD = 64166
S_UPDATE_PRODUCE = 41045
S_USER_BLOCK_LIST = 38255
S_USER_EFFECT = 57334
S_USER_EXTERNAL_CHANGE = 61658
S_USER_LEVELUP = 23813
S_USER_LOCATION = 49976
S_USER_LOCATION_IN_ACTION = 23415
S_USER_MOVETYPE = 54802
S_USER_SITUATION = 43981
S_USER_STATUS = 41921
S_VISIT_NEW_SECTION = 62152
S_WEAK_POINT = 42359
S_WHISPER = 54985
