C_ADD_FRIEND = 39929
C_ADD_TELEPORT_TO_POS_LIST = 50323
C_ADMIN = 58056
C_APPLY_PARTY = 33873
C_ASK_INTERACTIVE = 65396
C_BAN_PARTY_MEMBER = 22371
C_BIND_ITEM_BEGIN_PROGRESS = 31513
C_BIND_ITEM_EXECUTE = 35520
C_BLOCK_USER = 37880
C_CANCEL_CHANGE_USER_APPEARANCE = 52138
C_CANCEL_CONTRACT = 48276
C_CANCEL_SKILL = 39250
C_CAN_LOCKON_TARGET = 64297
C_CHANGE_PARTY_MANAGER = 46521
C_CHANGE_PARTY_MEMBER_AUTHORITY = 50951
C_CHAT = 32284
C_CHECK_VERSION = 19900
C_COMPLETE_DAILY_EVENT = 47419
C_COMPLETE_EXTRA_EVENT = 60903
C_CONFIRM_UPDATE_NOTIFICATION = 25206
C_CREST_APPLY = 22826
C_CREST_APPLY_LIST = 29017
C_DELETE_FRIEND = 33280
C_DELETE_PARCEL = 58601
C_DELETE_TELEPORT_TO_POS_LIST = 44177
C_DEL_ITEM = 27539
C_DIALOG = 37203
C_DISMISS_PARTY = 31786
C_EDIT_BLOCKED_USER_MEMO = 54723
C_END_CLIMBING = 37474
C_END_MOVIE = 60851
C_GACHA_TRY = 29359
C_GET_IN_SHUTTLE = 65361
C_GET_OUT_SHUTTLE = 54485
C_GET_USER_LIST = 53787
C_HIT_USER_PROJECTILE = 55657
C_INVITE_USER_TO_GUILD = 46756
C_ITEM_COLORING_SET_COLOR = 40487
C_LEAVE_PARTY = 30194
C_LEAVE_PRIVATE_CHANNEL = 36324
C_LIST_PARCEL = 36925
C_LOAD_TOPO_FIN = 55907
C_LOGIN_ARBITER = 34021
C_MERGE_ITEM = 31286
C_MERGE_ITEM_EXECUTE = 27571
C_NOTIFY_LOCATION_IN_ACTION = 42599
C_NOTIFY_LOCATION_IN_DASH = 34876
C_NOTIMELINE_SKILL = 31231
C_NPC_CONTACT = 40550
C_OP_COMMAND = 46943
C_PARTY_APPLICATION_DENIED = 51205
C_PARTY_MARKER = 40544
C_PARTY_MATCH_WINDOW_CLOSED = 37935
C_PCBANGINVENTORY_USE_SLOT = 42060
C_PLAYER_FLYING_LOCATION = 32692
C_PLAYER_LOCATION = 44366
C_PREMIUM_SLOT_USE_SLOT = 43414
C_PRESS_SKILL = 58398
C_RECV_PARCEL = 34365
C_REGISTER_ENCHANT_ITEM = 22006
C_REGISTER_EVOLUTION_ITEM = 64349
C_REGISTER_PARTY_INFO = 52300
C_REMOVE_BLOCKED_USER = 44819
C_REPLY_THROUGH_ARBITER_CONTRACT = 29756
C_REQUEST_CANDIDATE_LIST = 50223
C_REQUEST_CONTRACT = 23084
C_REQUEST_ENCHANT = 46508
C_REQUEST_EVOLUTION = 55786
C_REQUEST_GAMESTAT_PING = 28381
C_REQUEST_NONDB_ITEM_INFO = 53091
C_REQUEST_PARTY_INFO = 59892
C_REQUEST_PARTY_MATCH_INFO = 46702
C_REQUEST_PARTY_MATCH_INFO_PAGE = 39128
C_REQUEST_PARTY_MATCH_LINK = 46036
C_REQUEST_PRIVATE_CHANNEL_INFO = 20027
C_REQUEST_USER_PAPERDOLL_INFO = 53779
C_RESET_ALL_DUNGEON = 35600
C_RETURN_TO_LOBBY = 33640
C_REVIVE_NOW = 29905
C_RQ_COMMIT_DECOMPOSITION_CONTRACT = 64454
C_RQ_START_SOCIAL_ON_PROGRESS_DECOMPOSITION = 58021
C_SAVE_CLIENT_ACCOUNT_SETTING = 64534
C_SAVE_CLIENT_USER_SETTING = 22033
C_SECOND_PASSWORD_AUTH = 22748
C_SELECT_USER = 30688
C_SET_VISIBLE_RANGE = 38609
C_SHOW_INVEN = 47776
C_SHOW_ITEM_TOOLTIP_EX = 61301
C_SHOW_PARCEL_MESSAGE = 49076
C_SOCIAL = 32217
C_START_COMBO_INSTANT_SKILL = 34413
C_START_ENCHANT = 52475
C_START_EVOLUTION = 28260
C_START_INSTANCE_SKILL = 51309
C_START_INSTANCE_SKILL_EX = 41498
C_START_PRODUCE = 26159
C_START_SKILL = 62386
C_START_TARGETED_SKILL = 35712
C_TELEPORT_TO_POS = 52157
C_TELEPORT_TO_VILLAGE = 33395
C_TRADE_BROKER_BUY_IT_NOW = 25790
C_TRADE_BROKER_DEAL_CONFIRM = 59395
C_TRADE_BROKER_REJECT_SUGGEST = 61709
C_TRADE_BROKER_SUGGEST_DEAL = 31358
C_TRADE_BROKER_WAITING_ITEM_LIST_NEW = 57946
C_TRADE_BROKER_WAITING_ITEM_LIST_PAGE = 20664
C_TRY_LOOT_DROPITEM = 61619
C_UNMOUNT_VEHICLE = 20898
C_UNREGISTER_ENCHANT_ITEM = 47169
C_UNREGISTER_EVOLUTION_ITEM = 22612
C_UNREGISTER_PARTY_INFO = 44719
C_UPDATE_REACTION_POS = 56429
C_USE_ITEM = 32016
C_VIEW_WARE = 59251
C_VISIT_NEW_SECTION = 59303
C_WHISPER = 32601
S_ABNORMALITY_BEGIN = 20499
S_ABNORMALITY_DAMAGE_ABSORB = 39838
S_ABNORMALITY_END = 24637
S_ABNORMALITY_FAIL = 38730
S_ABNORMALITY_REFRESH = 23593
S_ACCEPT_CONTRACT = 34611
S_ACCOMPLISH_ACHIEVEMENT = 20637
S_ACCOUNT_PACKAGE_LIST = 38849
S_ACTION_END = 43371
S_ACTION_STAGE = 24987
S_ADD_BLOCKED_USER = 44088
S_ADD_INTER_PARTY_MATCH_POOL = 42341
S_ADMIN_HOLD_CHARACTER = 61287
S_AERO = 30819
S_AIR_REACTION_END = 30120
S_ANNOUNCE_UPDATE_NOTIFICATION = 61276
S_ANSWER_INTERACTIVE = 33593
S_APPLY_TITLE = 58137
S_AVAILABLE_EVENT_MATCHING_LIST = 20649
S_AVAILABLE_SOCIAL_LIST = 38945
S_BAN_PARTY = 39479
S_BAN_PARTY_MEMBER = 36909
S_BATTLE_FIELD_ENTRANCE_INFO = 40006
S_BATTLE_FIELD_POINT_STORE_SELL_LIST = 28255
S_BEGIN_THROUGH_ARBITER_CONTRACT = 37499
S_BOSS_GAGE_INFO = 24096
S_CANCEL_CONTRACT = 29773
S_CANNOT_START_SKILL = 54660
S_CAN_LOCKON_TARGET = 40168
S_CHANGE_DESTPOS_PROJECTILE = 56847
S_CHANGE_EP_EXP_DAILY_LIMIT = 49184
S_CHANGE_EP_POINT = 57056
S_CHANGE_EVENT_MATCHING_STATE = 30908
S_CHANGE_FRIEND_STATE = 40909
S_CHANGE_GUILD_CHIEF = 52688
S_CHANGE_PARTY_MANAGER = 65036
S_CHANGE_VOICE_USE_QAC = 38511
S_CHAT = 20777
S_CHECK_TO_READY_PARTY = 56160
S_CHECK_TO_READY_PARTY_FIN = 41448
S_CHECK_VERSION = 19901
S_CLEAR_ALL_HOLDED_ABNORMALITY = 32538
S_COLLECTION_PICKEND = 36550
S_COLLECTION_PICKSTART = 41272
S_COMPLETE_EVENT_MATCHING_QUEST = 45873
S_CONNECT_SKILL_ARROW = 35698
S_CREATURE_CHANGE_HP = 54728
S_CREATURE_LIFE = 54777
S_CREATURE_ROTATE = 37430
S_CREST_APPLY = 34049
S_CREST_INFO = 40092
S_CREST_MESSAGE = 50823
S_CURRENT_CHANNEL = 31110
S_CUSTOM_STYLE_SYSTEM_MESSAGE = 53090
S_DEAD_LOCATION = 51050
S_DECREASE_COOLTIME_SKILL = 24944
S_DEFEND_SUCCESS = 59708
S_DESPAWN_BONFIRE = 41191
S_DESPAWN_BUILD_OBJECT = 63595
S_DESPAWN_COLLECTION = 63583
S_DESPAWN_DROPITEM = 21128
S_DESPAWN_NPC = 37109
S_DESPAWN_PROJECTILE = 54032
S_DESPAWN_SHUTTLE = 23382
S_DESPAWN_USER = 56506
S_DESTROY_GUILD_TOWER = 53101
S_DIALOG = 47135
S_DUNGEON_CAMERA_SET = 58073
S_DUNGEON_CLEAR_COUNT_LIST = 40724
S_DUNGEON_COOL_TIME_LIST = 30837
S_DUNGEON_EVENT_MESSAGE = 37669
S_EACH_SKILL_RESULT = 34931
S_ENABLE_DISABLE_SELLABLE_ITEM_LIST = 34327
S_END_CHANGE_USER_APPEARANCE = 36235
S_END_PRODUCE = 29079
S_END_USER_PROJECTILE = 43874
S_EP_SYSTEM_DAILY_EVENT_EXP_ON_OFF = 34584
S_EXIT = 49045
S_F2P_PremiumUser_Permission = 31586
S_FEARMOVE_END = 55256
S_FEARMOVE_STAGE = 62678
S_FIELD_EVENT_ON_ENTER = 21470
S_FIELD_EVENT_ON_LEAVE = 24918
S_FIELD_POINT_INFO = 46929
S_FIN_INTER_PARTY_MATCH = 57163
S_FONT_SWAP_INFO = 57702
S_FRIEND_LIST = 32483
S_GACHA_END = 34309
S_GACHA_START = 24180
S_GET_IN_SHUTTLE = 48984
S_GET_OUT_SHUTTLE = 50409
S_GET_USER_GUILD_LOGO = 25555
S_GET_USER_LIST = 38940
S_GMEVENT_GUIDE_MESSAGE = 20074
S_GMEVENT_OX_QUIZ_OPEN = 37559
S_GMEVENT_OX_QUIZ_RESULT = 21031
S_GMEVENT_RECV_REWARD = 25931
S_GRANT_SKILL = 60184
S_GROUP_NPC_LOCATION = 46076
S_GUILD_MEMBER_LIST = 38344
S_GUILD_NAME = 48102
S_GUILD_STORE_SELL_LIST = 37427
S_GUILD_TOWER_INFO = 55466
S_HOLD_ABNORMALITY_ADD = 51481
S_IMAGE_DATA = 25874
S_INSTANT_DASH = 41944
S_INSTANT_MOVE = 36066
S_INVEN = 26030
S_INVEN_CHANGEDSLOT = 41258
S_ITEM_COLORING_BAG = 38665
S_ITEM_CUSTOM_STRING = 49869
S_JOIN_PRIVATE_CHANNEL = 57772
S_LEARN_EP_PERK = 48734
S_LEAVE_PARTY = 61767
S_LEAVE_PARTY_MEMBER = 51512
S_LEAVE_PRIVATE_CHANNEL = 61422
S_LIST_PARCEL_EX = 63435
S_LOADING_SCREEN_CONTROL_INFO = 41379
S_LOAD_ACHIEVEMENT_LIST = 43214
S_LOAD_CLIENT_ACCOUNT_SETTING = 43560
S_LOAD_CLIENT_USER_SETTING = 31303
S_LOAD_DUNGEON_SOUND_HINT = 57376
S_LOAD_EP_INFO = 46122
S_LOAD_TELEPORT_TO_POS_LIST = 27043
S_LOAD_TOPO = 62870
S_LOGIN = 35943
S_LOGIN_ACCOUNT_INFO = 28593
S_LOGOUT_PARTY_MEMBER = 53195
S_MOUNT_VEHICLE = 39826
S_MOUNT_VEHICLE_EX = 60887
S_MOVE_SHUTTLE = 43324
S_MUTE = 44530
S_NOCTAN_VARIATION_INFO = 44583
S_NOTIFY_GUILD_QUEST_URGENT = 63786
S_NOTIFY_TO_FRIENDS_WALK_INTO_SAME_AREA = 29995
S_NPC_CHANGE_MESH = 39081
S_NPC_LOCATION = 55626
S_NPC_MENU_SELECT = 38553
S_NPC_OCCUPIER_INFO = 56106
S_NPC_STATUS = 59684
S_NPC_TARGET_USER = 43033
S_OPEN_AWESOMIUM_WEB_URL = 45050
S_OTHER_USER_APPLY_PARTY = 21741
S_PARCEL_READ_RECV_STATUS = 36277
S_PARTY_INFO = 65314
S_PARTY_MARKER = 22661
S_PARTY_MATCH_LINK = 33007
S_PARTY_MEMBER_ABNORMAL_ADD = 44062
S_PARTY_MEMBER_ABNORMAL_CLEAR = 20198
S_PARTY_MEMBER_ABNORMAL_DEL = 60152
S_PARTY_MEMBER_ABNORMAL_REFRESH = 64312
S_PARTY_MEMBER_BUFF_UPDATE = 21881
S_PARTY_MEMBER_CHANGE_HP = 27436
S_PARTY_MEMBER_CHANGE_MP = 36146
S_PARTY_MEMBER_INFO = 44331
S_PARTY_MEMBER_INTERVAL_POS_UPDATE = 38991
S_PARTY_MEMBER_LIST = 35180
S_PARTY_MEMBER_QUEST_DATA = 53356
S_PARTY_MEMBER_STAT_UPDATE = 20978
S_PCBANGINVENTORY_DATALIST = 50760
S_PLAYER_CHANGE_ALL_PROF = 53705
S_PLAYER_CHANGE_EP = 42776
S_PLAYER_CHANGE_EXP = 56752
S_PLAYER_CHANGE_FLIGHT_ENERGY = 35350
S_PLAYER_CHANGE_MP = 48616
S_PLAYER_CHANGE_PROF = 37524
S_PLAYER_CHANGE_STAMINA = 25229
S_PLAYER_RESET_EP = 20599
S_PLAYER_STAT_UPDATE = 26965
S_PLAY_ANIMATION = 33705
S_PLAY_EFFECT = 55884
S_PLAY_MOVIE = 64924
S_PLAY_SOUND = 51729
S_POINT_STORE_SELL_LIST = 44954
S_PREMIUM_SLOT_DATALIST = 49798
S_PREMIUM_SLOT_OFF = 20282
S_PREPARE_EXIT = 49365
S_PREPARE_RETURN_TO_LOBBY = 45752
S_PREVIEW_ITEM = 34371
S_PRIVATE_CHANNEL_NOTICE = 31794
S_PRIVATE_CHAT = 38078
S_PRODUCE_CRITICAL = 56043
S_QUEST_BALLOON = 57998
S_QUEST_INFO = 20832
S_QUEST_VILLAGER_INFO = 43570
S_RECV_PARCEL = 23694
S_REGISTER_ENCHANT_ITEM = 44146
S_REGISTER_EVOLUTION_ITEM = 50597
S_REJECT_CONTRACT = 60744
S_REMOVE_BLOCKED_USER = 56011
S_REMOVE_EFFECT = 56895
S_REPLY_NONDB_ITEM_INFO = 54370
S_REPLY_REQUEST_CONTRACT = 64249
S_REQUEST_CITY_WAR_MAP_INFO = 52949
S_REQUEST_CITY_WAR_MAP_INFO_DETAIL = 40616
S_REQUEST_CITY_WAR_MAP_INFO_END = 38501
S_REQUEST_CONTRACT = 24396
S_REQUEST_PRIVATE_CHANNEL_INFO = 31661
S_REQUEST_REACTION_POS_TICK = 58552
S_REQUEST_SECOND_PASSWORD_AUTH = 36927
S_REQUEST_STYLE_SHOP_MARK_PRODUCTLIST = 55604
S_RESET_EP_PERK = 63386
S_RESPONSE_GAMESTAT_PONG = 29920
S_RESULT_BIDDING_DICE_THROW = 29241
S_RESULT_ITEM_BIDDING = 45468
S_RETURN_TO_LOBBY = 55446
S_SHORTCUT_CHANGE = 32094
S_SHOW_AWESOMIUMWEB_SHOP = 61671
S_SHOW_CANDIDATE_LIST = 22793
S_SHOW_HP = 50101
S_SHOW_ITEM_TOOLTIP = 27677
S_SHOW_PARTY_MATCH_INFO = 29875
S_SHOW_PCBANG_ICON = 36503
S_SHOW_PEGASUS_MAP = 36591
S_SHOW_USER_EP_INFO = 29885
S_SKILL_ATTENTION_TARGET = 30905
S_SKILL_CATEGORY = 37609
S_SKILL_LIST = 61625
S_SOCIAL = 22884
S_SPAWN_BONFIRE = 59618
S_SPAWN_BUILD_OBJECT = 34599
S_SPAWN_COLLECTION = 53477
S_SPAWN_DOOR = 37877
S_SPAWN_DROPITEM = 60472
S_SPAWN_ME = 49466
S_SPAWN_NPC = 21188
S_SPAWN_PROJECTILE = 56080
S_SPAWN_SHUTTLE = 52271
S_SPAWN_USER = 38572
S_SPAWN_WORKOBJECT = 40991
S_START_ACTION_SCRIPT = 24108
S_START_CHANGE_USER_APPEARANCE = 20641
S_START_CLIENT_CUSTOM_SKILL = 59751
S_START_CLIMBING = 41348
S_START_COOLTIME_ITEM = 45128
S_START_COOLTIME_SKILL = 46787
S_START_INVERSE_CAPTURE = 23877
S_START_PRODUCE = 55605
S_START_USER_PROJECTILE = 50485
S_STICK_TO_USER_END = 63487
S_STICK_TO_USER_START = 25695
S_STORE_SELL_LIST = 42345
S_SUCCESS_COUNTER = 48002
S_SYSTEM_MESSAGE = 25130
S_SYSTEM_MESSAGE_LOOT_ITEM = 21721
S_SYSTEM_MESSAGE_LOOT_SPECIAL_ITEM = 25249
S_TARGET_INFO = 49782
S_TELEPORT_TO_CAMP = 47290
S_TRADE_BROKER_DEAL_INFO_UPDATE = 28134
S_TRADE_BROKER_DEAL_SUGGESTED = 32326
S_TRADE_BROKER_HISTORY_ITEM_LIST = 54938
S_TRADE_BROKER_REQUEST_DEAL_RESULT = 22904
S_TRADE_BROKER_SUGGEST_DEAL = 27524
S_TRADE_BROKER_WAITING_ITEM_LIST = 59152
S_UNICAST_FLOATING_CASTLE_INFO = 40817
S_UNICAST_FLOATING_CASTLE_NAMEPLATE = 30850
S_UNICAST_TRANSFORM_DATA = 35762
S_UNMOUNT_VEHICLE = 47688
S_UNMOUNT_VEHICLE_EX = 28077
S_UPDATE_ACHIEVEMENT_PROGRESS = 33436
S_UPDATE_FRIEND_INFO = 40426
S_UPDATE_NPCGUILD = 63507
S_USER_APPEARANCE_CHANGE = 45928
S_USER_BLOCK_LIST = 46742
S_USER_CHANGE_NAME = 58212
S_USER_DEATH = 24101
S_USER_EFFECT = 49108
S_USER_EXTERNAL_CHANGE = 36329
S_USER_LEVELUP = 21471
S_USER_LOCATION = 28211
S_USER_LOCATION_IN_ACTION = 22455
S_USER_MOVETYPE = 40375
S_USER_PAPERDOLL_INFO = 46761
S_USER_SITUATION = 56246
S_USER_STATUS = 44348
S_USER_WEAPON_APPEARANCE_CHANGE = 43285
S_VIEW_PARTY_INVITE = 23876
S_VIEW_WARE_EX = 26933
S_VILLAGE_LIST_TO_TELEPORT = 41837
S_VISIT_NEW_SECTION = 31045
S_VOTE_RESET_ALL_DUNGEON = 27472
S_WEAK_POINT = 28599
S_WHISPER = 32193
