C_ADD_FRIEND = 41845
C_ADD_TELEPORT_TO_POS_LIST = 35387
C_ADMIN = 56379
C_APPLY_PARTY = 41253
C_ASK_INTERACTIVE = 50027
C_BAN_PARTY_MEMBER = 36468
C_BIND_ITEM_BEGIN_PROGRESS = 57264
C_BIND_ITEM_EXECUTE = 24958
C_BLOCK_USER = 41565
C_CANCEL_CHANGE_USER_APPEARANCE = 31355
C_CANCEL_CONTRACT = 21554
C_CANCEL_SKILL = 41012
C_CAN_LOCKON_TARGET = 33661
C_CHANGE_PARTY_MANAGER = 38245
C_CHANGE_PARTY_MEMBER_AUTHORITY = 51416
C_CHAT = 50713
C_CHECK_VERSION = 19900
C_COMMIT_CHANGE_USER_APPEARANCE = 48967
C_COMPLETE_DAILY_EVENT = 58740
C_COMPLETE_EXTRA_EVENT = 42208
C_CONFIRM_UPDATE_NOTIFICATION = 48835
C_CREST_APPLY = 54622
C_CREST_APPLY_LIST = 53947
C_DELETE_FRIEND = 26368
C_DELETE_PARCEL = 40659
C_DELETE_TELEPORT_TO_POS_LIST = 61058
C_DEL_ITEM = 41225
C_DIALOG = 32497
C_DISMISS_PARTY = 61993
C_EDIT_BLOCKED_USER_MEMO = 46733
C_END_MOVIE = 56879
C_GACHA_TRY = 62061
C_GET_IN_SHUTTLE = 42340
C_GET_OUT_SHUTTLE = 64184
C_GET_USER_LIST = 39926
C_HIT_USER_PROJECTILE = 33098
C_INVITE_USER_TO_GUILD = 63082
C_ITEM_COLORING_SET_COLOR = 35768
C_LEAVE_PARTY = 39765
C_LEAVE_PRIVATE_CHANNEL = 23655
C_LIST_PARCEL = 38453
C_LOAD_TOPO_FIN = 27410
C_LOGIN_ARBITER = 29445
C_MERGE_ITEM = 53498
C_NOTIFY_LOCATION_IN_ACTION = 54364
C_NOTIFY_LOCATION_IN_DASH = 41348
C_NOTIMELINE_SKILL = 50206
C_NPC_CONTACT = 36284
C_OP_COMMAND = 44294
C_PARTY_APPLICATION_DENIED = 46633
C_PARTY_MARKER = 63367
C_PARTY_MATCH_WINDOW_CLOSED = 20478
C_PCBANGINVENTORY_USE_SLOT = 50104
C_PLAYER_FLYING_LOCATION = 27134
C_PLAYER_LOCATION = 55068
C_PREMIUM_SLOT_USE_SLOT = 44092
C_PRESS_SKILL = 52174
C_RECV_PARCEL = 61190
C_REGISTER_ENCHANT_ITEM = 47878
C_REGISTER_PARTY_INFO = 29848
C_REGISTER_UPGRADE_ITEM = 63115
C_REMOVE_BLOCKED_USER = 38892
C_REPLY_THROUGH_ARBITER_CONTRACT = 63302
C_REQUEST_CANDIDATE_LIST = 51872
C_REQUEST_CONTRACT = 65501
C_REQUEST_ENCHANT = 38023
C_REQUEST_GAMESTAT_PING = 52742
C_REQUEST_NONDB_ITEM_INFO = 23634
C_REQUEST_PARTY_INFO = 50377
C_REQUEST_PARTY_MATCH_INFO = 41601
C_REQUEST_PARTY_MATCH_INFO_PAGE = 21367
C_REQUEST_PARTY_MATCH_LINK = 38140
C_REQUEST_PRIVATE_CHANNEL_INFO = 33419
C_REQUEST_UPGRADE = 20831
C_REQUEST_USER_PAPERDOLL_INFO = 26182
C_RESET_ALL_DUNGEON = 29312
C_RETURN_TO_LOBBY = 65173
C_REVIVE_NOW = 42235
C_SAVE_CLIENT_ACCOUNT_SETTING = 52508
C_SAVE_CLIENT_USER_SETTING = 60728
C_SECOND_PASSWORD_AUTH = 36364
C_SELECT_USER = 34966
C_SET_VISIBLE_RANGE = 48241
C_SHOW_INVEN = 43603
C_SHOW_ITEM_TOOLTIP_EX = 39709
C_SHOW_PARCEL_MESSAGE = 43718
C_SOCIAL = 31306
C_START_COMBO_INSTANT_SKILL = 51398
C_START_ENCHANT = 30011
C_START_INSTANCE_SKILL = 40834
C_START_INSTANCE_SKILL_EX = 64505
C_START_PRODUCE = 37120
C_START_SKILL = 35901
C_START_TARGETED_SKILL = 32554
C_START_UPGRADE = 59142
C_TELEPORT_TO_POS = 25364
C_TELEPORT_TO_VILLAGE = 37924
C_TRADE_BROKER_BUY_IT_NOW = 32712
C_TRADE_BROKER_DEAL_CONFIRM = 64079
C_TRADE_BROKER_REJECT_SUGGEST = 27916
C_TRADE_BROKER_SUGGEST_DEAL = 55112
C_TRADE_BROKER_WAITING_ITEM_LIST_NEW = 24365
C_TRADE_BROKER_WAITING_ITEM_LIST_PAGE = 50222
C_TRY_LOOT_DROPITEM = 65305
C_UNMOUNT_VEHICLE = 62928
C_UNREGISTER_ENCHANT_ITEM = 26675
C_UNREGISTER_PARTY_INFO = 59865
C_UNREGISTER_UPGRADE_ITEM = 51291
C_USE_ITEM = 24871
C_VIEW_WARE = 21999
C_VISIT_NEW_SECTION = 46623
C_WHISPER = 52725
S_ABNORMALITY_BEGIN = 58657
S_ABNORMALITY_DAMAGE_ABSORB = 47847
S_ABNORMALITY_END = 57414
S_ABNORMALITY_FAIL = 37952
S_ABNORMALITY_REFRESH = 23727
S_ACCEPT_CONTRACT = 40507
S_ACCOMPLISH_ACHIEVEMENT = 26689
S_ACCOUNT_PACKAGE_LIST = 59050
S_ACTION_END = 63299
S_ACTION_STAGE = 36784
S_ADD_BLOCKED_USER = 51770
S_ADD_INTER_PARTY_MATCH_POOL = 55155
S_ADMIN_HOLD_CHARACTER = 52735
S_AERO = 61785
S_AIR_REACTION_END = 53643
S_ANNOUNCE_UPDATE_NOTIFICATION = 63483
S_ANSWER_INTERACTIVE = 31878
S_APPLY_TITLE = 57942
S_AVAILABLE_EVENT_MATCHING_LIST = 47475
S_BAN_PARTY = 42072
S_BAN_PARTY_MEMBER = 34122
S_BATTLE_FIELD_ENTRANCE_INFO = 32400
S_BATTLE_FIELD_POINT_STORE_SELL_LIST = 42952
S_BEGIN_THROUGH_ARBITER_CONTRACT = 60949
S_BOSS_GAGE_INFO = 45023
S_CANCEL_CONTRACT = 58860
S_CANNOT_START_SKILL = 31698
S_CAN_LOCKON_TARGET = 63372
S_CHANGE_DESTPOS_PROJECTILE = 36597
S_CHANGE_EVENT_MATCHING_STATE = 61416
S_CHANGE_PARTY_MANAGER = 52152
S_CHANGE_VOICE_USE_QAC = 31153
S_CHAT = 36155
S_CHECK_TO_READY_PARTY = 64594
S_CHECK_TO_READY_PARTY_FIN = 22155
S_CHECK_VERSION = 19901
S_CLEAR_ALL_HOLDED_ABNORMALITY = 39669
S_COLLECTION_PICKEND = 27902
S_COMPLETE_EVENT_MATCHING_QUEST = 42684
S_CONNECT_SKILL_ARROW = 43697
S_CREATURE_CHANGE_HP = 33222
S_CREATURE_LIFE = 60559
S_CREATURE_ROTATE = 41790
S_CREST_APPLY = 40429
S_CREST_INFO = 31852
S_CREST_MESSAGE = 25949
S_CURRENT_CHANNEL = 56833
S_DEAD_LOCATION = 55144
S_DECREASE_COOLTIME_SKILL = 53392
S_DEFEND_SUCCESS = 56169
S_DESPAWN_BONFIRE = 20322
S_DESPAWN_BUILD_OBJECT = 35823
S_DESPAWN_COLLECTION = 59539
S_DESPAWN_DROPITEM = 40041
S_DESPAWN_NPC = 46555
S_DESPAWN_PROJECTILE = 52000
S_DESPAWN_SHUTTLE = 38931
S_DESPAWN_USER = 25446
S_DIALOG = 33783
S_DUNGEON_CAMERA_SET = 25480
S_DUNGEON_CLEAR_COUNT_LIST = 40344
S_DUNGEON_COOL_TIME_LIST = 27877
S_DUNGEON_EVENT_MESSAGE = 28110
S_EACH_SKILL_RESULT = 46329
S_ENABLE_DISABLE_SELLABLE_ITEM_LIST = 21617
S_END_CHANGE_USER_APPEARANCE = 39973
S_END_USER_PROJECTILE = 57114
S_EXIT = 25681
S_FEARMOVE_END = 61269
S_FEARMOVE_STAGE = 58837
S_FIELD_POINT_INFO = 46484
S_FIN_INTER_PARTY_MATCH = 60628
S_FONT_SWAP_INFO = 64724
S_FRIEND_LIST = 58805
S_GACHA_END = 55101
S_GACHA_START = 44831
S_GET_IN_SHUTTLE = 22083
S_GET_OUT_SHUTTLE = 64978
S_GET_USER_GUILD_LOGO = 27264
S_GET_USER_LIST = 21345
S_GMEVENT_GUIDE_MESSAGE = 35103
S_GMEVENT_OX_QUIZ_OPEN = 58970
S_GMEVENT_OX_QUIZ_RESULT = 30703
S_GMEVENT_RECV_REWARD = 56428
S_GRANT_SKILL = 61103
S_GROUP_NPC_LOCATION = 52854
S_GUILD_NAME = 34986
S_GUILD_STORE_SELL_LIST = 64858
S_GUILD_TOWER_INFO = 34154
S_HOLD_ABNORMALITY_ADD = 20195
S_IMAGE_DATA = 45775
S_INSTANT_DASH = 39705
S_INSTANT_MOVE = 23191
S_INVEN = 61089
S_INVEN_CHANGEDSLOT = 42485
S_ITEM_COLORING_BAG = 32025
S_ITEM_CUSTOM_STRING = 48295
S_JOIN_PRIVATE_CHANNEL = 54959
S_LEAVE_PARTY = 56818
S_LEAVE_PARTY_MEMBER = 49199
S_LEAVE_PRIVATE_CHANNEL = 29978
S_LIST_PARCEL_EX = 60658
S_LOADING_SCREEN_CONTROL_INFO = 46019
S_LOAD_CLIENT_ACCOUNT_SETTING = 49893
S_LOAD_CLIENT_USER_SETTING = 26951
S_LOAD_DUNGEON_SOUND_HINT = 64290
S_LOAD_TELEPORT_TO_POS_LIST = 24692
S_LOAD_TOPO = 63286
S_LOGIN = 56582
S_LOGIN_ACCOUNT_INFO = 50019
S_LOGOUT_PARTY_MEMBER = 55654
S_MOUNT_VEHICLE = 50074
S_MOUNT_VEHICLE_EX = 58073
S_MOVE_SHUTTLE = 49764
S_NOTIFY_TO_FRIENDS_WALK_INTO_SAME_AREA = 23130
S_NPC_CHANGE_MESH = 50068
S_NPC_LOCATION = 29579
S_NPC_MENU_SELECT = 33779
S_NPC_OCCUPIER_INFO = 52307
S_NPC_STATUS = 24995
S_NPC_TARGET_USER = 34619
S_OPEN_AWESOMIUM_WEB_URL = 30856
S_OTHER_USER_APPLY_PARTY = 22288
S_PARCEL_READ_RECV_STATUS = 35636
S_PARTY_INFO = 27115
S_PARTY_MARKER = 65428
S_PARTY_MATCH_LINK = 34516
S_PARTY_MEMBER_ABNORMAL_ADD = 39159
S_PARTY_MEMBER_ABNORMAL_CLEAR = 48928
S_PARTY_MEMBER_ABNORMAL_DEL = 49111
S_PARTY_MEMBER_ABNORMAL_REFRESH = 20147
S_PARTY_MEMBER_BUFF_UPDATE = 58508
S_PARTY_MEMBER_CHANGE_HP = 36763
S_PARTY_MEMBER_CHANGE_MP = 35506
S_PARTY_MEMBER_INFO = 21787
S_PARTY_MEMBER_INTERVAL_POS_UPDATE = 41767
S_PARTY_MEMBER_LIST = 20547
S_PARTY_MEMBER_STAT_UPDATE = 49587
S_PCBANGINVENTORY_DATALIST = 53609
S_PLAYER_CHANGE_ALL_PROF = 60505
S_PLAYER_CHANGE_EXP = 44425
S_PLAYER_CHANGE_FLIGHT_ENERGY = 31815
S_PLAYER_CHANGE_MP = 59718
S_PLAYER_CHANGE_PROF = 39534
S_PLAYER_CHANGE_STAMINA = 21973
S_PLAYER_STAT_UPDATE = 56107
S_PLAY_EFFECT = 53528
S_PLAY_MOVIE = 22025
S_POINT_STORE_SELL_LIST = 33751
S_PREMIUM_SLOT_DATALIST = 37767
S_PREMIUM_SLOT_OFF = 43902
S_PREPARE_EXIT = 29216
S_PREPARE_RETURN_TO_LOBBY = 61750
S_PREVIEW_ITEM = 32330
S_PRIVATE_CHAT = 29483
S_PRODUCE_CRITICAL = 45837
S_QUEST_BALLOON = 40877
S_QUEST_INFO = 59574
S_RECV_PARCEL = 47140
S_REGISTER_ENCHANT_ITEM = 52438
S_REGISTER_UPGRADE_ITEM = 28360
S_REJECT_CONTRACT = 49133
S_REMOVE_BLOCKED_USER = 36879
S_REMOVE_EFFECT = 50467
S_REPLY_NONDB_ITEM_INFO = 51803
S_REPLY_REQUEST_CONTRACT = 59071
S_REQUEST_CONTRACT = 31021
S_REQUEST_PRIVATE_CHANNEL_INFO = 31833
S_REQUEST_SECOND_PASSWORD_AUTH = 46599
S_REQUEST_STYLE_SHOP_MARK_PRODUCTLIST = 64811
S_RESPONSE_GAMESTAT_PONG = 31693
S_RESULT_BIDDING_DICE_THROW = 53159
S_RESULT_ITEM_BIDDING = 40905
S_RETURN_TO_LOBBY = 40913
S_SHORTCUT_CHANGE = 50036
S_SHOW_AWESOMIUMWEB_SHOP = 44019
S_SHOW_CANDIDATE_LIST = 60142
S_SHOW_HP = 36791
S_SHOW_ITEM_TOOLTIP = 27598
S_SHOW_PARTY_MATCH_INFO = 54873
S_SHOW_PCBANG_ICON = 37498
S_SHOW_PEGASUS_MAP = 22847
S_SKILL_CATEGORY = 46094
S_SKILL_LIST = 23310
S_SOCIAL = 21434
S_SPAWN_BONFIRE = 63598
S_SPAWN_BUILD_OBJECT = 29290
S_SPAWN_COLLECTION = 30192
S_SPAWN_DOOR = 48750
S_SPAWN_DROPITEM = 56935
S_SPAWN_ME = 56047
S_SPAWN_NPC = 60877
S_SPAWN_PROJECTILE = 42439
S_SPAWN_SHUTTLE = 26655
S_SPAWN_USER = 38779
S_SPAWN_WORKOBJECT = 35528
S_START_ACTION_SCRIPT = 27251
S_START_CHANGE_USER_APPEARANCE = 45678
S_START_CLIENT_CUSTOM_SKILL = 23693
S_START_COOLTIME_ITEM = 56519
S_START_COOLTIME_SKILL = 30250
S_START_PRODUCE = 34081
S_START_USER_PROJECTILE = 38446
S_STORE_SELL_LIST = 40290
S_SUCCESS_COUNTER = 58346
S_SYSTEM_MESSAGE = 53276
S_SYSTEM_MESSAGE_LOOT_ITEM = 40059
S_SYSTEM_MESSAGE_LOOT_SPECIAL_ITEM = 25634
S_TARGET_INFO = 29310
S_TELEPORT_TO_CAMP = 29375
S_TRADE_BROKER_DEAL_INFO_UPDATE = 34448
S_TRADE_BROKER_DEAL_SUGGESTED = 32019
S_TRADE_BROKER_REQUEST_DEAL_RESULT = 49898
S_TRADE_BROKER_SUGGEST_DEAL = 24210
S_TRADE_BROKER_WAITING_ITEM_LIST = 60593
S_UNICAST_TRANSFORM_DATA = 24232
S_UNMOUNT_VEHICLE = 57734
S_UNMOUNT_VEHICLE_EX = 24976
S_UPDATE_ACHIEVEMENT_PROGRESS = 45419
S_UPDATE_FRIEND_INFO = 59155
S_UPDATE_NPCGUILD = 31041
S_UPDATE_PRODUCE = 53736
S_USER_BLOCK_LIST = 50531
S_USER_CHANGE_NAME = 55033
S_USER_EFFECT = 35277
S_USER_EXTERNAL_CHANGE = 53007
S_USER_LEVELUP = 57686
S_USER_LOCATION = 53006
S_USER_LOCATION_IN_ACTION = 58184
S_USER_MOVETYPE = 49293
S_USER_PAPERDOLL_INFO = 54987
S_USER_SITUATION = 29109
S_USER_STATUS = 37724
S_USER_WEAPON_APPEARANCE_CHANGE = 27964
S_VIEW_WARE_EX = 52577
S_VILLAGE_LIST_TO_TELEPORT = 48696
S_VISIT_NEW_SECTION = 20150
S_WEAK_POINT = 33436
S_WHISPER = 37705
