C_ASK_INTERACTIVE = 25318
C_CANCEL_SKILL = 33614
C_CHANGE_PARTY_MANAGER = 61755
C_CHANGE_PARTY_MEMBER_AUTHORITY = 47765
C_CHAT = 23021
C_CHECK_VERSION = 19900
C_GET_USER_LIST = 25488
C_HIT_USER_PROJECTILE = 60648
C_LEAVE_PARTY = 53687
C_LOGIN_ARBITER = 31791
C_PLAYER_FLYING_LOCATION = 45385
C_PLAYER_LOCATION = 35707
C_REGISTER_PARTY_INFO = 62799
C_REQUEST_CONTRACT = 50667
C_REQUEST_PARTY_INFO = 55525
C_RETURN_TO_LOBBY = 53140
C_SECOND_PASSWORD_AUTH = 50130
C_SELECT_USER = 58661
C_SET_VISIBLE_RANGE = 44068
C_SHOW_ITEM_TOOLTIP_EX = 64107
C_START_SKILL = 59963
C_USE_ITEM = 60797
C_WHISPER = 29936
S_ABNORMALITY_BEGIN = 49407
S_ABNORMALITY_DAMAGE_ABSORB = 48968
S_ABNORMALITY_END = 27492
S_ABNORMALITY_REFRESH = 23047
S_ACCOMPLISH_ACHIEVEMENT = 62417
S_ACCOUNT_PACKAGE_LIST = 36114
S_ACTION_END = 45576
S_ACTION_STAGE = 26273
S_ANSWER_INTERACTIVE = 25292
S_AVAILABLE_EVENT_MATCHING_LIST = 39062
S_AVAILABLE_SOCIAL_LIST = 31098
S_BAN_PARTY = 39951
S_BAN_PARTY_MEMBER = 64808
S_BATTLE_FIELD_ENTRANCE_INFO = 38597
S_BOSS_GAGE_INFO = 21315
S_CHANGE_DESTPOS_PROJECTILE = 55118
S_CHANGE_PARTY_MANAGER = 44303
S_CHAT = 57704
S_CHECK_TO_READY_PARTY = 38994
S_CHECK_TO_READY_PARTY_FIN = 34656
S_CHECK_VERSION = 19901
S_CLEAR_ALL_HOLDED_ABNORMALITY = 58837
S_CREATURE_CHANGE_HP = 39257
S_CREATURE_LIFE = 48504
S_CREATURE_ROTATE = 46191
S_CREST_INFO = 41190
S_CREST_MESSAGE = 46417
S_DECREASE_COOLTIME_SKILL = 39311
S_DESPAWN_NPC = 26252
S_DESPAWN_PROJECTILE = 49746
S_DESPAWN_USER = 50370
S_DUNGEON_CLEAR_COUNT_LIST = 39642
S_DUNGEON_COOL_TIME_LIST = 40377
S_DUNGEON_EVENT_MESSAGE = 40413
S_EACH_SKILL_RESULT = 23766
S_END_USER_PROJECTILE = 21920
S_FIN_INTER_PARTY_MATCH = 60075
S_FRIEND_LIST = 42809
S_GET_USER_GUILD_LOGO = 60260
S_GET_USER_LIST = 43610
S_GUILD_NAME = 44854
S_INSTANT_DASH = 45288
S_INSTANT_MOVE = 51643
S_INVEN = 30281
S_JOIN_PRIVATE_CHANNEL = 33129
S_LEAVE_PARTY = 42767
S_LEAVE_PARTY_MEMBER = 21700
S_LEAVE_PRIVATE_CHANNEL = 45324
S_LOADING_SCREEN_CONTROL_INFO = 38593
S_LOAD_CLIENT_ACCOUNT_SETTING = 43794
S_LOAD_TOPO = 31219
S_LOGIN = 52200
S_LOGIN_ACCOUNT_INFO = 34341
S_LOGOUT_PARTY_MEMBER = 50211
S_MOUNT_VEHICLE = 29236
S_MOUNT_VEHICLE_EX = 60250
S_NOTIFY_TO_FRIENDS_WALK_INTO_SAME_AREA = 56940
S_NPC_LOCATION = 53804
S_NPC_OCCUPIER_INFO = 35961
S_NPC_STATUS = 58347
S_NPC_TARGET_USER = 38718
S_OTHER_USER_APPLY_PARTY = 52752
S_PARTY_INFO = 34177
S_PARTY_MATCH_LINK = 61032
S_PARTY_MEMBER_ABNORMAL_ADD = 31812
S_PARTY_MEMBER_ABNORMAL_CLEAR = 43225
S_PARTY_MEMBER_ABNORMAL_DEL = 56463
S_PARTY_MEMBER_ABNORMAL_REFRESH = 63501
S_PARTY_MEMBER_BUFF_UPDATE = 24784
S_PARTY_MEMBER_CHANGE_HP = 32640
S_PARTY_MEMBER_CHANGE_MP = 54959
S_PARTY_MEMBER_INFO = 32751
S_PARTY_MEMBER_LIST = 31434
S_PARTY_MEMBER_STAT_UPDATE = 28465
S_PLAYER_CHANGE_FLIGHT_ENERGY = 65036
S_PLAYER_CHANGE_MP = 57520
S_PLAYER_STAT_UPDATE = 49586
S_PREPARE_RETURN_TO_LOBBY = 39379
S_PRIVATE_CHAT = 40325
S_QUEST_BALLOON = 53196
S_QUEST_INFO = 49813
S_REQUEST_CONTRACT = 30989
S_REQUEST_SECOND_PASSWORD_AUTH = 33806
S_RESULT_BIDDING_DICE_THROW = 27070
S_RESULT_ITEM_BIDDING = 43953
S_RETURN_TO_LOBBY = 57102
S_SHOW_PARTY_MATCH_INFO = 65521
S_SKILL_LIST = 29082
S_SOCIAL = 37860
S_SPAWN_ME = 40791
S_SPAWN_NPC = 26772
S_SPAWN_PROJECTILE = 51331
S_SPAWN_USER = 31545
S_START_COOLTIME_ITEM = 59539
S_START_COOLTIME_SKILL = 64684
S_START_USER_PROJECTILE = 62897
S_SYSTEM_MESSAGE = 26292
S_SYSTEM_MESSAGE_LOOT_ITEM = 43604
S_TRADE_BROKER_DEAL_SUGGESTED = 43620
S_UPDATE_FRIEND_INFO = 55803
S_UPDATE_NPCGUILD = 53269
S_USER_BLOCK_LIST = 24051
S_USER_EFFECT = 26328
S_USER_LOCATION = 45575
S_USER_STATUS = 40174
S_WEAK_POINT = 61347
S_WHISPER = 25692
