C_ADD_FRIEND = 20672
C_ADD_TELEPORT_TO_POS_LIST = 37938
C_ADMIN = 22586
C_APPLY_PARTY = 64141
C_ASK_INTERACTIVE = 35670
C_BAN_PARTY_MEMBER = 53010
C_BIND_ITEM_BEGIN_PROGRESS = 41225
C_BIND_ITEM_EXECUTE = 32933
C_BLOCK_USER = 32417
C_CANCEL_CHANGE_USER_APPEARANCE = 30796
C_CANCEL_CONTRACT = 44221
C_CANCEL_SKILL = 53068
C_CAN_LOCKON_TARGET = 55719
C_CHANGE_PARTY_MANAGER = 34804
C_CHANGE_PARTY_MEMBER_AUTHORITY = 32407
C_CHAT = 48248
C_CHECK_VERSION = 19900
C_COMMIT_CHANGE_USER_APPEARANCE = 45593
C_COMPLETE_DAILY_EVENT = 52509
C_COMPLETE_EXTRA_EVENT = 40970
C_CONFIRM_UPDATE_NOTIFICATION = 44234
C_CREST_APPLY = 34042
C_CREST_APPLY_LIST = 27136
C_DELETE_FRIEND = 28565
C_DELETE_PARCEL = 40453
C_DELETE_TELEPORT_TO_POS_LIST = 22934
C_DEL_ITEM = 60805
C_DIALOG = 30535
C_DISMISS_PARTY = 32516
C_EDIT_BLOCKED_USER_MEMO = 53250
C_END_MOVIE = 59266
C_GACHA_TRY = 62728
C_GET_IN_SHUTTLE = 26103
C_GET_OUT_SHUTTLE = 55968
C_GET_USER_LIST = 33544
C_HIT_USER_PROJECTILE = 26892
C_INVITE_USER_TO_GUILD = 27882
C_ITEM_COLORING_SET_COLOR = 57877
C_LEAVE_PARTY = 39740
C_LEAVE_PRIVATE_CHANNEL = 21242
C_LIST_PARCEL = 48340
C_LOAD_TOPO_FIN = 61841
C_LOGIN_ARBITER = 37987
C_MERGE_ITEM = 64356
C_NOTIFY_LOCATION_IN_ACTION = 25186
C_NOTIFY_LOCATION_IN_DASH = 27655
C_NOTIMELINE_SKILL = 47355
C_NPC_CONTACT = 26420
C_OP_COMMAND = 27939
C_PARTY_APPLICATION_DENIED = 37456
C_PARTY_MARKER = 55503
C_PARTY_MATCH_WINDOW_CLOSED = 60802
C_PCBANGINVENTORY_USE_SLOT = 60868
C_PLAYER_FLYING_LOCATION = 30432
C_PLAYER_LOCATION = 45266
C_PREMIUM_SLOT_USE_SLOT = 21298
C_PRESS_SKILL = 31722
C_RECV_PARCEL = 32083
C_REGISTER_ENCHANT_ITEM = 27767
C_REGISTER_PARTY_INFO = 61028
C_REGISTER_UPGRADE_ITEM = 42161
C_REMOVE_BLOCKED_USER = 48109
C_REPLY_THROUGH_ARBITER_CONTRACT = 44377
C_REQUEST_CANDIDATE_LIST = 63759
C_REQUEST_CONTRACT = 53537
C_REQUEST_ENCHANT = 23292
C_REQUEST_GAMESTAT_PING = 49235
C_REQUEST_NONDB_ITEM_INFO = 59199
C_REQUEST_PARTY_INFO = 50184
C_REQUEST_PARTY_MATCH_INFO = 64203
C_REQUEST_PARTY_MATCH_INFO_PAGE = 53372
C_REQUEST_PARTY_MATCH_LINK = 55500
C_REQUEST_PRIVATE_CHANNEL_INFO = 59727
C_REQUEST_UPGRADE = 32365
C_REQUEST_USER_PAPERDOLL_INFO = 26362
C_RESET_ALL_DUNGEON = 35687
C_RETURN_TO_LOBBY = 43192
C_REVIVE_NOW = 50913
C_SAVE_CLIENT_ACCOUNT_SETTING = 32223
C_SAVE_CLIENT_USER_SETTING = 46178
C_SECOND_PASSWORD_AUTH = 52080
C_SELECT_USER = 59228
C_SET_VISIBLE_RANGE = 52971
C_SHOW_INVEN = 54880
C_SHOW_ITEM_TOOLTIP_EX = 32244
C_SHOW_PARCEL_MESSAGE = 47511
C_SOCIAL = 38932
C_START_COMBO_INSTANT_SKILL = 58641
C_START_ENCHANT = 23925
C_START_INSTANCE_SKILL = 27017
C_START_INSTANCE_SKILL_EX = 46195
C_START_PRODUCE = 34420
C_START_SKILL = 40225
C_START_TARGETED_SKILL = 26807
C_START_UPGRADE = 61379
C_TELEPORT_TO_POS = 20862
C_TELEPORT_TO_VILLAGE = 32580
C_TRADE_BROKER_BUY_IT_NOW = 53678
C_TRADE_BROKER_DEAL_CONFIRM = 38124
C_TRADE_BROKER_REJECT_SUGGEST = 56310
C_TRADE_BROKER_SUGGEST_DEAL = 51949
C_TRADE_BROKER_WAITING_ITEM_LIST_NEW = 42712
C_TRADE_BROKER_WAITING_ITEM_LIST_PAGE = 48074
C_TRY_LOOT_DROPITEM = 55229
C_UNMOUNT_VEHICLE = 55811
C_UNREGISTER_ENCHANT_ITEM = 58232
C_UNREGISTER_PARTY_INFO = 41378
C_UNREGISTER_UPGRADE_ITEM = 45559
C_USE_ITEM = 22018
C_VIEW_WARE = 26729
C_VISIT_NEW_SECTION = 63801
C_WHISPER = 44847
S_ABNORMALITY_BEGIN = 29348
S_ABNORMALITY_DAMAGE_ABSORB = 48912
S_ABNORMALITY_END = 32791
S_ABNORMALITY_FAIL = 51279
S_ABNORMALITY_REFRESH = 61751
S_ACCEPT_CONTRACT = 25685
S_ACCOMPLISH_ACHIEVEMENT = 23801
S_ACCOUNT_PACKAGE_LIST = 48004
S_ACTION_END = 54798
S_ACTION_STAGE = 63592
S_ADD_BLOCKED_USER = 64255
S_ADD_INTER_PARTY_MATCH_POOL = 53309
S_ADMIN_HOLD_CHARACTER = 44335
S_AERO = 24635
S_AIR_REACTION_END = 56089
S_ANNOUNCE_UPDATE_NOTIFICATION = 24873
S_ANSWER_INTERACTIVE = 21845
S_APPLY_TITLE = 54882
S_AVAILABLE_EVENT_MATCHING_LIST = 63925
S_BAN_PARTY = 62286
S_BAN_PARTY_MEMBER = 33927
S_BATTLE_FIELD_ENTRANCE_INFO = 58134
S_BATTLE_FIELD_POINT_STORE_SELL_LIST = 45921
S_BEGIN_THROUGH_ARBITER_CONTRACT = 58661
S_BOSS_GAGE_INFO = 20826
S_CANCEL_CONTRACT = 26082
S_CANNOT_START_SKILL = 34449
S_CAN_LOCKON_TARGET = 25185
S_CHANGE_DESTPOS_PROJECTILE = 59245
S_CHANGE_EVENT_MATCHING_STATE = 40270
S_CHANGE_PARTY_MANAGER = 50721
S_CHANGE_VOICE_USE_QAC = 49794
S_CHAT = 39287
S_CHECK_TO_READY_PARTY = 34554
S_CHECK_TO_READY_PARTY_FIN = 44052
S_CHECK_VERSION = 19901
S_CLEAR_ALL_HOLDED_ABNORMALITY = 30803
S_COLLECTION_PICKEND = 54234
S_COMPLETE_EVENT_MATCHING_QUEST = 35004
S_CONNECT_SKILL_ARROW = 34216
S_CREATURE_CHANGE_HP = 49802
S_CREATURE_LIFE = 32288
S_CREATURE_ROTATE = 20801
S_CREST_APPLY = 34651
S_CREST_INFO = 44249
S_CREST_MESSAGE = 63218
S_CURRENT_CHANNEL = 57989
S_DEAD_LOCATION = 48931
S_DECREASE_COOLTIME_SKILL = 25059
S_DEFEND_SUCCESS = 20864
S_DESPAWN_BONFIRE = 55676
S_DESPAWN_BUILD_OBJECT = 42897
S_DESPAWN_COLLECTION = 22977
S_DESPAWN_DROPITEM = 50156
S_DESPAWN_NPC = 26073
S_DESPAWN_PROJECTILE = 53935
S_DESPAWN_SHUTTLE = 46046
S_DESPAWN_USER = 33903
S_DIALOG = 26176
S_DUNGEON_CAMERA_SET = 61634
S_DUNGEON_CLEAR_COUNT_LIST = 63688
S_DUNGEON_COOL_TIME_LIST = 35291
S_DUNGEON_EVENT_MESSAGE = 24311
S_EACH_SKILL_RESULT = 42265
S_ENABLE_DISABLE_SELLABLE_ITEM_LIST = 50717
S_END_CHANGE_USER_APPEARANCE = 61033
S_END_USER_PROJECTILE = 21834
S_EXIT = 60396
S_FEARMOVE_END = 29058
S_FEARMOVE_STAGE = 60610
S_FIELD_POINT_INFO = 20925
S_FIN_INTER_PARTY_MATCH = 45423
S_FONT_SWAP_INFO = 51034
S_FRIEND_LIST = 64710
S_GACHA_END = 30301
S_GACHA_START = 61430
S_GET_IN_SHUTTLE = 39078
S_GET_OUT_SHUTTLE = 36516
S_GET_USER_GUILD_LOGO = 42690
S_GET_USER_LIST = 48733
S_GMEVENT_GUIDE_MESSAGE = 42819
S_GMEVENT_OX_QUIZ_OPEN = 64827
S_GMEVENT_OX_QUIZ_RESULT = 55609
S_GMEVENT_RECV_REWARD = 28968
S_GRANT_SKILL = 58690
S_GROUP_NPC_LOCATION = 46605
S_GUILD_NAME = 20780
S_GUILD_STORE_SELL_LIST = 43060
S_GUILD_TOWER_INFO = 22617
S_HOLD_ABNORMALITY_ADD = 54498
S_IMAGE_DATA = 50477
S_INSTANT_DASH = 25657
S_INSTANT_MOVE = 23586
S_INVEN = 39839
S_INVEN_CHANGEDSLOT = 46474
S_ITEM_COLORING_BAG = 27851
S_ITEM_CUSTOM_STRING = 65068
S_JOIN_PRIVATE_CHANNEL = 57703
S_LEAVE_PARTY = 54144
S_LEAVE_PARTY_MEMBER = 40340
S_LEAVE_PRIVATE_CHANNEL = 54356
S_LIST_PARCEL_EX = 37706
S_LOADING_SCREEN_CONTROL_INFO = 45597
S_LOAD_CLIENT_ACCOUNT_SETTING = 24775
S_LOAD_CLIENT_USER_SETTING = 49645
S_LOAD_DUNGEON_SOUND_HINT = 43083
S_LOAD_TELEPORT_TO_POS_LIST = 63516
S_LOAD_TOPO = 63245
S_LOGIN = 43681
S_LOGIN_ACCOUNT_INFO = 21759
S_LOGOUT_PARTY_MEMBER = 42292
S_MOUNT_VEHICLE = 49468
S_MOUNT_VEHICLE_EX = 39486
S_MOVE_SHUTTLE = 52057
S_NOTIFY_TO_FRIENDS_WALK_INTO_SAME_AREA = 41573
S_NPC_CHANGE_MESH = 22550
S_NPC_LOCATION = 31470
S_NPC_MENU_SELECT = 31949
S_NPC_OCCUPIER_INFO = 54349
S_NPC_STATUS = 35311
S_NPC_TARGET_USER = 23251
S_OPEN_AWESOMIUM_WEB_URL = 62883
S_OTHER_USER_APPLY_PARTY = 38709
S_PARCEL_READ_RECV_STATUS = 31270
S_PARTY_INFO = 48144
S_PARTY_MARKER = 29843
S_PARTY_MATCH_LINK = 54807
S_PARTY_MEMBER_ABNORMAL_ADD = 60271
S_PARTY_MEMBER_ABNORMAL_CLEAR = 26468
S_PARTY_MEMBER_ABNORMAL_DEL = 31891
S_PARTY_MEMBER_ABNORMAL_REFRESH = 49958
S_PARTY_MEMBER_BUFF_UPDATE = 46895
S_PARTY_MEMBER_CHANGE_HP = 40571
S_PARTY_MEMBER_CHANGE_MP = 34072
S_PARTY_MEMBER_INFO = 60895
S_PARTY_MEMBER_INTERVAL_POS_UPDATE = 58965
S_PARTY_MEMBER_LIST = 39842
S_PARTY_MEMBER_STAT_UPDATE = 40671
S_PCBANGINVENTORY_DATALIST = 39108
S_PLAYER_CHANGE_ALL_PROF = 31161
S_PLAYER_CHANGE_EXP = 37998
S_PLAYER_CHANGE_FLIGHT_ENERGY = 57430
S_PLAYER_CHANGE_MP = 47023
S_PLAYER_CHANGE_PROF = 47265
S_PLAYER_CHANGE_STAMINA = 21974
S_PLAYER_STAT_UPDATE = 54658
S_PLAY_EFFECT = 39701
S_PLAY_MOVIE = 48761
S_POINT_STORE_SELL_LIST = 57340
S_PREMIUM_SLOT_DATALIST = 36659
S_PREMIUM_SLOT_OFF = 46677
S_PREPARE_EXIT = 48813
S_PREPARE_RETURN_TO_LOBBY = 38784
S_PREVIEW_ITEM = 24911
S_PRIVATE_CHAT = 60033
S_PRODUCE_CRITICAL = 41498
S_QUEST_BALLOON = 21877
S_QUEST_INFO = 57193
S_RECV_PARCEL = 22071
S_REGISTER_ENCHANT_ITEM = 25082
S_REGISTER_UPGRADE_ITEM = 53932
S_REJECT_CONTRACT = 55573
S_REMOVE_BLOCKED_USER = 56051
S_REMOVE_EFFECT = 35643
S_REPLY_NONDB_ITEM_INFO = 26835
S_REPLY_REQUEST_CONTRACT = 28126
S_REQUEST_CONTRACT = 20170
S_REQUEST_PRIVATE_CHANNEL_INFO = 51640
S_REQUEST_SECOND_PASSWORD_AUTH = 48566
S_REQUEST_STYLE_SHOP_MARK_PRODUCTLIST = 62554
S_RESPONSE_GAMESTAT_PONG = 47249
S_RESULT_BIDDING_DICE_THROW = 63901
S_RESULT_ITEM_BIDDING = 21226
S_RETURN_TO_LOBBY = 40466
S_SHORTCUT_CHANGE = 55268
S_SHOW_AWESOMIUMWEB_SHOP = 53438
S_SHOW_CANDIDATE_LIST = 30055
S_SHOW_HP = 50911
S_SHOW_ITEM_TOOLTIP = 41677
S_SHOW_PARTY_MATCH_INFO = 25350
S_SHOW_PCBANG_ICON = 65048
S_SHOW_PEGASUS_MAP = 47575
S_SKILL_CATEGORY = 58644
S_SKILL_LIST = 61860
S_SOCIAL = 43455
S_SPAWN_BONFIRE = 32802
S_SPAWN_BUILD_OBJECT = 20872
S_SPAWN_COLLECTION = 35096
S_SPAWN_DOOR = 56443
S_SPAWN_DROPITEM = 57120
S_SPAWN_ME = 50988
S_SPAWN_NPC = 38966
S_SPAWN_PROJECTILE = 50960
S_SPAWN_SHUTTLE = 43228
S_SPAWN_USER = 20115
S_SPAWN_WORKOBJECT = 53004
S_START_ACTION_SCRIPT = 44088
S_START_CHANGE_USER_APPEARANCE = 45333
S_START_CLIENT_CUSTOM_SKILL = 41110
S_START_COOLTIME_ITEM = 56406
S_START_COOLTIME_SKILL = 30232
S_START_PRODUCE = 50371
S_START_USER_PROJECTILE = 43771
S_STORE_SELL_LIST = 28778
S_SUCCESS_COUNTER = 55752
S_SYSTEM_MESSAGE = 58016
S_SYSTEM_MESSAGE_LOOT_ITEM = 34751
S_SYSTEM_MESSAGE_LOOT_SPECIAL_ITEM = 22450
S_TARGET_INFO = 63708
S_TELEPORT_TO_CAMP = 45473
S_TRADE_BROKER_DEAL_INFO_UPDATE = 60460
S_TRADE_BROKER_DEAL_SUGGESTED = 31267
S_TRADE_BROKER_REQUEST_DEAL_RESULT = 26263
S_TRADE_BROKER_SUGGEST_DEAL = 52616
S_TRADE_BROKER_WAITING_ITEM_LIST = 34219
S_UNICAST_TRANSFORM_DATA = 47347
S_UNMOUNT_VEHICLE = 27862
S_UNMOUNT_VEHICLE_EX = 33755
S_UPDATE_ACHIEVEMENT_PROGRESS = 30631
S_UPDATE_FRIEND_INFO = 27731
S_UPDATE_NPCGUILD = 36467
S_UPDATE_PRODUCE = 58721
S_USER_BLOCK_LIST = 48756
S_USER_CHANGE_NAME = 21150
S_USER_EFFECT = 21380
S_USER_EXTERNAL_CHANGE = 20849
S_USER_LEVELUP = 21627
S_USER_LOCATION = 44734
S_USER_LOCATION_IN_ACTION = 49113
S_USER_MOVETYPE = 60537
S_USER_PAPERDOLL_INFO = 55008
S_USER_SITUATION = 45124
S_USER_STATUS = 42962
S_USER_WEAPON_APPEARANCE_CHANGE = 50128
S_VIEW_WARE_EX = 60988
S_VILLAGE_LIST_TO_TELEPORT = 54048
S_VISIT_NEW_SECTION = 42298
S_WEAK_POINT = 28655
S_WHISPER = 21201
