C_ADD_FRIEND 38549
C_ADD_TELEPORT_TO_POS_LIST 27187
C_ADMIN 37879
C_APPLY_PARTY 64008
C_ASK_INTERACTIVE 20024
C_BAN_PARTY_MEMBER 48191
C_BIND_ITEM_BEGIN_PROGRESS 57979
C_BIND_ITEM_EXECUTE 20563
C_BLOCK_USER 65116
C_CANCEL_CHANGE_USER_APPEARANCE 56610
C_CANCEL_CONTRACT 44007
C_CANCEL_SKILL 41873
C_CAN_LOCKON_TARGET 37644
C_CHANGE_PARTY_MANAGER 63893
C_CHANGE_PARTY_MEMBER_AUTHORITY 60328
C_CHAT 57598
C_CHECK_VERSION 19900
C_COMMIT_CHANGE_USER_APPEARANCE 50604
C_COMPLETE_DAILY_EVENT 33398
C_COMPLETE_EXTRA_EVENT 33272
C_CONFIRM_UPDATE_NOTIFICATION 24031
C_CREST_APPLY 58503
C_CREST_APPLY_LIST 28305
C_DELETE_FRIEND 26777
C_DELETE_TELEPORT_TO_POS_LIST 56814
C_DEL_ITEM 27988
C_DIALOG 40965
C_DISMISS_PARTY 23160
C_EDIT_BLOCKED_USER_MEMO 45563
C_END_CLIMBING 34341
C_END_MOVIE 44029
C_GACHA_TRY 59281
C_GET_IN_SHUTTLE 58442
C_GET_OUT_SHUTTLE 41732
C_GET_USER_LIST 36216
C_HIT_USER_PROJECTILE 29717
C_INVITE_USER_TO_GUILD 38036
C_ITEM_COLORING_SET_COLOR 59666
C_LEAVE_PARTY 47224
C_LEAVE_PRIVATE_CHANNEL 36747
C_LOAD_TOPO_FIN 27043
C_LOGIN_ARBITER 27184
C_MERGE_ITEM 29228
C_MERGE_ITEM_EXECUTE 21885
C_NOTIFY_LOCATION_IN_ACTION 25092
C_NOTIFY_LOCATION_IN_DASH 35809
C_NOTIMELINE_SKILL 65450
C_NPC_CONTACT 38802
C_OP_COMMAND 44293
C_PARTY_APPLICATION_DENIED 49657
C_PARTY_MARKER 56096
C_PARTY_MATCH_WINDOW_CLOSED 20333
C_PLAYER_FLYING_LOCATION 27540
C_PLAYER_LOCATION 59350
C_PRESS_SKILL 20765
C_REGISTER_ENCHANT_ITEM 41148
C_REGISTER_EVOLUTION_ITEM 41076
C_REGISTER_PARTY_INFO 46354
C_REMOVE_BLOCKED_USER 63499
C_REPLY_THROUGH_ARBITER_CONTRACT 55782
C_REQUEST_CANDIDATE_LIST 30757
C_REQUEST_CONTRACT 35891
C_REQUEST_ENCHANT 45050
C_REQUEST_EVOLUTION 64923
C_REQUEST_GAMESTAT_PING 37543
C_REQUEST_NONDB_ITEM_INFO 52719
C_REQUEST_PARTY_INFO 56997
C_REQUEST_PARTY_MATCH_INFO 52616
C_REQUEST_PARTY_MATCH_INFO_PAGE 31121
C_REQUEST_PARTY_MATCH_LINK 46582
C_REQUEST_PRIVATE_CHANNEL_INFO 40531
C_REQUEST_USER_PAPERDOLL_INFO 54663
C_REQUEST_USER_PAPERDOLL_INFO_WITH_GAMEID 57171
C_RESET_ALL_DUNGEON 38754
C_RETURN_TO_LOBBY 49854
C_REVIVE_NOW 20634
C_RQ_COMMIT_DECOMPOSITION_CONTRACT 23188
C_RQ_START_SOCIAL_ON_PROGRESS_DECOMPOSITION 59656
C_SAVE_CLIENT_ACCOUNT_SETTING 63837
C_SAVE_CLIENT_USER_SETTING 64972
C_SECOND_PASSWORD_AUTH 50164
C_SELECT_USER 63075
C_SET_VISIBLE_RANGE 28363
C_SHOW_ITEMLIST 23402
C_SHOW_ITEM_TOOLTIP_EX 20100
C_SOCIAL 30415
C_START_COMBO_INSTANT_SKILL 28146
C_START_ENCHANT 57052
C_START_EVOLUTION 35967
C_START_INSTANCE_SKILL 26233
C_START_INSTANCE_SKILL_EX 51096
C_START_PRODUCE 45329
C_START_SKILL 51607
C_START_TARGETED_SKILL 62596
C_TELEPORT_TO_POS 54074
C_TELEPORT_TO_VILLAGE 60696
C_TRADE_BROKER_BUY_IT_NOW 62497
C_TRADE_BROKER_DEAL_CONFIRM 64261
C_TRADE_BROKER_REJECT_SUGGEST 36680
C_TRADE_BROKER_SUGGEST_DEAL 40146
C_TRADE_BROKER_WAITING_ITEM_LIST_NEW 35746
C_TRADE_BROKER_WAITING_ITEM_LIST_PAGE 29979
C_TRY_LOOT_DROPITEM 58094
C_UNMOUNT_VEHICLE 20320
C_UNREGISTER_ENCHANT_ITEM 65320
C_UNREGISTER_EVOLUTION_ITEM 20768
C_UNREGISTER_PARTY_INFO 39930
C_UPDATE_REACTION_POS 25974
C_USE_ITEM 33307
C_USE_PREMIUM_SLOT 43918
C_VIEW_WARE 46666
C_VISIT_NEW_SECTION 20557
C_WHISPER 22485
S_ABNORMALITY_BEGIN 38978
S_ABNORMALITY_DAMAGE_ABSORB 24108
S_ABNORMALITY_END 40898
S_ABNORMALITY_FAIL 52624
S_ABNORMALITY_REFRESH 34744
S_ABNORMALITY_RESIST 55569
S_ABNORMALITY_SCALE_UP 40714
S_ACCEPT_CONTRACT 34348
S_ACCOMPLISH_ACHIEVEMENT 53869
S_ACCOUNT_PACKAGE_LIST 43775
S_ACTION_END 24674
S_ACTION_STAGE 22450
S_ADD_BLOCKED_USER 36385
S_ADD_INTER_PARTY_MATCH_POOL 64105
S_ADMIN_HOLD_CHARACTER 50214
S_AERO 51589
S_AIR_REACTION_END 31053
S_ANNOUNCE_UPDATE_NOTIFICATION 55364
S_ANSWER_INTERACTIVE 51718
S_APPLY_TITLE 28050
S_ASK_BIDDING_RARE_ITEM 33108
S_ASK_TELEPORT 30525
S_AVAILABLE_EVENT_MATCHING_LIST 55436
S_AVAILABLE_SOCIAL_LIST 62902
S_BAN_PARTY 46891
S_BAN_PARTY_MEMBER 63697
S_BATTLE_FIELD_ENTRANCE_INFO 23134
S_BATTLE_FIELD_POINT_STORE_SELL_LIST 42405
S_BEGIN_THROUGH_ARBITER_CONTRACT 24100
S_BOSS_GAGE_INFO 45514
S_BROADCAST_FLOATING_CASTLE_INFO 56771
S_BROADCAST_FLOATING_CASTLE_NAMEPLATE 29248
S_CANCEL_CONTRACT 42838
S_CANNOT_START_SKILL 39091
S_CAN_LOCKON_TARGET 51684
S_CHANGE_DESTPOS_PROJECTILE 22118
S_CHANGE_EP_EXP_DAILY_LIMIT 53179
S_CHANGE_EP_POINT 63965
S_CHANGE_EVENT_MATCHING_STATE 54969
S_CHANGE_FRIEND_STATE 43231
S_CHANGE_GUILD_CHIEF 56255
S_CHANGE_PARTY_MANAGER 31841
S_CHANGE_VOICE_USE_QAC 33839
S_CHAT 57278
S_CHECK_TO_READY_PARTY 43313
S_CHECK_TO_READY_PARTY_FIN 61460
S_CHECK_VERSION 19901
S_CLEAR_ALL_HOLDED_ABNORMALITY 65466
S_COLLECTION_PICKEND 35546
S_COLLECTION_PICKSTART 62733
S_COMPLETE_EVENT_MATCHING_QUEST 61619
S_CONNECT_SKILL_ARROW 58186
S_CREATURE_CHANGE_HP 54657
S_CREATURE_LIFE 28874
S_CREATURE_ROTATE 44863
S_CREST_APPLY 31622
S_CREST_INFO 24525
S_CREST_MESSAGE 42443
S_CURRENT_CHANNEL 48883
S_CUSTOM_STYLE_SYSTEM_MESSAGE 49207
S_DEAD_LOCATION 35410
S_DECREASE_COOLTIME_SKILL 42665
S_DEFEND_SUCCESS 29564
S_DELETE_FRIEND 41587
S_DESPAWN_BONFIRE 46600
S_DESPAWN_BUILD_OBJECT 51687
S_DESPAWN_COLLECTION 58080
S_DESPAWN_DROPITEM 44133
S_DESPAWN_EVENT_SEED 51520
S_DESPAWN_NPC 21656
S_DESPAWN_PROJECTILE 58012
S_DESPAWN_SHUTTLE 21363
S_DESPAWN_USER 45129
S_DESTROY_GUILD_TOWER 65252
S_DIALOG 40083
S_DUNGEON_CAMERA_SET 31343
S_DUNGEON_CLEAR_COUNT_LIST 53818
S_DUNGEON_COOL_TIME_LIST 26978
S_DUNGEON_EVENT_MESSAGE 62486
S_EACH_SKILL_RESULT 39464
S_ENABLE_DISABLE_SELLABLE_ITEM_LIST 61833
S_END_CHANGE_USER_APPEARANCE 49427
S_END_PRODUCE 47911
S_END_USER_PROJECTILE 46850
S_EP_SYSTEM_DAILY_EVENT_EXP_ON_OFF 23098
S_EXIT 41353
S_F2P_PremiumUser_Permission 38964
S_FACIAL_ATTACHMENT_BROADCAST 61868
S_FATIGABILITY_POINT 51041
S_FEARMOVE_END 58996
S_FEARMOVE_STAGE 47064
S_FIELD_EVENT_ON_ENTER 53164
S_FIELD_EVENT_ON_LEAVE 21812
S_FIELD_POINT_INFO 24120
S_FIN_INTER_PARTY_MATCH 31477
S_FIX_VEHICLE_PROGRESS 22314
S_FONT_SWAP_INFO 50256
S_FRIEND_LIST 56965
S_GACHA_END 51417
S_GACHA_START 31393
S_GET_IN_SHUTTLE 54809
S_GET_OUT_SHUTTLE 36471
S_GET_USER_GUILD_LOGO 36799
S_GET_USER_LIST 25755
S_GMEVENT_GUIDE_MESSAGE 42531
S_GMEVENT_OX_QUIZ_OPEN 62189
S_GMEVENT_OX_QUIZ_RESULT 43176
S_GMEVENT_RECV_REWARD 23808
S_GRANT_SKILL 51439
S_GROUP_NPC_LOCATION 23008
S_GUILD_MEMBER_LIST 33837
S_GUILD_NAME 20844
S_GUILD_STORE_SELL_LIST 38798
S_GUILD_TOWER_INFO 55032
S_HIT_COMBO 39242
S_HOLD_ABNORMALITY_ADD 24355
S_IMAGE_DATA 46027
S_INSTANCE_ARROW 34695
S_INSTANT_DASH 63027
S_INSTANT_MOVE 54340
S_INVEN_CHANGEDSLOT 50567
S_INVEN_USERDATA 48150
S_ITEMLIST 58962
S_ITEM_COLORING_BAG 59862
S_ITEM_CUSTOM_STRING 46619
S_ITEM_EXPLOSION_RESULT 46974
S_JOIN_PRIVATE_CHANNEL 30436
S_LEARN_EP_PERK 61395
S_LEAVE_GUILD 21020
S_LEAVE_PARTY 21911
S_LEAVE_PARTY_MEMBER 56267
S_LEAVE_PRIVATE_CHANNEL 60419
S_LOADING_SCREEN_CONTROL_INFO 63428
S_LOAD_ACHIEVEMENT_LIST 49469
S_LOAD_CLIENT_ACCOUNT_SETTING 51750
S_LOAD_CLIENT_USER_SETTING 43160
S_LOAD_DUNGEON_SOUND_HINT 25699
S_LOAD_EP_INFO 44556
S_LOAD_TELEPORT_TO_POS_LIST 60248
S_LOAD_TOPO 48785
S_LOCKON_YOU 46596
S_LOGIN 64081
S_LOGIN_ACCOUNT_INFO 29955
S_LOGOUT_PARTY_MEMBER 25821
S_MOUNT_VEHICLE 51508
S_MOUNT_VEHICLE_EX 25495
S_MOVE_SHUTTLE 24497
S_MUTE 42445
S_NOCTAN_VARIATION_INFO 21498
S_NOTIFY_GUILD_QUEST_URGENT 61639
S_NOTIFY_TO_FRIENDS_WALK_INTO_SAME_AREA 42890
S_NPCGUILD_LIST 23214
S_NPC_CHANGE_MESH 28041
S_NPC_LOCATION 61687
S_NPC_MENU_SELECT 57358
S_NPC_OCCUPIER_INFO 60384
S_NPC_STATUS 39590
S_NPC_TARGET_USER 33772
S_OPEN_AWESOMIUM_WEB_URL 22692
S_OTHER_USER_APPLY_PARTY 45064
S_PARTY_INFO 53457
S_PARTY_MARKER 56452
S_PARTY_MATCH_LINK 63131
S_PARTY_MEMBER_ABNORMAL_ADD 58058
S_PARTY_MEMBER_ABNORMAL_CLEAR 28034
S_PARTY_MEMBER_ABNORMAL_DEL 64807
S_PARTY_MEMBER_ABNORMAL_REFRESH 54159
S_PARTY_MEMBER_BUFF_UPDATE 65111
S_PARTY_MEMBER_CHANGE_HP 37345
S_PARTY_MEMBER_CHANGE_MP 43960
S_PARTY_MEMBER_CHANGE_STAMINA 54099
S_PARTY_MEMBER_INFO 60134
S_PARTY_MEMBER_INTERVAL_POS_UPDATE 50311
S_PARTY_MEMBER_LIST 63095
S_PARTY_MEMBER_QUEST_DATA 60980
S_PARTY_MEMBER_STAT_UPDATE 63715
S_PLAYER_CHANGE_ALL_PROF 25811
S_PLAYER_CHANGE_EP 31820
S_PLAYER_CHANGE_EXP 48561
S_PLAYER_CHANGE_FLIGHT_ENERGY 26706
S_PLAYER_CHANGE_MP 59790
S_PLAYER_CHANGE_PROF 29547
S_PLAYER_CHANGE_STAMINA 44181
S_PLAYER_RESET_EP 52356
S_PLAYER_STAT_UPDATE 63999
S_PLAY_ANIMATION 61578
S_PLAY_EFFECT 48989
S_PLAY_MOVIE 42395
S_PLAY_SOUND 20164
S_POINT_STORE_SELL_LIST 39481
S_PREMIUM_SLOT_DATALIST 47422
S_PREMIUM_SLOT_OFF 36099
S_PREPARE_EXIT 44667
S_PREPARE_RETURN_TO_LOBBY 60116
S_PREVIEW_ITEM 57725
S_PRIVATE_CHANNEL_NOTICE 63643
S_PRIVATE_CHAT 22974
S_PRODUCE_CRITICAL 30338
S_QUEST_BALLOON 42816
S_QUEST_INFO 47193
S_QUEST_VILLAGER_INFO 63577
S_REGISTER_ENCHANT_ITEM 32082
S_REGISTER_EVOLUTION_ITEM 48494
S_REJECT_CONTRACT 21169
S_REMOVE_BLOCKED_USER 57836
S_REMOVE_EFFECT 43167
S_REPLY_CLIENT_CHAT_OPTION_SETTING 26938
S_REPLY_NONDB_ITEM_INFO 32995
S_REPLY_REQUEST_CONTRACT 59299
S_REQUEST_CITY_WAR_MAP_INFO 28089
S_REQUEST_CITY_WAR_MAP_INFO_DETAIL 39577
S_REQUEST_CITY_WAR_MAP_INFO_END 25645
S_REQUEST_CONTRACT 54156
S_REQUEST_DESPAWN_SERVANT 37546
S_REQUEST_PRIVATE_CHANNEL_INFO 35680
S_REQUEST_REACTION_POS_TICK 53954
S_REQUEST_SECOND_PASSWORD_AUTH 35827
S_REQUEST_SERVANT_INFO_LIST 31565
S_REQUEST_SPAWN_SERVANT 38148
S_REQUEST_STYLE_SHOP_MARK_PRODUCTLIST 37729
S_RESET_EP_PERK 38605
S_RESPONSE_GAMESTAT_PONG 44055
S_RESULT_BIDDING_DICE_THROW 56760
S_RESULT_EVENT_SEED 53814
S_RESULT_ITEM_BIDDING 41700
S_RETURN_TO_LOBBY 34963
S_RP_SKILL_POLISHING_LIST 50109
S_SHORTCUT_CHANGE 22563
S_SHOW_AWESOMIUMWEB_SHOP 54046
S_SHOW_CANDIDATE_LIST 29608
S_SHOW_HP 38750
S_SHOW_ITEM_TOOLTIP 27982
S_SHOW_PARTY_MATCH_INFO 64946
S_SHOW_PEGASUS_MAP 41827
S_SHOW_USER_EP_INFO 24657
S_SKILL_ATTENTION_TARGET 63862
S_SKILL_CATEGORY 42391
S_SKILL_LIST 20645
S_SOCIAL 53933
S_SPAWN_BONFIRE 47149
S_SPAWN_BUILD_OBJECT 29373
S_SPAWN_COLLECTION 51812
S_SPAWN_DOOR 35256
S_SPAWN_DROPITEM 54350
S_SPAWN_EVENT_SEED 29147
S_SPAWN_ME 48586
S_SPAWN_NPC 34516
S_SPAWN_PROJECTILE 46893
S_SPAWN_SHUTTLE 24764
S_SPAWN_USER 49858
S_SPAWN_WORKOBJECT 30658
S_START_ACTION_SCRIPT 41688
S_START_CHANGE_USER_APPEARANCE 30097
S_START_CLIENT_CUSTOM_SKILL 30942
S_START_CLIMBING 23657
S_START_COOLTIME_ITEM 29495
S_START_COOLTIME_SKILL 44591
S_START_INVERSE_CAPTURE 50096
S_START_PRODUCE 43185
S_START_USER_PROJECTILE 38177
S_STICK_TO_USER_END 25410
S_STICK_TO_USER_START 51526
S_STORE_SELL_LIST 50742
S_SUCCESS_COUNTER 61552
S_SYSTEM_MESSAGE 24122
S_SYSTEM_MESSAGE_LOOT_ITEM 52354
S_SYSTEM_MESSAGE_LOOT_SPECIAL_ITEM 20994
S_TARGET_INFO 45626
S_TELEPORT_TO_CAMP 49201
S_TRADE_BROKER_DEAL_INFO_UPDATE 40416
S_TRADE_BROKER_DEAL_SUGGESTED 47378
S_TRADE_BROKER_HISTORY_ITEM_LIST 42246
S_TRADE_BROKER_REQUEST_DEAL_RESULT 42225
S_TRADE_BROKER_SUGGEST_DEAL 56992
S_TRADE_BROKER_WAITING_ITEM_LIST 29002
S_UNICAST_FLOATING_CASTLE_INFO 46373
S_UNICAST_FLOATING_CASTLE_NAMEPLATE 42302
S_UNICAST_TRANSFORM_DATA 26697
S_UNMOUNT_VEHICLE 63731
S_UNMOUNT_VEHICLE_EX 34115
S_UPDATE_ACHIEVEMENT_PROGRESS 56703
S_UPDATE_EVENT_SEED_STATE 54243
S_UPDATE_FRIEND_INFO 46586
S_UPDATE_NPCGUILD 24858
S_USER_APPEARANCE_CHANGE 44348
S_USER_BLOCK_LIST 24786
S_USER_CHANGE_FACE_CUSTOM 34902
S_USER_CHANGE_NAME 60598
S_USER_DEATH 31630
S_USER_EFFECT 55003
S_USER_EXTERNAL_CHANGE 25235
S_USER_LEVELUP 28454
S_USER_LOCATION 53162
S_USER_LOCATION_IN_ACTION 50638
S_USER_MOVETYPE 49297
S_USER_PAPERDOLL_INFO 56220
S_USER_SITUATION 55510
S_USER_STATUS 51133
S_USER_WEAPON_APPEARANCE_CHANGE 42846
S_VIEW_PARTY_INVITE 32001
S_VIEW_WARE_EX 39246
S_VILLAGE_LIST_TO_TELEPORT 27280
S_VISIT_NEW_SECTION 58079
S_VOTE_RESET_ALL_DUNGEON 43182
S_WEAK_POINT 39515
S_WHISPER 25398
S_COMPLETED_MISSION_INFO 43612
