C_ADD_FRIEND = 64623
C_ADD_TELEPORT_TO_POS_LIST = 23598
C_ADMIN = 48021
C_APPLY_PARTY = 45986
C_ASK_INTERACTIVE = 49889
C_BAN_PARTY_MEMBER = 27342
C_BIND_ITEM_BEGIN_PROGRESS = 37274
C_BIND_ITEM_EXECUTE = 33602
C_BLOCK_USER = 55162
C_CANCEL_CHANGE_USER_APPEARANCE = 32387
C_CANCEL_CONTRACT = 42510
C_CANCEL_SKILL = 62103
C_CAN_LOCKON_TARGET = 47468
C_CHANGE_PARTY_MANAGER = 43088
C_CHANGE_PARTY_MEMBER_AUTHORITY = 41007
C_CHAT = 45593
C_CHECK_VERSION = 19900
C_COMMIT_CHANGE_USER_APPEARANCE = 34499
C_COMPLETE_DAILY_EVENT = 53117
C_COMPLETE_EXTRA_EVENT = 34605
C_CONFIRM_UPDATE_NOTIFICATION = 63568
C_CREST_APPLY = 52495
C_CREST_APPLY_LIST = 56933
C_DELETE_FRIEND = 44979
C_DELETE_PARCEL = 36444
C_DELETE_TELEPORT_TO_POS_LIST = 43008
C_DEL_ITEM = 57947
C_DIALOG = 47025
C_DISMISS_PARTY = 36164
C_EDIT_BLOCKED_USER_MEMO = 32435
C_END_CLIMBING = 20177
C_END_MOVIE = 56716
C_GACHA_TRY = 56444
C_GET_IN_SHUTTLE = 24510
C_GET_OUT_SHUTTLE = 62689
C_GET_USER_LIST = 26072
C_HIT_USER_PROJECTILE = 45360
C_INVITE_USER_TO_GUILD = 27059
C_ITEM_COLORING_SET_COLOR = 24041
C_LEAVE_PARTY = 40087
C_LEAVE_PRIVATE_CHANNEL = 42228
C_LIST_PARCEL = 51714
C_LOAD_TOPO_FIN = 28061
C_LOGIN_ARBITER = 26428
C_MERGE_ITEM = 43167
C_MERGE_ITEM_EXECUTE = 23357
C_NOTIFY_LOCATION_IN_ACTION = 27528
C_NOTIFY_LOCATION_IN_DASH = 42961
C_NOTIMELINE_SKILL = 52972
C_NPC_CONTACT = 61129
C_OP_COMMAND = 65304
C_PARTY_APPLICATION_DENIED = 60343
C_PARTY_MARKER = 41189
C_PARTY_MATCH_WINDOW_CLOSED = 40583
C_PCBANGINVENTORY_USE_SLOT = 29150
C_PLAYER_FLYING_LOCATION = 25503
C_PLAYER_LOCATION = 23267
C_PREMIUM_SLOT_USE_SLOT = 49659
C_PRESS_SKILL = 44236
C_RECV_PARCEL = 56012
C_REGISTER_ENCHANT_ITEM = 31939
C_REGISTER_EVOLUTION_ITEM = 21429
C_REGISTER_PARTY_INFO = 47865
C_REMOVE_BLOCKED_USER = 47189
C_REPLY_THROUGH_ARBITER_CONTRACT = 45004
C_REQUEST_CANDIDATE_LIST = 35921
C_REQUEST_CONTRACT = 31659
C_REQUEST_ENCHANT = 47296
C_REQUEST_EVOLUTION = 44255
C_REQUEST_GAMESTAT_PING = 38390
C_REQUEST_NONDB_ITEM_INFO = 62885
C_REQUEST_PARTY_INFO = 63592
C_REQUEST_PARTY_MATCH_INFO = 61084
C_REQUEST_PARTY_MATCH_INFO_PAGE = 28626
C_REQUEST_PARTY_MATCH_LINK = 23017
C_REQUEST_PRIVATE_CHANNEL_INFO = 61846
C_REQUEST_USER_PAPERDOLL_INFO = 51720
C_RESET_ALL_DUNGEON = 35048
C_RETURN_TO_LOBBY = 42352
C_REVIVE_NOW = 27048
C_RQ_COMMIT_DECOMPOSITION_CONTRACT = 46545
C_RQ_START_SOCIAL_ON_PROGRESS_DECOMPOSITION = 21330
C_SAVE_CLIENT_ACCOUNT_SETTING = 58693
C_SAVE_CLIENT_USER_SETTING = 50400
C_SECOND_PASSWORD_AUTH = 47018
C_SELECT_USER = 35750
C_SET_VISIBLE_RANGE = 38191
C_SHOW_INVEN = 59017
C_SHOW_ITEM_TOOLTIP_EX = 51340
C_SHOW_PARCEL_MESSAGE = 51120
C_SOCIAL = 53144
C_START_COMBO_INSTANT_SKILL = 24055
C_START_ENCHANT = 25624
C_START_EVOLUTION = 27594
C_START_INSTANCE_SKILL = 32036
C_START_INSTANCE_SKILL_EX = 25759
C_START_PRODUCE = 46580
C_START_SKILL = 64645
C_START_TARGETED_SKILL = 52645
C_TELEPORT_TO_POS = 56035
C_TELEPORT_TO_VILLAGE = 35394
C_TRADE_BROKER_BUY_IT_NOW = 53825
C_TRADE_BROKER_DEAL_CONFIRM = 51121
C_TRADE_BROKER_REJECT_SUGGEST = 42546
C_TRADE_BROKER_SUGGEST_DEAL = 22283
C_TRADE_BROKER_WAITING_ITEM_LIST_NEW = 31679
C_TRADE_BROKER_WAITING_ITEM_LIST_PAGE = 57232
C_TRY_LOOT_DROPITEM = 34688
C_UNMOUNT_VEHICLE = 54269
C_UNREGISTER_ENCHANT_ITEM = 48195
C_UNREGISTER_EVOLUTION_ITEM = 39598
C_UNREGISTER_PARTY_INFO = 60898
C_UPDATE_REACTION_POS = 59873
C_USE_ITEM = 64000
C_VIEW_WARE = 32241
C_VISIT_NEW_SECTION = 30698
C_WHISPER = 20497
S_ABNORMALITY_BEGIN = 44806
S_ABNORMALITY_DAMAGE_ABSORB = 46610
S_ABNORMALITY_END = 28515
S_ABNORMALITY_FAIL = 38415
S_ABNORMALITY_REFRESH = 46850
S_ACCEPT_CONTRACT = 62040
S_ACCOMPLISH_ACHIEVEMENT = 24193
S_ACCOUNT_PACKAGE_LIST = 35626
S_ACTION_END = 26670
S_ACTION_STAGE = 47376
S_ADD_BLOCKED_USER = 31467
S_ADD_INTER_PARTY_MATCH_POOL = 61210
S_ADMIN_HOLD_CHARACTER = 63637
S_AERO = 44094
S_AIR_REACTION_END = 57763
S_ANNOUNCE_UPDATE_NOTIFICATION = 20778
S_ANSWER_INTERACTIVE = 26636
S_APPLY_TITLE = 44424
S_ASK_TELEPORT = 23823
S_AVAILABLE_EVENT_MATCHING_LIST = 20483
S_AVAILABLE_SOCIAL_LIST = 37396
S_BAN_PARTY = 35291
S_BAN_PARTY_MEMBER = 57322
S_BATTLE_FIELD_ENTRANCE_INFO = 56241
S_BATTLE_FIELD_POINT_STORE_SELL_LIST = 59745
S_BEGIN_THROUGH_ARBITER_CONTRACT = 22925
S_BOSS_GAGE_INFO = 42417
S_CANCEL_CONTRACT = 35597
S_CANNOT_START_SKILL = 31807
S_CAN_LOCKON_TARGET = 43164
S_CHANGE_DESTPOS_PROJECTILE = 54366
S_CHANGE_EP_EXP_DAILY_LIMIT = 51356
S_CHANGE_EP_POINT = 41543
S_CHANGE_EVENT_MATCHING_STATE = 45729
S_CHANGE_FRIEND_STATE = 59888
S_CHANGE_GUILD_CHIEF = 33131
S_CHANGE_PARTY_MANAGER = 62401
S_CHANGE_VOICE_USE_QAC = 34631
S_CHAT = 37643
S_CHECK_TO_READY_PARTY = 24395
S_CHECK_TO_READY_PARTY_FIN = 54032
S_CHECK_VERSION = 19901
S_CLEAR_ALL_HOLDED_ABNORMALITY = 56355
S_COLLECTION_PICKEND = 51420
S_COLLECTION_PICKSTART = 34312
S_COMPLETE_EVENT_MATCHING_QUEST = 48488
S_CONNECT_SKILL_ARROW = 47630
S_CREATURE_CHANGE_HP = 44596
S_CREATURE_LIFE = 35035
S_CREATURE_ROTATE = 49959
S_CREST_APPLY = 37771
S_CREST_INFO = 63237
S_CREST_MESSAGE = 41065
S_CURRENT_CHANNEL = 36968
S_CUSTOM_STYLE_SYSTEM_MESSAGE = 63731
S_DEAD_LOCATION = 41176
S_DECREASE_COOLTIME_SKILL = 24202
S_DEFEND_SUCCESS = 50195
S_DESPAWN_BONFIRE = 51484
S_DESPAWN_BUILD_OBJECT = 48763
S_DESPAWN_COLLECTION = 37251
S_DESPAWN_DROPITEM = 53879
S_DESPAWN_NPC = 64542
S_DESPAWN_PROJECTILE = 45507
S_DESPAWN_SHUTTLE = 50625
S_DESPAWN_USER = 53998
S_DESTROY_GUILD_TOWER = 48006
S_DIALOG = 56286
S_DUNGEON_CAMERA_SET = 57722
S_DUNGEON_CLEAR_COUNT_LIST = 30158
S_DUNGEON_COOL_TIME_LIST = 44797
S_DUNGEON_EVENT_MESSAGE = 49570
S_EACH_SKILL_RESULT = 43871
S_ENABLE_DISABLE_SELLABLE_ITEM_LIST = 55039
S_END_CHANGE_USER_APPEARANCE = 22783
S_END_PRODUCE = 51590
S_END_USER_PROJECTILE = 58310
S_EP_SYSTEM_DAILY_EVENT_EXP_ON_OFF = 43907
S_EXIT = 22919
S_F2P_PremiumUser_Permission = 59620
S_FEARMOVE_END = 24494
S_FEARMOVE_STAGE = 43249
S_FIELD_EVENT_ON_ENTER = 41345
S_FIELD_EVENT_ON_LEAVE = 58275
S_FIELD_POINT_INFO = 36391
S_FIN_INTER_PARTY_MATCH = 39411
S_FIX_VEHICLE_PROGRESS = 36572
S_FONT_SWAP_INFO = 33296
S_FRIEND_LIST = 30730
S_GACHA_END = 63618
S_GACHA_START = 58209
S_GET_IN_SHUTTLE = 60086
S_GET_OUT_SHUTTLE = 33044
S_GET_USER_GUILD_LOGO = 42903
S_GET_USER_LIST = 63104
S_GMEVENT_GUIDE_MESSAGE = 35722
S_GMEVENT_OX_QUIZ_OPEN = 42708
S_GMEVENT_OX_QUIZ_RESULT = 65027
S_GMEVENT_RECV_REWARD = 22137
S_GRANT_SKILL = 45566
S_GROUP_NPC_LOCATION = 27522
S_GUILD_MEMBER_LIST = 24069
S_GUILD_NAME = 36825
S_GUILD_STORE_SELL_LIST = 62081
S_GUILD_TOWER_INFO = 23773
S_HOLD_ABNORMALITY_ADD = 57343
S_IMAGE_DATA = 47228
S_INSTANCE_ARROW = 21074
S_INSTANT_DASH = 42461
S_INSTANT_MOVE = 25057
S_INVEN = 44659
S_INVEN_CHANGEDSLOT = 41002
S_ITEM_COLORING_BAG = 58321
S_ITEM_CUSTOM_STRING = 49693
S_JOIN_PRIVATE_CHANNEL = 25320
S_LEARN_EP_PERK = 60176
S_LEAVE_PARTY = 33313
S_LEAVE_PARTY_MEMBER = 24177
S_LEAVE_PRIVATE_CHANNEL = 64776
S_LIST_PARCEL_EX = 38230
S_LOADING_SCREEN_CONTROL_INFO = 61457
S_LOAD_ACHIEVEMENT_LIST = 20931
S_LOAD_CLIENT_ACCOUNT_SETTING = 20208
S_LOAD_CLIENT_USER_SETTING = 52030
S_LOAD_DUNGEON_SOUND_HINT = 51154
S_LOAD_EP_INFO = 46024
S_LOAD_TELEPORT_TO_POS_LIST = 36016
S_LOAD_TOPO = 20695
S_LOGIN = 57317
S_LOGIN_ACCOUNT_INFO = 48221
S_LOGOUT_PARTY_MEMBER = 61145
S_MOUNT_VEHICLE = 24209
S_MOUNT_VEHICLE_EX = 20299
S_MOVE_SHUTTLE = 56588
S_MUTE = 53007
S_NOCTAN_VARIATION_INFO = 42628
S_NOTIFY_GUILD_QUEST_URGENT = 35145
S_NOTIFY_TO_FRIENDS_WALK_INTO_SAME_AREA = 53916
S_NPC_CHANGE_MESH = 39359
S_NPC_LOCATION = 59568
S_NPC_MENU_SELECT = 61390
S_NPC_OCCUPIER_INFO = 34797
S_NPC_STATUS = 34253
S_NPC_TARGET_USER = 64020
S_OPEN_AWESOMIUM_WEB_URL = 29204
S_OTHER_USER_APPLY_PARTY = 43423
S_PARCEL_READ_RECV_STATUS = 64692
S_PARTY_INFO = 63151
S_PARTY_MARKER = 36276
S_PARTY_MATCH_LINK = 36799
S_PARTY_MEMBER_ABNORMAL_ADD = 55952
S_PARTY_MEMBER_ABNORMAL_CLEAR = 20569
S_PARTY_MEMBER_ABNORMAL_DEL = 45547
S_PARTY_MEMBER_ABNORMAL_REFRESH = 42244
S_PARTY_MEMBER_BUFF_UPDATE = 39781
S_PARTY_MEMBER_CHANGE_HP = 51750
S_PARTY_MEMBER_CHANGE_MP = 26053
S_PARTY_MEMBER_INFO = 32988
S_PARTY_MEMBER_INTERVAL_POS_UPDATE = 31980
S_PARTY_MEMBER_LIST = 38973
S_PARTY_MEMBER_QUEST_DATA = 41233
S_PARTY_MEMBER_STAT_UPDATE = 40902
S_PCBANGINVENTORY_DATALIST = 50378
S_PLAYER_CHANGE_ALL_PROF = 62226
S_PLAYER_CHANGE_EP = 31357
S_PLAYER_CHANGE_EXP = 47907
S_PLAYER_CHANGE_FLIGHT_ENERGY = 21464
S_PLAYER_CHANGE_MP = 42007
S_PLAYER_CHANGE_PROF = 53555
S_PLAYER_CHANGE_STAMINA = 23128
S_PLAYER_RESET_EP = 22318
S_PLAYER_STAT_UPDATE = 43811
S_PLAY_ANIMATION = 57268
S_PLAY_EFFECT = 52927
S_PLAY_MOVIE = 50054
S_PLAY_SOUND = 40513
S_POINT_STORE_SELL_LIST = 46901
S_PREMIUM_SLOT_DATALIST = 60806
S_PREMIUM_SLOT_OFF = 37024
S_PREPARE_EXIT = 21643
S_PREPARE_RETURN_TO_LOBBY = 20617
S_PREVIEW_ITEM = 41479
S_PRIVATE_CHANNEL_NOTICE = 50517
S_PRIVATE_CHAT = 49631
S_PRODUCE_CRITICAL = 26083
S_QUEST_BALLOON = 52806
S_QUEST_INFO = 53244
S_QUEST_VILLAGER_INFO = 42519
S_RECV_PARCEL = 55458
S_REGISTER_ENCHANT_ITEM = 44850
S_REGISTER_EVOLUTION_ITEM = 35497
S_REJECT_CONTRACT = 65069
S_REMOVE_BLOCKED_USER = 31112
S_REMOVE_EFFECT = 33801
S_REPLY_NONDB_ITEM_INFO = 57703
S_REPLY_REQUEST_CONTRACT = 29225
S_REQUEST_CITY_WAR_MAP_INFO = 30316
S_REQUEST_CITY_WAR_MAP_INFO_DETAIL = 29102
S_REQUEST_CITY_WAR_MAP_INFO_END = 37242
S_REQUEST_CONTRACT = 43999
S_REQUEST_PRIVATE_CHANNEL_INFO = 59055
S_REQUEST_REACTION_POS_TICK = 33975
S_REQUEST_SECOND_PASSWORD_AUTH = 24350
S_REQUEST_STYLE_SHOP_MARK_PRODUCTLIST = 39377
S_RESET_EP_PERK = 38077
S_RESPONSE_GAMESTAT_PONG = 52389
S_RESULT_BIDDING_DICE_THROW = 62715
S_RESULT_ITEM_BIDDING = 57471
S_RETURN_TO_LOBBY = 37477
S_RP_SKILL_POLISHING_LIST = 23348
S_SHORTCUT_CHANGE = 28677
S_SHOW_AWESOMIUMWEB_SHOP = 30469
S_SHOW_CANDIDATE_LIST = 48919
S_SHOW_HP = 34158
S_SHOW_ITEM_TOOLTIP = 32292
S_SHOW_PARTY_MATCH_INFO = 51080
S_SHOW_PCBANG_ICON = 59323
S_SHOW_PEGASUS_MAP = 53847
S_SHOW_USER_EP_INFO = 54026
S_SKILL_ATTENTION_TARGET = 35233
S_SKILL_CATEGORY = 63639
S_SKILL_LIST = 59199
S_SOCIAL = 54904
S_SPAWN_BONFIRE = 25547
S_SPAWN_BUILD_OBJECT = 46549
S_SPAWN_COLLECTION = 32317
S_SPAWN_DOOR = 41070
S_SPAWN_DROPITEM = 55197
S_SPAWN_ME = 55393
S_SPAWN_NPC = 25110
S_SPAWN_PROJECTILE = 45523
S_SPAWN_SHUTTLE = 25576
S_SPAWN_USER = 26553
S_SPAWN_WORKOBJECT = 38935
S_START_ACTION_SCRIPT = 52267
S_START_CHANGE_USER_APPEARANCE = 51291
S_START_CLIENT_CUSTOM_SKILL = 51297
S_START_CLIMBING = 44944
S_START_COOLTIME_ITEM = 45321
S_START_COOLTIME_SKILL = 38926
S_START_INVERSE_CAPTURE = 53023
S_START_PRODUCE = 23893
S_START_USER_PROJECTILE = 56488
S_STICK_TO_USER_END = 33055
S_STICK_TO_USER_START = 59097
S_STORE_SELL_LIST = 50700
S_SUCCESS_COUNTER = 26125
S_SYSTEM_MESSAGE = 35273
S_SYSTEM_MESSAGE_LOOT_ITEM = 25566
S_SYSTEM_MESSAGE_LOOT_SPECIAL_ITEM = 25642
S_TARGET_INFO = 22487
S_TELEPORT_TO_CAMP = 41443
S_TRADE_BROKER_DEAL_INFO_UPDATE = 20836
S_TRADE_BROKER_DEAL_SUGGESTED = 64697
S_TRADE_BROKER_HISTORY_ITEM_LIST = 64882
S_TRADE_BROKER_REQUEST_DEAL_RESULT = 53921
S_TRADE_BROKER_SUGGEST_DEAL = 28158
S_TRADE_BROKER_WAITING_ITEM_LIST = 51487
S_UNICAST_FLOATING_CASTLE_INFO = 40243
S_UNICAST_FLOATING_CASTLE_NAMEPLATE = 36214
S_UNICAST_TRANSFORM_DATA = 55720
S_UNMOUNT_VEHICLE = 22995
S_UNMOUNT_VEHICLE_EX = 53649
S_UPDATE_ACHIEVEMENT_PROGRESS = 53724
S_UPDATE_FRIEND_INFO = 62746
S_UPDATE_NPCGUILD = 58857
S_USER_APPEARANCE_CHANGE = 37567
S_USER_BLOCK_LIST = 57311
S_USER_CHANGE_NAME = 23536
S_USER_DEATH = 64454
S_USER_EFFECT = 24285
S_USER_EXTERNAL_CHANGE = 54017
S_USER_LEVELUP = 25679
S_USER_LOCATION = 37150
S_USER_LOCATION_IN_ACTION = 60290
S_USER_MOVETYPE = 63187
S_USER_PAPERDOLL_INFO = 43041
S_USER_SITUATION = 28333
S_USER_STATUS = 57815
S_USER_WEAPON_APPEARANCE_CHANGE = 45416
S_VIEW_PARTY_INVITE = 30457
S_VIEW_WARE_EX = 58487
S_VILLAGE_LIST_TO_TELEPORT = 42533
S_VISIT_NEW_SECTION = 22731
S_VOTE_RESET_ALL_DUNGEON = 24522
S_WEAK_POINT = 62233
S_WHISPER = 25947
