C_ADD_FRIEND = 33048
C_ADD_TELEPORT_TO_POS_LIST = 29070
C_ADMIN = 56334
C_APPLY_PARTY = 40969
C_ASK_INTERACTIVE = 23541
C_BAN_PARTY_MEMBER = 58058
C_BIND_ITEM_BEGIN_PROGRESS = 26041
C_BIND_ITEM_EXECUTE = 34100
C_BLOCK_USER = 39018
C_CANCEL_CHANGE_USER_APPEARANCE = 44640
C_CANCEL_CONTRACT = 29909
C_CANCEL_SKILL = 58673
C_CAN_LOCKON_TARGET = 50035
C_CHANGE_PARTY_MANAGER = 54614
C_CHANGE_PARTY_MEMBER_AUTHORITY = 29700
C_CHAT = 20490
C_CHECK_VERSION = 19900
C_COMMIT_CHANGE_USER_APPEARANCE = 41613
C_COMPLETE_DAILY_EVENT = 26787
C_COMPLETE_EXTRA_EVENT = 61923
C_CONFIRM_UPDATE_NOTIFICATION = 47504
C_CREST_APPLY = 33467
C_CREST_APPLY_LIST = 60075
C_DELETE_FRIEND = 29968
C_DELETE_TELEPORT_TO_POS_LIST = 33800
C_DEL_ITEM = 39951
C_DIALOG = 34713
C_DISMISS_PARTY = 44242
C_EDIT_BLOCKED_USER_MEMO = 45070
C_END_CLIMBING = 23732
C_END_MOVIE = 27635
C_GACHA_TRY = 46467
C_GET_IN_SHUTTLE = 51046
C_GET_OUT_SHUTTLE = 27964
C_GET_USER_LIST = 35284
C_HIT_USER_PROJECTILE = 62816
C_INVITE_USER_TO_GUILD = 47629
C_ITEM_COLORING_SET_COLOR = 23743
C_LEAVE_PARTY = 28396
C_LEAVE_PRIVATE_CHANNEL = 43672
C_LOAD_TOPO_FIN = 32546
C_LOGIN_ARBITER = 58858
C_MERGE_ITEM = 54380
C_MERGE_ITEM_EXECUTE = 51966
C_NOTIFY_LOCATION_IN_ACTION = 46275
C_NOTIFY_LOCATION_IN_DASH = 57240
C_NOTIMELINE_SKILL = 44722
C_NPC_CONTACT = 26763
C_OP_COMMAND = 61632
C_PARTY_APPLICATION_DENIED = 43132
C_PARTY_MARKER = 22336
C_PARTY_MATCH_WINDOW_CLOSED = 36349
C_PLAYER_FLYING_LOCATION = 42609
C_PLAYER_LOCATION = 39258
C_PRESS_SKILL = 25379
C_REGISTER_ENCHANT_ITEM = 50769
C_REGISTER_EVOLUTION_ITEM = 26365
C_REGISTER_PARTY_INFO = 46100
C_REMOVE_BLOCKED_USER = 29593
C_REPLY_THROUGH_ARBITER_CONTRACT = 24311
C_REQUEST_CANDIDATE_LIST = 22478
C_REQUEST_CONTRACT = 34316
C_REQUEST_ENCHANT = 57072
C_REQUEST_EVOLUTION = 50558
C_REQUEST_GAMESTAT_PING = 34471
C_REQUEST_NONDB_ITEM_INFO = 43664
C_REQUEST_PARTY_INFO = 54492
C_REQUEST_PARTY_MATCH_INFO = 55553
C_REQUEST_PARTY_MATCH_INFO_PAGE = 37753
C_REQUEST_PARTY_MATCH_LINK = 42699
C_REQUEST_PRIVATE_CHANNEL_INFO = 56291
C_REQUEST_USER_PAPERDOLL_INFO = 21921
C_REQUEST_USER_PAPERDOLL_INFO_WITH_GAMEID = 42560
C_RESET_ALL_DUNGEON = 43106
C_RETURN_TO_LOBBY = 42235
C_REVIVE_NOW = 49066
C_RQ_COMMIT_DECOMPOSITION_CONTRACT = 58708
C_RQ_START_SOCIAL_ON_PROGRESS_DECOMPOSITION = 41838
C_SAVE_CLIENT_ACCOUNT_SETTING = 54733
C_SAVE_CLIENT_USER_SETTING = 23842
C_SECOND_PASSWORD_AUTH = 36367
C_SELECT_USER = 22249
C_SET_VISIBLE_RANGE = 38140
C_SHOW_ITEMLIST = 54353
C_SHOW_ITEM_TOOLTIP_EX = 60879
C_SOCIAL = 31764
C_START_COMBO_INSTANT_SKILL = 40056
C_START_ENCHANT = 23481
C_START_EVOLUTION = 60464
C_START_INSTANCE_SKILL = 47036
C_START_INSTANCE_SKILL_EX = 21704
C_START_PRODUCE = 26200
C_START_SKILL = 38788
C_START_TARGETED_SKILL = 47210
C_TELEPORT_TO_POS = 23890
C_TELEPORT_TO_VILLAGE = 48351
C_TRADE_BROKER_BUY_IT_NOW = 61696
C_TRADE_BROKER_DEAL_CONFIRM = 34909
C_TRADE_BROKER_REJECT_SUGGEST = 21259
C_TRADE_BROKER_SUGGEST_DEAL = 40208
C_TRADE_BROKER_WAITING_ITEM_LIST_NEW = 33511
C_TRADE_BROKER_WAITING_ITEM_LIST_PAGE = 51058
C_TRY_LOOT_DROPITEM = 65461
C_UNMOUNT_VEHICLE = 28019
C_UNREGISTER_ENCHANT_ITEM = 24864
C_UNREGISTER_EVOLUTION_ITEM = 41930
C_UNREGISTER_PARTY_INFO = 45633
C_UPDATE_REACTION_POS = 23103
C_USE_ITEM = 52142
C_USE_PREMIUM_SLOT = 62897
C_VIEW_WARE = 58069
C_VISIT_NEW_SECTION = 32100
C_WHISPER = 45002
S_ABNORMALITY_BEGIN = 30471
S_ABNORMALITY_DAMAGE_ABSORB = 56175
S_ABNORMALITY_END = 49173
S_ABNORMALITY_FAIL = 55139
S_ABNORMALITY_REFRESH = 63636
S_ABNORMALITY_RESIST = 40206
S_ABNORMALITY_SCALE_UP = 54589
S_ACCEPT_CONTRACT = 27933
S_ACCOMPLISH_ACHIEVEMENT = 53634
S_ACCOUNT_PACKAGE_LIST = 31407
S_ACTION_END = 37425
S_ACTION_STAGE = 29688
S_ADD_BLOCKED_USER = 59723
S_ADD_INTER_PARTY_MATCH_POOL = 58847
S_ADMIN_HOLD_CHARACTER = 56710
S_AERO = 23734
S_AIR_REACTION_END = 44215
S_ANNOUNCE_UPDATE_NOTIFICATION = 40983
S_ANSWER_INTERACTIVE = 38343
S_APPLY_TITLE = 34694
S_ASK_BIDDING_RARE_ITEM = 21300
S_ASK_TELEPORT = 51903
S_AVAILABLE_EVENT_MATCHING_LIST = 57325
S_AVAILABLE_SOCIAL_LIST = 31291
S_BAN_PARTY = 29555
S_BAN_PARTY_MEMBER = 27527
S_BATTLE_FIELD_ENTRANCE_INFO = 30794
S_BATTLE_FIELD_POINT_STORE_SELL_LIST = 45312
S_BEGIN_THROUGH_ARBITER_CONTRACT = 33357
S_BOSS_GAGE_INFO = 30973
S_BROADCAST_FLOATING_CASTLE_INFO = 57656
S_BROADCAST_FLOATING_CASTLE_NAMEPLATE = 51565
S_CANCEL_CONTRACT = 24611
S_CANNOT_START_SKILL = 58280
S_CAN_LOCKON_TARGET = 64049
S_CHANGE_DESTPOS_PROJECTILE = 65257
S_CHANGE_EP_EXP_DAILY_LIMIT = 52503
S_CHANGE_EP_POINT = 25217
S_CHANGE_EVENT_MATCHING_STATE = 27886
S_CHANGE_FRIEND_STATE = 46291
S_CHANGE_GUILD_CHIEF = 40904
S_CHANGE_PARTY_MANAGER = 49376
S_CHANGE_VOICE_USE_QAC = 45580
S_CHAT = 27161
S_CHECK_TO_READY_PARTY = 21827
S_CHECK_TO_READY_PARTY_FIN = 27184
S_CHECK_VERSION = 19901
S_CLEAR_ALL_HOLDED_ABNORMALITY = 39523
S_COLLECTION_PICKEND = 54833
S_COLLECTION_PICKSTART = 20132
S_COMPLETE_EVENT_MATCHING_QUEST = 58423
S_CONNECT_SKILL_ARROW = 60258
S_CREATURE_CHANGE_HP = 37315
S_CREATURE_LIFE = 53640
S_CREATURE_ROTATE = 64099
S_CREST_APPLY = 48004
S_CREST_INFO = 43811
S_CREST_MESSAGE = 40992
S_CURRENT_CHANNEL = 43913
S_CUSTOM_STYLE_SYSTEM_MESSAGE = 21385
S_DEAD_LOCATION = 58232
S_DECREASE_COOLTIME_SKILL = 31767
S_DEFEND_SUCCESS = 54025
S_DELETE_FRIEND = 42383
S_DESPAWN_BONFIRE = 55202
S_DESPAWN_BUILD_OBJECT = 32591
S_DESPAWN_COLLECTION = 24648
S_DESPAWN_DROPITEM = 35456
S_DESPAWN_EVENT_SEED = 48473
S_DESPAWN_NPC = 37567
S_DESPAWN_PROJECTILE = 32275
S_DESPAWN_SHUTTLE = 24858
S_DESPAWN_USER = 43207
S_DESTROY_GUILD_TOWER = 61198
S_DIALOG = 44713
S_DUNGEON_CAMERA_SET = 22968
S_DUNGEON_CLEAR_COUNT_LIST = 27194
S_DUNGEON_COOL_TIME_LIST = 55152
S_DUNGEON_EVENT_MESSAGE = 42464
S_EACH_SKILL_RESULT = 25177
S_ENABLE_DISABLE_SELLABLE_ITEM_LIST = 51552
S_END_CHANGE_USER_APPEARANCE = 31551
S_END_PRODUCE = 48993
S_END_USER_PROJECTILE = 55539
S_EP_SYSTEM_DAILY_EVENT_EXP_ON_OFF = 57183
S_EXIT = 33149
S_F2P_PremiumUser_Permission = 42543
S_FACIAL_ATTACHMENT_BROADCAST = 53650
S_FEARMOVE_END = 61960
S_FEARMOVE_STAGE = 24445
S_FIELD_EVENT_ON_ENTER = 36703
S_FIELD_EVENT_ON_LEAVE = 40477
S_FIELD_POINT_INFO = 35257
S_FIN_INTER_PARTY_MATCH = 37101
S_FIX_VEHICLE_PROGRESS = 49563
S_FONT_SWAP_INFO = 25723
S_FRIEND_LIST = 34061
S_GACHA_END = 31394
S_GACHA_START = 40398
S_GET_IN_SHUTTLE = 53488
S_GET_OUT_SHUTTLE = 25287
S_GET_USER_GUILD_LOGO = 64759
S_GET_USER_LIST = 58222
S_GMEVENT_GUIDE_MESSAGE = 50325
S_GMEVENT_OX_QUIZ_OPEN = 21687
S_GMEVENT_OX_QUIZ_RESULT = 39295
S_GMEVENT_RECV_REWARD = 53883
S_GRANT_SKILL = 37849
S_GROUP_NPC_LOCATION = 31864
S_GUILD_MEMBER_LIST = 24622
S_GUILD_NAME = 63576
S_GUILD_STORE_SELL_LIST = 63171
S_GUILD_TOWER_INFO = 49925
S_HIT_COMBO = 25839
S_HOLD_ABNORMALITY_ADD = 61503
S_IMAGE_DATA = 53252
S_INSTANCE_ARROW = 43978
S_INSTANT_DASH = 29234
S_INSTANT_MOVE = 57300
S_INVEN_CHANGEDSLOT = 50522
S_INVEN_USERDATA = 41173
S_ITEMLIST = 40649
S_ITEM_COLORING_BAG = 54640
S_ITEM_CUSTOM_STRING = 29206
S_ITEM_EXPLOSION_RESULT = 50418
S_JOIN_PRIVATE_CHANNEL = 57903
S_LEARN_EP_PERK = 35951
S_LEAVE_GUILD = 49381
S_LEAVE_PARTY = 27953
S_LEAVE_PARTY_MEMBER = 61356
S_LEAVE_PRIVATE_CHANNEL = 44787
S_LOADING_SCREEN_CONTROL_INFO = 20502
S_LOAD_ACHIEVEMENT_LIST = 34574
S_LOAD_CLIENT_ACCOUNT_SETTING = 57836
S_LOAD_CLIENT_USER_SETTING = 36556
S_LOAD_DUNGEON_SOUND_HINT = 35231
S_LOAD_EP_INFO = 20671
S_LOAD_TELEPORT_TO_POS_LIST = 48671
S_LOAD_TOPO = 23295
S_LOCKON_YOU = 48105
S_LOGIN = 41782
S_LOGIN_ACCOUNT_INFO = 34210
S_LOGOUT_PARTY_MEMBER = 59921
S_MOUNT_VEHICLE = 54067
S_MOUNT_VEHICLE_EX = 23805
S_MOVE_SHUTTLE = 27091
S_MUTE = 29961
S_NOCTAN_VARIATION_INFO = 50528
S_NOTIFY_GUILD_QUEST_URGENT = 60411
S_NOTIFY_TO_FRIENDS_WALK_INTO_SAME_AREA = 28750
S_NPCGUILD_LIST = 39564
S_NPC_CHANGE_MESH = 45378
S_NPC_LOCATION = 45160
S_NPC_MENU_SELECT = 23196
S_NPC_OCCUPIER_INFO = 48549
S_NPC_STATUS = 55190
S_NPC_TARGET_USER = 41097
S_OPEN_AWESOMIUM_WEB_URL = 50649
S_OTHER_USER_APPLY_PARTY = 30977
S_PARTY_INFO = 25340
S_PARTY_MARKER = 62956
S_PARTY_MATCH_LINK = 31066
S_PARTY_MEMBER_ABNORMAL_ADD = 61306
S_PARTY_MEMBER_ABNORMAL_CLEAR = 29489
S_PARTY_MEMBER_ABNORMAL_DEL = 43485
S_PARTY_MEMBER_ABNORMAL_REFRESH = 27481
S_PARTY_MEMBER_BUFF_UPDATE = 24487
S_PARTY_MEMBER_CHANGE_HP = 40060
S_PARTY_MEMBER_CHANGE_MP = 23065
S_PARTY_MEMBER_INFO = 54811
S_PARTY_MEMBER_INTERVAL_POS_UPDATE = 52842
S_PARTY_MEMBER_LIST = 24199
S_PARTY_MEMBER_QUEST_DATA = 49802
S_PARTY_MEMBER_STAT_UPDATE = 29184
S_PLAYER_CHANGE_ALL_PROF = 45259
S_PLAYER_CHANGE_EP = 26148
S_PLAYER_CHANGE_EXP = 37761
S_PLAYER_CHANGE_FLIGHT_ENERGY = 21856
S_PLAYER_CHANGE_MP = 27646
S_PLAYER_CHANGE_PROF = 35503
S_PLAYER_CHANGE_STAMINA = 36505
S_PLAYER_RESET_EP = 33695
S_PLAYER_STAT_UPDATE = 58056
S_PLAY_ANIMATION = 36859
S_PLAY_EFFECT = 38671
S_PLAY_MOVIE = 31115
S_PLAY_SOUND = 63438
S_POINT_STORE_SELL_LIST = 30883
S_PREMIUM_SLOT_DATALIST = 65511
S_PREMIUM_SLOT_OFF = 51832
S_PREPARE_EXIT = 25961
S_PREPARE_RETURN_TO_LOBBY = 50965
S_PREVIEW_ITEM = 47656
S_PRIVATE_CHANNEL_NOTICE = 46396
S_PRIVATE_CHAT = 62429
S_PRODUCE_CRITICAL = 40171
S_QUEST_BALLOON = 60718
S_QUEST_INFO = 23006
S_QUEST_VILLAGER_INFO = 34065
S_REGISTER_ENCHANT_ITEM = 39649
S_REGISTER_EVOLUTION_ITEM = 48228
S_REJECT_CONTRACT = 39184
S_REMOVE_BLOCKED_USER = 32131
S_REMOVE_EFFECT = 33947
S_REPLY_CLIENT_CHAT_OPTION_SETTING = 29147
S_REPLY_NONDB_ITEM_INFO = 54988
S_REPLY_REQUEST_CONTRACT = 31630
S_REQUEST_CITY_WAR_MAP_INFO = 64884
S_REQUEST_CITY_WAR_MAP_INFO_DETAIL = 65458
S_REQUEST_CITY_WAR_MAP_INFO_END = 34170
S_REQUEST_CONTRACT = 45448
S_REQUEST_DESPAWN_SERVANT = 52668
S_REQUEST_PRIVATE_CHANNEL_INFO = 43891
S_REQUEST_REACTION_POS_TICK = 59647
S_REQUEST_SECOND_PASSWORD_AUTH = 31168
S_REQUEST_SERVANT_INFO_LIST = 42595
S_REQUEST_SPAWN_SERVANT = 33742
S_REQUEST_STYLE_SHOP_MARK_PRODUCTLIST = 21515
S_RESET_EP_PERK = 60732
S_RESPONSE_GAMESTAT_PONG = 35283
S_RESULT_BIDDING_DICE_THROW = 21089
S_RESULT_EVENT_SEED = 39721
S_RESULT_ITEM_BIDDING = 46235
S_RETURN_TO_LOBBY = 31519
S_RP_SKILL_POLISHING_LIST = 37645
S_SHORTCUT_CHANGE = 63104
S_SHOW_AWESOMIUMWEB_SHOP = 21109
S_SHOW_CANDIDATE_LIST = 20102
S_SHOW_HP = 61918
S_SHOW_ITEM_TOOLTIP = 28364
S_SHOW_PARTY_MATCH_INFO = 64610
S_SHOW_PEGASUS_MAP = 26547
S_SHOW_USER_EP_INFO = 46670
S_SKILL_ATTENTION_TARGET = 60534
S_SKILL_CATEGORY = 38084
S_SKILL_LIST = 54285
S_SOCIAL = 40054
S_SPAWN_BONFIRE = 51197
S_SPAWN_BUILD_OBJECT = 37352
S_SPAWN_COLLECTION = 25098
S_SPAWN_DOOR = 57284
S_SPAWN_DROPITEM = 46516
S_SPAWN_EVENT_SEED = 55191
S_SPAWN_ME = 40866
S_SPAWN_NPC = 34060
S_SPAWN_PROJECTILE = 51016
S_SPAWN_SHUTTLE = 61455
S_SPAWN_USER = 25186
S_SPAWN_WORKOBJECT = 49240
S_START_ACTION_SCRIPT = 44547
S_START_CHANGE_USER_APPEARANCE = 63013
S_START_CLIENT_CUSTOM_SKILL = 57628
S_START_CLIMBING = 42639
S_START_COOLTIME_ITEM = 42991
S_START_COOLTIME_SKILL = 56242
S_START_INVERSE_CAPTURE = 42244
S_START_PRODUCE = 34134
S_START_USER_PROJECTILE = 47729
S_STICK_TO_USER_END = 31252
S_STICK_TO_USER_START = 50648
S_STORE_SELL_LIST = 37270
S_SUCCESS_COUNTER = 64806
S_SYSTEM_MESSAGE = 59478
S_SYSTEM_MESSAGE_LOOT_ITEM = 20386
S_SYSTEM_MESSAGE_LOOT_SPECIAL_ITEM = 37357
S_TARGET_INFO = 22998
S_TELEPORT_TO_CAMP = 28073
S_TRADE_BROKER_DEAL_INFO_UPDATE = 52893
S_TRADE_BROKER_DEAL_SUGGESTED = 36530
S_TRADE_BROKER_HISTORY_ITEM_LIST = 52916
S_TRADE_BROKER_REQUEST_DEAL_RESULT = 49358
S_TRADE_BROKER_SUGGEST_DEAL = 35274
S_TRADE_BROKER_WAITING_ITEM_LIST = 62447
S_UNICAST_FLOATING_CASTLE_INFO = 54878
S_UNICAST_FLOATING_CASTLE_NAMEPLATE = 33667
S_UNICAST_TRANSFORM_DATA = 47529
S_UNMOUNT_VEHICLE = 57523
S_UNMOUNT_VEHICLE_EX = 59677
S_UPDATE_ACHIEVEMENT_PROGRESS = 21983
S_UPDATE_EVENT_SEED_STATE = 45168
S_UPDATE_FRIEND_INFO = 57271
S_UPDATE_NPCGUILD = 28508
S_USER_APPEARANCE_CHANGE = 41061
S_USER_BLOCK_LIST = 24559
S_USER_CHANGE_FACE_CUSTOM = 49519
S_USER_CHANGE_NAME = 52409
S_USER_DEATH = 56035
S_USER_EFFECT = 50155
S_USER_EXTERNAL_CHANGE = 43610
S_USER_LEVELUP = 26567
S_USER_LOCATION = 28563
S_USER_LOCATION_IN_ACTION = 42685
S_USER_MOVETYPE = 30710
S_USER_PAPERDOLL_INFO = 24917
S_USER_SITUATION = 65529
S_USER_STATUS = 51277
S_USER_WEAPON_APPEARANCE_CHANGE = 40855
S_VIEW_PARTY_INVITE = 49283
S_VIEW_WARE_EX = 44049
S_VILLAGE_LIST_TO_TELEPORT = 23803
S_VISIT_NEW_SECTION = 25271
S_VOTE_RESET_ALL_DUNGEON = 50760
S_WEAK_POINT = 47814
S_WHISPER = 50159
