C_ADD_FRIEND = 48992
C_ADD_TELEPORT_TO_POS_LIST = 48825
C_ADMIN = 50282
C_APPLY_PARTY = 61456
C_ASK_INTERACTIVE = 31341
C_BAN_PARTY_MEMBER = 61442
C_BIND_ITEM_BEGIN_PROGRESS = 47202
C_BIND_ITEM_EXECUTE = 65201
C_BLOCK_USER = 20263
C_CANCEL_CHANGE_USER_APPEARANCE = 26795
C_CANCEL_CONTRACT = 46570
C_CANCEL_SKILL = 37225
C_CAN_LOCKON_TARGET = 34469
C_CHANGE_PARTY_MANAGER = 51169
C_CHANGE_PARTY_MEMBER_AUTHORITY = 35256
C_CHAT = 27470
C_CHECK_VERSION = 19900
C_COMMIT_CHANGE_USER_APPEARANCE = 25865
C_COMPLETE_DAILY_EVENT = 61954
C_COMPLETE_EXTRA_EVENT = 27657
C_CONFIRM_UPDATE_NOTIFICATION = 62588
C_CREST_APPLY = 29931
C_CREST_APPLY_LIST = 41791
C_DELETE_FRIEND = 21608
C_DELETE_TELEPORT_TO_POS_LIST = 34263
C_DEL_ITEM = 45984
C_DIALOG = 56510
C_DISMISS_PARTY = 48729
C_EDIT_BLOCKED_USER_MEMO = 42078
C_END_CLIMBING = 22686
C_END_MOVIE = 24084
C_GACHA_TRY = 51160
C_GET_IN_SHUTTLE = 32927
C_GET_OUT_SHUTTLE = 35367
C_GET_USER_LIST = 24972
C_HIT_USER_PROJECTILE = 65186
C_INVITE_USER_TO_GUILD = 24583
C_ITEM_COLORING_SET_COLOR = 55148
C_LEAVE_PARTY = 40951
C_LEAVE_PRIVATE_CHANNEL = 30517
C_LOAD_TOPO_FIN = 24562
C_LOGIN_ARBITER = 23962
C_MERGE_ITEM = 30267
C_MERGE_ITEM_EXECUTE = 49933
C_NOTIFY_LOCATION_IN_ACTION = 47721
C_NOTIFY_LOCATION_IN_DASH = 61742
C_NOTIMELINE_SKILL = 46754
C_NPC_CONTACT = 25426
C_OP_COMMAND = 56114
C_PARTY_APPLICATION_DENIED = 47943
C_PARTY_MARKER = 20330
C_PARTY_MATCH_WINDOW_CLOSED = 32718
C_PLAYER_FLYING_LOCATION = 54742
C_PLAYER_LOCATION = 64755
C_PRESS_SKILL = 20161
C_REGISTER_ENCHANT_ITEM = 51766
C_REGISTER_EVOLUTION_ITEM = 50265
C_REGISTER_PARTY_INFO = 22926
C_REMOVE_BLOCKED_USER = 42454
C_REPLY_THROUGH_ARBITER_CONTRACT = 47753
C_REQUEST_CANDIDATE_LIST = 60155
C_REQUEST_CONTRACT = 30901
C_REQUEST_ENCHANT = 25791
C_REQUEST_EVOLUTION = 21717
C_REQUEST_GAMESTAT_PING = 64637
C_REQUEST_NONDB_ITEM_INFO = 45762
C_REQUEST_PARTY_INFO = 50066
C_REQUEST_PARTY_MATCH_INFO = 33300
C_REQUEST_PARTY_MATCH_INFO_PAGE = 64239
C_REQUEST_PARTY_MATCH_LINK = 27868
C_REQUEST_PRIVATE_CHANNEL_INFO = 43717
C_REQUEST_USER_PAPERDOLL_INFO = 32744
C_REQUEST_USER_PAPERDOLL_INFO_WITH_GAMEID = 30974
C_RESET_ALL_DUNGEON = 44301
C_RETURN_TO_LOBBY = 58102
C_REVIVE_NOW = 40427
C_RQ_COMMIT_DECOMPOSITION_CONTRACT = 63311
C_RQ_START_SOCIAL_ON_PROGRESS_DECOMPOSITION = 56417
C_SAVE_CLIENT_ACCOUNT_SETTING = 45086
C_SAVE_CLIENT_USER_SETTING = 22194
C_SECOND_PASSWORD_AUTH = 20409
C_SELECT_USER = 59926
C_SET_VISIBLE_RANGE = 25913
C_SHOW_ITEMLIST = 49842
C_SHOW_ITEM_TOOLTIP_EX = 33919
C_SOCIAL = 55704
C_START_COMBO_INSTANT_SKILL = 30159
C_START_ENCHANT = 20602
C_START_EVOLUTION = 38358
C_START_INSTANCE_SKILL = 27806
C_START_INSTANCE_SKILL_EX = 31670
C_START_PRODUCE = 35071
C_START_SKILL = 57635
C_START_TARGETED_SKILL = 52252
C_TELEPORT_TO_POS = 32753
C_TELEPORT_TO_VILLAGE = 45474
C_TRADE_BROKER_BUY_IT_NOW = 29977
C_TRADE_BROKER_DEAL_CONFIRM = 53787
C_TRADE_BROKER_REJECT_SUGGEST = 26802
C_TRADE_BROKER_SUGGEST_DEAL = 45584
C_TRADE_BROKER_WAITING_ITEM_LIST_NEW = 53359
C_TRADE_BROKER_WAITING_ITEM_LIST_PAGE = 27938
C_TRY_LOOT_DROPITEM = 56989
C_UNMOUNT_VEHICLE = 27306
C_UNREGISTER_ENCHANT_ITEM = 57585
C_UNREGISTER_EVOLUTION_ITEM = 52376
C_UNREGISTER_PARTY_INFO = 50149
C_UPDATE_REACTION_POS = 64617
C_USE_ITEM = 60206
C_USE_PREMIUM_SLOT = 55605
C_VIEW_WARE = 21291
C_VISIT_NEW_SECTION = 56218
C_WHISPER = 45862
S_ABNORMALITY_BEGIN = 45479
S_ABNORMALITY_DAMAGE_ABSORB = 25419
S_ABNORMALITY_END = 62306
S_ABNORMALITY_FAIL = 55097
S_ABNORMALITY_REFRESH = 55543
S_ABNORMALITY_RESIST = 41640
S_ABNORMALITY_SCALE_UP = 57444
S_ACCEPT_CONTRACT = 63548
S_ACCOMPLISH_ACHIEVEMENT = 39771
S_ACCOUNT_PACKAGE_LIST = 28841
S_ACTION_END = 29335
S_ACTION_STAGE = 57584
S_ADD_BLOCKED_USER = 24277
S_ADD_INTER_PARTY_MATCH_POOL = 36215
S_ADMIN_HOLD_CHARACTER = 31862
S_AERO = 36556
S_AIR_REACTION_END = 24415
S_ANNOUNCE_UPDATE_NOTIFICATION = 39294
S_ANSWER_INTERACTIVE = 51507
S_APPLY_TITLE = 25089
S_ASK_BIDDING_RARE_ITEM = 45567
S_ASK_TELEPORT = 44544
S_AVAILABLE_EVENT_MATCHING_LIST = 45270
S_AVAILABLE_SOCIAL_LIST = 30095
S_BAN_PARTY = 22253
S_BAN_PARTY_MEMBER = 45234
S_BATTLE_FIELD_ENTRANCE_INFO = 61517
S_BATTLE_FIELD_POINT_STORE_SELL_LIST = 20980
S_BEGIN_THROUGH_ARBITER_CONTRACT = 49098
S_BOSS_GAGE_INFO = 41804
S_BROADCAST_FLOATING_CASTLE_INFO = 36474
S_BROADCAST_FLOATING_CASTLE_NAMEPLATE = 44479
S_CANCEL_CONTRACT = 43441
S_CANNOT_START_SKILL = 26608
S_CAN_LOCKON_TARGET = 27206
S_CHANGE_DESTPOS_PROJECTILE = 58127
S_CHANGE_EP_EXP_DAILY_LIMIT = 52901
S_CHANGE_EP_POINT = 40445
S_CHANGE_EVENT_MATCHING_STATE = 41827
S_CHANGE_FRIEND_STATE = 34202
S_CHANGE_GUILD_CHIEF = 57714
S_CHANGE_PARTY_MANAGER = 43657
S_CHANGE_VOICE_USE_QAC = 54123
S_CHAT = 31864
S_CHECK_TO_READY_PARTY = 41197
S_CHECK_TO_READY_PARTY_FIN = 37283
S_CHECK_VERSION = 19901
S_CLEAR_ALL_HOLDED_ABNORMALITY = 24083
S_COLLECTION_PICKEND = 55154
S_COLLECTION_PICKSTART = 29662
S_COMPLETE_EVENT_MATCHING_QUEST = 55683
S_CONNECT_SKILL_ARROW = 48451
S_CREATURE_CHANGE_HP = 57509
S_CREATURE_LIFE = 44609
S_CREATURE_ROTATE = 38927
S_CREST_APPLY = 40694
S_CREST_INFO = 35154
S_CREST_MESSAGE = 37598
S_CURRENT_CHANNEL = 23740
S_CUSTOM_STYLE_SYSTEM_MESSAGE = 34371
S_DEAD_LOCATION = 30204
S_DECREASE_COOLTIME_SKILL = 57590
S_DEFEND_SUCCESS = 45146
S_DELETE_FRIEND = 60975
S_DESPAWN_BONFIRE = 39010
S_DESPAWN_BUILD_OBJECT = 39326
S_DESPAWN_COLLECTION = 45637
S_DESPAWN_DROPITEM = 52505
S_DESPAWN_EVENT_SEED = 41932
S_DESPAWN_NPC = 51560
S_DESPAWN_PROJECTILE = 28463
S_DESPAWN_SHUTTLE = 31314
S_DESPAWN_USER = 23184
S_DESTROY_GUILD_TOWER = 45138
S_DIALOG = 59249
S_DUNGEON_CAMERA_SET = 21856
S_DUNGEON_CLEAR_COUNT_LIST = 54129
S_DUNGEON_COOL_TIME_LIST = 56158
S_DUNGEON_EVENT_MESSAGE = 47595
S_EACH_SKILL_RESULT = 60402
S_ENABLE_DISABLE_SELLABLE_ITEM_LIST = 44368
S_END_CHANGE_USER_APPEARANCE = 38824
S_END_PRODUCE = 59726
S_END_USER_PROJECTILE = 48553
S_EP_SYSTEM_DAILY_EVENT_EXP_ON_OFF = 60618
S_EXIT = 32073
S_F2P_PremiumUser_Permission = 20854
S_FACIAL_ATTACHMENT_BROADCAST = 40543
S_FEARMOVE_END = 56138
S_FEARMOVE_STAGE = 63396
S_FIELD_EVENT_ON_ENTER = 63113
S_FIELD_EVENT_ON_LEAVE = 37976
S_FIELD_POINT_INFO = 26930
S_FIN_INTER_PARTY_MATCH = 33914
S_FIX_VEHICLE_PROGRESS = 54256
S_FONT_SWAP_INFO = 29474
S_FRIEND_LIST = 29692
S_GACHA_END = 63652
S_GACHA_START = 58924
S_GET_IN_SHUTTLE = 33539
S_GET_OUT_SHUTTLE = 43980
S_GET_USER_GUILD_LOGO = 41228
S_GET_USER_LIST = 37810
S_GMEVENT_GUIDE_MESSAGE = 31030
S_GMEVENT_OX_QUIZ_OPEN = 47375
S_GMEVENT_OX_QUIZ_RESULT = 41451
S_GMEVENT_RECV_REWARD = 37572
S_GRANT_SKILL = 26236
S_GROUP_NPC_LOCATION = 62707
S_GUILD_MEMBER_LIST = 64850
S_GUILD_NAME = 58318
S_GUILD_STORE_SELL_LIST = 54579
S_GUILD_TOWER_INFO = 21071
S_HIT_COMBO = 36034
S_HOLD_ABNORMALITY_ADD = 30174
S_IMAGE_DATA = 22955
S_INSTANCE_ARROW = 40282
S_INSTANT_DASH = 59518
S_INSTANT_MOVE = 58069
S_INVEN_CHANGEDSLOT = 36763
S_INVEN_USERDATA = 23769
S_ITEMLIST = 47153
S_ITEM_COLORING_BAG = 39697
S_ITEM_CUSTOM_STRING = 56104
S_ITEM_EXPLOSION_RESULT = 50556
S_JOIN_PRIVATE_CHANNEL = 53963
S_LEARN_EP_PERK = 32631
S_LEAVE_GUILD = 20146
S_LEAVE_PARTY = 58040
S_LEAVE_PARTY_MEMBER = 50375
S_LEAVE_PRIVATE_CHANNEL = 57046
S_LOADING_SCREEN_CONTROL_INFO = 36941
S_LOAD_ACHIEVEMENT_LIST = 36300
S_LOAD_CLIENT_ACCOUNT_SETTING = 21647
S_LOAD_CLIENT_USER_SETTING = 47808
S_LOAD_DUNGEON_SOUND_HINT = 32534
S_LOAD_EP_INFO = 38017
S_LOAD_TELEPORT_TO_POS_LIST = 48246
S_LOAD_TOPO = 31413
S_LOCKON_YOU = 20381
S_LOGIN = 29603
S_LOGIN_ACCOUNT_INFO = 45309
S_LOGOUT_PARTY_MEMBER = 32768
S_MOUNT_VEHICLE = 65319
S_MOUNT_VEHICLE_EX = 49233
S_MOVE_SHUTTLE = 44903
S_MUTE = 49530
S_NOCTAN_VARIATION_INFO = 59807
S_NOTIFY_GUILD_QUEST_URGENT = 56502
S_NOTIFY_TO_FRIENDS_WALK_INTO_SAME_AREA = 44924
S_NPCGUILD_LIST = 51065
S_NPC_CHANGE_MESH = 21433
S_NPC_LOCATION = 29427
S_NPC_MENU_SELECT = 29102
S_NPC_OCCUPIER_INFO = 52145
S_NPC_STATUS = 58896
S_NPC_TARGET_USER = 37368
S_OPEN_AWESOMIUM_WEB_URL = 24983
S_OTHER_USER_APPLY_PARTY = 56525
S_PARTY_INFO = 46055
S_PARTY_MARKER = 20394
S_PARTY_MATCH_LINK = 62470
S_PARTY_MEMBER_ABNORMAL_ADD = 32888
S_PARTY_MEMBER_ABNORMAL_CLEAR = 54630
S_PARTY_MEMBER_ABNORMAL_DEL = 22375
S_PARTY_MEMBER_ABNORMAL_REFRESH = 61372
S_PARTY_MEMBER_BUFF_UPDATE = 58462
S_PARTY_MEMBER_CHANGE_HP = 20868
S_PARTY_MEMBER_CHANGE_MP = 22078
S_PARTY_MEMBER_INFO = 58150
S_PARTY_MEMBER_INTERVAL_POS_UPDATE = 27400
S_PARTY_MEMBER_LIST = 40507
S_PARTY_MEMBER_QUEST_DATA = 31172
S_PARTY_MEMBER_STAT_UPDATE = 35595
S_PLAYER_CHANGE_ALL_PROF = 53885
S_PLAYER_CHANGE_EP = 41551
S_PLAYER_CHANGE_EXP = 25952
S_PLAYER_CHANGE_FLIGHT_ENERGY = 43805
S_PLAYER_CHANGE_MP = 23774
S_PLAYER_CHANGE_PROF = 41568
S_PLAYER_CHANGE_STAMINA = 52367
S_PLAYER_RESET_EP = 41834
S_PLAYER_STAT_UPDATE = 61700
S_PLAY_ANIMATION = 22988
S_PLAY_EFFECT = 63922
S_PLAY_MOVIE = 27448
S_PLAY_SOUND = 44439
S_POINT_STORE_SELL_LIST = 50281
S_PREMIUM_SLOT_DATALIST = 60312
S_PREMIUM_SLOT_OFF = 47103
S_PREPARE_EXIT = 32293
S_PREPARE_RETURN_TO_LOBBY = 52428
S_PREVIEW_ITEM = 58496
S_PRIVATE_CHANNEL_NOTICE = 56693
S_PRIVATE_CHAT = 34554
S_PRODUCE_CRITICAL = 49582
S_QUEST_BALLOON = 48316
S_QUEST_INFO = 41189
S_QUEST_VILLAGER_INFO = 43122
S_REGISTER_ENCHANT_ITEM = 41041
S_REGISTER_EVOLUTION_ITEM = 49263
S_REJECT_CONTRACT = 55085
S_REMOVE_BLOCKED_USER = 60425
S_REMOVE_EFFECT = 34991
S_REPLY_CLIENT_CHAT_OPTION_SETTING = 46761
S_REPLY_NONDB_ITEM_INFO = 25126
S_REPLY_REQUEST_CONTRACT = 39510
S_REQUEST_CITY_WAR_MAP_INFO = 49537
S_REQUEST_CITY_WAR_MAP_INFO_DETAIL = 47256
S_REQUEST_CITY_WAR_MAP_INFO_END = 38642
S_REQUEST_CONTRACT = 59607
S_REQUEST_DESPAWN_SERVANT = 29706
S_REQUEST_PRIVATE_CHANNEL_INFO = 22921
S_REQUEST_REACTION_POS_TICK = 23096
S_REQUEST_SECOND_PASSWORD_AUTH = 54325
S_REQUEST_SERVANT_INFO_LIST = 33168
S_REQUEST_SPAWN_SERVANT = 41798
S_REQUEST_STYLE_SHOP_MARK_PRODUCTLIST = 55733
S_RESET_EP_PERK = 44521
S_RESPONSE_GAMESTAT_PONG = 64683
S_RESULT_BIDDING_DICE_THROW = 52996
S_RESULT_EVENT_SEED = 63093
S_RESULT_ITEM_BIDDING = 62316
S_RETURN_TO_LOBBY = 56880
S_RP_SKILL_POLISHING_LIST = 33377
S_SHORTCUT_CHANGE = 57478
S_SHOW_AWESOMIUMWEB_SHOP = 38228
S_SHOW_CANDIDATE_LIST = 34217
S_SHOW_HP = 39956
S_SHOW_ITEM_TOOLTIP = 62032
S_SHOW_PARTY_MATCH_INFO = 39738
S_SHOW_PEGASUS_MAP = 42089
S_SHOW_USER_EP_INFO = 37908
S_SKILL_ATTENTION_TARGET = 26540
S_SKILL_CATEGORY = 48148
S_SKILL_LIST = 44720
S_SOCIAL = 51353
S_SPAWN_BONFIRE = 63819
S_SPAWN_BUILD_OBJECT = 45860
S_SPAWN_COLLECTION = 27427
S_SPAWN_DOOR = 63119
S_SPAWN_DROPITEM = 60852
S_SPAWN_EVENT_SEED = 36296
S_SPAWN_ME = 58381
S_SPAWN_NPC = 29440
S_SPAWN_PROJECTILE = 40568
S_SPAWN_SHUTTLE = 34119
S_SPAWN_USER = 61062
S_SPAWN_WORKOBJECT = 53650
S_START_ACTION_SCRIPT = 29381
S_START_CHANGE_USER_APPEARANCE = 25973
S_START_CLIENT_CUSTOM_SKILL = 57375
S_START_CLIMBING = 31616
S_START_COOLTIME_ITEM = 38271
S_START_COOLTIME_SKILL = 54089
S_START_INVERSE_CAPTURE = 42011
S_START_PRODUCE = 31182
S_START_USER_PROJECTILE = 25368
S_STICK_TO_USER_END = 63390
S_STICK_TO_USER_START = 56985
S_STORE_SELL_LIST = 64367
S_SUCCESS_COUNTER = 57622
S_SYSTEM_MESSAGE = 30731
S_SYSTEM_MESSAGE_LOOT_ITEM = 46752
S_SYSTEM_MESSAGE_LOOT_SPECIAL_ITEM = 24040
S_TARGET_INFO = 34676
S_TELEPORT_TO_CAMP = 35829
S_TRADE_BROKER_DEAL_INFO_UPDATE = 52552
S_TRADE_BROKER_DEAL_SUGGESTED = 35943
S_TRADE_BROKER_HISTORY_ITEM_LIST = 42131
S_TRADE_BROKER_REQUEST_DEAL_RESULT = 48864
S_TRADE_BROKER_SUGGEST_DEAL = 38603
S_TRADE_BROKER_WAITING_ITEM_LIST = 44904
S_UNICAST_FLOATING_CASTLE_INFO = 27560
S_UNICAST_FLOATING_CASTLE_NAMEPLATE = 46522
S_UNICAST_TRANSFORM_DATA = 63062
S_UNMOUNT_VEHICLE = 54775
S_UNMOUNT_VEHICLE_EX = 64780
S_UPDATE_ACHIEVEMENT_PROGRESS = 37611
S_UPDATE_EVENT_SEED_STATE = 37023
S_UPDATE_FRIEND_INFO = 27463
S_UPDATE_NPCGUILD = 53483
S_USER_APPEARANCE_CHANGE = 39905
S_USER_BLOCK_LIST = 30792
S_USER_CHANGE_FACE_CUSTOM = 38786
S_USER_CHANGE_NAME = 49366
S_USER_DEATH = 47178
S_USER_EFFECT = 30214
S_USER_EXTERNAL_CHANGE = 61805
S_USER_LEVELUP = 29535
S_USER_LOCATION = 58022
S_USER_LOCATION_IN_ACTION = 62749
S_USER_MOVETYPE = 21994
S_USER_PAPERDOLL_INFO = 30881
S_USER_SITUATION = 37097
S_USER_STATUS = 64538
S_USER_WEAPON_APPEARANCE_CHANGE = 36862
S_VIEW_PARTY_INVITE = 60945
S_VIEW_WARE_EX = 42673
S_VILLAGE_LIST_TO_TELEPORT = 61547
S_VISIT_NEW_SECTION = 20970
S_VOTE_RESET_ALL_DUNGEON = 46156
S_WEAK_POINT = 33779
S_WHISPER = 52331
