C_ADD_FRIEND = 43951
C_ADD_TELEPORT_TO_POS_LIST = 24458
C_ADMIN = 39992
C_APPLY_PARTY = 48391
C_ASK_INTERACTIVE = 32137
C_BAN_PARTY_MEMBER = 28558
C_BIND_ITEM_BEGIN_PROGRESS = 48496
C_BIND_ITEM_EXECUTE = 41709
C_BLOCK_USER = 54550
C_CANCEL_CHANGE_USER_APPEARANCE = 41276
C_CANCEL_CONTRACT = 63002
C_CANCEL_SKILL = 55947
C_CAN_LOCKON_TARGET = 22822
C_CHANGE_PARTY_MANAGER = 62796
C_CHANGE_PARTY_MEMBER_AUTHORITY = 48054
C_CHAT = 34567
C_CHECK_VERSION = 19900
C_COMMIT_CHANGE_USER_APPEARANCE = 35217
C_CONFIRM_UPDATE_NOTIFICATION = 30916
C_CREST_APPLY = 32320
C_CREST_APPLY_LIST = 48347
C_DELETE_FRIEND = 62772
C_DELETE_PARCEL = 50374
C_DELETE_TELEPORT_TO_POS_LIST = 27591
C_DEL_ITEM = 60688
C_DIALOG = 47102
C_DISMISS_PARTY = 50549
C_EDIT_BLOCKED_USER_MEMO = 25972
C_END_CLIMBING = 32736
C_END_MOVIE = 57800
C_GACHA_TRY = 51281
C_GET_IN_SHUTTLE = 30104
C_GET_OUT_SHUTTLE = 50007
C_GET_USER_LIST = 25143
C_HIT_USER_PROJECTILE = 49641
C_ITEM_COLORING_SET_COLOR = 60369
C_LEAVE_PARTY = 34483
C_LEAVE_PRIVATE_CHANNEL = 46495
C_LIST_PARCEL = 44471
C_LOAD_TOPO_FIN = 48110
C_LOGIN_ARBITER = 45510
C_MERGE_ITEM = 61344
C_MERGE_ITEM_EXECUTE = 46715
C_NOTIFY_LOCATION_IN_ACTION = 45854
C_NOTIMELINE_SKILL = 54701
C_NPC_CONTACT = 44086
C_OP_COMMAND = 51973
C_PARTY_APPLICATION_DENIED = 26111
C_PARTY_MARKER = 47690
C_PARTY_MATCH_WINDOW_CLOSED = 33191
C_PCBANGINVENTORY_USE_SLOT = 30167
C_PLAYER_LOCATION = 44282
C_PRESS_SKILL = 44130
C_RECV_PARCEL = 31720
C_REGISTER_PARTY_INFO = 31319
C_REMOVE_BLOCKED_USER = 40324
C_REPLY_THROUGH_ARBITER_CONTRACT = 36636
C_REQUEST_CANDIDATE_LIST = 42890
C_REQUEST_CONTRACT = 45703
C_REQUEST_GAMESTAT_PING = 53781
C_REQUEST_NONDB_ITEM_INFO = 31903
C_REQUEST_PARTY_INFO = 62710
C_REQUEST_PARTY_MATCH_INFO = 43384
C_REQUEST_PARTY_MATCH_INFO_PAGE = 44931
C_REQUEST_PARTY_MATCH_LINK = 51692
C_REQUEST_USER_PAPERDOLL_INFO = 32598
C_RESET_ALL_DUNGEON = 45572
C_RETURN_TO_LOBBY = 29628
C_REVIVE_NOW = 56977
C_SAVE_CLIENT_ACCOUNT_SETTING = 35301
C_SAVE_CLIENT_USER_SETTING = 62128
C_SECOND_PASSWORD_AUTH = 56069
C_SELECT_USER = 27338
C_SET_VISIBLE_RANGE = 64313
C_SHOW_INVEN = 27336
C_SHOW_ITEM_TOOLTIP_EX = 54290
C_SHOW_PARCEL_MESSAGE = 38237
C_SOCIAL = 57255
C_START_COMBO_INSTANT_SKILL = 37562
C_START_INSTANCE_SKILL = 44399
C_START_PRODUCE = 40020
C_START_SKILL = 61787
C_START_TARGETED_SKILL = 34570
C_TELEPORT_TO_POS = 48528
C_TELEPORT_TO_VILLAGE = 46059
C_TRADE_BROKER_BUY_IT_NOW = 44612
C_TRADE_BROKER_DEAL_CONFIRM = 20666
C_TRADE_BROKER_REJECT_SUGGEST = 36298
C_TRADE_BROKER_SUGGEST_DEAL = 40718
C_TRADE_BROKER_WAITING_ITEM_LIST_NEW = 51150
C_TRADE_BROKER_WAITING_ITEM_LIST_PAGE = 44975
C_TRY_LOOT_DROPITEM = 56443
C_UNMOUNT_VEHICLE = 27845
C_UNREGISTER_PARTY_INFO = 62761
C_USE_ITEM = 36888
C_VIEW_WARE = 53835
C_VISIT_NEW_SECTION = 39468
C_WHISPER = 30450
S_ABNORMALITY_BEGIN = 37191
S_ABNORMALITY_DAMAGE_ABSORB = 35485
S_ABNORMALITY_END = 52867
S_ABNORMALITY_FAIL = 55317
S_ABNORMALITY_REFRESH = 62540
S_ACCEPT_CONTRACT = 24857
S_ACCOMPLISH_ACHIEVEMENT = 47394
S_ACCOUNT_PACKAGE_LIST = 53120
S_ACTION_END = 32132
S_ACTION_STAGE = 45891
S_ADD_BLOCKED_USER = 32832
S_ADD_INTER_PARTY_MATCH_POOL = 64476
S_ADMIN_HOLD_CHARACTER = 24201
S_AERO = 38662
S_ANNOUNCE_UPDATE_NOTIFICATION = 45944
S_ANSWER_INTERACTIVE = 55485
S_APPLY_TITLE = 55611
S_AVAILABLE_SOCIAL_LIST = 49347
S_BAN_PARTY = 20121
S_BAN_PARTY_MEMBER = 60029
S_BATTLE_FIELD_ENTRANCE_INFO = 60727
S_BATTLE_FIELD_POINT_STORE_SELL_LIST = 29848
S_BEGIN_THROUGH_ARBITER_CONTRACT = 35492
S_BOSS_GAGE_INFO = 62792
S_CANCEL_CONTRACT = 35406
S_CANNOT_START_SKILL = 55637
S_CAN_LOCKON_TARGET = 51456
S_CHANGE_DESTPOS_PROJECTILE = 55882
S_CHANGE_GUILD_CHIEF = 23995
S_CHANGE_PARTY_MANAGER = 46153
S_CHAT = 50284
S_CHECK_TO_READY_PARTY = 41606
S_CHECK_TO_READY_PARTY_FIN = 33607
S_CHECK_VERSION = 19901
S_CLEAR_ALL_HOLDED_ABNORMALITY = 52409
S_COLLECTION_PICKEND = 50225
S_COLLECTION_PICKSTART = 60212
S_CREATURE_CHANGE_HP = 52784
S_CREATURE_LIFE = 33246
S_CREATURE_ROTATE = 47706
S_CREST_APPLY = 62266
S_CREST_INFO = 51409
S_CREST_MESSAGE = 65335
S_CURRENT_CHANNEL = 34599
S_DEFEND_SUCCESS = 28811
S_DESPAWN_BONFIRE = 60579
S_DESPAWN_BUILD_OBJECT = 41350
S_DESPAWN_COLLECTION = 24964
S_DESPAWN_DROPITEM = 65462
S_DESPAWN_NPC = 56930
S_DESPAWN_PROJECTILE = 38502
S_DESPAWN_SHUTTLE = 62403
S_DESPAWN_USER = 23252
S_DIALOG = 21758
S_DUNGEON_CLEAR_COUNT_LIST = 46119
S_DUNGEON_COOL_TIME_LIST = 27179
S_EACH_SKILL_RESULT = 35198
S_ENABLE_DISABLE_SELLABLE_ITEM_LIST = 47921
S_END_CHANGE_USER_APPEARANCE = 45894
S_END_USER_PROJECTILE = 48500
S_EXIT = 51163
S_F2P_PremiumUser_Permission = 40678
S_FEARMOVE_END = 54626
S_FEARMOVE_STAGE = 20937
S_FIN_INTER_PARTY_MATCH = 63691
S_FRIEND_LIST = 35481
S_GACHA_END = 35112
S_GACHA_START = 41922
S_GET_IN_SHUTTLE = 36533
S_GET_OUT_SHUTTLE = 29338
S_GET_USER_LIST = 60523
S_GRANT_SKILL = 42488
S_GROUP_NPC_LOCATION = 39724
S_GUILD_MEMBER_LIST = 48854
S_GUILD_NAME = 57970
S_HOLD_ABNORMALITY_ADD = 27141
S_IMAGE_DATA = 26674
S_INSTANT_DASH = 55750
S_INSTANT_MOVE = 38149
S_INVEN = 62518
S_INVEN_CHANGEDSLOT = 20547
S_ITEM_COLORING_BAG = 43987
S_ITEM_CUSTOM_STRING = 46526
S_JOIN_PRIVATE_CHANNEL = 49278
S_LEAVE_PARTY = 59596
S_LEAVE_PARTY_MEMBER = 39028
S_LEAVE_PRIVATE_CHANNEL = 50777
S_LIST_PARCEL_EX = 45992
S_LOADING_SCREEN_CONTROL_INFO = 60711
S_LOAD_ACHIEVEMENT_LIST = 65023
S_LOAD_CLIENT_ACCOUNT_SETTING = 54823
S_LOAD_CLIENT_USER_SETTING = 21029
S_LOAD_DUNGEON_SOUND_HINT = 62533
S_LOAD_TELEPORT_TO_POS_LIST = 40649
S_LOAD_TOPO = 49260
S_LOGIN = 55523
S_LOGIN_ACCOUNT_INFO = 46842
S_LOGOUT_PARTY_MEMBER = 43316
S_MOUNT_VEHICLE = 38347
S_MOUNT_VEHICLE_EX = 30878
S_MOVE_SHUTTLE = 34327
S_NOTIFY_TO_FRIENDS_WALK_INTO_SAME_AREA = 27088
S_NPC_CHANGE_MESH = 53666
S_NPC_LOCATION = 53365
S_NPC_MENU_SELECT = 45982
S_NPC_OCCUPIER_INFO = 57730
S_NPC_STATUS = 62402
S_NPC_TARGET_USER = 42926
S_OTHER_USER_APPLY_PARTY = 24392
S_PARCEL_READ_RECV_STATUS = 47516
S_PARTY_INFO = 54415
S_PARTY_MARKER = 62663
S_PARTY_MATCH_LINK = 45032
S_PARTY_MEMBER_ABNORMAL_ADD = 39715
S_PARTY_MEMBER_ABNORMAL_CLEAR = 48549
S_PARTY_MEMBER_ABNORMAL_DEL = 51893
S_PARTY_MEMBER_ABNORMAL_REFRESH = 44704
S_PARTY_MEMBER_BUFF_UPDATE = 45199
S_PARTY_MEMBER_CHANGE_HP = 40974
S_PARTY_MEMBER_CHANGE_MP = 23312
S_PARTY_MEMBER_INFO = 44799
S_PARTY_MEMBER_INTERVAL_POS_UPDATE = 60541
S_PARTY_MEMBER_LIST = 34227
S_PARTY_MEMBER_QUEST_DATA = 36340
S_PARTY_MEMBER_STAT_UPDATE = 29920
S_PCBANGINVENTORY_DATALIST = 31470
S_PLAYER_CHANGE_ALL_PROF = 62059
S_PLAYER_CHANGE_EP = 64481
S_PLAYER_CHANGE_EXP = 49474
S_PLAYER_CHANGE_MP = 26113
S_PLAYER_CHANGE_PROF = 50128
S_PLAYER_CHANGE_STAMINA = 37781
S_PLAYER_STAT_UPDATE = 47233
S_PLAY_ANIMATION = 60561
S_PLAY_EFFECT = 65342
S_PLAY_MOVIE = 58792
S_PLAY_SOUND = 20703
S_POINT_STORE_SELL_LIST = 30835
S_PREPARE_EXIT = 40738
S_PREPARE_RETURN_TO_LOBBY = 63938
S_PREVIEW_ITEM = 31701
S_PRIVATE_CHAT = 57564
S_PRODUCE_CRITICAL = 31557
S_QUEST_BALLOON = 63556
S_QUEST_INFO = 38908
S_QUEST_VILLAGER_INFO = 48569
S_RECV_PARCEL = 22353
S_REJECT_CONTRACT = 52583
S_REMOVE_BLOCKED_USER = 60929
S_REMOVE_EFFECT = 55058
S_REPLY_NONDB_ITEM_INFO = 56104
S_REPLY_REQUEST_CONTRACT = 47060
S_REQUEST_CONTRACT = 22476
S_REQUEST_SECOND_PASSWORD_AUTH = 60562
S_RESPONSE_GAMESTAT_PONG = 45227
S_RESULT_BIDDING_DICE_THROW = 54998
S_RESULT_ITEM_BIDDING = 44121
S_RETURN_TO_LOBBY = 36046
S_SHORTCUT_CHANGE = 50470
S_SHOW_AWESOMIUMWEB_SHOP = 34429
S_SHOW_CANDIDATE_LIST = 35713
S_SHOW_HP = 26462
S_SHOW_ITEM_TOOLTIP = 43689
S_SHOW_PARTY_MATCH_INFO = 45333
S_SHOW_PEGASUS_MAP = 38464
S_SKILL_ATTENTION_TARGET = 24060
S_SKILL_CATEGORY = 34765
S_SKILL_LIST = 49118
S_SOCIAL = 64050
S_SPAWN_BONFIRE = 60038
S_SPAWN_BUILD_OBJECT = 64333
S_SPAWN_COLLECTION = 34454
S_SPAWN_DOOR = 33953
S_SPAWN_DROPITEM = 50572
S_SPAWN_ME = 54552
S_SPAWN_NPC = 43239
S_SPAWN_PROJECTILE = 61130
S_SPAWN_SHUTTLE = 65521
S_SPAWN_USER = 42960
S_SPAWN_WORKOBJECT = 59889
S_START_ACTION_SCRIPT = 58200
S_START_CHANGE_USER_APPEARANCE = 48358
S_START_CLIMBING = 53280
S_START_COOLTIME_ITEM = 50048
S_START_COOLTIME_SKILL = 29140
S_START_INVERSE_CAPTURE = 53152
S_START_PRODUCE = 40769
S_START_USER_PROJECTILE = 43364
S_STORE_SELL_LIST = 40120
S_SUCCESS_COUNTER = 32449
S_SYSTEM_MESSAGE = 53446
S_SYSTEM_MESSAGE_LOOT_ITEM = 61678
S_SYSTEM_MESSAGE_LOOT_SPECIAL_ITEM = 25602
S_TARGET_INFO = 60279
S_TELEPORT_TO_CAMP = 49920
S_TRADE_BROKER_DEAL_INFO_UPDATE = 56617
S_TRADE_BROKER_DEAL_SUGGESTED = 46829
S_TRADE_BROKER_HISTORY_ITEM_LIST = 50014
S_TRADE_BROKER_REQUEST_DEAL_RESULT = 25659
S_TRADE_BROKER_SUGGEST_DEAL = 48409
S_TRADE_BROKER_WAITING_ITEM_LIST = 56402
S_UNMOUNT_VEHICLE = 51166
S_UNMOUNT_VEHICLE_EX = 51068
S_UPDATE_ACHIEVEMENT_PROGRESS = 25386
S_UPDATE_FRIEND_INFO = 41204
S_UPDATE_NPCGUILD = 50424
S_USER_APPEARANCE_CHANGE = 40650
S_USER_BLOCK_LIST = 40637
S_USER_CHANGE_NAME = 60887
S_USER_EFFECT = 45075
S_USER_EXTERNAL_CHANGE = 31218
S_USER_LEVELUP = 61348
S_USER_LOCATION = 56577
S_USER_PAPERDOLL_INFO = 27604
S_USER_SITUATION = 46223
S_USER_STATUS = 34909
S_VIEW_WARE_EX = 53533
S_VILLAGE_LIST_TO_TELEPORT = 34055
S_VISIT_NEW_SECTION = 46591
S_VOTE_RESET_ALL_DUNGEON = 40428
S_WHISPER = 61771
