C_ASK_INTERACTIVE = 36873
C_BIND_ITEM_BEGIN_PROGRESS = 37474
C_BIND_ITEM_EXECUTE = 24426
C_BLOCK_USER = 27616
C_CANCEL_CHANGE_USER_APPEARANCE = 37535
C_CANCEL_CONTRACT = 46098
C_CANCEL_SKILL = 39894
C_CAN_LOCKON_TARGET = 46807
C_CHANGE_PARTY_MANAGER = 27175
C_CHANGE_PARTY_MEMBER_AUTHORITY = 33264
C_CHAT = 37591
C_CHECK_VERSION = 19900
C_COMMIT_CHANGE_USER_APPEARANCE = 42249
C_CREST_APPLY = 21758
C_CREST_APPLY_LIST = 33843
C_DELETE_FRIEND = 55766
C_DIALOG = 55194
C_END_MOVIE = 22353
C_GACHA_TRY = 59695
C_GET_USER_LIST = 34050
C_INVITE_USER_TO_GUILD = 45184
C_LEAVE_PRIVATE_CHANNEL = 50846
C_LOAD_TOPO_FIN = 64414
C_LOGIN_ARBITER = 36298
C_NOTIFY_LOCATION_IN_ACTION = 60619
C_NOTIFY_LOCATION_IN_DASH = 48452
C_NOTIMELINE_SKILL = 58359
C_NPC_CONTACT = 27065
C_PARTY_APPLICATION_DENIED = 22450
C_PCBANGINVENTORY_USE_SLOT = 29655
C_PLAYER_LOCATION = 43690
C_PRESS_SKILL = 23300
C_REGISTER_ENCHANT_ITEM = 35795
C_REGISTER_UPGRADE_ITEM = 58502
C_REMOVE_BLOCKED_USER = 32848
C_REPLY_THROUGH_ARBITER_CONTRACT = 40307
C_REQUEST_CONTRACT = 59975
C_REQUEST_ENCHANT = 22100
C_REQUEST_GAMESTAT_PING = 31019
C_REQUEST_NONDB_ITEM_INFO = 62564
C_REQUEST_PARTY_INFO = 49857
C_REQUEST_PRIVATE_CHANNEL_INFO = 58647
C_REQUEST_UPGRADE = 42192
C_REQUEST_USER_PAPERDOLL_INFO = 46762
C_RESET_ALL_DUNGEON = 39164
C_RETURN_TO_LOBBY = 28258
C_REVIVE_NOW = 28693
C_SAVE_CLIENT_ACCOUNT_SETTING = 64431
C_SAVE_CLIENT_USER_SETTING = 22390
C_SELECT_USER = 52126
C_SHOW_INVEN = 35741
C_SHOW_ITEM_TOOLTIP_EX = 27574
C_SOCIAL = 23756
C_START_COMBO_INSTANT_SKILL = 43049
C_START_ENCHANT = 47066
C_START_INSTANCE_SKILL = 57362
C_START_INSTANCE_SKILL_EX = 54697
C_START_PRODUCE = 61186
C_START_SKILL = 37678
C_START_TARGETED_SKILL = 30497
C_START_UPGRADE = 52396
C_TRADE_BROKER_BUY_IT_NOW = 44366
C_TRADE_BROKER_DEAL_CONFIRM = 44230
C_TRADE_BROKER_REJECT_SUGGEST = 30892
C_TRADE_BROKER_SUGGEST_DEAL = 42236
C_TRADE_BROKER_WAITING_ITEM_LIST_NEW = 48635
C_TRADE_BROKER_WAITING_ITEM_LIST_PAGE = 47982
C_UNREGISTER_ENCHANT_ITEM = 63290
C_UNREGISTER_UPGRADE_ITEM = 55823
C_USE_ITEM = 62991
C_VISIT_NEW_SECTION = 49176
C_WHISPER = 29628
S_ABNORMALITY_BEGIN = 27641
S_ABNORMALITY_DAMAGE_ABSORB = 54973
S_ABNORMALITY_END = 34662
S_ABNORMALITY_FAIL = 45879
S_ABNORMALITY_REFRESH = 63241
S_ACCEPT_CONTRACT = 25819
S_ACCOMPLISH_ACHIEVEMENT = 63409
S_ACCOUNT_PACKAGE_LIST = 56220
S_ACTION_END = 30332
S_ACTION_STAGE = 55958
S_ADMIN_HOLD_CHARACTER = 65094
S_AERO = 62930
S_ANSWER_INTERACTIVE = 25764
S_AVAILABLE_EVENT_MATCHING_LIST = 43438
S_BAN_PARTY = 38417
S_BAN_PARTY_MEMBER = 29299
S_BATTLE_FIELD_ENTRANCE_INFO = 45820
S_BATTLE_FIELD_POINT_STORE_SELL_LIST = 40393
S_BEGIN_THROUGH_ARBITER_CONTRACT = 43541
S_BOSS_GAGE_INFO = 57051
S_CANCEL_CONTRACT = 52579
S_CANNOT_START_SKILL = 51161
S_CAN_LOCKON_TARGET = 47569
S_CHANGE_DESTPOS_PROJECTILE = 29700
S_CHANGE_PARTY_MANAGER = 57962
S_CHANGE_VOICE_USE_QAC = 37912
S_CHAT = 39856
S_CHECK_TO_READY_PARTY = 26672
S_CHECK_TO_READY_PARTY_FIN = 49650
S_CLEAR_ALL_HOLDED_ABNORMALITY = 42063
S_COLLECTION_PICKEND = 30307
S_CREATURE_CHANGE_HP = 45583
S_CREATURE_LIFE = 34465
S_CREATURE_ROTATE = 30259
S_CREST_APPLY = 45683
S_CREST_INFO = 28094
S_CREST_MESSAGE = 20487
S_DEAD_LOCATION = 64255
S_DECREASE_COOLTIME_SKILL = 26428
S_DEFEND_SUCCESS = 62018
S_DESPAWN_COLLECTION = 35896
S_DESPAWN_NPC = 23998
S_DESPAWN_USER = 59755
S_DIALOG = 54429
S_DUNGEON_COOL_TIME_LIST = 38916
S_DUNGEON_EVENT_MESSAGE = 49765
S_EACH_SKILL_RESULT = 50195
S_ENABLE_DISABLE_SELLABLE_ITEM_LIST = 50386
S_END_CHANGE_USER_APPEARANCE = 45165
S_EXIT = 52110
S_FEARMOVE_END = 30771
S_FEARMOVE_STAGE = 50469
S_FIN_INTER_PARTY_MATCH = 42691
S_FONT_SWAP_INFO = 64610
S_FRIEND_LIST = 46822
S_GACHA_END = 41869
S_GACHA_START = 39311
S_GET_USER_GUILD_LOGO = 26126
S_GET_USER_LIST = 51295
S_GRANT_SKILL = 21267
S_GUILD_NAME = 33310
S_GUILD_STORE_SELL_LIST = 46328
S_GUILD_TOWER_INFO = 48476
S_HOLD_ABNORMALITY_ADD = 64960
S_IMAGE_DATA = 36717
S_INSTANT_DASH = 62354
S_INSTANT_MOVE = 25749
S_INVEN = 58168
S_INVEN_CHANGEDSLOT = 55621
S_ITEM_CUSTOM_STRING = 41796
S_JOIN_PRIVATE_CHANNEL = 61725
S_LEAVE_PARTY = 56625
S_LEAVE_PARTY_MEMBER = 36455
S_LEAVE_PRIVATE_CHANNEL = 40041
S_LOADING_SCREEN_CONTROL_INFO = 55716
S_LOAD_CLIENT_ACCOUNT_SETTING = 36360
S_LOAD_CLIENT_USER_SETTING = 44261
S_LOAD_TOPO = 40914
S_LOGIN = 48950
S_LOGOUT_PARTY_MEMBER = 41642
S_MOUNT_VEHICLE = 26971
S_MOUNT_VEHICLE_EX = 50216
S_NOTIFY_TO_FRIENDS_WALK_INTO_SAME_AREA = 42499
S_NPC_LOCATION = 53521
S_NPC_MENU_SELECT = 24037
S_NPC_OCCUPIER_INFO = 49991
S_NPC_STATUS = 43795
S_NPC_TARGET_USER = 62585
S_OTHER_USER_APPLY_PARTY = 49772
S_PARTY_INFO = 55975
S_PARTY_MATCH_LINK = 60010
S_PARTY_MEMBER_ABNORMAL_ADD = 30668
S_PARTY_MEMBER_ABNORMAL_CLEAR = 62768
S_PARTY_MEMBER_ABNORMAL_DEL = 31566
S_PARTY_MEMBER_ABNORMAL_REFRESH = 28481
S_PARTY_MEMBER_BUFF_UPDATE = 55099
S_PARTY_MEMBER_CHANGE_HP = 20292
S_PARTY_MEMBER_CHANGE_MP = 20686
S_PARTY_MEMBER_INFO = 40250
S_PARTY_MEMBER_INTERVAL_POS_UPDATE = 47907
S_PARTY_MEMBER_LIST = 51384
S_PARTY_MEMBER_STAT_UPDATE = 57208
S_PCBANGINVENTORY_DATALIST = 32199
S_PLAYER_CHANGE_ALL_PROF = 20606
S_PLAYER_CHANGE_EXP = 60558
S_PLAYER_CHANGE_FLIGHT_ENERGY = 38703
S_PLAYER_CHANGE_MP = 62490
S_PLAYER_CHANGE_PROF = 63890
S_PLAYER_CHANGE_STAMINA = 35085
S_PLAYER_STAT_UPDATE = 50769
S_PLAY_MOVIE = 41584
S_POINT_STORE_SELL_LIST = 33975
S_PREPARE_RETURN_TO_LOBBY = 56510
S_PRIVATE_CHAT = 30354
S_PRODUCE_CRITICAL = 61537
S_QUEST_BALLOON = 40517
S_QUEST_INFO = 38168
S_REGISTER_ENCHANT_ITEM = 28885
S_REGISTER_UPGRADE_ITEM = 43448
S_REJECT_CONTRACT = 56141
S_REPLY_REQUEST_CONTRACT = 60360
S_REQUEST_CONTRACT = 40997
S_REQUEST_PRIVATE_CHANNEL_INFO = 26767
S_RESPONSE_GAMESTAT_PONG = 32481
S_RESULT_BIDDING_DICE_THROW = 60812
S_RESULT_ITEM_BIDDING = 27376
S_RETURN_TO_LOBBY = 56393
S_SHOW_HP = 40627
S_SHOW_PEGASUS_MAP = 49030
S_SKILL_LIST = 43969
S_SOCIAL = 61157
S_SPAWN_BONFIRE = 24678
S_SPAWN_COLLECTION = 23260
S_SPAWN_DOOR = 34562
S_SPAWN_DROPITEM = 53386
S_SPAWN_ME = 39932
S_SPAWN_NPC = 57408
S_SPAWN_PROJECTILE = 20308
S_SPAWN_SHUTTLE = 54353
S_SPAWN_USER = 54131
S_SPAWN_WORKOBJECT = 52506
S_START_CHANGE_USER_APPEARANCE = 25894
S_START_COOLTIME_ITEM = 46225
S_START_COOLTIME_SKILL = 41845
S_START_PRODUCE = 32402
S_START_USER_PROJECTILE = 60320
S_STORE_SELL_LIST = 56526
S_SYSTEM_MESSAGE = 28595
S_SYSTEM_MESSAGE_LOOT_ITEM = 57579
S_SYSTEM_MESSAGE_LOOT_SPECIAL_ITEM = 40931
S_TARGET_INFO = 28937
S_TELEPORT_TO_CAMP = 63957
S_TRADE_BROKER_DEAL_INFO_UPDATE = 58675
S_TRADE_BROKER_DEAL_SUGGESTED = 29539
S_TRADE_BROKER_REQUEST_DEAL_RESULT = 54369
S_TRADE_BROKER_SUGGEST_DEAL = 60661
S_TRADE_BROKER_WAITING_ITEM_LIST = 34832
S_UNICAST_TRANSFORM_DATA = 62869
S_UNMOUNT_VEHICLE = 25538
S_UNMOUNT_VEHICLE_EX = 44668
S_UPDATE_ACHIEVEMENT_PROGRESS = 46955
S_UPDATE_FRIEND_INFO = 49854
S_UPDATE_NPCGUILD = 56246
S_UPDATE_PRODUCE = 29520
S_USER_BLOCK_LIST = 45690
S_USER_EFFECT = 32407
S_USER_EXTERNAL_CHANGE = 53515
S_USER_LEVELUP = 54365
S_USER_LOCATION = 28162
S_USER_SITUATION = 40585
S_USER_STATUS = 29983
S_VISIT_NEW_SECTION = 40325
S_WEAK_POINT = 36579
S_WHISPER = 45791
