C_ADD_FRIEND 49274
C_ADMIN 64810
C_APPLY_PARTY 26306
C_ASK_INTERACTIVE 64897
C_BAN_PARTY_MEMBER 60257
C_BIND_ITEM_BEGIN_PROGRESS 26728
C_BIND_ITEM_EXECUTE 41297
C_BLOCK_USER 34843
C_CANCEL_CHANGE_USER_APPEARANCE 49077
C_CANCEL_CONTRACT 50464
C_CANCEL_SKILL 64061
C_CAN_LOCKON_TARGET 60024
C_CHANGE_PARTY_MANAGER 54630
C_CHANGE_PARTY_MEMBER_AUTHORITY 37404
C_CHAT 45911
C_CHECK_VERSION 19900
C_COMMIT_CHANGE_USER_APPEARANCE 42784
C_COMPLETE_DAILY_EVENT 56315
C_COMPLETE_EXTRA_EVENT 62857
C_CONFIRM_UPDATE_NOTIFICATION 24329
C_CREST_APPLY 56847
C_CREST_APPLY_LIST 28918
C_DELETE_FRIEND 39441
C_DEL_ITEM 40189
C_DIALOG 32790
C_DISMISS_PARTY 24005
C_END_CLIMBING 60465
C_END_MOVIE 58260
C_GACHA_CANCEL 56655
C_GACHA_TRY 48052
C_GET_IN_SHUTTLE 23150
C_GET_OUT_SHUTTLE 64347
C_GET_USER_LIST 20154
C_HIT_USER_PROJECTILE 40222
C_INVITE_USER_TO_GUILD 26385
C_ITEM_COLORING_SET_COLOR 58861
C_LEAVE_PARTY 53058
C_LEAVE_PRIVATE_CHANNEL 34851
C_LOAD_TOPO_FIN 32248
C_LOGIN_ARBITER 28576
C_MERGE_ITEM 30242
C_MERGE_ITEM_EXECUTE 40856
C_NOTIFY_LOCATION_IN_ACTION 37020
C_NOTIFY_LOCATION_IN_DASH 47934
C_NOTIMELINE_SKILL 48805
C_NPC_CONTACT 61755
C_OP_COMMAND 59583
C_PARTY_APPLICATION_DENIED 30214
C_PARTY_MARKER 30460
C_PARTY_MATCH_WINDOW_CLOSED 50402
C_PLAYER_FLYING_LOCATION 23652
C_PLAYER_LOCATION 22554
C_PRESS_SKILL 56666
C_PUT_WARE_ITEM 29101
C_REGISTER_ENCHANT_ITEM 22933
C_REGISTER_EVOLUTION_ITEM 42986
C_REGISTER_PARTY_INFO 61640
C_REMOVE_BLOCKED_USER 32316
C_REPLY_THROUGH_ARBITER_CONTRACT 60412
C_REQUEST_ABNORMALITY_TOOLTIP_VALUE 50756
C_REQUEST_CANDIDATE_LIST 42894
C_REQUEST_CONTRACT 29921
C_REQUEST_ENCHANT 24992
C_REQUEST_EVOLUTION 47294
C_REQUEST_GAMESTAT_PING 51262
C_REQUEST_NONDB_ITEM_INFO 26144
C_REQUEST_PARTY_INFO 63770
C_REQUEST_PARTY_MATCH_INFO 62628
C_REQUEST_PARTY_MATCH_INFO_PAGE 51238
C_REQUEST_PARTY_MATCH_LINK 49265
C_REQUEST_PRIVATE_CHANNEL_INFO 21033
C_REQUEST_USER_PAPERDOLL_INFO 32550
C_REQUEST_USER_PAPERDOLL_INFO_WITH_GAMEID 63768
C_RESET_ALL_DUNGEON 29659
C_RETURN_TO_LOBBY 36053
C_REVIVE_NOW 40501
C_RQ_COMMIT_DECOMPOSITION_CONTRACT 38076
C_RQ_SKILL_POLISHING_CHANGE_OPTION 20804
C_RQ_START_SOCIAL_ON_PROGRESS_DECOMPOSITION 45969
C_SAVE_CLIENT_ACCOUNT_SETTING 26906
C_SAVE_CLIENT_USER_SETTING 49306
C_SECOND_PASSWORD_AUTH 48720
C_SELECT_USER 21053
C_SET_VISIBLE_RANGE 34669
C_SHOW_ITEMLIST 34805
C_SHOW_ITEM_TOOLTIP_EX 34212
C_SKILL_LEARN_LIST 54341
C_SKILL_LEARN_REQUEST 20520
C_SOCIAL 31117
C_START_COMBO_INSTANT_SKILL 62372
C_START_ENCHANT 31672
C_START_EVOLUTION 31366
C_START_INSTANCE_SKILL 24297
C_START_INSTANCE_SKILL_EX 33256
C_START_PRODUCE 35989
C_START_SKILL 41628
C_START_TARGETED_SKILL 26227
C_TRADE_BROKER_DEAL_CONFIRM 38413
C_TRADE_BROKER_REJECT_SUGGEST 40790
C_TRY_LOOT_DROPITEM 28114
C_UNMOUNT_VEHICLE 43515
C_UNREGISTER_ENCHANT_ITEM 62264
C_UNREGISTER_EVOLUTION_ITEM 34802
C_UNREGISTER_PARTY_INFO 60159
C_UPDATE_FRIEND_INFO 57137
C_UPDATE_REACTION_POS 39126
C_USE_ITEM 53824
C_USE_PREMIUM_SLOT 25426
C_VIEW_WARE 30248
C_VISIT_NEW_SECTION 65378
C_WHISPER 30871
S_ABNORMALITY_BEGIN 42034
S_ABNORMALITY_DAMAGE_ABSORB 58127
S_ABNORMALITY_END 56290
S_ABNORMALITY_FAIL 53620
S_ABNORMALITY_REFRESH 40458
S_ABNORMALITY_RESIST 35837
S_ABNORMALITY_SCALE_UP 48222
S_ABNORMALITY_TOOLTIP_VALUE 53403
S_ACCEPT_CONTRACT 36606
S_ACCOMPLISH_ACHIEVEMENT 30795
S_ACCOUNT_PACKAGE_LIST 42179
S_ACTION_END 27415
S_ACTION_STAGE 38128
S_ADMIN_HOLD_CHARACTER 41824
S_AERO 56682
S_AIR_REACTION_END 64808
S_ANNOUNCE_UPDATE_NOTIFICATION 24553
S_ANSWER_INTERACTIVE 33369
S_APPLY_TITLE 63486
S_ASK_BIDDING_RARE_ITEM 37785
S_ASK_TELEPORT 61626
S_AVAILABLE_EVENT_MATCHING_LIST 21515
S_AVAILABLE_SOCIAL_LIST 45552
S_BAN_PARTY 35090
S_BAN_PARTY_MEMBER 20421
S_BATTLE_FIELD_ENTRANCE_INFO 47881
S_BATTLE_FIELD_POINT_STORE_SELL_LIST 32873
S_BEGIN_THROUGH_ARBITER_CONTRACT 36321
S_BOSS_GAGE_INFO 38693
S_CANCEL_CONTRACT 29332
S_CANNOT_START_SKILL 32979
S_CAN_LOCKON_TARGET 36631
S_CHANGE_DESTPOS_PROJECTILE 53846
S_CHANGE_EP_EXP_DAILY_LIMIT 59140
S_CHANGE_EP_POINT 39582
S_CHANGE_FRIEND_STATE 62862
S_CHANGE_GUILD_CHIEF 25927
S_CHANGE_PARTY_MANAGER 53506
S_CHANGE_VOICE_USE_QAC 49906
S_CHAT 36003
S_CHECK_TO_READY_PARTY 22277
S_CHECK_TO_READY_PARTY_FIN 49229
S_CHECK_VERSION 19901
S_CLEAR_ALL_HOLDED_ABNORMALITY 35518
S_COLLECTION_PICKEND 27745
S_COLLECTION_PICKSTART 52829
S_COMPLETE_EVENT_MATCHING_QUEST 61949
S_CONNECT_SKILL_ARROW 20326
S_CREATURE_CHANGE_HP 47735
S_CREATURE_LIFE 53458
S_CREATURE_ROTATE 28190
S_CREST_APPLY 43042
S_CREST_INFO 41109
S_CREST_MESSAGE 51053
S_CURRENT_CHANNEL 64067
S_CUSTOM_STYLE_SYSTEM_MESSAGE 29542
S_DEAD_LOCATION 59514
S_DECREASE_COOLTIME_SKILL 38469
S_DEFEND_SUCCESS 46357
S_DELETE_FRIEND 57770
S_DESPAWN_BONFIRE 51526
S_DESPAWN_BUILD_OBJECT 42945
S_DESPAWN_COLLECTION 22798
S_DESPAWN_DROPITEM 64330
S_DESPAWN_EVENT_SEED 40997
S_DESPAWN_NPC 27897
S_DESPAWN_PROJECTILE 26590
S_DESPAWN_SHUTTLE 43743
S_DESPAWN_USER 38400
S_DIALOG 45517
S_DUNGEON_CAMERA_SET 50423
S_DUNGEON_CLEAR_COUNT_LIST 60580
S_DUNGEON_COOL_TIME_LIST 38872
S_DUNGEON_EVENT_MESSAGE 42220
S_EACH_SKILL_RESULT 48821
S_ENABLE_DISABLE_SELLABLE_ITEM_LIST 20876
S_END_CHANGE_USER_APPEARANCE 26567
S_END_PRODUCE 62429
S_END_USER_PROJECTILE 20446
S_EP_SYSTEM_DAILY_EVENT_EXP_ON_OFF 28264
S_EXIT 36682
S_F2P_PremiumUser_Permission 50234
S_FACIAL_ATTACHMENT_BROADCAST 22698
S_FATIGABILITY_POINT 49447
S_FEARMOVE_END 59611
S_FEARMOVE_STAGE 37568
S_FIELD_EVENT_ON_ENTER 60675
S_FIELD_EVENT_ON_LEAVE 42749
S_FIELD_EVENT_PROGRESS_INFO 21920
S_FIELD_POINT_INFO 23971
S_FIN_INTER_PARTY_MATCH 50874
S_FIX_VEHICLE_PROGRESS 42521
S_FONT_SWAP_INFO 42045
S_FRIEND_LIST 40739
S_GACHA_END 43746
S_GACHA_START 34431
S_GET_IN_SHUTTLE 51291
S_GET_OUT_SHUTTLE 23410
S_GET_USER_GUILD_LOGO 28624
S_GET_USER_LIST 42531
S_GMEVENT_GUIDE_MESSAGE 55734
S_GMEVENT_OX_QUIZ_OPEN 27402
S_GMEVENT_OX_QUIZ_RESULT 53313
S_GMEVENT_RECV_REWARD 30671
S_GRANT_SKILL 57075
S_GROUP_NPC_LOCATION 23447
S_GUILD_MEMBER_LIST 35618
S_GUILD_NAME 34263
S_GUILD_STORE_SELL_LIST 39430
S_GUILD_TOWER_INFO 46722
S_HIT_COMBO 29645
S_HOLD_ABNORMALITY_ADD 41103
S_IMAGE_DATA 46961
S_INSTANCE_ARROW 22534
S_INSTANT_DASH 65174
S_INSTANT_MOVE 27432
S_INVEN_CHANGEDSLOT 57053
S_INVEN_USERDATA 27046
S_ITEMLIST 27699
S_ITEM_COLORING_BAG 33721
S_ITEM_CUSTOM_STRING 23153
S_ITEM_EXPLOSION_RESULT 39054
S_JOIN_PRIVATE_CHANNEL 41224
S_LEARN_EP_PERK 52163
S_LEAVE_GUILD 55550
S_LEAVE_PARTY 27316
S_LEAVE_PARTY_MEMBER 22794
S_LEAVE_PRIVATE_CHANNEL 63517
S_LOADING_SCREEN_CONTROL_INFO 62964
S_LOAD_ACHIEVEMENT_LIST 62557
S_LOAD_CLIENT_ACCOUNT_SETTING 63388
S_LOAD_CLIENT_USER_SETTING 21752
S_LOAD_DUNGEON_SOUND_HINT 22184
S_LOAD_EP_INFO 42367
S_LOAD_TOPO 55586
S_LOCKON_YOU 56640
S_LOGIN 45941
S_LOGIN_ACCOUNT_INFO 48317
S_LOGOUT_PARTY_MEMBER 39673
S_MOUNT_VEHICLE 50480
S_MOUNT_VEHICLE_EX 35992
S_MOVE_SHUTTLE 41193
S_MUTE 52158
S_NOCTAN_VARIATION_INFO 39942
S_NOTIFY_GUILD_QUEST_URGENT 27141
S_NOTIFY_TO_FRIENDS_WALK_INTO_SAME_AREA 38477
S_NPCGUILD_LIST 52351
S_NPC_CHANGE_MESH 58553
S_NPC_LOCATION 48072
S_NPC_MENU_SELECT 50145
S_NPC_OCCUPIER_INFO 39768
S_NPC_STATUS 20677
S_NPC_TARGET_USER 58089
S_OPEN_AWESOMIUM_WEB_URL 55417
S_OTHER_USER_APPLY_PARTY 37222
S_PARTY_INFO 54474
S_PARTY_MARKER 27313
S_PARTY_MATCH_LINK 26403
S_PARTY_MEMBER_ABNORMAL_ADD 24663
S_PARTY_MEMBER_ABNORMAL_CLEAR 44805
S_PARTY_MEMBER_ABNORMAL_DEL 56320
S_PARTY_MEMBER_ABNORMAL_REFRESH 47645
S_PARTY_MEMBER_BUFF_UPDATE 24606
S_PARTY_MEMBER_CHANGE_HP 48201
S_PARTY_MEMBER_CHANGE_MP 63379
S_PARTY_MEMBER_CHANGE_STAMINA 54646
S_PARTY_MEMBER_INFO 28116
S_PARTY_MEMBER_INTERVAL_POS_UPDATE 33684
S_PARTY_MEMBER_LIST 41151
S_PARTY_MEMBER_QUEST_DATA 53759
S_PARTY_MEMBER_STAT_UPDATE 22062
S_PLAYER_CHANGE_ACTPOINT 48641
S_PLAYER_CHANGE_ALL_PROF 32355
S_PLAYER_CHANGE_EP 30905
S_PLAYER_CHANGE_EXP 43661
S_PLAYER_CHANGE_FLIGHT_ENERGY 58697
S_PLAYER_CHANGE_MP 39457
S_PLAYER_CHANGE_PROF 48472
S_PLAYER_CHANGE_STAMINA 47567
S_PLAYER_RESET_EP 40695
S_PLAYER_STAT_UPDATE 52555
S_PLAY_ANIMATION 22684
S_PLAY_EFFECT 20180
S_PLAY_EVENT_SOUND 46672
S_PLAY_MOVIE 31524
S_PLAY_SOUND 46169
S_PLAY_SOUND_BYNAME 52662
S_POINT_STORE_SELL_LIST 24260
S_POST_PROCESS 37450
S_PREMIUM_SLOT_DATALIST 60082
S_PREMIUM_SLOT_OFF 49486
S_PREPARE_EXIT 36825
S_PREPARE_RETURN_TO_LOBBY 49591
S_PRIVATE_CHANNEL_NOTICE 23068
S_PRIVATE_CHAT 53704
S_PRODUCE_CRITICAL 28752
S_QUEST_BALLOON 32222
S_QUEST_VILLAGER_INFO 33604
S_REGISTER_ENCHANT_ITEM 53189
S_REGISTER_EVOLUTION_ITEM 40462
S_REJECT_CONTRACT 48715
S_REMOVE_EFFECT 38031
S_REPLY_CLIENT_CHAT_OPTION_SETTING 38834
S_REPLY_NONDB_ITEM_INFO 54787
S_REPLY_REQUEST_CONTRACT 36768
S_REQUEST_CONTRACT 20112
S_REQUEST_DESPAWN_SERVANT 53414
S_REQUEST_PRIVATE_CHANNEL_INFO 45454
S_REQUEST_REACTION_POS_TICK 30399
S_REQUEST_SECOND_PASSWORD_AUTH 28934
S_REQUEST_SERVANT_INFO_LIST 25983
S_REQUEST_SPAWN_SERVANT 37469
S_RESET_EP_PERK 48833
S_RESPONSE_GAMESTAT_PONG 25637
S_RESULT_BIDDING_DICE_THROW 28322
S_RESULT_EVENT_SEED 53742
S_RESULT_ITEM_BIDDING 59765
S_RETURN_TO_LOBBY 34036
S_RP_SKILL_POLISHING_LIST 61994
S_SELECT_USER 51884
S_SHORTCUT_CHANGE 49616
S_SHOW_AWESOMIUMWEB_SHOP 38540
S_SHOW_CANDIDATE_LIST 54737
S_SHOW_HP 31109
S_SHOW_ITEM_TOOLTIP 35764
S_SHOW_PARTY_MATCH_INFO 35865
S_SHOW_PEGASUS_MAP 38829
S_SHOW_USER_EP_INFO 32993
S_SKILL_ATTENTION_TARGET 37297
S_SKILL_CATEGORY 44889
S_SKILL_LEARN_LIST 23956
S_SKILL_LEARN_RESULT 20624
S_SKILL_LIST 39571
S_SOCIAL 31956
S_SPAWN_BONFIRE 30051
S_SPAWN_BUILD_OBJECT 27459
S_SPAWN_COLLECTION 28603
S_SPAWN_DOOR 56036
S_SPAWN_DROPITEM 28090
S_SPAWN_EVENT_SEED 27458
S_SPAWN_ME 30977
S_SPAWN_NPC 29431
S_SPAWN_PROJECTILE 26373
S_SPAWN_SHUTTLE 57729
S_SPAWN_USER 26544
S_SPAWN_WORKOBJECT 50645
S_START_ACTION_SCRIPT 55637
S_START_CHANGE_USER_APPEARANCE 52774
S_START_CLIENT_CUSTOM_SKILL 49990
S_START_CLIMBING 62335
S_START_COOLTIME_ITEM 42102
S_START_COOLTIME_SKILL 60788
S_START_INVERSE_CAPTURE 58411
S_START_PRODUCE 50928
S_START_USER_PROJECTILE 36889
S_STEER_DEBUG_COMMAND 37962
S_STICK_TO_USER_END 61071
S_STICK_TO_USER_START 50633
S_STORE_SELL_LIST 30965
S_SUCCESS_COUNTER 27351
S_SYSTEM_MESSAGE 21835
S_SYSTEM_MESSAGE_LOOT_ITEM 25899
S_SYSTEM_MESSAGE_LOOT_SPECIAL_ITEM 20613
S_TARGET_INFO 47939
S_TBA_SELECT_USER 43089
S_TELEPORT_TO_CAMP 39527
S_TIMEOVER_CONTRACT 62584
S_TRADE_BROKER_DEAL_INFO_UPDATE 46317
S_TRADE_BROKER_DEAL_SUGGESTED 25014
S_TRADE_BROKER_REQUEST_DEAL_RESULT 23341
S_UNICAST_TRANSFORM_DATA 43526
S_UNMOUNT_VEHICLE 60065
S_UNMOUNT_VEHICLE_EX 42464
S_UPDATE_ACHIEVEMENT_PROGRESS 39215
S_UPDATE_EVENT_SEED_STATE 47484
S_UPDATE_FRIEND_INFO 31039
S_UPDATE_GUILD_QUEST_STATUS 55955
S_UPDATE_NPCGUILD 32980
S_USER_APPEARANCE_CHANGE 21553
S_USER_BLOCK_LIST 22909
S_USER_CHANGE_FACE_CUSTOM 53511
S_USER_CHANGE_NAME 29102
S_USER_DEATH 27456
S_USER_EFFECT 24670
S_USER_EXTERNAL_CHANGE 63002
S_USER_LEVELUP 27848
S_USER_LOCATION 48158
S_USER_LOCATION_IN_ACTION 34187
S_USER_MOVETYPE 64129
S_USER_PAPERDOLL_INFO 50700
S_USER_SITUATION 31898
S_USER_STATUS 25879
S_USER_WEAPON_APPEARANCE_CHANGE 44514
S_VIEW_PARTY_INVITE 35604
S_VIEW_WARE_EX 26517
S_VISIT_NEW_SECTION 52393
S_VOTE_RESET_ALL_DUNGEON 25996
S_WEAK_POINT 34504
S_WHISPER 20712
TTB_S_CHANGE_HERO 33628
TTB_S_LOAD_EP_PAGE 44487