C_ADD_FRIEND = 21487
C_ADD_TELEPORT_TO_POS_LIST = 30149
C_ADMIN = 42213
C_APPLY_PARTY = 59380
C_ASK_INTERACTIVE = 59935
C_BAN_PARTY_MEMBER = 32069
C_BIND_ITEM_BEGIN_PROGRESS = 47457
C_BIND_ITEM_EXECUTE = 32258
C_BLOCK_USER = 53242
C_CANCEL_CHANGE_USER_APPEARANCE = 22246
C_CANCEL_CONTRACT = 41082
C_CANCEL_SKILL = 40087
C_CAN_LOCKON_TARGET = 39215
C_CHANGE_PARTY_MANAGER = 23932
C_CHANGE_PARTY_MEMBER_AUTHORITY = 38211
C_CHAT = 30528
C_CHECK_VERSION = 19900
C_COMMIT_CHANGE_USER_APPEARANCE = 31237
C_COMPLETE_DAILY_EVENT = 55152
C_COMPLETE_EXTRA_EVENT = 47090
C_CONFIRM_UPDATE_NOTIFICATION = 21066
C_CREST_APPLY = 25385
C_CREST_APPLY_LIST = 41418
C_DELETE_FRIEND = 56907
C_DELETE_PARCEL = 50646
C_DELETE_TELEPORT_TO_POS_LIST = 61329
C_DEL_ITEM = 60059
C_DIALOG = 49279
C_DISMISS_PARTY = 25346
C_EDIT_BLOCKED_USER_MEMO = 35653
C_END_CLIMBING = 56145
C_END_MOVIE = 39084
C_GACHA_TRY = 48087
C_GET_IN_SHUTTLE = 42779
C_GET_OUT_SHUTTLE = 62674
C_GET_USER_LIST = 29628
C_HIT_USER_PROJECTILE = 42835
C_INVITE_USER_TO_GUILD = 39747
C_ITEM_COLORING_SET_COLOR = 52714
C_LEAVE_PARTY = 47059
C_LEAVE_PRIVATE_CHANNEL = 38308
C_LIST_PARCEL = 47326
C_LOAD_TOPO_FIN = 56401
C_LOGIN_ARBITER = 62093
C_MERGE_ITEM = 56859
C_MERGE_ITEM_EXECUTE = 22282
C_NOTIFY_LOCATION_IN_ACTION = 33898
C_NOTIFY_LOCATION_IN_DASH = 44421
C_NOTIMELINE_SKILL = 60715
C_NPC_CONTACT = 62003
C_OP_COMMAND = 35841
C_PARTY_APPLICATION_DENIED = 25969
C_PARTY_MARKER = 52308
C_PARTY_MATCH_WINDOW_CLOSED = 30456
C_PCBANGINVENTORY_USE_SLOT = 36888
C_PLAYER_FLYING_LOCATION = 43539
C_PLAYER_LOCATION = 37945
C_PREMIUM_SLOT_USE_SLOT = 27530
C_PRESS_SKILL = 43270
C_RECV_PARCEL = 20007
C_REGISTER_ENCHANT_ITEM = 50909
C_REGISTER_EVOLUTION_ITEM = 29940
C_REGISTER_PARTY_INFO = 41352
C_REMOVE_BLOCKED_USER = 47542
C_REPLY_THROUGH_ARBITER_CONTRACT = 59744
C_REQUEST_CANDIDATE_LIST = 30910
C_REQUEST_CONTRACT = 29533
C_REQUEST_ENCHANT = 61922
C_REQUEST_EVOLUTION = 45643
C_REQUEST_GAMESTAT_PING = 57700
C_REQUEST_NONDB_ITEM_INFO = 60661
C_REQUEST_PARTY_INFO = 59285
C_REQUEST_PARTY_MATCH_INFO = 45869
C_REQUEST_PARTY_MATCH_INFO_PAGE = 43059
C_REQUEST_PARTY_MATCH_LINK = 25280
C_REQUEST_PRIVATE_CHANNEL_INFO = 36931
C_REQUEST_USER_PAPERDOLL_INFO = 56780
C_RESET_ALL_DUNGEON = 43454
C_RETURN_TO_LOBBY = 25913
C_REVIVE_NOW = 32009
C_RQ_COMMIT_DECOMPOSITION_CONTRACT = 28456
C_RQ_START_SOCIAL_ON_PROGRESS_DECOMPOSITION = 39925
C_SAVE_CLIENT_ACCOUNT_SETTING = 56700
C_SAVE_CLIENT_USER_SETTING = 50263
C_SECOND_PASSWORD_AUTH = 46375
C_SELECT_USER = 21291
C_SET_VISIBLE_RANGE = 45504
C_SHOW_INVEN = 36690
C_SHOW_ITEM_TOOLTIP_EX = 39319
C_SHOW_PARCEL_MESSAGE = 33189
C_SOCIAL = 20696
C_START_COMBO_INSTANT_SKILL = 48350
C_START_ENCHANT = 31070
C_START_EVOLUTION = 47669
C_START_INSTANCE_SKILL = 21195
C_START_INSTANCE_SKILL_EX = 37032
C_START_PRODUCE = 43710
C_START_SKILL = 46797
C_START_TARGETED_SKILL = 40952
C_TELEPORT_TO_POS = 24682
C_TELEPORT_TO_VILLAGE = 23318
C_TRADE_BROKER_BUY_IT_NOW = 60280
C_TRADE_BROKER_DEAL_CONFIRM = 41458
C_TRADE_BROKER_REJECT_SUGGEST = 27054
C_TRADE_BROKER_SUGGEST_DEAL = 55275
C_TRADE_BROKER_WAITING_ITEM_LIST_NEW = 42737
C_TRADE_BROKER_WAITING_ITEM_LIST_PAGE = 58254
C_TRY_LOOT_DROPITEM = 57839
C_UNMOUNT_VEHICLE = 42752
C_UNREGISTER_ENCHANT_ITEM = 29465
C_UNREGISTER_EVOLUTION_ITEM = 62235
C_UNREGISTER_PARTY_INFO = 51310
C_UPDATE_REACTION_POS = 45737
C_USE_ITEM = 42616
C_VIEW_WARE = 53476
C_VISIT_NEW_SECTION = 20968
C_WHISPER = 52037
S_ABNORMALITY_BEGIN = 52356
S_ABNORMALITY_DAMAGE_ABSORB = 46427
S_ABNORMALITY_END = 52908
S_ABNORMALITY_FAIL = 50912
S_ABNORMALITY_REFRESH = 25039
S_ACCEPT_CONTRACT = 58061
S_ACCOMPLISH_ACHIEVEMENT = 63380
S_ACCOUNT_PACKAGE_LIST = 26502
S_ACTION_END = 39160
S_ACTION_STAGE = 64125
S_ADD_BLOCKED_USER = 42340
S_ADD_INTER_PARTY_MATCH_POOL = 44441
S_ADMIN_HOLD_CHARACTER = 29099
S_AERO = 30116
S_AIR_REACTION_END = 30369
S_ANNOUNCE_UPDATE_NOTIFICATION = 32228
S_ANSWER_INTERACTIVE = 28838
S_APPLY_TITLE = 29078
S_AVAILABLE_EVENT_MATCHING_LIST = 31524
S_AVAILABLE_SOCIAL_LIST = 51410
S_BAN_PARTY = 43603
S_BAN_PARTY_MEMBER = 65141
S_BATTLE_FIELD_ENTRANCE_INFO = 37449
S_BATTLE_FIELD_POINT_STORE_SELL_LIST = 61214
S_BEGIN_THROUGH_ARBITER_CONTRACT = 35979
S_BOSS_GAGE_INFO = 47889
S_CANCEL_CONTRACT = 28528
S_CANNOT_START_SKILL = 21299
S_CAN_LOCKON_TARGET = 29134
S_CHANGE_DESTPOS_PROJECTILE = 61287
S_CHANGE_EP_EXP_DAILY_LIMIT = 39398
S_CHANGE_EP_POINT = 39092
S_CHANGE_EVENT_MATCHING_STATE = 65094
S_CHANGE_FRIEND_STATE = 61782
S_CHANGE_GUILD_CHIEF = 28577
S_CHANGE_PARTY_MANAGER = 25492
S_CHANGE_VOICE_USE_QAC = 32304
S_CHAT = 47760
S_CHECK_TO_READY_PARTY = 37372
S_CHECK_TO_READY_PARTY_FIN = 57323
S_CHECK_VERSION = 19901
S_CLEAR_ALL_HOLDED_ABNORMALITY = 21979
S_COLLECTION_PICKEND = 44578
S_COLLECTION_PICKSTART = 59963
S_COMPLETE_EVENT_MATCHING_QUEST = 30353
S_CONNECT_SKILL_ARROW = 58788
S_CREATURE_CHANGE_HP = 34613
S_CREATURE_LIFE = 58562
S_CREATURE_ROTATE = 36155
S_CREST_APPLY = 49858
S_CREST_INFO = 33352
S_CREST_MESSAGE = 27203
S_CURRENT_CHANNEL = 49619
S_CUSTOM_STYLE_SYSTEM_MESSAGE = 59416
S_DEAD_LOCATION = 48291
S_DECREASE_COOLTIME_SKILL = 64811
S_DEFEND_SUCCESS = 25452
S_DESPAWN_BONFIRE = 35055
S_DESPAWN_BUILD_OBJECT = 20214
S_DESPAWN_COLLECTION = 30527
S_DESPAWN_DROPITEM = 38979
S_DESPAWN_NPC = 33541
S_DESPAWN_PROJECTILE = 45098
S_DESPAWN_SHUTTLE = 52172
S_DESPAWN_USER = 25602
S_DESTROY_GUILD_TOWER = 58443
S_DIALOG = 39076
S_DUNGEON_CAMERA_SET = 57084
S_DUNGEON_CLEAR_COUNT_LIST = 63327
S_DUNGEON_COOL_TIME_LIST = 47358
S_DUNGEON_EVENT_MESSAGE = 53336
S_EACH_SKILL_RESULT = 53954
S_ENABLE_DISABLE_SELLABLE_ITEM_LIST = 43508
S_END_CHANGE_USER_APPEARANCE = 23098
S_END_PRODUCE = 27247
S_END_USER_PROJECTILE = 53540
S_EP_SYSTEM_DAILY_EVENT_EXP_ON_OFF = 22415
S_EXIT = 26397
S_F2P_PremiumUser_Permission = 31108
S_FEARMOVE_END = 59872
S_FEARMOVE_STAGE = 30256
S_FIELD_EVENT_ON_ENTER = 31777
S_FIELD_EVENT_ON_LEAVE = 52966
S_FIELD_POINT_INFO = 29109
S_FIN_INTER_PARTY_MATCH = 50112
S_FIX_VEHICLE_PROGRESS = 28201
S_FONT_SWAP_INFO = 31320
S_FRIEND_LIST = 35371
S_GACHA_END = 53301
S_GACHA_START = 63476
S_GET_IN_SHUTTLE = 62124
S_GET_OUT_SHUTTLE = 55064
S_GET_USER_GUILD_LOGO = 41626
S_GET_USER_LIST = 55345
S_GMEVENT_GUIDE_MESSAGE = 51615
S_GMEVENT_OX_QUIZ_OPEN = 31893
S_GMEVENT_OX_QUIZ_RESULT = 34066
S_GMEVENT_RECV_REWARD = 54706
S_GRANT_SKILL = 22625
S_GROUP_NPC_LOCATION = 62575
S_GUILD_MEMBER_LIST = 61412
S_GUILD_NAME = 26137
S_GUILD_STORE_SELL_LIST = 34192
S_GUILD_TOWER_INFO = 42725
S_HOLD_ABNORMALITY_ADD = 29675
S_IMAGE_DATA = 56173
S_INSTANCE_ARROW = 51456
S_INSTANT_DASH = 24410
S_INSTANT_MOVE = 43124
S_INVEN = 36554
S_INVEN_CHANGEDSLOT = 27467
S_ITEM_COLORING_BAG = 42896
S_ITEM_CUSTOM_STRING = 64359
S_JOIN_PRIVATE_CHANNEL = 59828
S_LEARN_EP_PERK = 40664
S_LEAVE_PARTY = 25741
S_LEAVE_PARTY_MEMBER = 50400
S_LEAVE_PRIVATE_CHANNEL = 51134
S_LIST_PARCEL_EX = 23784
S_LOADING_SCREEN_CONTROL_INFO = 25104
S_LOAD_ACHIEVEMENT_LIST = 44304
S_LOAD_CLIENT_ACCOUNT_SETTING = 52129
S_LOAD_CLIENT_USER_SETTING = 43423
S_LOAD_DUNGEON_SOUND_HINT = 20303
S_LOAD_EP_INFO = 51621
S_LOAD_TELEPORT_TO_POS_LIST = 33406
S_LOAD_TOPO = 55885
S_LOGIN = 25791
S_LOGIN_ACCOUNT_INFO = 34490
S_LOGOUT_PARTY_MEMBER = 26869
S_MOUNT_VEHICLE = 63303
S_MOUNT_VEHICLE_EX = 52262
S_MOVE_SHUTTLE = 38561
S_MUTE = 44535
S_NOCTAN_VARIATION_INFO = 24673
S_NOTIFY_GUILD_QUEST_URGENT = 54422
S_NOTIFY_TO_FRIENDS_WALK_INTO_SAME_AREA = 51777
S_NPC_CHANGE_MESH = 40799
S_NPC_LOCATION = 55391
S_NPC_MENU_SELECT = 39406
S_NPC_OCCUPIER_INFO = 62966
S_NPC_STATUS = 29200
S_NPC_TARGET_USER = 58470
S_OPEN_AWESOMIUM_WEB_URL = 41364
S_OTHER_USER_APPLY_PARTY = 48854
S_PARCEL_READ_RECV_STATUS = 33417
S_PARTY_INFO = 47041
S_PARTY_MARKER = 24637
S_PARTY_MATCH_LINK = 23677
S_PARTY_MEMBER_ABNORMAL_ADD = 52927
S_PARTY_MEMBER_ABNORMAL_CLEAR = 30005
S_PARTY_MEMBER_ABNORMAL_DEL = 45226
S_PARTY_MEMBER_ABNORMAL_REFRESH = 57081
S_PARTY_MEMBER_BUFF_UPDATE = 35858
S_PARTY_MEMBER_CHANGE_HP = 37400
S_PARTY_MEMBER_CHANGE_MP = 47547
S_PARTY_MEMBER_INFO = 20873
S_PARTY_MEMBER_INTERVAL_POS_UPDATE = 32886
S_PARTY_MEMBER_LIST = 39361
S_PARTY_MEMBER_QUEST_DATA = 62700
S_PARTY_MEMBER_STAT_UPDATE = 31367
S_PCBANGINVENTORY_DATALIST = 41326
S_PLAYER_CHANGE_ALL_PROF = 62485
S_PLAYER_CHANGE_EP = 37168
S_PLAYER_CHANGE_EXP = 48583
S_PLAYER_CHANGE_FLIGHT_ENERGY = 53480
S_PLAYER_CHANGE_MP = 23044
S_PLAYER_CHANGE_PROF = 51868
S_PLAYER_CHANGE_STAMINA = 52249
S_PLAYER_RESET_EP = 39265
S_PLAYER_STAT_UPDATE = 51870
S_PLAY_ANIMATION = 33391
S_PLAY_EFFECT = 34346
S_PLAY_MOVIE = 63783
S_PLAY_SOUND = 54856
S_POINT_STORE_SELL_LIST = 38434
S_PREMIUM_SLOT_DATALIST = 38953
S_PREMIUM_SLOT_OFF = 52559
S_PREPARE_EXIT = 32760
S_PREPARE_RETURN_TO_LOBBY = 51910
S_PREVIEW_ITEM = 27791
S_PRIVATE_CHANNEL_NOTICE = 47357
S_PRIVATE_CHAT = 53021
S_PRODUCE_CRITICAL = 44887
S_QUEST_BALLOON = 53528
S_QUEST_INFO = 29577
S_QUEST_VILLAGER_INFO = 60234
S_RECV_PARCEL = 44642
S_REGISTER_ENCHANT_ITEM = 63649
S_REGISTER_EVOLUTION_ITEM = 44475
S_REJECT_CONTRACT = 52327
S_REMOVE_BLOCKED_USER = 53611
S_REMOVE_EFFECT = 21721
S_REPLY_NONDB_ITEM_INFO = 51579
S_REPLY_REQUEST_CONTRACT = 49116
S_REQUEST_CITY_WAR_MAP_INFO = 26241
S_REQUEST_CITY_WAR_MAP_INFO_DETAIL = 44568
S_REQUEST_CITY_WAR_MAP_INFO_END = 48503
S_REQUEST_CONTRACT = 25729
S_REQUEST_PRIVATE_CHANNEL_INFO = 20999
S_REQUEST_REACTION_POS_TICK = 30000
S_REQUEST_SECOND_PASSWORD_AUTH = 30798
S_REQUEST_STYLE_SHOP_MARK_PRODUCTLIST = 59157
S_RESET_EP_PERK = 33642
S_RESPONSE_GAMESTAT_PONG = 64644
S_RESULT_BIDDING_DICE_THROW = 32765
S_RESULT_ITEM_BIDDING = 21259
S_RETURN_TO_LOBBY = 58087
S_SHORTCUT_CHANGE = 53920
S_SHOW_AWESOMIUMWEB_SHOP = 50160
S_SHOW_CANDIDATE_LIST = 31303
S_SHOW_HP = 45315
S_SHOW_ITEM_TOOLTIP = 57411
S_SHOW_PARTY_MATCH_INFO = 51517
S_SHOW_PCBANG_ICON = 28288
S_SHOW_PEGASUS_MAP = 39313
S_SHOW_USER_EP_INFO = 34938
S_SKILL_ATTENTION_TARGET = 36996
S_SKILL_CATEGORY = 21919
S_SKILL_LIST = 64604
S_SOCIAL = 33209
S_SPAWN_BONFIRE = 32540
S_SPAWN_BUILD_OBJECT = 38221
S_SPAWN_COLLECTION = 54421
S_SPAWN_DOOR = 28531
S_SPAWN_DROPITEM = 59085
S_SPAWN_ME = 65155
S_SPAWN_NPC = 31986
S_SPAWN_PROJECTILE = 27804
S_SPAWN_SHUTTLE = 33587
S_SPAWN_USER = 36505
S_SPAWN_WORKOBJECT = 28679
S_START_ACTION_SCRIPT = 40670
S_START_CHANGE_USER_APPEARANCE = 62595
S_START_CLIENT_CUSTOM_SKILL = 61851
S_START_CLIMBING = 35663
S_START_COOLTIME_ITEM = 39821
S_START_COOLTIME_SKILL = 42524
S_START_INVERSE_CAPTURE = 43135
S_START_PRODUCE = 59864
S_START_USER_PROJECTILE = 35856
S_STICK_TO_USER_END = 63038
S_STICK_TO_USER_START = 47869
S_STORE_SELL_LIST = 45274
S_SUCCESS_COUNTER = 28049
S_SYSTEM_MESSAGE = 23159
S_SYSTEM_MESSAGE_LOOT_ITEM = 26050
S_SYSTEM_MESSAGE_LOOT_SPECIAL_ITEM = 59009
S_TARGET_INFO = 42608
S_TELEPORT_TO_CAMP = 56940
S_TRADE_BROKER_DEAL_INFO_UPDATE = 32443
S_TRADE_BROKER_DEAL_SUGGESTED = 21065
S_TRADE_BROKER_HISTORY_ITEM_LIST = 61906
S_TRADE_BROKER_REQUEST_DEAL_RESULT = 51210
S_TRADE_BROKER_SUGGEST_DEAL = 64666
S_TRADE_BROKER_WAITING_ITEM_LIST = 56162
S_UNICAST_FLOATING_CASTLE_INFO = 61257
S_UNICAST_FLOATING_CASTLE_NAMEPLATE = 58125
S_UNICAST_TRANSFORM_DATA = 39632
S_UNMOUNT_VEHICLE = 46987
S_UNMOUNT_VEHICLE_EX = 33021
S_UPDATE_ACHIEVEMENT_PROGRESS = 64990
S_UPDATE_FRIEND_INFO = 35904
S_UPDATE_NPCGUILD = 32641
S_USER_APPEARANCE_CHANGE = 55201
S_USER_BLOCK_LIST = 24090
S_USER_CHANGE_NAME = 20905
S_USER_DEATH = 50113
S_USER_EFFECT = 62508
S_USER_EXTERNAL_CHANGE = 63496
S_USER_LEVELUP = 26655
S_USER_LOCATION = 50535
S_USER_LOCATION_IN_ACTION = 52992
S_USER_MOVETYPE = 50316
S_USER_PAPERDOLL_INFO = 23818
S_USER_SITUATION = 24910
S_USER_STATUS = 63998
S_USER_WEAPON_APPEARANCE_CHANGE = 35861
S_VIEW_PARTY_INVITE = 44212
S_VIEW_WARE_EX = 33700
S_VILLAGE_LIST_TO_TELEPORT = 44408
S_VISIT_NEW_SECTION = 57263
S_VOTE_RESET_ALL_DUNGEON = 48965
S_WEAK_POINT = 34622
S_WHISPER = 35368
