C_ADD_FRIEND = 23440
C_ADD_TELEPORT_TO_POS_LIST = 52512
C_ADMIN = 50769
C_APPLY_PARTY = 33745
C_ASK_INTERACTIVE = 42918
C_BAN_PARTY_MEMBER = 64009
C_BIND_ITEM_BEGIN_PROGRESS = 26199
C_BIND_ITEM_EXECUTE = 32873
C_BLOCK_USER = 41474
C_CANCEL_CHANGE_USER_APPEARANCE = 55455
C_CANCEL_CONTRACT = 39154
C_CANCEL_SKILL = 36737
C_CAN_LOCKON_TARGET = 60155
C_CHANGE_PARTY_MANAGER = 26244
C_CHANGE_PARTY_MEMBER_AUTHORITY = 52304
C_CHAT = 23103
C_CHECK_VERSION = 19900
C_COMMIT_CHANGE_USER_APPEARANCE = 49224
C_COMPLETE_DAILY_EVENT = 51581
C_COMPLETE_EXTRA_EVENT = 49997
C_CONFIRM_UPDATE_NOTIFICATION = 45658
C_CREST_APPLY = 20081
C_CREST_APPLY_LIST = 48440
C_DELETE_FRIEND = 49564
C_DELETE_PARCEL = 43043
C_DELETE_TELEPORT_TO_POS_LIST = 48411
C_DEL_ITEM = 50526
C_DIALOG = 39729
C_DISMISS_PARTY = 46633
C_EDIT_BLOCKED_USER_MEMO = 38443
C_END_CLIMBING = 31709
C_END_MOVIE = 35584
C_GACHA_TRY = 56699
C_GET_IN_SHUTTLE = 31940
C_GET_OUT_SHUTTLE = 45370
C_GET_USER_LIST = 51542
C_HIT_USER_PROJECTILE = 25153
C_INVITE_USER_TO_GUILD = 44386
C_ITEM_COLORING_SET_COLOR = 52965
C_LEAVE_PARTY = 54733
C_LEAVE_PRIVATE_CHANNEL = 38654
C_LIST_PARCEL = 28511
C_LOAD_TOPO_FIN = 53029
C_LOGIN_ARBITER = 57085
C_MERGE_ITEM = 45510
C_MERGE_ITEM_EXECUTE = 39892
C_NOTIFY_LOCATION_IN_ACTION = 43838
C_NOTIFY_LOCATION_IN_DASH = 38449
C_NOTIMELINE_SKILL = 41967
C_NPC_CONTACT = 46720
C_OP_COMMAND = 56262
C_PARTY_APPLICATION_DENIED = 32927
C_PARTY_MARKER = 27427
C_PARTY_MATCH_WINDOW_CLOSED = 37875
C_PCBANGINVENTORY_USE_SLOT = 30625
C_PLAYER_FLYING_LOCATION = 38512
C_PLAYER_LOCATION = 24604
C_PREMIUM_SLOT_USE_SLOT = 20461
C_PRESS_SKILL = 49156
C_RECV_PARCEL = 26801
C_REGISTER_ENCHANT_ITEM = 37674
C_REGISTER_EVOLUTION_ITEM = 24159
C_REGISTER_PARTY_INFO = 42881
C_REMOVE_BLOCKED_USER = 51208
C_REPLY_THROUGH_ARBITER_CONTRACT = 42281
C_REQUEST_CANDIDATE_LIST = 39370
C_REQUEST_CONTRACT = 37943
C_REQUEST_ENCHANT = 34451
C_REQUEST_EVOLUTION = 60275
C_REQUEST_GAMESTAT_PING = 32609
C_REQUEST_NONDB_ITEM_INFO = 46981
C_REQUEST_PARTY_INFO = 44247
C_REQUEST_PARTY_MATCH_INFO = 22388
C_REQUEST_PARTY_MATCH_INFO_PAGE = 22995
C_REQUEST_PARTY_MATCH_LINK = 47527
C_REQUEST_PRIVATE_CHANNEL_INFO = 32555
C_REQUEST_USER_PAPERDOLL_INFO = 58871
C_RESET_ALL_DUNGEON = 53663
C_RETURN_TO_LOBBY = 52801
C_REVIVE_NOW = 63338
C_RQ_COMMIT_DECOMPOSITION_CONTRACT = 58867
C_RQ_START_SOCIAL_ON_PROGRESS_DECOMPOSITION = 49644
C_SAVE_CLIENT_ACCOUNT_SETTING = 23132
C_SAVE_CLIENT_USER_SETTING = 53232
C_SECOND_PASSWORD_AUTH = 35028
C_SELECT_USER = 63079
C_SET_VISIBLE_RANGE = 43550
C_SHOW_INVEN = 29841
C_SHOW_ITEM_TOOLTIP_EX = 53021
C_SHOW_PARCEL_MESSAGE = 21224
C_SOCIAL = 24398
C_START_COMBO_INSTANT_SKILL = 43455
C_START_ENCHANT = 22625
C_START_EVOLUTION = 52063
C_START_INSTANCE_SKILL = 62133
C_START_INSTANCE_SKILL_EX = 24982
C_START_PRODUCE = 21265
C_START_SKILL = 40916
C_START_TARGETED_SKILL = 35166
C_TELEPORT_TO_POS = 58321
C_TELEPORT_TO_VILLAGE = 49122
C_TRADE_BROKER_BUY_IT_NOW = 58362
C_TRADE_BROKER_DEAL_CONFIRM = 22796
C_TRADE_BROKER_REJECT_SUGGEST = 26823
C_TRADE_BROKER_SUGGEST_DEAL = 49864
C_TRADE_BROKER_WAITING_ITEM_LIST_NEW = 62011
C_TRADE_BROKER_WAITING_ITEM_LIST_PAGE = 47017
C_TRY_LOOT_DROPITEM = 56737
C_UNMOUNT_VEHICLE = 42638
C_UNREGISTER_ENCHANT_ITEM = 25157
C_UNREGISTER_EVOLUTION_ITEM = 45039
C_UNREGISTER_PARTY_INFO = 41707
C_UPDATE_REACTION_POS = 58645
C_USE_ITEM = 32457
C_VIEW_WARE = 61369
C_VISIT_NEW_SECTION = 56293
C_WHISPER = 32845
S_ABNORMALITY_BEGIN = 63000
S_ABNORMALITY_DAMAGE_ABSORB = 43943
S_ABNORMALITY_END = 28150
S_ABNORMALITY_FAIL = 37803
S_ABNORMALITY_REFRESH = 44468
S_ACCEPT_CONTRACT = 61425
S_ACCOMPLISH_ACHIEVEMENT = 24783
S_ACCOUNT_PACKAGE_LIST = 26379
S_ACTION_END = 55576
S_ACTION_STAGE = 44846
S_ADD_BLOCKED_USER = 28815
S_ADD_INTER_PARTY_MATCH_POOL = 38644
S_ADMIN_HOLD_CHARACTER = 50421
S_AERO = 51064
S_AIR_REACTION_END = 63960
S_ANNOUNCE_UPDATE_NOTIFICATION = 34830
S_ANSWER_INTERACTIVE = 22708
S_APPLY_TITLE = 23275
S_AVAILABLE_EVENT_MATCHING_LIST = 29267
S_AVAILABLE_SOCIAL_LIST = 40964
S_BAN_PARTY = 20573
S_BAN_PARTY_MEMBER = 49634
S_BATTLE_FIELD_ENTRANCE_INFO = 46337
S_BATTLE_FIELD_POINT_STORE_SELL_LIST = 50327
S_BEGIN_THROUGH_ARBITER_CONTRACT = 59731
S_BOSS_GAGE_INFO = 56347
S_CANCEL_CONTRACT = 37687
S_CANNOT_START_SKILL = 56964
S_CAN_LOCKON_TARGET = 21063
S_CHANGE_DESTPOS_PROJECTILE = 22760
S_CHANGE_EP_EXP_DAILY_LIMIT = 56340
S_CHANGE_EP_POINT = 25174
S_CHANGE_EVENT_MATCHING_STATE = 22939
S_CHANGE_FRIEND_STATE = 59794
S_CHANGE_GUILD_CHIEF = 38531
S_CHANGE_PARTY_MANAGER = 49447
S_CHANGE_VOICE_USE_QAC = 39494
S_CHAT = 51784
S_CHECK_TO_READY_PARTY = 48743
S_CHECK_TO_READY_PARTY_FIN = 59178
S_CHECK_VERSION = 19901
S_CLEAR_ALL_HOLDED_ABNORMALITY = 30818
S_COLLECTION_PICKEND = 36971
S_COLLECTION_PICKSTART = 36493
S_COMPLETE_EVENT_MATCHING_QUEST = 32973
S_CONNECT_SKILL_ARROW = 45694
S_CREATURE_CHANGE_HP = 59202
S_CREATURE_LIFE = 32374
S_CREATURE_ROTATE = 29515
S_CREST_APPLY = 28797
S_CREST_INFO = 35828
S_CREST_MESSAGE = 63614
S_CURRENT_CHANNEL = 38067
S_CUSTOM_STYLE_SYSTEM_MESSAGE = 49667
S_DEAD_LOCATION = 48372
S_DECREASE_COOLTIME_SKILL = 53250
S_DEFEND_SUCCESS = 30742
S_DESPAWN_BONFIRE = 50019
S_DESPAWN_BUILD_OBJECT = 21629
S_DESPAWN_COLLECTION = 22304
S_DESPAWN_DROPITEM = 43548
S_DESPAWN_NPC = 33035
S_DESPAWN_PROJECTILE = 37786
S_DESPAWN_SHUTTLE = 36218
S_DESPAWN_USER = 44534
S_DESTROY_GUILD_TOWER = 35737
S_DIALOG = 47533
S_DUNGEON_CAMERA_SET = 24379
S_DUNGEON_CLEAR_COUNT_LIST = 51633
S_DUNGEON_COOL_TIME_LIST = 35806
S_DUNGEON_EVENT_MESSAGE = 43263
S_EACH_SKILL_RESULT = 52345
S_ENABLE_DISABLE_SELLABLE_ITEM_LIST = 50464
S_END_CHANGE_USER_APPEARANCE = 42973
S_END_PRODUCE = 40329
S_END_USER_PROJECTILE = 54816
S_EP_SYSTEM_DAILY_EVENT_EXP_ON_OFF = 58147
S_EXIT = 58161
S_F2P_PremiumUser_Permission = 61928
S_FEARMOVE_END = 42684
S_FEARMOVE_STAGE = 62233
S_FIELD_EVENT_ON_ENTER = 64973
S_FIELD_EVENT_ON_LEAVE = 31971
S_FIELD_POINT_INFO = 57832
S_FIN_INTER_PARTY_MATCH = 26501
S_FONT_SWAP_INFO = 60598
S_FRIEND_LIST = 50951
S_GACHA_END = 34481
S_GACHA_START = 33336
S_GET_IN_SHUTTLE = 50277
S_GET_OUT_SHUTTLE = 63193
S_GET_USER_GUILD_LOGO = 44206
S_GET_USER_LIST = 46837
S_GMEVENT_GUIDE_MESSAGE = 53903
S_GMEVENT_OX_QUIZ_OPEN = 28383
S_GMEVENT_OX_QUIZ_RESULT = 57541
S_GMEVENT_RECV_REWARD = 42713
S_GRANT_SKILL = 34678
S_GROUP_NPC_LOCATION = 63094
S_GUILD_MEMBER_LIST = 33949
S_GUILD_NAME = 53372
S_GUILD_STORE_SELL_LIST = 43650
S_GUILD_TOWER_INFO = 49567
S_HOLD_ABNORMALITY_ADD = 23048
S_IMAGE_DATA = 29789
S_INSTANCE_ARROW = 35788
S_INSTANT_DASH = 52786
S_INSTANT_MOVE = 38244
S_INVEN = 44633
S_INVEN_CHANGEDSLOT = 45540
S_ITEM_COLORING_BAG = 50704
S_ITEM_CUSTOM_STRING = 64254
S_JOIN_PRIVATE_CHANNEL = 34638
S_LEARN_EP_PERK = 26191
S_LEAVE_PARTY = 57315
S_LEAVE_PARTY_MEMBER = 47975
S_LEAVE_PRIVATE_CHANNEL = 53468
S_LIST_PARCEL_EX = 64738
S_LOADING_SCREEN_CONTROL_INFO = 37267
S_LOAD_ACHIEVEMENT_LIST = 25702
S_LOAD_CLIENT_ACCOUNT_SETTING = 26553
S_LOAD_CLIENT_USER_SETTING = 51801
S_LOAD_DUNGEON_SOUND_HINT = 29575
S_LOAD_EP_INFO = 23031
S_LOAD_TELEPORT_TO_POS_LIST = 31552
S_LOAD_TOPO = 21529
S_LOGIN = 44476
S_LOGIN_ACCOUNT_INFO = 38355
S_LOGOUT_PARTY_MEMBER = 45385
S_MOUNT_VEHICLE = 36239
S_MOUNT_VEHICLE_EX = 27344
S_MOVE_SHUTTLE = 45526
S_MUTE = 38070
S_NOCTAN_VARIATION_INFO = 22517
S_NOTIFY_GUILD_QUEST_URGENT = 34664
S_NOTIFY_TO_FRIENDS_WALK_INTO_SAME_AREA = 58379
S_NPC_CHANGE_MESH = 32860
S_NPC_LOCATION = 63760
S_NPC_MENU_SELECT = 48348
S_NPC_OCCUPIER_INFO = 64747
S_NPC_STATUS = 20126
S_NPC_TARGET_USER = 26367
S_OPEN_AWESOMIUM_WEB_URL = 58939
S_OTHER_USER_APPLY_PARTY = 37251
S_PARCEL_READ_RECV_STATUS = 21377
S_PARTY_INFO = 44180
S_PARTY_MARKER = 24488
S_PARTY_MATCH_LINK = 61350
S_PARTY_MEMBER_ABNORMAL_ADD = 64300
S_PARTY_MEMBER_ABNORMAL_CLEAR = 52998
S_PARTY_MEMBER_ABNORMAL_DEL = 25036
S_PARTY_MEMBER_ABNORMAL_REFRESH = 37365
S_PARTY_MEMBER_BUFF_UPDATE = 44546
S_PARTY_MEMBER_CHANGE_HP = 28646
S_PARTY_MEMBER_CHANGE_MP = 52384
S_PARTY_MEMBER_INFO = 47999
S_PARTY_MEMBER_INTERVAL_POS_UPDATE = 21594
S_PARTY_MEMBER_LIST = 47756
S_PARTY_MEMBER_QUEST_DATA = 50889
S_PARTY_MEMBER_STAT_UPDATE = 52066
S_PCBANGINVENTORY_DATALIST = 28725
S_PLAYER_CHANGE_ALL_PROF = 44385
S_PLAYER_CHANGE_EP = 20528
S_PLAYER_CHANGE_EXP = 44802
S_PLAYER_CHANGE_FLIGHT_ENERGY = 55144
S_PLAYER_CHANGE_MP = 63399
S_PLAYER_CHANGE_PROF = 20996
S_PLAYER_CHANGE_STAMINA = 61883
S_PLAYER_RESET_EP = 47277
S_PLAYER_STAT_UPDATE = 24644
S_PLAY_ANIMATION = 36006
S_PLAY_EFFECT = 25392
S_PLAY_MOVIE = 29611
S_PLAY_SOUND = 32499
S_POINT_STORE_SELL_LIST = 38038
S_PREMIUM_SLOT_DATALIST = 57023
S_PREMIUM_SLOT_OFF = 50680
S_PREPARE_EXIT = 61914
S_PREPARE_RETURN_TO_LOBBY = 60721
S_PREVIEW_ITEM = 43317
S_PRIVATE_CHANNEL_NOTICE = 52188
S_PRIVATE_CHAT = 52782
S_PRODUCE_CRITICAL = 42238
S_QUEST_BALLOON = 46438
S_QUEST_INFO = 41747
S_QUEST_VILLAGER_INFO = 32032
S_RECV_PARCEL = 46128
S_REGISTER_ENCHANT_ITEM = 46709
S_REGISTER_EVOLUTION_ITEM = 38154
S_REJECT_CONTRACT = 26122
S_REMOVE_BLOCKED_USER = 47738
S_REMOVE_EFFECT = 58586
S_REPLY_NONDB_ITEM_INFO = 38918
S_REPLY_REQUEST_CONTRACT = 56464
S_REQUEST_CITY_WAR_MAP_INFO = 65236
S_REQUEST_CITY_WAR_MAP_INFO_DETAIL = 26828
S_REQUEST_CITY_WAR_MAP_INFO_END = 44260
S_REQUEST_CONTRACT = 38557
S_REQUEST_PRIVATE_CHANNEL_INFO = 32058
S_REQUEST_REACTION_POS_TICK = 25376
S_REQUEST_SECOND_PASSWORD_AUTH = 44223
S_REQUEST_STYLE_SHOP_MARK_PRODUCTLIST = 31915
S_RESET_EP_PERK = 52804
S_RESPONSE_GAMESTAT_PONG = 37515
S_RESULT_BIDDING_DICE_THROW = 43136
S_RESULT_ITEM_BIDDING = 34140
S_RETURN_TO_LOBBY = 41194
S_SHORTCUT_CHANGE = 26895
S_SHOW_AWESOMIUMWEB_SHOP = 36159
S_SHOW_CANDIDATE_LIST = 62248
S_SHOW_HP = 60000
S_SHOW_ITEM_TOOLTIP = 40157
S_SHOW_PARTY_MATCH_INFO = 33189
S_SHOW_PCBANG_ICON = 25814
S_SHOW_PEGASUS_MAP = 31398
S_SHOW_USER_EP_INFO = 38987
S_SKILL_ATTENTION_TARGET = 44280
S_SKILL_CATEGORY = 64614
S_SKILL_LIST = 55601
S_SOCIAL = 50771
S_SPAWN_BONFIRE = 27551
S_SPAWN_BUILD_OBJECT = 43276
S_SPAWN_COLLECTION = 63057
S_SPAWN_DOOR = 20075
S_SPAWN_DROPITEM = 45610
S_SPAWN_ME = 63433
S_SPAWN_NPC = 54892
S_SPAWN_PROJECTILE = 54045
S_SPAWN_SHUTTLE = 44758
S_SPAWN_USER = 60882
S_SPAWN_WORKOBJECT = 28392
S_START_ACTION_SCRIPT = 52121
S_START_CHANGE_USER_APPEARANCE = 56066
S_START_CLIENT_CUSTOM_SKILL = 59908
S_START_CLIMBING = 25009
S_START_COOLTIME_ITEM = 21144
S_START_COOLTIME_SKILL = 65078
S_START_INVERSE_CAPTURE = 42009
S_START_PRODUCE = 46028
S_START_USER_PROJECTILE = 63159
S_STICK_TO_USER_END = 51016
S_STICK_TO_USER_START = 27976
S_STORE_SELL_LIST = 37223
S_SUCCESS_COUNTER = 63231
S_SYSTEM_MESSAGE = 38495
S_SYSTEM_MESSAGE_LOOT_ITEM = 28424
S_SYSTEM_MESSAGE_LOOT_SPECIAL_ITEM = 47436
S_TARGET_INFO = 61979
S_TELEPORT_TO_CAMP = 22001
S_TRADE_BROKER_DEAL_INFO_UPDATE = 23228
S_TRADE_BROKER_DEAL_SUGGESTED = 58757
S_TRADE_BROKER_HISTORY_ITEM_LIST = 62099
S_TRADE_BROKER_REQUEST_DEAL_RESULT = 41854
S_TRADE_BROKER_SUGGEST_DEAL = 53234
S_TRADE_BROKER_WAITING_ITEM_LIST = 63609
S_UNICAST_FLOATING_CASTLE_INFO = 25170
S_UNICAST_FLOATING_CASTLE_NAMEPLATE = 36340
S_UNICAST_TRANSFORM_DATA = 28276
S_UNMOUNT_VEHICLE = 29127
S_UNMOUNT_VEHICLE_EX = 45807
S_UPDATE_ACHIEVEMENT_PROGRESS = 22406
S_UPDATE_FRIEND_INFO = 43526
S_UPDATE_NPCGUILD = 35254
S_USER_APPEARANCE_CHANGE = 57209
S_USER_BLOCK_LIST = 65470
S_USER_CHANGE_NAME = 31554
S_USER_DEATH = 43320
S_USER_EFFECT = 52465
S_USER_EXTERNAL_CHANGE = 20697
S_USER_LEVELUP = 30627
S_USER_LOCATION = 40374
S_USER_LOCATION_IN_ACTION = 46147
S_USER_MOVETYPE = 29355
S_USER_PAPERDOLL_INFO = 37268
S_USER_SITUATION = 61635
S_USER_STATUS = 26427
S_USER_WEAPON_APPEARANCE_CHANGE = 54502
S_VIEW_PARTY_INVITE = 28598
S_VIEW_WARE_EX = 28179
S_VILLAGE_LIST_TO_TELEPORT = 39743
S_VISIT_NEW_SECTION = 53474
S_VOTE_RESET_ALL_DUNGEON = 42817
S_WEAK_POINT = 42257
S_WHISPER = 51902
