C_ADD_FRIEND = 34776
C_ADD_TELEPORT_TO_POS_LIST = 34425
C_ADMIN = 46862
C_APPLY_PARTY = 37547
C_ASK_INTERACTIVE = 58069
C_BAN_PARTY_MEMBER = 50233
C_BIND_ITEM_BEGIN_PROGRESS = 49525
C_BIND_ITEM_EXECUTE = 23386
C_BLOCK_USER = 56107
C_CANCEL_CHANGE_USER_APPEARANCE = 39444
C_CANCEL_CONTRACT = 31405
C_CANCEL_SKILL = 52096
C_CAN_LOCKON_TARGET = 36346
C_CHANGE_PARTY_MANAGER = 64023
C_CHANGE_PARTY_MEMBER_AUTHORITY = 60371
C_CHAT = 22321
C_CHECK_VERSION = 19900
C_COMMIT_CHANGE_USER_APPEARANCE = 42502
C_COMPLETE_DAILY_EVENT = 28035
C_COMPLETE_EXTRA_EVENT = 46367
C_CONFIRM_UPDATE_NOTIFICATION = 22627
C_CREST_APPLY = 53309
C_CREST_APPLY_LIST = 64067
C_DELETE_FRIEND = 56341
C_DELETE_PARCEL = 40678
C_DELETE_TELEPORT_TO_POS_LIST = 23219
C_DEL_ITEM = 25550
C_DIALOG = 30668
C_DISMISS_PARTY = 60293
C_EDIT_BLOCKED_USER_MEMO = 44854
C_END_CLIMBING = 56966
C_END_MOVIE = 40825
C_GACHA_TRY = 29025
C_GET_IN_SHUTTLE = 60207
C_GET_OUT_SHUTTLE = 33351
C_GET_USER_LIST = 21404
C_HIT_USER_PROJECTILE = 53722
C_INVITE_USER_TO_GUILD = 60282
C_ITEM_COLORING_SET_COLOR = 33955
C_LEAVE_PARTY = 57345
C_LEAVE_PRIVATE_CHANNEL = 44408
C_LIST_PARCEL = 62059
C_LOAD_TOPO_FIN = 63869
C_LOGIN_ARBITER = 49503
C_MERGE_ITEM = 65477
C_MERGE_ITEM_EXECUTE = 33959
C_NOTIFY_LOCATION_IN_ACTION = 41549
C_NOTIFY_LOCATION_IN_DASH = 58809
C_NOTIMELINE_SKILL = 53152
C_NPC_CONTACT = 62140
C_OP_COMMAND = 50443
C_PARTY_APPLICATION_DENIED = 20357
C_PARTY_MARKER = 45162
C_PARTY_MATCH_WINDOW_CLOSED = 48958
C_PLAYER_FLYING_LOCATION = 63248
C_PLAYER_LOCATION = 42116
C_PRESS_SKILL = 21077
C_RECV_PARCEL = 61762
C_REGISTER_ENCHANT_ITEM = 26318
C_REGISTER_EVOLUTION_ITEM = 45364
C_REGISTER_PARTY_INFO = 21949
C_REMOVE_BLOCKED_USER = 42058
C_REPLY_THROUGH_ARBITER_CONTRACT = 41002
C_REQUEST_CANDIDATE_LIST = 54723
C_REQUEST_CONTRACT = 63450
C_REQUEST_ENCHANT = 21701
C_REQUEST_EVOLUTION = 54536
C_REQUEST_GAMESTAT_PING = 33750
C_REQUEST_NONDB_ITEM_INFO = 56457
C_REQUEST_PARTY_INFO = 48696
C_REQUEST_PARTY_MATCH_INFO = 31465
C_REQUEST_PARTY_MATCH_INFO_PAGE = 24538
C_REQUEST_PARTY_MATCH_LINK = 59799
C_REQUEST_PRIVATE_CHANNEL_INFO = 33281
C_REQUEST_USER_PAPERDOLL_INFO = 20944
C_RESET_ALL_DUNGEON = 49685
C_RETURN_TO_LOBBY = 38939
C_REVIVE_NOW = 32491
C_RQ_COMMIT_DECOMPOSITION_CONTRACT = 33470
C_RQ_START_SOCIAL_ON_PROGRESS_DECOMPOSITION = 37647
C_SAVE_CLIENT_ACCOUNT_SETTING = 52218
C_SAVE_CLIENT_USER_SETTING = 43200
C_SECOND_PASSWORD_AUTH = 37514
C_SELECT_USER = 53740
C_SET_VISIBLE_RANGE = 49593
C_SHOW_INVEN = 50612
C_SHOW_ITEM_TOOLTIP_EX = 20791
C_SHOW_PARCEL_MESSAGE = 30435
C_SOCIAL = 36990
C_START_COMBO_INSTANT_SKILL = 64213
C_START_ENCHANT = 24298
C_START_EVOLUTION = 39070
C_START_INSTANCE_SKILL = 22595
C_START_INSTANCE_SKILL_EX = 56324
C_START_PRODUCE = 46276
C_START_SKILL = 49804
C_START_TARGETED_SKILL = 34123
C_TELEPORT_TO_POS = 21789
C_TELEPORT_TO_VILLAGE = 35764
C_TRADE_BROKER_BUY_IT_NOW = 25159
C_TRADE_BROKER_DEAL_CONFIRM = 41058
C_TRADE_BROKER_REJECT_SUGGEST = 65218
C_TRADE_BROKER_SUGGEST_DEAL = 33257
C_TRADE_BROKER_WAITING_ITEM_LIST_NEW = 49423
C_TRADE_BROKER_WAITING_ITEM_LIST_PAGE = 55534
C_TRY_LOOT_DROPITEM = 20589
C_UNMOUNT_VEHICLE = 23065
C_UNREGISTER_ENCHANT_ITEM = 54319
C_UNREGISTER_EVOLUTION_ITEM = 43578
C_UNREGISTER_PARTY_INFO = 20318
C_UPDATE_REACTION_POS = 27347
C_USE_ITEM = 58352
C_USE_PREMIUM_SLOT = 43913
C_VIEW_WARE = 28960
C_VISIT_NEW_SECTION = 41965
C_WHISPER = 24329
S_ABNORMALITY_BEGIN = 55209
S_ABNORMALITY_DAMAGE_ABSORB = 32788
S_ABNORMALITY_END = 41313
S_ABNORMALITY_FAIL = 49746
S_ABNORMALITY_REFRESH = 62096
S_ABNORMALITY_SCALE_UP = 34997
S_ACCEPT_CONTRACT = 53357
S_ACCOMPLISH_ACHIEVEMENT = 21626
S_ACCOUNT_PACKAGE_LIST = 35026
S_ACTION_END = 59981
S_ACTION_STAGE = 61395
S_ADD_BLOCKED_USER = 55793
S_ADD_INTER_PARTY_MATCH_POOL = 28902
S_ADMIN_HOLD_CHARACTER = 62076
S_AERO = 21940
S_AIR_REACTION_END = 47142
S_ANNOUNCE_UPDATE_NOTIFICATION = 57530
S_ANSWER_INTERACTIVE = 60513
S_APPLY_TITLE = 52332
S_ASK_BIDDING_RARE_ITEM = 38455
S_ASK_TELEPORT = 40576
S_AVAILABLE_EVENT_MATCHING_LIST = 24647
S_AVAILABLE_SOCIAL_LIST = 40892
S_BAN_PARTY = 25584
S_BAN_PARTY_MEMBER = 30975
S_BATTLE_FIELD_ENTRANCE_INFO = 42299
S_BATTLE_FIELD_POINT_STORE_SELL_LIST = 30157
S_BEGIN_THROUGH_ARBITER_CONTRACT = 30125
S_BOSS_GAGE_INFO = 51879
S_CANCEL_CONTRACT = 48706
S_CANNOT_START_SKILL = 59116
S_CAN_LOCKON_TARGET = 54577
S_CHANGE_DESTPOS_PROJECTILE = 39638
S_CHANGE_EP_EXP_DAILY_LIMIT = 60413
S_CHANGE_EP_POINT = 49667
S_CHANGE_EVENT_MATCHING_STATE = 20753
S_CHANGE_FRIEND_STATE = 52405
S_CHANGE_GUILD_CHIEF = 42375
S_CHANGE_PARTY_MANAGER = 46686
S_CHANGE_VOICE_USE_QAC = 32825
S_CHAT = 36203
S_CHECK_TO_READY_PARTY = 59767
S_CHECK_TO_READY_PARTY_FIN = 50618
S_CHECK_VERSION = 19901
S_CLEAR_ALL_HOLDED_ABNORMALITY = 37319
S_COLLECTION_PICKEND = 28614
S_COLLECTION_PICKSTART = 25687
S_COMPLETE_EVENT_MATCHING_QUEST = 61025
S_CONNECT_SKILL_ARROW = 21401
S_CREATURE_CHANGE_HP = 48965
S_CREATURE_LIFE = 23519
S_CREATURE_ROTATE = 20416
S_CREST_APPLY = 62980
S_CREST_INFO = 28850
S_CREST_MESSAGE = 54601
S_CURRENT_CHANNEL = 23266
S_CUSTOM_STYLE_SYSTEM_MESSAGE = 50113
S_DEAD_LOCATION = 33833
S_DECREASE_COOLTIME_SKILL = 45149
S_DEFEND_SUCCESS = 38231
S_DELETE_FRIEND = 36185
S_DESPAWN_BONFIRE = 40110
S_DESPAWN_BUILD_OBJECT = 31466
S_DESPAWN_COLLECTION = 34025
S_DESPAWN_DROPITEM = 50956
S_DESPAWN_NPC = 43153
S_DESPAWN_PROJECTILE = 36940
S_DESPAWN_SHUTTLE = 57184
S_DESPAWN_USER = 47013
S_DESTROY_GUILD_TOWER = 53007
S_DIALOG = 28589
S_DUNGEON_CAMERA_SET = 27277
S_DUNGEON_CLEAR_COUNT_LIST = 61705
S_DUNGEON_COOL_TIME_LIST = 58735
S_DUNGEON_EVENT_MESSAGE = 52287
S_EACH_SKILL_RESULT = 26033
S_ENABLE_DISABLE_SELLABLE_ITEM_LIST = 59495
S_END_CHANGE_USER_APPEARANCE = 40265
S_END_PRODUCE = 43043
S_END_USER_PROJECTILE = 43312
S_EP_SYSTEM_DAILY_EVENT_EXP_ON_OFF = 39164
S_EXIT = 37043
S_F2P_PremiumUser_Permission = 40487
S_FEARMOVE_END = 43705
S_FEARMOVE_STAGE = 50374
S_FIELD_EVENT_ON_ENTER = 44919
S_FIELD_EVENT_ON_LEAVE = 60700
S_FIELD_POINT_INFO = 22418
S_FIN_INTER_PARTY_MATCH = 54844
S_FIX_VEHICLE_PROGRESS = 25749
S_FONT_SWAP_INFO = 25885
S_FRIEND_LIST = 62523
S_GACHA_END = 22023
S_GACHA_START = 63589
S_GET_IN_SHUTTLE = 32053
S_GET_OUT_SHUTTLE = 21317
S_GET_USER_GUILD_LOGO = 58999
S_GET_USER_LIST = 64558
S_GMEVENT_GUIDE_MESSAGE = 44766
S_GMEVENT_OX_QUIZ_OPEN = 50493
S_GMEVENT_OX_QUIZ_RESULT = 27976
S_GMEVENT_RECV_REWARD = 33138
S_GRANT_SKILL = 35128
S_GROUP_NPC_LOCATION = 63179
S_GUILD_MEMBER_LIST = 40065
S_GUILD_NAME = 38678
S_GUILD_STORE_SELL_LIST = 56940
S_GUILD_TOWER_INFO = 34029
S_HOLD_ABNORMALITY_ADD = 32409
S_IMAGE_DATA = 53538
S_INSTANCE_ARROW = 63163
S_INSTANT_DASH = 30540
S_INSTANT_MOVE = 42741
S_INVEN = 54012
S_INVEN_CHANGEDSLOT = 60090
S_ITEM_COLORING_BAG = 31805
S_ITEM_CUSTOM_STRING = 50055
S_JOIN_PRIVATE_CHANNEL = 36918
S_LEARN_EP_PERK = 23081
S_LEAVE_PARTY = 42961
S_LEAVE_PARTY_MEMBER = 61064
S_LEAVE_PRIVATE_CHANNEL = 56482
S_LIST_PARCEL_EX = 31389
S_LOADING_SCREEN_CONTROL_INFO = 43495
S_LOAD_ACHIEVEMENT_LIST = 58514
S_LOAD_CLIENT_ACCOUNT_SETTING = 53060
S_LOAD_CLIENT_USER_SETTING = 32853
S_LOAD_DUNGEON_SOUND_HINT = 61230
S_LOAD_EP_INFO = 21563
S_LOAD_TELEPORT_TO_POS_LIST = 61735
S_LOAD_TOPO = 26020
S_LOGIN = 35367
S_LOGIN_ACCOUNT_INFO = 50490
S_LOGOUT_PARTY_MEMBER = 24022
S_MOUNT_VEHICLE = 40147
S_MOUNT_VEHICLE_EX = 48235
S_MOVE_SHUTTLE = 42321
S_MUTE = 40649
S_NOCTAN_VARIATION_INFO = 63761
S_NOTIFY_GUILD_QUEST_URGENT = 37828
S_NOTIFY_TO_FRIENDS_WALK_INTO_SAME_AREA = 27663
S_NPCGUILD_LIST = 48763
S_NPC_CHANGE_MESH = 55787
S_NPC_LOCATION = 44712
S_NPC_MENU_SELECT = 63899
S_NPC_OCCUPIER_INFO = 32167
S_NPC_STATUS = 21769
S_NPC_TARGET_USER = 55096
S_OPEN_AWESOMIUM_WEB_URL = 52747
S_OTHER_USER_APPLY_PARTY = 39357
S_PARCEL_READ_RECV_STATUS = 42740
S_PARTY_INFO = 38493
S_PARTY_MARKER = 36062
S_PARTY_MATCH_LINK = 30559
S_PARTY_MEMBER_ABNORMAL_ADD = 40104
S_PARTY_MEMBER_ABNORMAL_CLEAR = 65350
S_PARTY_MEMBER_ABNORMAL_DEL = 50266
S_PARTY_MEMBER_ABNORMAL_REFRESH = 20769
S_PARTY_MEMBER_BUFF_UPDATE = 26308
S_PARTY_MEMBER_CHANGE_HP = 52893
S_PARTY_MEMBER_CHANGE_MP = 45713
S_PARTY_MEMBER_INFO = 45155
S_PARTY_MEMBER_INTERVAL_POS_UPDATE = 43520
S_PARTY_MEMBER_LIST = 20424
S_PARTY_MEMBER_QUEST_DATA = 39625
S_PARTY_MEMBER_STAT_UPDATE = 21723
S_PLAYER_CHANGE_ALL_PROF = 42382
S_PLAYER_CHANGE_EP = 46227
S_PLAYER_CHANGE_EXP = 21612
S_PLAYER_CHANGE_FLIGHT_ENERGY = 57156
S_PLAYER_CHANGE_MP = 50510
S_PLAYER_CHANGE_PROF = 40365
S_PLAYER_CHANGE_STAMINA = 51232
S_PLAYER_RESET_EP = 36421
S_PLAYER_STAT_UPDATE = 54849
S_PLAY_ANIMATION = 29948
S_PLAY_EFFECT = 34929
S_PLAY_MOVIE = 27156
S_PLAY_SOUND = 56918
S_POINT_STORE_SELL_LIST = 65355
S_PREMIUM_SLOT_DATALIST = 38121
S_PREMIUM_SLOT_OFF = 33360
S_PREPARE_EXIT = 42337
S_PREPARE_RETURN_TO_LOBBY = 44295
S_PREVIEW_ITEM = 54679
S_PRIVATE_CHANNEL_NOTICE = 25934
S_PRIVATE_CHAT = 33475
S_PRODUCE_CRITICAL = 27796
S_QUEST_BALLOON = 57565
S_QUEST_INFO = 48913
S_QUEST_VILLAGER_INFO = 60240
S_RECV_PARCEL = 28521
S_REGISTER_ENCHANT_ITEM = 65056
S_REGISTER_EVOLUTION_ITEM = 55700
S_REJECT_CONTRACT = 53513
S_REMOVE_BLOCKED_USER = 54180
S_REMOVE_EFFECT = 52879
S_REPLY_NONDB_ITEM_INFO = 23741
S_REPLY_REQUEST_CONTRACT = 59790
S_REQUEST_CITY_WAR_MAP_INFO = 32513
S_REQUEST_CITY_WAR_MAP_INFO_DETAIL = 62650
S_REQUEST_CITY_WAR_MAP_INFO_END = 55104
S_REQUEST_CONTRACT = 44165
S_REQUEST_DESPAWN_SERVANT = 37948
S_REQUEST_PRIVATE_CHANNEL_INFO = 26123
S_REQUEST_REACTION_POS_TICK = 25751
S_REQUEST_SECOND_PASSWORD_AUTH = 53479
S_REQUEST_SERVANT_INFO_LIST = 60508
S_REQUEST_SPAWN_SERVANT = 54123
S_REQUEST_STYLE_SHOP_MARK_PRODUCTLIST = 36967
S_RESET_EP_PERK = 28024
S_RESPONSE_GAMESTAT_PONG = 20713
S_RESULT_BIDDING_DICE_THROW = 25265
S_RESULT_ITEM_BIDDING = 54673
S_RETURN_TO_LOBBY = 59403
S_RP_SKILL_POLISHING_LIST = 22875
S_SHORTCUT_CHANGE = 58340
S_SHOW_AWESOMIUMWEB_SHOP = 45463
S_SHOW_CANDIDATE_LIST = 31696
S_SHOW_HP = 35964
S_SHOW_ITEM_TOOLTIP = 24418
S_SHOW_PARTY_MATCH_INFO = 52085
S_SHOW_PEGASUS_MAP = 23783
S_SHOW_USER_EP_INFO = 42780
S_SKILL_ATTENTION_TARGET = 47012
S_SKILL_CATEGORY = 63057
S_SKILL_LIST = 49253
S_SOCIAL = 22522
S_SPAWN_BONFIRE = 53694
S_SPAWN_BUILD_OBJECT = 55018
S_SPAWN_COLLECTION = 39029
S_SPAWN_DOOR = 50140
S_SPAWN_DROPITEM = 44146
S_SPAWN_ME = 28366
S_SPAWN_NPC = 38946
S_SPAWN_PROJECTILE = 21959
S_SPAWN_SHUTTLE = 33061
S_SPAWN_USER = 26202
S_SPAWN_WORKOBJECT = 28221
S_START_ACTION_SCRIPT = 24407
S_START_CHANGE_USER_APPEARANCE = 55315
S_START_CLIENT_CUSTOM_SKILL = 57389
S_START_CLIMBING = 44872
S_START_COOLTIME_ITEM = 37758
S_START_COOLTIME_SKILL = 41754
S_START_INVERSE_CAPTURE = 56492
S_START_PRODUCE = 40302
S_START_USER_PROJECTILE = 54332
S_STICK_TO_USER_END = 28932
S_STICK_TO_USER_START = 39046
S_STORE_SELL_LIST = 37381
S_SUCCESS_COUNTER = 34132
S_SYSTEM_MESSAGE = 46228
S_SYSTEM_MESSAGE_LOOT_ITEM = 48258
S_SYSTEM_MESSAGE_LOOT_SPECIAL_ITEM = 42107
S_TARGET_INFO = 23388
S_TELEPORT_TO_CAMP = 20735
S_TRADE_BROKER_DEAL_INFO_UPDATE = 47298
S_TRADE_BROKER_DEAL_SUGGESTED = 62290
S_TRADE_BROKER_HISTORY_ITEM_LIST = 34280
S_TRADE_BROKER_REQUEST_DEAL_RESULT = 28980
S_TRADE_BROKER_SUGGEST_DEAL = 51396
S_TRADE_BROKER_WAITING_ITEM_LIST = 33996
S_UNICAST_FLOATING_CASTLE_INFO = 60093
S_UNICAST_FLOATING_CASTLE_NAMEPLATE = 64190
S_UNICAST_TRANSFORM_DATA = 47654
S_UNMOUNT_VEHICLE = 50305
S_UNMOUNT_VEHICLE_EX = 58644
S_UPDATE_ACHIEVEMENT_PROGRESS = 59022
S_UPDATE_FRIEND_INFO = 38499
S_UPDATE_NPCGUILD = 62356
S_USER_APPEARANCE_CHANGE = 51377
S_USER_BLOCK_LIST = 61257
S_USER_CHANGE_NAME = 27765
S_USER_DEATH = 39024
S_USER_EFFECT = 24041
S_USER_EXTERNAL_CHANGE = 51201
S_USER_LEVELUP = 22181
S_USER_LOCATION = 57134
S_USER_LOCATION_IN_ACTION = 56496
S_USER_MOVETYPE = 59517
S_USER_PAPERDOLL_INFO = 54967
S_USER_SITUATION = 48168
S_USER_STATUS = 45204
S_USER_WEAPON_APPEARANCE_CHANGE = 29608
S_VIEW_PARTY_INVITE = 52513
S_VIEW_WARE_EX = 51092
S_VILLAGE_LIST_TO_TELEPORT = 58679
S_VISIT_NEW_SECTION = 23791
S_VOTE_RESET_ALL_DUNGEON = 60968
S_WEAK_POINT = 29559
S_WHISPER = 45538
