C_ADD_FRIEND 21093
C_ADD_TELEPORT_TO_POS_LIST 41801
C_ADMIN 24006
C_APPLY_PARTY 58345
C_ASK_INTERACTIVE 22774
C_BAN_PARTY_MEMBER 40086
C_BIND_ITEM_BEGIN_PROGRESS 34044
C_BIND_ITEM_EXECUTE 34610
C_BLOCK_USER 34950
C_CANCEL_CHANGE_USER_APPEARANCE 41177
C_CANCEL_CONTRACT 51846
C_CANCEL_SKILL 49589
C_CAN_LOCKON_TARGET 44330
C_CHANGE_PARTY_MANAGER 24703
C_CHANGE_PARTY_MEMBER_AUTHORITY 32951
C_CHAT 22633
C_CHECK_VERSION 19900
C_COMMIT_CHANGE_USER_APPEARANCE 42689
C_COMPLETE_DAILY_EVENT 31988
C_COMPLETE_EXTRA_EVENT 39149
C_CONFIRM_UPDATE_NOTIFICATION 48712
C_CREST_APPLY 37104
C_CREST_APPLY_LIST 28887
C_DELETE_FRIEND 63105
C_DELETE_TELEPORT_TO_POS_LIST 39485
C_DEL_ITEM 65346
C_DIALOG 53803
C_DISMISS_PARTY 27390
C_EDIT_BLOCKED_USER_MEMO 40454
C_END_CLIMBING 27312
C_END_MOVIE 47541
C_GACHA_TRY 65083
C_GET_IN_SHUTTLE 39813
C_GET_OUT_SHUTTLE 46340
C_GET_USER_LIST 63133
C_HIT_USER_PROJECTILE 57984
C_INVITE_USER_TO_GUILD 37278
C_ITEM_COLORING_SET_COLOR 58980
C_LEAVE_PARTY 60836
C_LEAVE_PRIVATE_CHANNEL 48001
C_LOAD_TOPO_FIN 54782
C_LOGIN_ARBITER 42188
C_MERGE_ITEM 24684
C_MERGE_ITEM_EXECUTE 39233
C_NOTIFY_LOCATION_IN_ACTION 46784
C_NOTIFY_LOCATION_IN_DASH 21831
C_NOTIMELINE_SKILL 26561
C_NPC_CONTACT 63766
C_OP_COMMAND 37952
C_PARTY_APPLICATION_DENIED 36266
C_PARTY_MARKER 36385
C_PARTY_MATCH_WINDOW_CLOSED 21153
C_PLAYER_FLYING_LOCATION 56573
C_PLAYER_LOCATION 57309
C_PRESS_SKILL 65482
C_REGISTER_ENCHANT_ITEM 20312
C_REGISTER_EVOLUTION_ITEM 46470
C_REGISTER_PARTY_INFO 38747
C_REMOVE_BLOCKED_USER 65500
C_REPLY_THROUGH_ARBITER_CONTRACT 20423
C_REQUEST_CANDIDATE_LIST 53592
C_REQUEST_CONTRACT 50721
C_REQUEST_ENCHANT 39641
C_REQUEST_EVOLUTION 21499
C_REQUEST_GAMESTAT_PING 28223
C_REQUEST_NONDB_ITEM_INFO 27235
C_REQUEST_PARTY_INFO 31661
C_REQUEST_PARTY_MATCH_INFO 49719
C_REQUEST_PARTY_MATCH_INFO_PAGE 37314
C_REQUEST_PARTY_MATCH_LINK 57939
C_REQUEST_PRIVATE_CHANNEL_INFO 56514
C_REQUEST_USER_PAPERDOLL_INFO 47880
C_REQUEST_USER_PAPERDOLL_INFO_WITH_GAMEID 47497
C_RESET_ALL_DUNGEON 40010
C_RETURN_TO_LOBBY 54844
C_REVIVE_NOW 28133
C_RQ_COMMIT_DECOMPOSITION_CONTRACT 50452
C_RQ_START_SOCIAL_ON_PROGRESS_DECOMPOSITION 52143
C_SAVE_CLIENT_ACCOUNT_SETTING 56176
C_SAVE_CLIENT_USER_SETTING 53004
C_SECOND_PASSWORD_AUTH 52804
C_SELECT_USER 24590
C_SET_VISIBLE_RANGE 25048
C_SHOW_ITEMLIST 65441
C_SHOW_ITEM_TOOLTIP_EX 54391
C_SOCIAL 62972
C_START_COMBO_INSTANT_SKILL 56051
C_START_ENCHANT 49114
C_START_EVOLUTION 39366
C_START_INSTANCE_SKILL 38971
C_START_INSTANCE_SKILL_EX 27326
C_START_PRODUCE 61196
C_START_SKILL 50011
C_START_TARGETED_SKILL 47770
C_TELEPORT_TO_POS 23820
C_TELEPORT_TO_VILLAGE 33515
C_TRADE_BROKER_BUY_IT_NOW 48244
C_TRADE_BROKER_DEAL_CONFIRM 53378
C_TRADE_BROKER_REJECT_SUGGEST 47048
C_TRADE_BROKER_SUGGEST_DEAL 24267
C_TRADE_BROKER_WAITING_ITEM_LIST_NEW 52644
C_TRADE_BROKER_WAITING_ITEM_LIST_PAGE 63134
C_TRY_LOOT_DROPITEM 52478
C_UNMOUNT_VEHICLE 20669
C_UNREGISTER_ENCHANT_ITEM 48052
C_UNREGISTER_EVOLUTION_ITEM 62854
C_UNREGISTER_PARTY_INFO 57165
C_UPDATE_REACTION_POS 42414
C_USE_ITEM 51152
C_USE_PREMIUM_SLOT 33288
C_VIEW_WARE 45409
C_VISIT_NEW_SECTION 24863
C_WHISPER 52371
S_ABNORMALITY_BEGIN 24575
S_ABNORMALITY_DAMAGE_ABSORB 36319
S_ABNORMALITY_END 48941
S_ABNORMALITY_FAIL 35771
S_ABNORMALITY_REFRESH 27334
S_ABNORMALITY_RESIST 46717
S_ABNORMALITY_SCALE_UP 25603
S_ACCEPT_CONTRACT 25185
S_ACCOMPLISH_ACHIEVEMENT 59527
S_ACCOUNT_PACKAGE_LIST 31525
S_ACTION_END 40884
S_ACTION_STAGE 36942
S_ADD_BLOCKED_USER 42094
S_ADD_INTER_PARTY_MATCH_POOL 24375
S_ADMIN_HOLD_CHARACTER 32221
S_AERO 29014
S_AIR_REACTION_END 57890
S_ANNOUNCE_UPDATE_NOTIFICATION 53773
S_ANSWER_INTERACTIVE 56016
S_APPLY_TITLE 33879
S_ASK_BIDDING_RARE_ITEM 38177
S_ASK_TELEPORT 36639
S_AVAILABLE_EVENT_MATCHING_LIST 40205
S_AVAILABLE_SOCIAL_LIST 40300
S_BAN_PARTY 48728
S_BAN_PARTY_MEMBER 42511
S_BATTLE_FIELD_ENTRANCE_INFO 26825
S_BATTLE_FIELD_POINT_STORE_SELL_LIST 46356
S_BEGIN_THROUGH_ARBITER_CONTRACT 60548
S_BOSS_GAGE_INFO 30187
S_BROADCAST_FLOATING_CASTLE_INFO 29975
S_BROADCAST_FLOATING_CASTLE_NAMEPLATE 39644
S_CANCEL_CONTRACT 28308
S_CANNOT_START_SKILL 20702
S_CAN_LOCKON_TARGET 34455
S_CHANGE_DESTPOS_PROJECTILE 40494
S_CHANGE_EP_EXP_DAILY_LIMIT 22828
S_CHANGE_EP_POINT 51597
S_CHANGE_EVENT_MATCHING_STATE 37838
S_CHANGE_FRIEND_STATE 30890
S_CHANGE_GUILD_CHIEF 52636
S_CHANGE_PARTY_MANAGER 48700
S_CHANGE_VOICE_USE_QAC 20064
S_CHAT 46345
S_CHECK_TO_READY_PARTY 20490
S_CHECK_TO_READY_PARTY_FIN 38942
S_CHECK_VERSION 19901
S_CLEAR_ALL_HOLDED_ABNORMALITY 58765
S_COLLECTION_PICKEND 27251
S_COLLECTION_PICKSTART 44128
S_COMPLETE_EVENT_MATCHING_QUEST 47312
S_CONNECT_SKILL_ARROW 22745
S_CREATURE_CHANGE_HP 57051
S_CREATURE_LIFE 29799
S_CREATURE_ROTATE 49853
S_CREST_APPLY 50261
S_CREST_INFO 26850
S_CREST_MESSAGE 50596
S_CURRENT_CHANNEL 34302
S_CUSTOM_STYLE_SYSTEM_MESSAGE 52552
S_DEAD_LOCATION 33556
S_DECREASE_COOLTIME_SKILL 38991
S_DEFEND_SUCCESS 20802
S_DELETE_FRIEND 51692
S_DESPAWN_BONFIRE 24685
S_DESPAWN_BUILD_OBJECT 28313
S_DESPAWN_COLLECTION 63024
S_DESPAWN_DROPITEM 20280
S_DESPAWN_EVENT_SEED 29547
S_DESPAWN_NPC 53072
S_DESPAWN_PROJECTILE 38246
S_DESPAWN_SHUTTLE 42992
S_DESPAWN_USER 62606
S_DESTROY_GUILD_TOWER 48947
S_DIALOG 38260
S_DUNGEON_CAMERA_SET 62107
S_DUNGEON_CLEAR_COUNT_LIST 63322
S_DUNGEON_COOL_TIME_LIST 39832
S_DUNGEON_EVENT_MESSAGE 38320
S_EACH_SKILL_RESULT 24782
S_ENABLE_DISABLE_SELLABLE_ITEM_LIST 40562
S_END_CHANGE_USER_APPEARANCE 26698
S_END_PRODUCE 38421
S_END_USER_PROJECTILE 60849
S_EP_SYSTEM_DAILY_EVENT_EXP_ON_OFF 28572
S_EXIT 28830
S_F2P_PremiumUser_Permission 26865
S_FACIAL_ATTACHMENT_BROADCAST 44608
S_FEARMOVE_END 49666
S_FEARMOVE_STAGE 61850
S_FIELD_EVENT_ON_ENTER 63573
S_FIELD_EVENT_ON_LEAVE 52836
S_FIELD_POINT_INFO 38301
S_FIN_INTER_PARTY_MATCH 62733
S_FIX_VEHICLE_PROGRESS 61764
S_FONT_SWAP_INFO 22700
S_FRIEND_LIST 60671
S_GACHA_END 45483
S_GACHA_START 33339
S_GET_IN_SHUTTLE 55963
S_GET_OUT_SHUTTLE 43394
S_GET_USER_GUILD_LOGO 36443
S_GET_USER_LIST 47666
S_GMEVENT_GUIDE_MESSAGE 64502
S_GMEVENT_OX_QUIZ_OPEN 47947
S_GMEVENT_OX_QUIZ_RESULT 35846
S_GMEVENT_RECV_REWARD 49391
S_GRANT_SKILL 47482
S_GROUP_NPC_LOCATION 64383
S_GUILD_MEMBER_LIST 51230
S_GUILD_NAME 23455
S_GUILD_STORE_SELL_LIST 30987
S_GUILD_TOWER_INFO 62965
S_HIT_COMBO 52394
S_HOLD_ABNORMALITY_ADD 41726
S_IMAGE_DATA 26534
S_INSTANCE_ARROW 30197
S_INSTANT_DASH 30144
S_INSTANT_MOVE 65196
S_INVEN_CHANGEDSLOT 49247
S_INVEN_USERDATA 56025
S_ITEMLIST 48207
S_ITEM_COLORING_BAG 32547
S_ITEM_CUSTOM_STRING 30010
S_ITEM_EXPLOSION_RESULT 63990
S_JOIN_PRIVATE_CHANNEL 49417
S_LEARN_EP_PERK 33055
S_LEAVE_GUILD 55747
S_LEAVE_PARTY 33806
S_LEAVE_PARTY_MEMBER 41490
S_LEAVE_PRIVATE_CHANNEL 40800
S_LOADING_SCREEN_CONTROL_INFO 63398
S_LOAD_ACHIEVEMENT_LIST 51993
S_LOAD_CLIENT_ACCOUNT_SETTING 49211
S_LOAD_CLIENT_USER_SETTING 60431
S_LOAD_DUNGEON_SOUND_HINT 57431
S_LOAD_EP_INFO 32551
S_LOAD_TELEPORT_TO_POS_LIST 42632
S_LOAD_TOPO 56046
S_LOCKON_YOU 44191
S_LOGIN 43383
S_LOGIN_ACCOUNT_INFO 31415
S_LOGOUT_PARTY_MEMBER 64326
S_MOUNT_VEHICLE 50151
S_MOUNT_VEHICLE_EX 34432
S_MOVE_SHUTTLE 56081
S_MUTE 41539
S_NOCTAN_VARIATION_INFO 34007
S_NOTIFY_GUILD_QUEST_URGENT 40229
S_NOTIFY_TO_FRIENDS_WALK_INTO_SAME_AREA 31640
S_NPCGUILD_LIST 45766
S_NPC_CHANGE_MESH 33468
S_NPC_LOCATION 30756
S_NPC_MENU_SELECT 39903
S_NPC_OCCUPIER_INFO 51330
S_NPC_STATUS 21409
S_NPC_TARGET_USER 47026
S_OPEN_AWESOMIUM_WEB_URL 55646
S_OTHER_USER_APPLY_PARTY 32733
S_PARTY_INFO 35875
S_PARTY_MARKER 49038
S_PARTY_MATCH_LINK 42032
S_PARTY_MEMBER_ABNORMAL_ADD 20787
S_PARTY_MEMBER_ABNORMAL_CLEAR 33436
S_PARTY_MEMBER_ABNORMAL_DEL 48491
S_PARTY_MEMBER_ABNORMAL_REFRESH 29791
S_PARTY_MEMBER_BUFF_UPDATE 35773
S_PARTY_MEMBER_CHANGE_HP 33680
S_PARTY_MEMBER_CHANGE_MP 58484
S_PARTY_MEMBER_INFO 50631
S_PARTY_MEMBER_INTERVAL_POS_UPDATE 28303
S_PARTY_MEMBER_LIST 36632
S_PARTY_MEMBER_QUEST_DATA 59968
S_PARTY_MEMBER_STAT_UPDATE 40658
S_PLAYER_CHANGE_ALL_PROF 36435
S_PLAYER_CHANGE_EP 56265
S_PLAYER_CHANGE_EXP 57065
S_PLAYER_CHANGE_FLIGHT_ENERGY 43462
S_PLAYER_CHANGE_MP 56291
S_PLAYER_CHANGE_PROF 27219
S_PLAYER_CHANGE_STAMINA 51106
S_PLAYER_RESET_EP 52006
S_PLAYER_STAT_UPDATE 31383
S_PLAY_ANIMATION 55783
S_PLAY_EFFECT 29076
S_PLAY_MOVIE 27553
S_PLAY_SOUND 46465
S_POINT_STORE_SELL_LIST 34384
S_PREMIUM_SLOT_DATALIST 34645
S_PREMIUM_SLOT_OFF 32296
S_PREPARE_EXIT 54111
S_PREPARE_RETURN_TO_LOBBY 53679
S_PREVIEW_ITEM 48309
S_PRIVATE_CHANNEL_NOTICE 50017
S_PRIVATE_CHAT 51906
S_PRODUCE_CRITICAL 27195
S_QUEST_BALLOON 64037
S_QUEST_INFO 59172
S_QUEST_VILLAGER_INFO 46458
S_REGISTER_ENCHANT_ITEM 60395
S_REGISTER_EVOLUTION_ITEM 25882
S_REJECT_CONTRACT 55604
S_REMOVE_BLOCKED_USER 29774
S_REMOVE_EFFECT 45866
S_REPLY_CLIENT_CHAT_OPTION_SETTING 62601
S_REPLY_NONDB_ITEM_INFO 36177
S_REPLY_REQUEST_CONTRACT 38204
S_REQUEST_CITY_WAR_MAP_INFO 21317
S_REQUEST_CITY_WAR_MAP_INFO_DETAIL 36493
S_REQUEST_CITY_WAR_MAP_INFO_END 33321
S_REQUEST_CONTRACT 27750
S_REQUEST_DESPAWN_SERVANT 38506
S_REQUEST_PRIVATE_CHANNEL_INFO 25537
S_REQUEST_REACTION_POS_TICK 37006
S_REQUEST_SECOND_PASSWORD_AUTH 60889
S_REQUEST_SERVANT_INFO_LIST 61172
S_REQUEST_SPAWN_SERVANT 59612
S_REQUEST_STYLE_SHOP_MARK_PRODUCTLIST 38981
S_RESET_EP_PERK 31015
S_RESPONSE_GAMESTAT_PONG 53638
S_RESULT_BIDDING_DICE_THROW 56140
S_RESULT_EVENT_SEED 40737
S_RESULT_ITEM_BIDDING 60265
S_RETURN_TO_LOBBY 51053
S_RP_SKILL_POLISHING_LIST 50684
S_SHORTCUT_CHANGE 52942
S_SHOW_AWESOMIUMWEB_SHOP 33959
S_SHOW_CANDIDATE_LIST 60990
S_SHOW_HP 60479
S_SHOW_ITEM_TOOLTIP 61769
S_SHOW_PARTY_MATCH_INFO 54195
S_SHOW_PEGASUS_MAP 53492
S_SHOW_USER_EP_INFO 26154
S_SKILL_ATTENTION_TARGET 54942
S_SKILL_CATEGORY 46181
S_SKILL_LIST 42519
S_SOCIAL 57345
S_SPAWN_BONFIRE 21613
S_SPAWN_BUILD_OBJECT 21726
S_SPAWN_COLLECTION 21285
S_SPAWN_DOOR 46381
S_SPAWN_DROPITEM 35560
S_SPAWN_EVENT_SEED 54088
S_SPAWN_ME 59492
S_SPAWN_NPC 50203
S_SPAWN_PROJECTILE 53135
S_SPAWN_SHUTTLE 47955
S_SPAWN_USER 24002
S_SPAWN_WORKOBJECT 41835
S_START_ACTION_SCRIPT 24621
S_START_CHANGE_USER_APPEARANCE 65141
S_START_CLIENT_CUSTOM_SKILL 45565
S_START_CLIMBING 57951
S_START_COOLTIME_ITEM 26431
S_START_COOLTIME_SKILL 55298
S_START_INVERSE_CAPTURE 44761
S_START_PRODUCE 31949
S_START_USER_PROJECTILE 51867
S_STICK_TO_USER_END 27424
S_STICK_TO_USER_START 47226
S_STORE_SELL_LIST 50680
S_SUCCESS_COUNTER 53064
S_SYSTEM_MESSAGE 34290
S_SYSTEM_MESSAGE_LOOT_ITEM 45570
S_SYSTEM_MESSAGE_LOOT_SPECIAL_ITEM 46674
S_TARGET_INFO 24030
S_TELEPORT_TO_CAMP 51459
S_TRADE_BROKER_DEAL_INFO_UPDATE 24114
S_TRADE_BROKER_DEAL_SUGGESTED 31838
S_TRADE_BROKER_HISTORY_ITEM_LIST 43455
S_TRADE_BROKER_REQUEST_DEAL_RESULT 26388
S_TRADE_BROKER_SUGGEST_DEAL 50119
S_TRADE_BROKER_WAITING_ITEM_LIST 33315
S_UNICAST_FLOATING_CASTLE_INFO 32415
S_UNICAST_FLOATING_CASTLE_NAMEPLATE 21753
S_UNICAST_TRANSFORM_DATA 25795
S_UNMOUNT_VEHICLE 51226
S_UNMOUNT_VEHICLE_EX 26247
S_UPDATE_ACHIEVEMENT_PROGRESS 34158
S_UPDATE_EVENT_SEED_STATE 27376
S_UPDATE_FRIEND_INFO 29889
S_UPDATE_NPCGUILD 49596
S_USER_APPEARANCE_CHANGE 44042
S_USER_BLOCK_LIST 41007
S_USER_CHANGE_FACE_CUSTOM 35850
S_USER_CHANGE_NAME 33588
S_USER_DEATH 36144
S_USER_EFFECT 63345
S_USER_EXTERNAL_CHANGE 21295
S_USER_LEVELUP 60075
S_USER_LOCATION 38395
S_USER_LOCATION_IN_ACTION 64163
S_USER_MOVETYPE 42036
S_USER_PAPERDOLL_INFO 56322
S_USER_SITUATION 47305
S_USER_STATUS 54600
S_USER_WEAPON_APPEARANCE_CHANGE 39053
S_VIEW_PARTY_INVITE 42214
S_VIEW_WARE_EX 56988
S_VILLAGE_LIST_TO_TELEPORT 21162
S_VISIT_NEW_SECTION 32650
S_VOTE_RESET_ALL_DUNGEON 57671
S_WEAK_POINT 36391
S_WHISPER 35014