C_ADD_FRIEND = 35923
C_ADD_TELEPORT_TO_POS_LIST = 32564
C_ADMIN = 30202
C_APPLY_PARTY = 54380
C_ASK_INTERACTIVE = 54821
C_BAN_PARTY_MEMBER = 31129
C_BIND_ITEM_BEGIN_PROGRESS = 31031
C_BIND_ITEM_EXECUTE = 37900
C_BLOCK_USER = 34649
C_CANCEL_CHANGE_USER_APPEARANCE = 48099
C_CANCEL_CONTRACT = 46079
C_CANCEL_SKILL = 37614
C_CAN_LOCKON_TARGET = 42397
C_CHANGE_PARTY_MANAGER = 61635
C_CHANGE_PARTY_MEMBER_AUTHORITY = 65038
C_CHAT = 56586
C_CHECK_VERSION = 19900
C_COMMIT_CHANGE_USER_APPEARANCE = 27058
C_COMPLETE_DAILY_EVENT = 26412
C_COMPLETE_EXTRA_EVENT = 53388
C_CONFIRM_UPDATE_NOTIFICATION = 39628
C_CREST_APPLY = 61563
C_CREST_APPLY_LIST = 54637
C_DELETE_FRIEND = 41126
C_DELETE_PARCEL = 60711
C_DELETE_TELEPORT_TO_POS_LIST = 27490
C_DEL_ITEM = 21971
C_DIALOG = 51213
C_DISMISS_PARTY = 53849
C_EDIT_BLOCKED_USER_MEMO = 43132
C_END_CLIMBING = 27672
C_END_MOVIE = 41107
C_GACHA_TRY = 55626
C_GET_IN_SHUTTLE = 37189
C_GET_OUT_SHUTTLE = 29594
C_GET_USER_LIST = 29722
C_HIT_USER_PROJECTILE = 60712
C_INVITE_USER_TO_GUILD = 63659
C_ITEM_COLORING_SET_COLOR = 57861
C_LEAVE_PARTY = 24175
C_LEAVE_PRIVATE_CHANNEL = 60846
C_LIST_PARCEL = 21983
C_LOAD_TOPO_FIN = 39853
C_LOGIN_ARBITER = 60072
C_MERGE_ITEM = 64038
C_MERGE_ITEM_EXECUTE = 62625
C_NOTIFY_LOCATION_IN_ACTION = 52352
C_NOTIFY_LOCATION_IN_DASH = 36135
C_NOTIMELINE_SKILL = 35738
C_NPC_CONTACT = 41590
C_OP_COMMAND = 39565
C_PARTY_APPLICATION_DENIED = 55566
C_PARTY_MARKER = 43327
C_PARTY_MATCH_WINDOW_CLOSED = 22555
C_PCBANGINVENTORY_USE_SLOT = 54220
C_PLAYER_FLYING_LOCATION = 35534
C_PLAYER_LOCATION = 42129
C_PREMIUM_SLOT_USE_SLOT = 38418
C_PRESS_SKILL = 56641
C_RECV_PARCEL = 55372
C_REGISTER_ENCHANT_ITEM = 22296
C_REGISTER_EVOLUTION_ITEM = 59976
C_REGISTER_PARTY_INFO = 39601
C_REMOVE_BLOCKED_USER = 61914
C_REPLY_THROUGH_ARBITER_CONTRACT = 25571
C_REQUEST_CANDIDATE_LIST = 45743
C_REQUEST_CONTRACT = 35304
C_REQUEST_ENCHANT = 61742
C_REQUEST_EVOLUTION = 39826
C_REQUEST_GAMESTAT_PING = 36758
C_REQUEST_NONDB_ITEM_INFO = 59605
C_REQUEST_PARTY_INFO = 30934
C_REQUEST_PARTY_MATCH_INFO = 20163
C_REQUEST_PARTY_MATCH_INFO_PAGE = 58714
C_REQUEST_PARTY_MATCH_LINK = 22724
C_REQUEST_PRIVATE_CHANNEL_INFO = 38067
C_REQUEST_USER_PAPERDOLL_INFO = 47383
C_RESET_ALL_DUNGEON = 29820
C_RETURN_TO_LOBBY = 35332
C_REVIVE_NOW = 63730
C_RQ_COMMIT_DECOMPOSITION_CONTRACT = 45225
C_RQ_START_SOCIAL_ON_PROGRESS_DECOMPOSITION = 26130
C_SAVE_CLIENT_ACCOUNT_SETTING = 55531
C_SAVE_CLIENT_USER_SETTING = 44885
C_SECOND_PASSWORD_AUTH = 25327
C_SELECT_USER = 60597
C_SET_VISIBLE_RANGE = 34024
C_SHOW_INVEN = 52439
C_SHOW_ITEM_TOOLTIP_EX = 58086
C_SHOW_PARCEL_MESSAGE = 48836
C_SOCIAL = 36173
C_START_COMBO_INSTANT_SKILL = 47177
C_START_ENCHANT = 20282
C_START_EVOLUTION = 22307
C_START_INSTANCE_SKILL = 62138
C_START_INSTANCE_SKILL_EX = 24572
C_START_PRODUCE = 56423
C_START_SKILL = 52177
C_START_TARGETED_SKILL = 32869
C_TELEPORT_TO_POS = 50756
C_TELEPORT_TO_VILLAGE = 45960
C_TRADE_BROKER_BUY_IT_NOW = 62330
C_TRADE_BROKER_DEAL_CONFIRM = 44553
C_TRADE_BROKER_REJECT_SUGGEST = 30878
C_TRADE_BROKER_SUGGEST_DEAL = 53639
C_TRADE_BROKER_WAITING_ITEM_LIST_NEW = 54527
C_TRADE_BROKER_WAITING_ITEM_LIST_PAGE = 25639
C_TRY_LOOT_DROPITEM = 47013
C_UNMOUNT_VEHICLE = 59484
C_UNREGISTER_ENCHANT_ITEM = 21259
C_UNREGISTER_EVOLUTION_ITEM = 43276
C_UNREGISTER_PARTY_INFO = 61883
C_UPDATE_REACTION_POS = 21147
C_USE_ITEM = 33654
C_VIEW_WARE = 39751
C_VISIT_NEW_SECTION = 40586
C_WHISPER = 58246
S_ABNORMALITY_BEGIN = 59487
S_ABNORMALITY_DAMAGE_ABSORB = 52193
S_ABNORMALITY_END = 21295
S_ABNORMALITY_FAIL = 49386
S_ABNORMALITY_REFRESH = 62143
S_ACCEPT_CONTRACT = 33539
S_ACCOMPLISH_ACHIEVEMENT = 34950
S_ACCOUNT_PACKAGE_LIST = 62954
S_ACTION_END = 51973
S_ACTION_STAGE = 35687
S_ADD_BLOCKED_USER = 30096
S_ADD_INTER_PARTY_MATCH_POOL = 35158
S_ADMIN_HOLD_CHARACTER = 26419
S_AERO = 60303
S_AIR_REACTION_END = 38578
S_ANNOUNCE_UPDATE_NOTIFICATION = 57333
S_ANSWER_INTERACTIVE = 35795
S_APPLY_TITLE = 47717
S_AVAILABLE_EVENT_MATCHING_LIST = 57410
S_AVAILABLE_SOCIAL_LIST = 22245
S_BAN_PARTY = 48563
S_BAN_PARTY_MEMBER = 39250
S_BATTLE_FIELD_ENTRANCE_INFO = 40480
S_BATTLE_FIELD_POINT_STORE_SELL_LIST = 53840
S_BEGIN_THROUGH_ARBITER_CONTRACT = 47590
S_BOSS_GAGE_INFO = 47354
S_CANCEL_CONTRACT = 60094
S_CANNOT_START_SKILL = 39139
S_CAN_LOCKON_TARGET = 35003
S_CHANGE_DESTPOS_PROJECTILE = 46758
S_CHANGE_EP_EXP_DAILY_LIMIT = 25010
S_CHANGE_EP_POINT = 20145
S_CHANGE_EVENT_MATCHING_STATE = 55639
S_CHANGE_FRIEND_STATE = 63115
S_CHANGE_GUILD_CHIEF = 54762
S_CHANGE_PARTY_MANAGER = 45721
S_CHANGE_VOICE_USE_QAC = 57240
S_CHAT = 57100
S_CHECK_TO_READY_PARTY = 62382
S_CHECK_TO_READY_PARTY_FIN = 22463
S_CHECK_VERSION = 19901
S_CLEAR_ALL_HOLDED_ABNORMALITY = 57378
S_COLLECTION_PICKEND = 49756
S_COLLECTION_PICKSTART = 29291
S_COMPLETE_EVENT_MATCHING_QUEST = 65414
S_CONNECT_SKILL_ARROW = 59170
S_CREATURE_CHANGE_HP = 61269
S_CREATURE_LIFE = 64637
S_CREATURE_ROTATE = 55660
S_CREST_APPLY = 46544
S_CREST_INFO = 32842
S_CREST_MESSAGE = 62153
S_CURRENT_CHANNEL = 36279
S_CUSTOM_STYLE_SYSTEM_MESSAGE = 40906
S_DEAD_LOCATION = 49291
S_DECREASE_COOLTIME_SKILL = 59117
S_DEFEND_SUCCESS = 48308
S_DESPAWN_BONFIRE = 21418
S_DESPAWN_BUILD_OBJECT = 38713
S_DESPAWN_COLLECTION = 31165
S_DESPAWN_DROPITEM = 27696
S_DESPAWN_NPC = 51769
S_DESPAWN_PROJECTILE = 29943
S_DESPAWN_SHUTTLE = 54077
S_DESPAWN_USER = 38175
S_DESTROY_GUILD_TOWER = 20986
S_DIALOG = 45924
S_DUNGEON_CAMERA_SET = 28990
S_DUNGEON_CLEAR_COUNT_LIST = 45022
S_DUNGEON_COOL_TIME_LIST = 56635
S_DUNGEON_EVENT_MESSAGE = 33143
S_EACH_SKILL_RESULT = 58198
S_ENABLE_DISABLE_SELLABLE_ITEM_LIST = 32285
S_END_CHANGE_USER_APPEARANCE = 20272
S_END_PRODUCE = 39844
S_END_USER_PROJECTILE = 20001
S_EP_SYSTEM_DAILY_EVENT_EXP_ON_OFF = 56814
S_EXIT = 21559
S_F2P_PremiumUser_Permission = 38073
S_FEARMOVE_END = 36024
S_FEARMOVE_STAGE = 26961
S_FIELD_EVENT_ON_ENTER = 59104
S_FIELD_EVENT_ON_LEAVE = 55188
S_FIELD_POINT_INFO = 54644
S_FIN_INTER_PARTY_MATCH = 30071
S_FIX_VEHICLE_PROGRESS = 33674
S_FONT_SWAP_INFO = 60623
S_FRIEND_LIST = 51795
S_GACHA_END = 23496
S_GACHA_START = 62708
S_GET_IN_SHUTTLE = 43069
S_GET_OUT_SHUTTLE = 61322
S_GET_USER_GUILD_LOGO = 28350
S_GET_USER_LIST = 35369
S_GMEVENT_GUIDE_MESSAGE = 27569
S_GMEVENT_OX_QUIZ_OPEN = 37826
S_GMEVENT_OX_QUIZ_RESULT = 42439
S_GMEVENT_RECV_REWARD = 34073
S_GRANT_SKILL = 23302
S_GROUP_NPC_LOCATION = 20281
S_GUILD_MEMBER_LIST = 60219
S_GUILD_NAME = 32181
S_GUILD_STORE_SELL_LIST = 39005
S_GUILD_TOWER_INFO = 54668
S_HOLD_ABNORMALITY_ADD = 40518
S_IMAGE_DATA = 55452
S_INSTANCE_ARROW = 49872
S_INSTANT_DASH = 56706
S_INSTANT_MOVE = 47172
S_INVEN = 49877
S_INVEN_CHANGEDSLOT = 48722
S_ITEM_COLORING_BAG = 37680
S_ITEM_CUSTOM_STRING = 59409
S_JOIN_PRIVATE_CHANNEL = 25418
S_LEARN_EP_PERK = 58710
S_LEAVE_PARTY = 53708
S_LEAVE_PARTY_MEMBER = 48090
S_LEAVE_PRIVATE_CHANNEL = 32772
S_LIST_PARCEL_EX = 21074
S_LOADING_SCREEN_CONTROL_INFO = 35308
S_LOAD_ACHIEVEMENT_LIST = 62098
S_LOAD_CLIENT_ACCOUNT_SETTING = 28349
S_LOAD_CLIENT_USER_SETTING = 29132
S_LOAD_DUNGEON_SOUND_HINT = 27548
S_LOAD_EP_INFO = 41033
S_LOAD_TELEPORT_TO_POS_LIST = 47524
S_LOAD_TOPO = 64320
S_LOGIN = 20529
S_LOGIN_ACCOUNT_INFO = 37849
S_LOGOUT_PARTY_MEMBER = 64139
S_MOUNT_VEHICLE = 33278
S_MOUNT_VEHICLE_EX = 35611
S_MOVE_SHUTTLE = 42107
S_MUTE = 63435
S_NOCTAN_VARIATION_INFO = 43725
S_NOTIFY_GUILD_QUEST_URGENT = 29276
S_NOTIFY_TO_FRIENDS_WALK_INTO_SAME_AREA = 26147
S_NPC_CHANGE_MESH = 62859
S_NPC_LOCATION = 30085
S_NPC_MENU_SELECT = 40670
S_NPC_OCCUPIER_INFO = 63640
S_NPC_STATUS = 42541
S_NPC_TARGET_USER = 45032
S_OPEN_AWESOMIUM_WEB_URL = 47257
S_OTHER_USER_APPLY_PARTY = 33830
S_PARCEL_READ_RECV_STATUS = 45150
S_PARTY_INFO = 46464
S_PARTY_MARKER = 35968
S_PARTY_MATCH_LINK = 22876
S_PARTY_MEMBER_ABNORMAL_ADD = 44445
S_PARTY_MEMBER_ABNORMAL_CLEAR = 30115
S_PARTY_MEMBER_ABNORMAL_DEL = 30681
S_PARTY_MEMBER_ABNORMAL_REFRESH = 31636
S_PARTY_MEMBER_BUFF_UPDATE = 37546
S_PARTY_MEMBER_CHANGE_HP = 48503
S_PARTY_MEMBER_CHANGE_MP = 30336
S_PARTY_MEMBER_INFO = 40353
S_PARTY_MEMBER_INTERVAL_POS_UPDATE = 56282
S_PARTY_MEMBER_LIST = 52413
S_PARTY_MEMBER_QUEST_DATA = 55918
S_PARTY_MEMBER_STAT_UPDATE = 65131
S_PCBANGINVENTORY_DATALIST = 48927
S_PLAYER_CHANGE_ALL_PROF = 26758
S_PLAYER_CHANGE_EP = 28771
S_PLAYER_CHANGE_EXP = 45433
S_PLAYER_CHANGE_FLIGHT_ENERGY = 64827
S_PLAYER_CHANGE_MP = 35142
S_PLAYER_CHANGE_PROF = 32935
S_PLAYER_CHANGE_STAMINA = 56531
S_PLAYER_RESET_EP = 31166
S_PLAYER_STAT_UPDATE = 62002
S_PLAY_ANIMATION = 34973
S_PLAY_EFFECT = 64904
S_PLAY_MOVIE = 52203
S_PLAY_SOUND = 46083
S_POINT_STORE_SELL_LIST = 27840
S_PREMIUM_SLOT_DATALIST = 55669
S_PREMIUM_SLOT_OFF = 45085
S_PREPARE_EXIT = 36364
S_PREPARE_RETURN_TO_LOBBY = 40320
S_PREVIEW_ITEM = 24822
S_PRIVATE_CHANNEL_NOTICE = 28118
S_PRIVATE_CHAT = 30011
S_PRODUCE_CRITICAL = 39239
S_QUEST_BALLOON = 23227
S_QUEST_INFO = 55359
S_QUEST_VILLAGER_INFO = 53037
S_RECV_PARCEL = 57122
S_REGISTER_ENCHANT_ITEM = 48163
S_REGISTER_EVOLUTION_ITEM = 60021
S_REJECT_CONTRACT = 34913
S_REMOVE_BLOCKED_USER = 49343
S_REMOVE_EFFECT = 51709
S_REPLY_NONDB_ITEM_INFO = 56979
S_REPLY_REQUEST_CONTRACT = 56165
S_REQUEST_CITY_WAR_MAP_INFO = 44376
S_REQUEST_CITY_WAR_MAP_INFO_DETAIL = 32853
S_REQUEST_CITY_WAR_MAP_INFO_END = 26629
S_REQUEST_CONTRACT = 44535
S_REQUEST_PRIVATE_CHANNEL_INFO = 34617
S_REQUEST_REACTION_POS_TICK = 62474
S_REQUEST_SECOND_PASSWORD_AUTH = 57552
S_REQUEST_STYLE_SHOP_MARK_PRODUCTLIST = 43712
S_RESET_EP_PERK = 63992
S_RESPONSE_GAMESTAT_PONG = 30618
S_RESULT_BIDDING_DICE_THROW = 51344
S_RESULT_ITEM_BIDDING = 35690
S_RETURN_TO_LOBBY = 23200
S_SHORTCUT_CHANGE = 27480
S_SHOW_AWESOMIUMWEB_SHOP = 27669
S_SHOW_CANDIDATE_LIST = 53175
S_SHOW_HP = 29533
S_SHOW_ITEM_TOOLTIP = 64537
S_SHOW_PARTY_MATCH_INFO = 28002
S_SHOW_PCBANG_ICON = 33651
S_SHOW_PEGASUS_MAP = 65515
S_SHOW_USER_EP_INFO = 64331
S_SKILL_ATTENTION_TARGET = 20199
S_SKILL_CATEGORY = 33039
S_SKILL_LIST = 40393
S_SOCIAL = 37270
S_SPAWN_BONFIRE = 48574
S_SPAWN_BUILD_OBJECT = 54245
S_SPAWN_COLLECTION = 61097
S_SPAWN_DOOR = 23792
S_SPAWN_DROPITEM = 55395
S_SPAWN_ME = 36638
S_SPAWN_NPC = 55133
S_SPAWN_PROJECTILE = 56076
S_SPAWN_SHUTTLE = 37289
S_SPAWN_USER = 35501
S_SPAWN_WORKOBJECT = 45257
S_START_ACTION_SCRIPT = 64586
S_START_CHANGE_USER_APPEARANCE = 47530
S_START_CLIENT_CUSTOM_SKILL = 26013
S_START_CLIMBING = 64318
S_START_COOLTIME_ITEM = 65486
S_START_COOLTIME_SKILL = 32570
S_START_INVERSE_CAPTURE = 53023
S_START_PRODUCE = 47455
S_START_USER_PROJECTILE = 47687
S_STICK_TO_USER_END = 32521
S_STICK_TO_USER_START = 39288
S_STORE_SELL_LIST = 42814
S_SUCCESS_COUNTER = 54980
S_SYSTEM_MESSAGE = 65229
S_SYSTEM_MESSAGE_LOOT_ITEM = 62005
S_SYSTEM_MESSAGE_LOOT_SPECIAL_ITEM = 54674
S_TARGET_INFO = 21954
S_TELEPORT_TO_CAMP = 24969
S_TRADE_BROKER_DEAL_INFO_UPDATE = 21769
S_TRADE_BROKER_DEAL_SUGGESTED = 56174
S_TRADE_BROKER_HISTORY_ITEM_LIST = 23856
S_TRADE_BROKER_REQUEST_DEAL_RESULT = 43787
S_TRADE_BROKER_SUGGEST_DEAL = 54215
S_TRADE_BROKER_WAITING_ITEM_LIST = 43839
S_UNICAST_FLOATING_CASTLE_INFO = 35472
S_UNICAST_FLOATING_CASTLE_NAMEPLATE = 41947
S_UNICAST_TRANSFORM_DATA = 51298
S_UNMOUNT_VEHICLE = 42021
S_UNMOUNT_VEHICLE_EX = 23195
S_UPDATE_ACHIEVEMENT_PROGRESS = 28124
S_UPDATE_FRIEND_INFO = 32752
S_UPDATE_NPCGUILD = 27457
S_USER_APPEARANCE_CHANGE = 28019
S_USER_BLOCK_LIST = 44749
S_USER_CHANGE_NAME = 21982
S_USER_DEATH = 57088
S_USER_EFFECT = 39162
S_USER_EXTERNAL_CHANGE = 35103
S_USER_LEVELUP = 59016
S_USER_LOCATION = 43629
S_USER_LOCATION_IN_ACTION = 57821
S_USER_MOVETYPE = 32037
S_USER_PAPERDOLL_INFO = 42294
S_USER_SITUATION = 25087
S_USER_STATUS = 52823
S_USER_WEAPON_APPEARANCE_CHANGE = 20882
S_VIEW_PARTY_INVITE = 40978
S_VIEW_WARE_EX = 25938
S_VILLAGE_LIST_TO_TELEPORT = 20642
S_VISIT_NEW_SECTION = 51349
S_VOTE_RESET_ALL_DUNGEON = 50579
S_WEAK_POINT = 36721
S_WHISPER = 21963
