C_ADD_FRIEND = 42970
C_ADD_TELEPORT_TO_POS_LIST = 28942
C_ADMIN = 32468
C_APPLY_PARTY = 54086
C_ASK_INTERACTIVE = 54220
C_BAN_PARTY_MEMBER = 21568
C_BIND_ITEM_BEGIN_PROGRESS = 50002
C_BIND_ITEM_EXECUTE = 64873
C_BLOCK_USER = 61474
C_CANCEL_CHANGE_USER_APPEARANCE = 29391
C_CANCEL_CONTRACT = 52331
C_CANCEL_SKILL = 53888
C_CAN_LOCKON_TARGET = 60327
C_CHANGE_PARTY_MANAGER = 47496
C_CHANGE_PARTY_MEMBER_AUTHORITY = 63409
C_CHAT = 53246
C_CHECK_VERSION = 19900
C_COMMIT_CHANGE_USER_APPEARANCE = 26599
C_COMPLETE_DAILY_EVENT = 33211
C_COMPLETE_EXTRA_EVENT = 65243
C_CREST_APPLY = 39813
C_CREST_APPLY_LIST = 56456
C_DELETE_FRIEND = 21961
C_DELETE_PARCEL = 37215
C_DELETE_TELEPORT_TO_POS_LIST = 32726
C_DEL_ITEM = 39754
C_DIALOG = 29359
C_DISMISS_PARTY = 40980
C_EDIT_BLOCKED_USER_MEMO = 22511
C_END_MOVIE = 35921
C_GACHA_TRY = 53131
C_GET_IN_SHUTTLE = 52518
C_GET_OUT_SHUTTLE = 51614
C_GET_USER_LIST = 51342
C_HIT_USER_PROJECTILE = 54054
C_INVITE_USER_TO_GUILD = 41866
C_ITEM_COLORING_SET_COLOR = 63036
C_LEAVE_PARTY = 48035
C_LEAVE_PRIVATE_CHANNEL = 41213
C_LIST_PARCEL = 35792
C_LOAD_TOPO_FIN = 21613
C_LOGIN_ARBITER = 20499
C_MERGE_ITEM = 30132
C_NOTIFY_LOCATION_IN_ACTION = 20298
C_NOTIFY_LOCATION_IN_DASH = 30380
C_NOTIMELINE_SKILL = 32867
C_NPC_CONTACT = 31498
C_OP_COMMAND = 48713
C_PARTY_APPLICATION_DENIED = 39877
C_PARTY_MARKER = 33045
C_PARTY_MATCH_WINDOW_CLOSED = 60938
C_PCBANGINVENTORY_USE_SLOT = 36816
C_PLAYER_FLYING_LOCATION = 51760
C_PLAYER_LOCATION = 21972
C_PRESS_SKILL = 38558
C_RECV_PARCEL = 51612
C_REGISTER_ENCHANT_ITEM = 53116
C_REGISTER_PARTY_INFO = 43929
C_REGISTER_UPGRADE_ITEM = 30457
C_REMOVE_BLOCKED_USER = 43670
C_REPLY_THROUGH_ARBITER_CONTRACT = 40297
C_REQUEST_CANDIDATE_LIST = 32114
C_REQUEST_CONTRACT = 64002
C_REQUEST_ENCHANT = 29183
C_REQUEST_GAMESTAT_PING = 54243
C_REQUEST_NONDB_ITEM_INFO = 26192
C_REQUEST_PARTY_INFO = 44716
C_REQUEST_PARTY_MATCH_INFO = 22350
C_REQUEST_PARTY_MATCH_INFO_PAGE = 37701
C_REQUEST_PARTY_MATCH_LINK = 37538
C_REQUEST_PRIVATE_CHANNEL_INFO = 30159
C_REQUEST_UPGRADE = 29434
C_REQUEST_USER_PAPERDOLL_INFO = 43858
C_RESET_ALL_DUNGEON = 57877
C_RETURN_TO_LOBBY = 29389
C_REVIVE_NOW = 52913
C_SAVE_CLIENT_ACCOUNT_SETTING = 28962
C_SAVE_CLIENT_USER_SETTING = 26629
C_SECOND_PASSWORD_AUTH = 38735
C_SELECT_USER = 28939
C_SET_VISIBLE_RANGE = 29639
C_SHOW_INVEN = 33760
C_SHOW_ITEM_TOOLTIP_EX = 58848
C_SHOW_PARCEL_MESSAGE = 53565
C_SOCIAL = 54398
C_START_COMBO_INSTANT_SKILL = 58589
C_START_ENCHANT = 29832
C_START_INSTANCE_SKILL = 22488
C_START_INSTANCE_SKILL_EX = 49804
C_START_PRODUCE = 30928
C_START_SKILL = 41648
C_START_TARGETED_SKILL = 23840
C_START_UPGRADE = 64955
C_TELEPORT_TO_POS = 55388
C_TELEPORT_TO_VILLAGE = 38697
C_TRADE_BROKER_BUY_IT_NOW = 48975
C_TRADE_BROKER_DEAL_CONFIRM = 44554
C_TRADE_BROKER_REJECT_SUGGEST = 30749
C_TRADE_BROKER_SUGGEST_DEAL = 25243
C_TRADE_BROKER_WAITING_ITEM_LIST_NEW = 53731
C_TRADE_BROKER_WAITING_ITEM_LIST_PAGE = 38648
C_TRY_LOOT_DROPITEM = 36763
C_UNMOUNT_VEHICLE = 29791
C_UNREGISTER_ENCHANT_ITEM = 46229
C_UNREGISTER_PARTY_INFO = 41009
C_UNREGISTER_UPGRADE_ITEM = 55278
C_USE_ITEM = 22139
C_VIEW_WARE = 22891
C_VISIT_NEW_SECTION = 51819
C_WHISPER = 29767
S_ABNORMALITY_BEGIN = 24981
S_ABNORMALITY_DAMAGE_ABSORB = 41054
S_ABNORMALITY_END = 27352
S_ABNORMALITY_FAIL = 41342
S_ABNORMALITY_REFRESH = 53532
S_ACCEPT_CONTRACT = 55479
S_ACCOMPLISH_ACHIEVEMENT = 27106
S_ACCOUNT_PACKAGE_LIST = 49624
S_ACTION_END = 57916
S_ACTION_STAGE = 65211
S_ADD_BLOCKED_USER = 48151
S_ADD_INTER_PARTY_MATCH_POOL = 53043
S_ADMIN_HOLD_CHARACTER = 59486
S_AERO = 25402
S_AIR_REACTION_END = 34222
S_ANSWER_INTERACTIVE = 49266
S_APPLY_TITLE = 41998
S_AVAILABLE_EVENT_MATCHING_LIST = 41086
S_BAN_PARTY = 60595
S_BAN_PARTY_MEMBER = 21943
S_BATTLE_FIELD_ENTRANCE_INFO = 49554
S_BATTLE_FIELD_POINT_STORE_SELL_LIST = 47108
S_BEGIN_THROUGH_ARBITER_CONTRACT = 48600
S_BOSS_GAGE_INFO = 37681
S_CANCEL_CONTRACT = 49295
S_CANNOT_START_SKILL = 26600
S_CAN_LOCKON_TARGET = 55055
S_CHANGE_DESTPOS_PROJECTILE = 31328
S_CHANGE_EVENT_MATCHING_STATE = 43711
S_CHANGE_PARTY_MANAGER = 46827
S_CHANGE_VOICE_USE_QAC = 33326
S_CHAT = 50767
S_CHECK_TO_READY_PARTY = 64778
S_CHECK_TO_READY_PARTY_FIN = 51577
S_CHECK_VERSION = 19901
S_CLEAR_ALL_HOLDED_ABNORMALITY = 53914
S_COLLECTION_PICKEND = 59176
S_COMPLETE_EVENT_MATCHING_QUEST = 52397
S_CONNECT_SKILL_ARROW = 24141
S_CREATURE_CHANGE_HP = 60719
S_CREATURE_LIFE = 64263
S_CREATURE_ROTATE = 21332
S_CREST_APPLY = 32928
S_CREST_INFO = 22310
S_CREST_MESSAGE = 59369
S_CURRENT_CHANNEL = 30643
S_DEAD_LOCATION = 45178
S_DECREASE_COOLTIME_SKILL = 57675
S_DEFEND_SUCCESS = 22539
S_DESPAWN_BONFIRE = 60623
S_DESPAWN_BUILD_OBJECT = 63873
S_DESPAWN_COLLECTION = 63817
S_DESPAWN_DROPITEM = 54914
S_DESPAWN_NPC = 40881
S_DESPAWN_PROJECTILE = 31620
S_DESPAWN_SHUTTLE = 37765
S_DESPAWN_USER = 62173
S_DIALOG = 31918
S_DUNGEON_CAMERA_SET = 27045
S_DUNGEON_CLEAR_COUNT_LIST = 48306
S_DUNGEON_COOL_TIME_LIST = 37099
S_DUNGEON_EVENT_MESSAGE = 20625
S_EACH_SKILL_RESULT = 45298
S_ENABLE_DISABLE_SELLABLE_ITEM_LIST = 59660
S_END_CHANGE_USER_APPEARANCE = 20776
S_END_USER_PROJECTILE = 47800
S_EXIT = 22831
S_FEARMOVE_END = 63060
S_FEARMOVE_STAGE = 50779
S_FIELD_POINT_INFO = 22920
S_FIN_INTER_PARTY_MATCH = 35444
S_FONT_SWAP_INFO = 35043
S_FRIEND_LIST = 60511
S_GACHA_END = 37623
S_GACHA_START = 62582
S_GET_IN_SHUTTLE = 26408
S_GET_OUT_SHUTTLE = 60932
S_GET_USER_GUILD_LOGO = 64900
S_GET_USER_LIST = 33786
S_GRANT_SKILL = 32414
S_GROUP_NPC_LOCATION = 54605
S_GUILD_NAME = 22348
S_GUILD_STORE_SELL_LIST = 45725
S_GUILD_TOWER_INFO = 47286
S_HOLD_ABNORMALITY_ADD = 49866
S_IMAGE_DATA = 54278
S_INSTANT_DASH = 20349
S_INSTANT_MOVE = 47559
S_INVEN = 31951
S_INVEN_CHANGEDSLOT = 44520
S_ITEM_COLORING_BAG = 26063
S_ITEM_CUSTOM_STRING = 54104
S_JOIN_PRIVATE_CHANNEL = 61522
S_LEAVE_PARTY = 26955
S_LEAVE_PARTY_MEMBER = 23508
S_LEAVE_PRIVATE_CHANNEL = 39529
S_LIST_PARCEL_EX = 46881
S_LOADING_SCREEN_CONTROL_INFO = 32106
S_LOAD_CLIENT_ACCOUNT_SETTING = 52646
S_LOAD_CLIENT_USER_SETTING = 51324
S_LOAD_TELEPORT_TO_POS_LIST = 52019
S_LOAD_TOPO = 50389
S_LOGIN = 25302
S_LOGIN_ACCOUNT_INFO = 44347
S_LOGOUT_PARTY_MEMBER = 61407
S_MOUNT_VEHICLE = 26581
S_MOUNT_VEHICLE_EX = 63268
S_MOVE_SHUTTLE = 23277
S_NOTIFY_TO_FRIENDS_WALK_INTO_SAME_AREA = 58250
S_NPC_LOCATION = 37833
S_NPC_MENU_SELECT = 50198
S_NPC_OCCUPIER_INFO = 58607
S_NPC_STATUS = 56939
S_NPC_TARGET_USER = 33470
S_OPEN_AWESOMIUM_WEB_URL = 33313
S_OTHER_USER_APPLY_PARTY = 60011
S_PARCEL_READ_RECV_STATUS = 36252
S_PARTY_INFO = 55203
S_PARTY_MARKER = 47758
S_PARTY_MATCH_LINK = 64700
S_PARTY_MEMBER_ABNORMAL_ADD = 28174
S_PARTY_MEMBER_ABNORMAL_CLEAR = 58446
S_PARTY_MEMBER_ABNORMAL_DEL = 41489
S_PARTY_MEMBER_ABNORMAL_REFRESH = 47986
S_PARTY_MEMBER_BUFF_UPDATE = 53520
S_PARTY_MEMBER_CHANGE_HP = 50234
S_PARTY_MEMBER_CHANGE_MP = 25543
S_PARTY_MEMBER_INFO = 54875
S_PARTY_MEMBER_INTERVAL_POS_UPDATE = 29675
S_PARTY_MEMBER_LIST = 20899
S_PARTY_MEMBER_STAT_UPDATE = 30671
S_PCBANGINVENTORY_DATALIST = 57063
S_PLAYER_CHANGE_ALL_PROF = 31788
S_PLAYER_CHANGE_EXP = 52056
S_PLAYER_CHANGE_FLIGHT_ENERGY = 23761
S_PLAYER_CHANGE_MP = 32757
S_PLAYER_CHANGE_PROF = 25931
S_PLAYER_CHANGE_STAMINA = 20062
S_PLAYER_STAT_UPDATE = 20641
S_PLAY_MOVIE = 57135
S_POINT_STORE_SELL_LIST = 64971
S_PREPARE_EXIT = 55316
S_PREPARE_RETURN_TO_LOBBY = 23592
S_PRIVATE_CHAT = 64256
S_PRODUCE_CRITICAL = 25221
S_QUEST_BALLOON = 32264
S_QUEST_INFO = 27291
S_RECV_PARCEL = 64230
S_REGISTER_ENCHANT_ITEM = 36655
S_REGISTER_UPGRADE_ITEM = 30285
S_REJECT_CONTRACT = 50194
S_REMOVE_BLOCKED_USER = 60431
S_REPLY_NONDB_ITEM_INFO = 61955
S_REPLY_REQUEST_CONTRACT = 32416
S_REQUEST_CONTRACT = 54642
S_REQUEST_PRIVATE_CHANNEL_INFO = 20898
S_REQUEST_SECOND_PASSWORD_AUTH = 30280
S_REQUEST_STYLE_SHOP_MARK_PRODUCTLIST = 54483
S_RESPONSE_GAMESTAT_PONG = 25666
S_RESULT_BIDDING_DICE_THROW = 22100
S_RESULT_ITEM_BIDDING = 60506
S_RETURN_TO_LOBBY = 40818
S_SHORTCUT_CHANGE = 55839
S_SHOW_AWESOMIUMWEB_SHOP = 26707
S_SHOW_CANDIDATE_LIST = 46208
S_SHOW_HP = 64609
S_SHOW_ITEM_TOOLTIP = 38408
S_SHOW_PARTY_MATCH_INFO = 64208
S_SHOW_PCBANG_ICON = 41181
S_SHOW_PEGASUS_MAP = 32186
S_SKILL_LIST = 35691
S_SOCIAL = 52873
S_SPAWN_BONFIRE = 43376
S_SPAWN_BUILD_OBJECT = 36462
S_SPAWN_COLLECTION = 20191
S_SPAWN_DOOR = 61453
S_SPAWN_DROPITEM = 62959
S_SPAWN_ME = 61202
S_SPAWN_NPC = 57278
S_SPAWN_PROJECTILE = 54857
S_SPAWN_SHUTTLE = 38094
S_SPAWN_USER = 33609
S_SPAWN_WORKOBJECT = 55040
S_START_ACTION_SCRIPT = 26714
S_START_CHANGE_USER_APPEARANCE = 25100
S_START_CLIENT_CUSTOM_SKILL = 36679
S_START_COOLTIME_ITEM = 30215
S_START_COOLTIME_SKILL = 43804
S_START_PRODUCE = 20376
S_START_USER_PROJECTILE = 45153
S_STORE_SELL_LIST = 56404
S_SUCCESS_COUNTER = 25081
S_SYSTEM_MESSAGE = 48914
S_SYSTEM_MESSAGE_LOOT_ITEM = 37993
S_SYSTEM_MESSAGE_LOOT_SPECIAL_ITEM = 22505
S_TARGET_INFO = 47224
S_TELEPORT_TO_CAMP = 23388
S_TRADE_BROKER_DEAL_INFO_UPDATE = 60424
S_TRADE_BROKER_DEAL_SUGGESTED = 53647
S_TRADE_BROKER_REQUEST_DEAL_RESULT = 31956
S_TRADE_BROKER_SUGGEST_DEAL = 40361
S_TRADE_BROKER_WAITING_ITEM_LIST = 26320
S_UNICAST_TRANSFORM_DATA = 59869
S_UNMOUNT_VEHICLE = 35314
S_UNMOUNT_VEHICLE_EX = 57641
S_UPDATE_ACHIEVEMENT_PROGRESS = 24479
S_UPDATE_FRIEND_INFO = 24909
S_UPDATE_NPCGUILD = 41505
S_UPDATE_PRODUCE = 22976
S_USER_BLOCK_LIST = 33895
S_USER_CHANGE_NAME = 22212
S_USER_EFFECT = 65473
S_USER_EXTERNAL_CHANGE = 50093
S_USER_LEVELUP = 50037
S_USER_LOCATION = 24222
S_USER_LOCATION_IN_ACTION = 23721
S_USER_MOVETYPE = 27850
S_USER_PAPERDOLL_INFO = 28426
S_USER_SITUATION = 38610
S_USER_STATUS = 38224
S_USER_WEAPON_APPEARANCE_CHANGE = 61433
S_VIEW_WARE_EX = 52081
S_VILLAGE_LIST_TO_TELEPORT = 59624
S_VISIT_NEW_SECTION = 61816
S_WEAK_POINT = 25660
S_WHISPER = 57738
