C_START_COMBO_INSTANT_SKILL = 54514
C_HIT_USER_PROJECTILE = 46591
C_NOTIFY_LOCATION_IN_DASH = 29378
C_START_TARGETED_SKILL = 60103
S_PARTY_MEMBER_LIST = 64817
S_LEAVE_PARTY = 27265
S_SYSTEM_MESSAGE = 57807
S_ABNORMALITY_REFRESH = 50719
S_MOUNT_VEHICLE = 22634
S_UNMOUNT_VEHICLE = 46148
S_MOUNT_VEHICLE_EX = 61696
S_UNMOUNT_VEHICLE_EX = 29355
S_WHISPER = 22407
S_PARTY_MEMBER_QUEST_DATA = 36172
S_DEBUG_REMOTE_PROJECTILE_POS = 44861
S_PARTY_INFO = 23061
S_PARTY_MEMBER_STAT_UPDATE = 44725 #59 bytes, unsure which is which
S_PARTY_MEMBER_BUFF_UPDATE = 30380 #120 bytes, unsure which is which
C_NOTIMELINE_SKILL = 45820
C_REQUEST_PRIVATE_CHANNEL_INFO = 32815
S_REQUEST_PRIVATE_CHANNEL_INFO = 63186
S_JOIN_PRIVATE_CHANNEL = 63855
S_PRIVATE_CHAT = 27086
S_CHAT = 37387
C_ADD_TELEPORT_TO_POS_LIST = 42805
C_ADMIN = 45431 # /
C_BLOCK_USER = 40785
C_CANCEL_CONTRACT = 29563 # /
C_CANCEL_SKILL = 63818 52341 # ^ 1
C_CAN_LOCKON_TARGET = 55157 # 176 != 128
C_CHAT = 45132
C_CHECK_VERSION = 19900
C_COMMIT_CHANGE_USER_APPEARANCE = 35022 # 109 != 256
C_COMPLETE_DAILY_EVENT = 31585
C_COMPLETE_EXTRA_EVENT = 29526
C_CREST_APPLY = 22234
C_CREST_APPLY_LIST = 57272
C_DELETE_FRIEND = 30075
C_DELETE_TELEPORT_TO_POS_LIST = 57090
C_DEL_ITEM = 27947
C_DIALOG = 59624
C_DISMISS_PARTY = 60274
C_END_MOVIE = 38437
C_GACHA_TRY = 51904
C_GET_USER_LIST = 32096
C_INVITE_USER_TO_GUILD = 48323
C_ITEM_COLORING_SET_COLOR = 52991
C_LEAVE_PARTY = 21446
C_LEAVE_PRIVATE_CHANNEL = 48086
C_LOAD_TOPO_FIN = 24230
C_LOGIN_ARBITER = 39315 # 161 != 80 C_REQUEST_VIP_SYSTEM_INFO
C_MERGE_ITEM = 36565
C_NOTIFY_LOCATION_IN_ACTION = 40241
C_NPC_CONTACT = 29744
C_PARTY_MARKER = 62034
C_PARTY_MATCH_WINDOW_CLOSED = 31516
C_PLAYER_FLYING_LOCATION = 61307
C_PLAYER_LOCATION = 22296
C_PRESS_SKILL = 51671
C_REGISTER_ENCHANT_ITEM = 55183
C_REGISTER_UPGRADE_ITEM = 28016
C_REMOVE_BLOCKED_USER = 44157
C_REPLY_THROUGH_ARBITER_CONTRACT = 59410
C_REQUEST_CANDIDATE_LIST = 63704
C_REQUEST_ENCHANT = 61039
C_REQUEST_GAMESTAT_PING = 38274 # 178 != 175
C_REQUEST_NONDB_ITEM_INFO = 34894
C_REQUEST_PARTY_INFO = 49817
C_REQUEST_PARTY_MATCH_INFO = 44976
C_REQUEST_PARTY_MATCH_INFO_PAGE = 64691
C_REQUEST_UPGRADE = 33927
C_REQUEST_USER_PAPERDOLL_INFO = 39905
C_RESET_ALL_DUNGEON = 51388
C_RETURN_TO_LOBBY = 39813 # 176 != 173
C_REVIVE_NOW = 34953
C_SELECT_USER = 52839
C_SET_VISIBLE_RANGE = 36918
C_SHOW_INVEN = 52582
C_SHOW_ITEM_TOOLTIP_EX = 20729
C_START_ENCHANT = 32250
C_START_INSTANCE_SKILL = 36690
C_START_INSTANCE_SKILL_EX = 33421
C_START_SKILL = 27303
C_START_UPGRADE = 45380 # 399 != 383
C_TRY_LOOT_DROPITEM = 57830
C_UNMOUNT_VEHICLE = 41654
C_UNREGISTER_ENCHANT_ITEM = 42095
C_UNREGISTER_PARTY_INFO = 61081
C_UNREGISTER_UPGRADE_ITEM = 53088
C_USE_ITEM = 40844
C_VIEW_WARE = 36598
C_VISIT_NEW_SECTION = 32426 # 83 != 112 48839 # ^ 1 60838
C_WHISPER = 28281 # 190 != 174
S_ABNORMALITY_BEGIN = 33617
S_ABNORMALITY_END = 40949
S_ACCOMPLISH_ACHIEVEMENT = 23096 # /
S_ACTION_END = 44435
S_ACTION_STAGE = 45334
S_ADD_BLOCKED_USER = 58824
S_ADMIN_HOLD_CHARACTER = 54987
S_AERO = 36717 # v 1
S_AIR_REACTION_END = 32229
S_APPLY_TITLE = 50615 # 112 != 752
S_AVAILABLE_EVENT_MATCHING_LIST = 56084
S_BATTLE_FIELD_ENTRANCE_INFO = 55773 # /
S_BOSS_GAGE_INFO = 26148 # 16 != 128
S_CANNOT_START_SKILL = 41951
S_CAN_LOCKON_TARGET = 30442
S_CHANGE_DESTPOS_PROJECTILE = 58716
S_CHANGE_VOICE_USE_QAC = 45008
S_CHECK_VERSION = 19901
S_COLLECTION_PICKEND = 60890
S_COMPLETE_EVENT_MATCHING_QUEST = 42453
S_CONNECT_SKILL_ARROW = 25062
S_CREATURE_CHANGE_HP = 39100
S_CREATURE_LIFE = 51515
S_CREATURE_ROTATE = 30220
S_CREST_APPLY = 30460 # 208 != 192
S_CREST_INFO = 30256
S_CREST_MESSAGE = 27547
S_CURRENT_CHANNEL = 52812
S_DEAD_LOCATION = 22462
S_DECREASE_COOLTIME_SKILL = 28848
S_DEFEND_SUCCESS = 32204 # 432 != 416
S_DESPAWN_BUILD_OBJECT = 20008 # 112 != 32 56955 # ^ 2
S_DESPAWN_COLLECTION = 21981
S_DESPAWN_DROPITEM = 55977
S_DESPAWN_NPC = 46107 # 109 != 83 46107 # ^ 1 36364 # 480 != 48 23130 # ^ 1
S_DESPAWN_SHUTTLE = 59158
S_DESPAWN_USER = 53650
S_DIALOG = 36278
S_DUNGEON_CAMERA_SET = 49948
S_DUNGEON_EVENT_MESSAGE = 50559
S_EACH_SKILL_RESULT = 40205
S_ENABLE_DISABLE_SELLABLE_ITEM_LIST = 52753
S_END_CHANGE_USER_APPEARANCE = 41003
S_EXIT = 64112
S_FIELD_POINT_INFO = 28611
S_FRIEND_LIST = 24085
S_GACHA_END = 62042
S_GACHA_START = 49896
S_GET_USER_LIST = 25455
S_GRANT_SKILL = 58734
S_GUILD_TOWER_INFO = 56638
S_INSTANT_DASH = 21303
S_INSTANT_MOVE = 24042
S_INVEN = 39235
S_ITEM_CUSTOM_STRING = 33043
S_LIST_PARCEL_EX = 37936
S_LOAD_CLIENT_ACCOUNT_SETTING = 63821
S_LOAD_CLIENT_USER_SETTING = 37535
S_LOAD_TOPO = 54479
S_LOGIN = 22052
S_MOVE_SHUTTLE = 64721
S_NOTIFY_TO_FRIENDS_WALK_INTO_SAME_AREA = 64402
S_NPC_LOCATION = 21137
S_NPC_MENU_SELECT = 56716
S_NPC_OCCUPIER_INFO = 23217
S_NPC_STATUS = 37465
S_NPC_TARGET_USER = 43444
S_OPEN_AWESOMIUM_WEB_URL = 43651
S_PARCEL_READ_RECV_STATUS = 30933
S_PARTY_MARKER = 25389
S_PCBANGINVENTORY_DATALIST = 28278
S_PLAYER_CHANGE_ALL_PROF = 64220
S_PLAYER_CHANGE_EXP = 30691
S_PLAYER_CHANGE_FLIGHT_ENERGY = 64376
S_PLAYER_CHANGE_MP = 63105
S_PLAYER_CHANGE_PROF = 23595
S_PLAYER_CHANGE_STAMINA = 61528
S_PLAYER_STAT_UPDATE = 32443
S_PREPARE_EXIT = 27147
S_PREPARE_RETURN_TO_LOBBY = 25279
S_QUEST_BALLOON = 27567
S_QUEST_INFO = 54892
S_RECV_PARCEL = 31622
S_REGISTER_ENCHANT_ITEM = 49044
S_REGISTER_UPGRADE_ITEM = 42510
S_REQUEST_STYLE_SHOP_MARK_PRODUCTLIST = 27997
S_RESPONSE_GAMESTAT_PONG = 38110
S_RETURN_TO_LOBBY = 53056
S_SHOW_AWESOMIUMWEB_SHOP = 45062
S_SHOW_HP = 37303
S_SHOW_PCBANG_ICON = 44289
S_SHOW_PEGASUS_MAP = 60402
S_SKILL_LIST = 48820
S_SOCIAL = 31274
S_SPAWN_BUILD_OBJECT = 40775
S_SPAWN_COLLECTION = 58428
S_SPAWN_DOOR = 64715
S_SPAWN_DROPITEM = 26423
S_SPAWN_ME = 47267
S_SPAWN_NPC = 22906
S_SPAWN_PROJECTILE = 45989
S_SPAWN_SHUTTLE = 25811 # v 1
S_SPAWN_USER = 26036
S_SPAWN_WORKOBJECT = 34792
S_START_ACTION_SCRIPT = 48297
S_START_CHANGE_USER_APPEARANCE = 29516
S_START_COOLTIME_ITEM = 20654 # 624 != 592
S_START_COOLTIME_SKILL = 59012
S_START_USER_PROJECTILE = 56898
S_SUCCESS_COUNTER = 25117
S_TARGET_INFO = 26712 # 144 != 128
S_TELEPORT_TO_CAMP = 36888
S_UNICAST_TRANSFORM_DATA = 64563 # 2832 != 3200
S_UPDATE_ACHIEVEMENT_PROGRESS = 29084 # 1424 != 384
S_UPDATE_FRIEND_INFO = 58259 # 48 != 128 48689 # ^ 2
S_USER_BLOCK_LIST = 58543 # ^ 2
S_USER_EFFECT = 32478
S_USER_EXTERNAL_CHANGE = 61768 # 960 != 208 54860 # ^ 1
S_USER_LEVELUP = 39005
S_USER_LOCATION = 55723
S_USER_PAPERDOLL_INFO = 41355
S_USER_SITUATION = 51611 # 1744 != 1776
S_USER_STATUS = 64888
S_USER_WEAPON_APPEARANCE_CHANGE = 62315
S_VILLAGE_LIST_TO_TELEPORT = 28928 # 608 != 576
S_VISIT_NEW_SECTION = 41121
S_WEAK_POINT = 43378
