C_ADD_TELEPORT_TO_POS_LIST = 24336
C_ADMIN = 47616
C_APPLY_PARTY = 36620
C_ASK_INTERACTIVE = 40971
C_BAN_PARTY_MEMBER = 49130
C_BIND_ITEM_BEGIN_PROGRESS = 30082
C_BIND_ITEM_EXECUTE = 54324
C_BLOCK_USER = 34714
C_CANCEL_CHANGE_USER_APPEARANCE = 45692
C_CANCEL_CONTRACT = 55737
C_CANCEL_SKILL = 42065
C_CAN_LOCKON_TARGET = 38245
C_CHANGE_PARTY_MANAGER = 38161
C_CHANGE_PARTY_MEMBER_AUTHORITY = 63761
C_CHAT = 26257
C_CHECK_VERSION = 19900
C_COMMIT_CHANGE_USER_APPEARANCE = 61967
C_COMPLETE_DAILY_EVENT = 24517
C_COMPLETE_EXTRA_EVENT = 26941
C_CREST_APPLY = 63340
C_CREST_APPLY_LIST = 39165
C_DELETE_FRIEND = 32608
C_DELETE_PARCEL = 32172
C_DELETE_TELEPORT_TO_POS_LIST = 59826
C_DEL_ITEM = 44750
C_DIALOG = 53761
C_DISMISS_PARTY = 41864
C_END_MOVIE = 31114
C_GACHA_TRY = 45638
C_GET_USER_LIST = 28846
C_INVITE_USER_TO_GUILD = 35075
C_ITEM_COLORING_SET_COLOR = 50133
C_LEAVE_PARTY = 49542
C_LEAVE_PRIVATE_CHANNEL = 31678
C_LIST_PARCEL = 59514
C_LOAD_TOPO_FIN = 42879
C_LOGIN_ARBITER = 53234
C_MERGE_ITEM = 42660
C_NOTIFY_LOCATION_IN_ACTION = 42093
C_NOTIFY_LOCATION_IN_DASH = 22664
C_NOTIMELINE_SKILL = 43372
C_NPC_CONTACT = 20945
C_OP_COMMAND = 65295
C_PARTY_APPLICATION_DENIED = 57586
C_PARTY_MARKER = 27286
C_PARTY_MATCH_WINDOW_CLOSED = 22930
C_PCBANGINVENTORY_USE_SLOT = 62859
C_PLAYER_FLYING_LOCATION = 56559
C_PLAYER_LOCATION = 65210
C_PRESS_SKILL = 27582
C_RECV_PARCEL = 24491
C_REGISTER_ENCHANT_ITEM = 33915
C_REGISTER_PARTY_INFO = 31879
C_REGISTER_UPGRADE_ITEM = 26636
C_REMOVE_BLOCKED_USER = 38617
C_REPLY_THROUGH_ARBITER_CONTRACT = 27573
C_REQUEST_CANDIDATE_LIST = 62489
C_REQUEST_CONTRACT = 22139
C_REQUEST_ENCHANT = 38382
C_REQUEST_GAMESTAT_PING = 65111
C_REQUEST_NONDB_ITEM_INFO = 39030
C_REQUEST_PARTY_INFO = 29359
C_REQUEST_PARTY_MATCH_INFO = 47018
C_REQUEST_PARTY_MATCH_INFO_PAGE = 21461
C_REQUEST_PARTY_MATCH_LINK = 23307
C_REQUEST_PRIVATE_CHANNEL_INFO = 64108
C_REQUEST_UPGRADE = 36017
C_REQUEST_USER_PAPERDOLL_INFO = 45904
C_RESET_ALL_DUNGEON = 62283
C_RETURN_TO_LOBBY = 64665
C_REVIVE_NOW = 30867
C_SAVE_CLIENT_ACCOUNT_SETTING = 58545
C_SAVE_CLIENT_USER_SETTING = 22150
C_SELECT_USER = 63632
C_SET_VISIBLE_RANGE = 43608
C_SHOW_INVEN = 63932
C_SHOW_ITEM_TOOLTIP_EX = 52312
C_SHOW_PARCEL_MESSAGE = 21931
C_SOCIAL = 57667
C_START_COMBO_INSTANT_SKILL = 63382
C_START_ENCHANT = 25153
C_START_INSTANCE_SKILL = 60421
C_START_INSTANCE_SKILL_EX = 45478
C_START_PRODUCE = 32245
C_START_SKILL = 56167
C_START_TARGETED_SKILL = 44451
C_START_UPGRADE = 24308
C_TELEPORT_TO_POS = 56435
C_TELEPORT_TO_VILLAGE = 40960
C_TRADE_BROKER_BUY_IT_NOW = 32991
C_TRADE_BROKER_DEAL_CONFIRM = 44260
C_TRADE_BROKER_REJECT_SUGGEST = 34657
C_TRADE_BROKER_SUGGEST_DEAL = 43478
C_TRADE_BROKER_WAITING_ITEM_LIST_NEW = 37707
C_TRADE_BROKER_WAITING_ITEM_LIST_PAGE = 49763
C_TRY_LOOT_DROPITEM = 30455
C_UNMOUNT_VEHICLE = 54101
C_UNREGISTER_ENCHANT_ITEM = 25132
C_UNREGISTER_PARTY_INFO = 55885
C_UNREGISTER_UPGRADE_ITEM = 46681
C_USE_ITEM = 49141
C_VIEW_WARE = 29682
C_VISIT_NEW_SECTION = 64505
C_WHISPER = 34312
S_ABNORMALITY_BEGIN = 57243
S_ABNORMALITY_DAMAGE_ABSORB = 20096
S_ABNORMALITY_END = 47197
S_ABNORMALITY_FAIL = 32395
S_ABNORMALITY_REFRESH = 59687
S_ACCEPT_CONTRACT = 20175
S_ACCOMPLISH_ACHIEVEMENT = 52247
S_ACCOUNT_PACKAGE_LIST = 46359
S_ACTION_END = 44033
S_ACTION_STAGE = 53516
S_ADD_BLOCKED_USER = 55163
S_ADMIN_HOLD_CHARACTER = 50028
S_AERO = 56852
S_AIR_REACTION_END = 27681
S_ANSWER_INTERACTIVE = 63573
S_APPLY_TITLE = 60553
S_AVAILABLE_EVENT_MATCHING_LIST = 46503
S_BAN_PARTY = 42012
S_BAN_PARTY_MEMBER = 44094
S_BATTLE_FIELD_ENTRANCE_INFO = 20794
S_BATTLE_FIELD_POINT_STORE_SELL_LIST = 34805
S_BEGIN_THROUGH_ARBITER_CONTRACT = 45093
S_BOSS_GAGE_INFO = 41312
S_CANCEL_CONTRACT = 56064
S_CANNOT_START_SKILL = 52057
S_CAN_LOCKON_TARGET = 39696
S_CHANGE_DESTPOS_PROJECTILE = 27495
S_CHANGE_PARTY_MANAGER = 25118
S_CHANGE_VOICE_USE_QAC = 51631
S_CHAT = 63156
S_CHECK_TO_READY_PARTY = 33315
S_CHECK_TO_READY_PARTY_FIN = 59523
S_CHECK_VERSION = 19901
S_CLEAR_ALL_HOLDED_ABNORMALITY = 56765
S_COLLECTION_PICKEND = 28200
S_COMPLETE_EVENT_MATCHING_QUEST = 38180
S_CONNECT_SKILL_ARROW = 30880
S_CREATURE_CHANGE_HP = 23484
S_CREATURE_LIFE = 64380
S_CREATURE_ROTATE = 24393
S_CREST_APPLY = 61312
S_CREST_INFO = 20380
S_CREST_MESSAGE = 61451
S_CURRENT_CHANNEL = 25691
S_DEAD_LOCATION = 27511
S_DECREASE_COOLTIME_SKILL = 55995
S_DEFEND_SUCCESS = 46998
S_DESPAWN_BONFIRE = 20064
S_DESPAWN_BUILD_OBJECT = 35853
S_DESPAWN_COLLECTION = 41322
S_DESPAWN_DROPITEM = 63224
S_DESPAWN_NPC = 25711
S_DESPAWN_SHUTTLE = 64235
S_DESPAWN_USER = 39743
S_DIALOG = 29413
S_DUNGEON_CAMERA_SET = 20305
S_DUNGEON_CLEAR_COUNT_LIST = 40374
S_DUNGEON_COOL_TIME_LIST = 23875
S_DUNGEON_EVENT_MESSAGE = 29889
S_EACH_SKILL_RESULT = 32931
S_ENABLE_DISABLE_SELLABLE_ITEM_LIST = 37976
S_END_CHANGE_USER_APPEARANCE = 44569
S_EXIT = 25652
S_FEARMOVE_END = 20114
S_FEARMOVE_STAGE = 36693
S_FIELD_POINT_INFO = 32832
S_FIN_INTER_PARTY_MATCH = 58870
S_FONT_SWAP_INFO = 41871
S_FRIEND_LIST = 39443
S_GACHA_END = 48002
S_GACHA_START = 49848
S_GET_USER_GUILD_LOGO = 63136
S_GET_USER_LIST = 49932
S_GRANT_SKILL = 50627
S_GROUP_NPC_LOCATION = 20632
S_GUILD_NAME = 62185
S_GUILD_STORE_SELL_LIST = 23584
S_GUILD_TOWER_INFO = 37856
S_HOLD_ABNORMALITY_ADD = 47031
S_IMAGE_DATA = 25762
S_INSTANT_DASH = 47253
S_INSTANT_MOVE = 56702
S_INVEN = 21541
S_INVEN_CHANGEDSLOT = 55981
S_ITEM_CUSTOM_STRING = 60721
S_JOIN_PRIVATE_CHANNEL = 27464
S_LEAVE_PARTY = 57038
S_LEAVE_PARTY_MEMBER = 27110
S_LEAVE_PRIVATE_CHANNEL = 55714
S_LIST_PARCEL_EX = 39009
S_LOADING_SCREEN_CONTROL_INFO = 33609
S_LOAD_CLIENT_ACCOUNT_SETTING = 58735
S_LOAD_CLIENT_USER_SETTING = 37120
S_LOAD_TELEPORT_TO_POS_LIST = 45245
S_LOAD_TOPO = 20002
S_LOGIN = 25080
S_LOGIN_ACCOUNT_INFO = 49328
S_LOGOUT_PARTY_MEMBER = 47338
S_MOUNT_VEHICLE = 20709
S_MOUNT_VEHICLE_EX = 26099
S_MOVE_SHUTTLE = 51595
S_NOTIFY_TO_FRIENDS_WALK_INTO_SAME_AREA = 55460
S_NPC_LOCATION = 42384
S_NPC_MENU_SELECT = 37423
S_NPC_OCCUPIER_INFO = 35636
S_NPC_STATUS = 27026
S_NPC_TARGET_USER = 49711
S_OPEN_AWESOMIUM_WEB_URL = 27137
S_OTHER_USER_APPLY_PARTY = 57820
S_PARCEL_READ_RECV_STATUS = 22977
S_PARTY_INFO = 32419
S_PARTY_MARKER = 51639
S_PARTY_MATCH_LINK = 48179
S_PARTY_MEMBER_ABNORMAL_ADD = 51174
S_PARTY_MEMBER_ABNORMAL_CLEAR = 60310
S_PARTY_MEMBER_ABNORMAL_DEL = 37404
S_PARTY_MEMBER_ABNORMAL_REFRESH = 50654
S_PARTY_MEMBER_BUFF_UPDATE = 42198
S_PARTY_MEMBER_CHANGE_HP = 33420
S_PARTY_MEMBER_CHANGE_MP = 33075
S_PARTY_MEMBER_INFO = 45822
S_PARTY_MEMBER_INTERVAL_POS_UPDATE = 53289
S_PARTY_MEMBER_LIST = 57098
S_PARTY_MEMBER_STAT_UPDATE = 36888
S_PCBANGINVENTORY_DATALIST = 29156
S_PLAYER_CHANGE_ALL_PROF = 38434
S_PLAYER_CHANGE_EXP = 26317
S_PLAYER_CHANGE_FLIGHT_ENERGY = 55065
S_PLAYER_CHANGE_MP = 24689
S_PLAYER_CHANGE_PROF = 44455
S_PLAYER_CHANGE_STAMINA = 24752
S_PLAYER_STAT_UPDATE = 58942
S_PLAY_MOVIE = 51633
S_POINT_STORE_SELL_LIST = 44307
S_PREPARE_EXIT = 29287
S_PREPARE_RETURN_TO_LOBBY = 48711
S_PRIVATE_CHAT = 51866
S_PRODUCE_CRITICAL = 57960
S_QUEST_BALLOON = 44390
S_QUEST_INFO = 56633
S_RECV_PARCEL = 46759
S_REGISTER_ENCHANT_ITEM = 30733
S_REGISTER_UPGRADE_ITEM = 23280
S_REJECT_CONTRACT = 35085
S_REPLY_NONDB_ITEM_INFO = 31577
S_REPLY_REQUEST_CONTRACT = 37546
S_REQUEST_CONTRACT = 50893
S_REQUEST_PRIVATE_CHANNEL_INFO = 45096
S_REQUEST_STYLE_SHOP_MARK_PRODUCTLIST = 29040
S_RESPONSE_GAMESTAT_PONG = 30249
S_RESULT_BIDDING_DICE_THROW = 64905
S_RESULT_ITEM_BIDDING = 49952
S_RETURN_TO_LOBBY = 54819
S_SHORTCUT_CHANGE = 37701
S_SHOW_AWESOMIUMWEB_SHOP = 53371
S_SHOW_CANDIDATE_LIST = 61012
S_SHOW_HP = 21134
S_SHOW_ITEM_TOOLTIP = 64634
S_SHOW_PARTY_MATCH_INFO = 29271
S_SHOW_PCBANG_ICON = 60817
S_SHOW_PEGASUS_MAP = 24426
S_SKILL_LIST = 57160
S_SOCIAL = 58419
S_SPAWN_BONFIRE = 44145
S_SPAWN_BUILD_OBJECT = 65044
S_SPAWN_COLLECTION = 41836
S_SPAWN_DOOR = 29381
S_SPAWN_DROPITEM = 50782
S_SPAWN_ME = 41863
S_SPAWN_NPC = 50399
S_SPAWN_PROJECTILE = 21787
S_SPAWN_SHUTTLE = 23045
S_SPAWN_USER = 24714
S_SPAWN_WORKOBJECT = 28951
S_START_ACTION_SCRIPT = 50407
S_START_CHANGE_USER_APPEARANCE = 41423
S_START_COOLTIME_ITEM = 49433
S_START_COOLTIME_SKILL = 61239
S_START_PRODUCE = 32204
S_START_USER_PROJECTILE = 39264
S_STORE_SELL_LIST = 59678
S_SUCCESS_COUNTER = 35668
S_SYSTEM_MESSAGE = 51268
S_SYSTEM_MESSAGE_LOOT_ITEM = 29684
S_SYSTEM_MESSAGE_LOOT_SPECIAL_ITEM = 50156
S_TARGET_INFO = 54957
S_TELEPORT_TO_CAMP = 29160
S_TRADE_BROKER_DEAL_INFO_UPDATE = 52979
S_TRADE_BROKER_DEAL_SUGGESTED = 38541
S_TRADE_BROKER_REQUEST_DEAL_RESULT = 35412
S_TRADE_BROKER_SUGGEST_DEAL = 24903
S_TRADE_BROKER_WAITING_ITEM_LIST = 55890
S_UNICAST_TRANSFORM_DATA = 59953
S_UNMOUNT_VEHICLE = 52529
S_UNMOUNT_VEHICLE_EX = 24660
S_UPDATE_ACHIEVEMENT_PROGRESS = 21982
S_UPDATE_FRIEND_INFO = 46951
S_UPDATE_NPCGUILD = 55512
S_UPDATE_PRODUCE = 51389
S_USER_BLOCK_LIST = 33002
S_USER_EFFECT = 32974
S_USER_EXTERNAL_CHANGE = 65452
S_USER_LEVELUP = 29013
S_USER_LOCATION = 38896
S_USER_LOCATION_IN_ACTION = 59064
S_USER_MOVETYPE = 27513
S_USER_PAPERDOLL_INFO = 54493
S_USER_SITUATION = 21406
S_USER_STATUS = 37375
S_USER_WEAPON_APPEARANCE_CHANGE = 53987
S_VIEW_WARE_EX = 52285
S_VILLAGE_LIST_TO_TELEPORT = 45919
S_VISIT_NEW_SECTION = 46223
S_WEAK_POINT = 49444
S_WHISPER = 64556
