C_ADD_FRIEND = 61942
C_ADD_TELEPORT_TO_POS_LIST = 43422
C_ADMIN = 62380
C_APPLY_PARTY = 63077
C_ASK_INTERACTIVE = 61284
C_BAN_PARTY_MEMBER = 33556
C_BIND_ITEM_BEGIN_PROGRESS = 59958
C_BIND_ITEM_EXECUTE = 41701
C_BLOCK_USER = 38879
C_CANCEL_CHANGE_USER_APPEARANCE = 48158
C_CANCEL_CONTRACT = 25602
C_CANCEL_SKILL = 30456
C_CAN_LOCKON_TARGET = 30921
C_CHANGE_PARTY_MANAGER = 56851
C_CHANGE_PARTY_MEMBER_AUTHORITY = 51307
C_CHAT = 58778
C_CHECK_VERSION = 19900
C_COMMIT_CHANGE_USER_APPEARANCE = 43494
C_COMPLETE_DAILY_EVENT = 37772
C_COMPLETE_EXTRA_EVENT = 36469
C_CONFIRM_UPDATE_NOTIFICATION = 28496
C_CREST_APPLY = 48026
C_CREST_APPLY_LIST = 59797
C_DELETE_FRIEND = 51344
C_DELETE_PARCEL = 50624
C_DELETE_TELEPORT_TO_POS_LIST = 44793
C_DEL_ITEM = 60548
C_DIALOG = 27110
C_DISMISS_PARTY = 22352
C_EDIT_BLOCKED_USER_MEMO = 55404
C_END_CLIMBING = 29972
C_END_MOVIE = 43986
C_GACHA_TRY = 36985
C_GET_IN_SHUTTLE = 37776
C_GET_OUT_SHUTTLE = 36940
C_GET_USER_LIST = 32769
C_HIT_USER_PROJECTILE = 37450
C_INVITE_USER_TO_GUILD = 23199
C_ITEM_COLORING_SET_COLOR = 62126
C_LEAVE_PARTY = 54813
C_LEAVE_PRIVATE_CHANNEL = 24653
C_LIST_PARCEL = 64959
C_LOAD_TOPO_FIN = 39116
C_LOGIN_ARBITER = 55144
C_MERGE_ITEM = 64311
C_MERGE_ITEM_EXECUTE = 52225
C_NOTIFY_LOCATION_IN_ACTION = 50589
C_NOTIFY_LOCATION_IN_DASH = 49203
C_NOTIMELINE_SKILL = 29403
C_NPC_CONTACT = 50050
C_OP_COMMAND = 64637
C_PARTY_APPLICATION_DENIED = 25083
C_PARTY_MARKER = 39736
C_PARTY_MATCH_WINDOW_CLOSED = 61643
C_PCBANGINVENTORY_USE_SLOT = 21120
C_PLAYER_FLYING_LOCATION = 48117
C_PLAYER_LOCATION = 44140
C_PREMIUM_SLOT_USE_SLOT = 55321
C_PRESS_SKILL = 63561
C_RECV_PARCEL = 54437
C_REGISTER_ENCHANT_ITEM = 56384
C_REGISTER_EVOLUTION_ITEM = 65140
C_REGISTER_PARTY_INFO = 34960
C_REMOVE_BLOCKED_USER = 23923
C_REPLY_THROUGH_ARBITER_CONTRACT = 50953
C_REQUEST_CANDIDATE_LIST = 31195
C_REQUEST_CONTRACT = 30210
C_REQUEST_ENCHANT = 39478
C_REQUEST_EVOLUTION = 44298
C_REQUEST_GAMESTAT_PING = 60237
C_REQUEST_NONDB_ITEM_INFO = 45290
C_REQUEST_PARTY_INFO = 41291
C_REQUEST_PARTY_MATCH_INFO = 47675
C_REQUEST_PARTY_MATCH_INFO_PAGE = 33919
C_REQUEST_PARTY_MATCH_LINK = 50565
C_REQUEST_PRIVATE_CHANNEL_INFO = 44976
C_REQUEST_USER_PAPERDOLL_INFO = 23444
C_RESET_ALL_DUNGEON = 28266
C_RETURN_TO_LOBBY = 27311
C_REVIVE_NOW = 32502
C_RQ_COMMIT_DECOMPOSITION_CONTRACT = 29679
C_RQ_START_SOCIAL_ON_PROGRESS_DECOMPOSITION = 33903
C_SAVE_CLIENT_ACCOUNT_SETTING = 21313
C_SAVE_CLIENT_USER_SETTING = 50095
C_SECOND_PASSWORD_AUTH = 34001
C_SELECT_USER = 50577
C_SET_VISIBLE_RANGE = 57638
C_SHOW_INVEN = 56896
C_SHOW_ITEM_TOOLTIP_EX = 57408
C_SHOW_PARCEL_MESSAGE = 21857
C_SOCIAL = 25098
C_START_COMBO_INSTANT_SKILL = 48069
C_START_ENCHANT = 23298
C_START_EVOLUTION = 65244
C_START_INSTANCE_SKILL = 41317
C_START_INSTANCE_SKILL_EX = 41110
C_START_PRODUCE = 56202
C_START_SKILL = 26527
C_START_TARGETED_SKILL = 60487
C_TELEPORT_TO_POS = 61091
C_TELEPORT_TO_VILLAGE = 44988
C_TRADE_BROKER_BUY_IT_NOW = 30661
C_TRADE_BROKER_DEAL_CONFIRM = 48097
C_TRADE_BROKER_REJECT_SUGGEST = 40403
C_TRADE_BROKER_SUGGEST_DEAL = 65064
C_TRADE_BROKER_WAITING_ITEM_LIST_NEW = 32198
C_TRADE_BROKER_WAITING_ITEM_LIST_PAGE = 54541
C_TRY_LOOT_DROPITEM = 33962
C_UNMOUNT_VEHICLE = 61936
C_UNREGISTER_ENCHANT_ITEM = 44931
C_UNREGISTER_EVOLUTION_ITEM = 32826
C_UNREGISTER_PARTY_INFO = 54106
C_UPDATE_REACTION_POS = 20877
C_USE_ITEM = 44448
C_VIEW_WARE = 21030
C_VISIT_NEW_SECTION = 24269
C_WHISPER = 59728
S_ABNORMALITY_BEGIN = 35478
S_ABNORMALITY_DAMAGE_ABSORB = 43718
S_ABNORMALITY_END = 63557
S_ABNORMALITY_FAIL = 28164
S_ABNORMALITY_REFRESH = 23112
S_ACCEPT_CONTRACT = 49100
S_ACCOMPLISH_ACHIEVEMENT = 29765
S_ACCOUNT_PACKAGE_LIST = 59124
S_ACTION_END = 48936
S_ACTION_STAGE = 56561
S_ADD_BLOCKED_USER = 57531
S_ADD_INTER_PARTY_MATCH_POOL = 41925
S_ADMIN_HOLD_CHARACTER = 60176
S_AERO = 31777
S_AIR_REACTION_END = 33531
S_ANNOUNCE_UPDATE_NOTIFICATION = 49539
S_ANSWER_INTERACTIVE = 37715
S_APPLY_TITLE = 42159
S_AVAILABLE_EVENT_MATCHING_LIST = 32022
S_AVAILABLE_SOCIAL_LIST = 30809
S_BAN_PARTY = 41568
S_BAN_PARTY_MEMBER = 52802
S_BATTLE_FIELD_ENTRANCE_INFO = 63844
S_BATTLE_FIELD_POINT_STORE_SELL_LIST = 27222
S_BEGIN_THROUGH_ARBITER_CONTRACT = 41070
S_BOSS_GAGE_INFO = 21284
S_CANCEL_CONTRACT = 43737
S_CANNOT_START_SKILL = 20601
S_CAN_LOCKON_TARGET = 61885
S_CHANGE_DESTPOS_PROJECTILE = 51514
S_CHANGE_EP_EXP_DAILY_LIMIT = 30247
S_CHANGE_EP_POINT = 58936
S_CHANGE_EVENT_MATCHING_STATE = 41503
S_CHANGE_GUILD_CHIEF = 54197
S_CHANGE_PARTY_MANAGER = 37112
S_CHANGE_VOICE_USE_QAC = 46033
S_CHAT = 60336
S_CHECK_TO_READY_PARTY = 29599
S_CHECK_TO_READY_PARTY_FIN = 21430
S_CHECK_VERSION = 19901
S_CLEAR_ALL_HOLDED_ABNORMALITY = 57376
S_COLLECTION_PICKEND = 36242
S_COLLECTION_PICKSTART = 23801
S_COMPLETE_EVENT_MATCHING_QUEST = 30189
S_CONNECT_SKILL_ARROW = 46643
S_CREATURE_CHANGE_HP = 39315
S_CREATURE_LIFE = 49252
S_CREATURE_ROTATE = 63548
S_CREST_APPLY = 28703
S_CREST_INFO = 21942
S_CREST_MESSAGE = 47839
S_CURRENT_CHANNEL = 35702
S_CUSTOM_STYLE_SYSTEM_MESSAGE = 41203
S_DEAD_LOCATION = 48396
S_DECREASE_COOLTIME_SKILL = 27135
S_DEFEND_SUCCESS = 20539
S_DESPAWN_BONFIRE = 44423
S_DESPAWN_BUILD_OBJECT = 63699
S_DESPAWN_COLLECTION = 62610
S_DESPAWN_DROPITEM = 37342
S_DESPAWN_NPC = 43432
S_DESPAWN_PROJECTILE = 36418
S_DESPAWN_SHUTTLE = 20735
S_DESPAWN_USER = 51709
S_DESTROY_GUILD_TOWER = 61324
S_DIALOG = 54508
S_DUNGEON_CAMERA_SET = 55802
S_DUNGEON_CLEAR_COUNT_LIST = 52219
S_DUNGEON_COOL_TIME_LIST = 31185
S_DUNGEON_EVENT_MESSAGE = 36964
S_EACH_SKILL_RESULT = 33079
S_ENABLE_DISABLE_SELLABLE_ITEM_LIST = 48917
S_END_CHANGE_USER_APPEARANCE = 32779
S_END_PRODUCE = 22460
S_END_USER_PROJECTILE = 34597
S_EP_SYSTEM_DAILY_EVENT_EXP_ON_OFF = 40191
S_EXIT = 31564
S_F2P_PremiumUser_Permission = 41209
S_FEARMOVE_END = 39551
S_FEARMOVE_STAGE = 42417
S_FIELD_EVENT_ON_ENTER = 47100
S_FIELD_EVENT_ON_LEAVE = 42789
S_FIELD_POINT_INFO = 60894
S_FIN_INTER_PARTY_MATCH = 38189
S_FONT_SWAP_INFO = 54090
S_FRIEND_LIST = 20980
S_GACHA_END = 34992
S_GACHA_START = 35261
S_GET_IN_SHUTTLE = 44971
S_GET_OUT_SHUTTLE = 54599
S_GET_USER_GUILD_LOGO = 45901
S_GET_USER_LIST = 62604
S_GMEVENT_GUIDE_MESSAGE = 48111
S_GMEVENT_OX_QUIZ_OPEN = 65303
S_GMEVENT_OX_QUIZ_RESULT = 49006
S_GMEVENT_RECV_REWARD = 43885
S_GRANT_SKILL = 57765
S_GROUP_NPC_LOCATION = 44982
S_GUILD_MEMBER_LIST = 23855
S_GUILD_NAME = 46536
S_GUILD_STORE_SELL_LIST = 26256
S_GUILD_TOWER_INFO = 40712
S_HOLD_ABNORMALITY_ADD = 30833
S_IMAGE_DATA = 65436
S_INSTANT_DASH = 41966
S_INSTANT_MOVE = 36758
S_INVEN = 49527
S_INVEN_CHANGEDSLOT = 26813
S_ITEM_COLORING_BAG = 27236
S_ITEM_CUSTOM_STRING = 40633
S_JOIN_PRIVATE_CHANNEL = 61063
S_LEARN_EP_PERK = 47758
S_LEAVE_PARTY = 55557
S_LEAVE_PARTY_MEMBER = 27357
S_LEAVE_PRIVATE_CHANNEL = 48088
S_LIST_PARCEL_EX = 50893
S_LOADING_SCREEN_CONTROL_INFO = 52827
S_LOAD_ACHIEVEMENT_LIST = 56535
S_LOAD_CLIENT_ACCOUNT_SETTING = 20854
S_LOAD_CLIENT_USER_SETTING = 34526
S_LOAD_DUNGEON_SOUND_HINT = 52823
S_LOAD_EP_INFO = 58096
S_LOAD_TELEPORT_TO_POS_LIST = 37459
S_LOAD_TOPO = 59607
S_LOGIN = 37221
S_LOGIN_ACCOUNT_INFO = 20191
S_LOGOUT_PARTY_MEMBER = 21295
S_MOUNT_VEHICLE = 46620
S_MOUNT_VEHICLE_EX = 32141
S_MOVE_SHUTTLE = 63939
S_NOCTAN_VARIATION_INFO = 36841
S_NOTIFY_GUILD_QUEST_URGENT = 25720
S_NOTIFY_TO_FRIENDS_WALK_INTO_SAME_AREA = 23254
S_NPC_CHANGE_MESH = 30246
S_NPC_LOCATION = 48357
S_NPC_MENU_SELECT = 49237
S_NPC_OCCUPIER_INFO = 23635
S_NPC_STATUS = 20165
S_NPC_TARGET_USER = 41927
S_OPEN_AWESOMIUM_WEB_URL = 61046
S_OTHER_USER_APPLY_PARTY = 35045
S_PARCEL_READ_RECV_STATUS = 48258
S_PARTY_INFO = 55729
S_PARTY_MARKER = 49677
S_PARTY_MATCH_LINK = 34278
S_PARTY_MEMBER_ABNORMAL_ADD = 52625
S_PARTY_MEMBER_ABNORMAL_CLEAR = 28424
S_PARTY_MEMBER_ABNORMAL_DEL = 24208
S_PARTY_MEMBER_ABNORMAL_REFRESH = 52235
S_PARTY_MEMBER_BUFF_UPDATE = 57090
S_PARTY_MEMBER_CHANGE_HP = 24168
S_PARTY_MEMBER_CHANGE_MP = 36713
S_PARTY_MEMBER_INFO = 61404
S_PARTY_MEMBER_INTERVAL_POS_UPDATE = 39291
S_PARTY_MEMBER_LIST = 42665
S_PARTY_MEMBER_QUEST_DATA = 31411
S_PARTY_MEMBER_STAT_UPDATE = 36774
S_PCBANGINVENTORY_DATALIST = 21455
S_PLAYER_CHANGE_ALL_PROF = 40240
S_PLAYER_CHANGE_EP = 63424
S_PLAYER_CHANGE_EXP = 39205
S_PLAYER_CHANGE_FLIGHT_ENERGY = 45601
S_PLAYER_CHANGE_MP = 23429
S_PLAYER_CHANGE_PROF = 40618
S_PLAYER_CHANGE_STAMINA = 31434
S_PLAYER_RESET_EP = 64020
S_PLAYER_STAT_UPDATE = 40437
S_PLAY_ANIMATION = 65409
S_PLAY_EFFECT = 49832
S_PLAY_MOVIE = 50672
S_PLAY_SOUND = 53531
S_POINT_STORE_SELL_LIST = 37590
S_PREMIUM_SLOT_DATALIST = 61164
S_PREMIUM_SLOT_OFF = 49418
S_PREPARE_EXIT = 26572
S_PREPARE_RETURN_TO_LOBBY = 38633
S_PREVIEW_ITEM = 61150
S_PRIVATE_CHAT = 56119
S_PRODUCE_CRITICAL = 38833
S_QUEST_BALLOON = 25330
S_QUEST_INFO = 61928
S_QUEST_VILLAGER_INFO = 20771
S_RECV_PARCEL = 50738
S_REGISTER_ENCHANT_ITEM = 54324
S_REGISTER_EVOLUTION_ITEM = 46876
S_REJECT_CONTRACT = 51757
S_REMOVE_BLOCKED_USER = 52626
S_REMOVE_EFFECT = 45744
S_REPLY_NONDB_ITEM_INFO = 20608
S_REPLY_REQUEST_CONTRACT = 24145
S_REQUEST_CITY_WAR_MAP_INFO = 37220
S_REQUEST_CITY_WAR_MAP_INFO_DETAIL = 62867
S_REQUEST_CITY_WAR_MAP_INFO_END = 42920
S_REQUEST_CONTRACT = 54817
S_REQUEST_PRIVATE_CHANNEL_INFO = 31699
S_REQUEST_REACTION_POS_TICK = 59032
S_REQUEST_SECOND_PASSWORD_AUTH = 38858
S_REQUEST_STYLE_SHOP_MARK_PRODUCTLIST = 20157
S_RESET_EP_PERK = 48054
S_RESPONSE_GAMESTAT_PONG = 26075
S_RESULT_BIDDING_DICE_THROW = 63444
S_RESULT_ITEM_BIDDING = 36291
S_RETURN_TO_LOBBY = 26785
S_SHORTCUT_CHANGE = 49509
S_SHOW_AWESOMIUMWEB_SHOP = 52234
S_SHOW_CANDIDATE_LIST = 21831
S_SHOW_HP = 63009
S_SHOW_ITEM_TOOLTIP = 58008
S_SHOW_PARTY_MATCH_INFO = 32774
S_SHOW_PCBANG_ICON = 63225
S_SHOW_PEGASUS_MAP = 37613
S_SHOW_USER_EP_INFO = 41538
S_SKILL_ATTENTION_TARGET = 55000
S_SKILL_CATEGORY = 48419
S_SKILL_LIST = 36987
S_SOCIAL = 54831
S_SPAWN_BONFIRE = 56810
S_SPAWN_BUILD_OBJECT = 30049
S_SPAWN_COLLECTION = 34805
S_SPAWN_DOOR = 49260
S_SPAWN_DROPITEM = 29164
S_SPAWN_ME = 29811
S_SPAWN_NPC = 52787
S_SPAWN_PROJECTILE = 28408
S_SPAWN_SHUTTLE = 44722
S_SPAWN_USER = 28928
S_SPAWN_WORKOBJECT = 57763
S_START_ACTION_SCRIPT = 33185
S_START_CHANGE_USER_APPEARANCE = 41226
S_START_CLIENT_CUSTOM_SKILL = 23179
S_START_CLIMBING = 42354
S_START_COOLTIME_ITEM = 51791
S_START_COOLTIME_SKILL = 51278
S_START_INVERSE_CAPTURE = 21975
S_START_PRODUCE = 62290
S_START_USER_PROJECTILE = 64925
S_STICK_TO_USER_END = 47205
S_STICK_TO_USER_START = 44410
S_STORE_SELL_LIST = 62560
S_SUCCESS_COUNTER = 60047
S_SYSTEM_MESSAGE = 64673
S_SYSTEM_MESSAGE_LOOT_ITEM = 23554
S_SYSTEM_MESSAGE_LOOT_SPECIAL_ITEM = 24503
S_TARGET_INFO = 53877
S_TELEPORT_TO_CAMP = 45925
S_TRADE_BROKER_DEAL_INFO_UPDATE = 62702
S_TRADE_BROKER_DEAL_SUGGESTED = 57432
S_TRADE_BROKER_HISTORY_ITEM_LIST = 21887
S_TRADE_BROKER_REQUEST_DEAL_RESULT = 28252
S_TRADE_BROKER_SUGGEST_DEAL = 50739
S_TRADE_BROKER_WAITING_ITEM_LIST = 59061
S_UNICAST_FLOATING_CASTLE_INFO = 29310
S_UNICAST_FLOATING_CASTLE_NAMEPLATE = 31527
S_UNICAST_TRANSFORM_DATA = 23688
S_UNMOUNT_VEHICLE = 39326
S_UNMOUNT_VEHICLE_EX = 52327
S_UPDATE_ACHIEVEMENT_PROGRESS = 35436
S_UPDATE_FRIEND_INFO = 34736
S_UPDATE_NPCGUILD = 54998
S_USER_APPEARANCE_CHANGE = 23357
S_USER_BLOCK_LIST = 49838
S_USER_CHANGE_NAME = 43719
S_USER_DEATH = 36978
S_USER_EFFECT = 41655
S_USER_EXTERNAL_CHANGE = 56915
S_USER_LEVELUP = 56784
S_USER_LOCATION = 30055
S_USER_LOCATION_IN_ACTION = 43342
S_USER_MOVETYPE = 21983
S_USER_PAPERDOLL_INFO = 46695
S_USER_SITUATION = 61407
S_USER_STATUS = 61190
S_USER_WEAPON_APPEARANCE_CHANGE = 38809
S_VIEW_PARTY_INVITE = 31894
S_VIEW_WARE_EX = 41309
S_VILLAGE_LIST_TO_TELEPORT = 48164
S_VISIT_NEW_SECTION = 61831
S_VOTE_RESET_ALL_DUNGEON = 33062
S_WEAK_POINT = 51412
S_WHISPER = 39228
