C_ADD_FRIEND = 58008
C_ADD_TELEPORT_TO_POS_LIST = 44910
C_ADMIN = 41068
C_APPLY_PARTY = 32268
C_ASK_INTERACTIVE = 41424
C_BAN_PARTY_MEMBER = 49292
C_BIND_ITEM_BEGIN_PROGRESS = 39287
C_BIND_ITEM_EXECUTE = 49460
C_BLOCK_USER = 27014
C_CANCEL_CHANGE_USER_APPEARANCE = 33035
C_CANCEL_CONTRACT = 60331
C_CANCEL_SKILL = 65178
C_CAN_LOCKON_TARGET = 60284
C_CHANGE_PARTY_MANAGER = 23085
C_CHANGE_PARTY_MEMBER_AUTHORITY = 60554
C_CHAT = 22259
C_CHECK_VERSION = 19900
C_COMMIT_CHANGE_USER_APPEARANCE = 43277
C_COMPLETE_DAILY_EVENT = 47356
C_COMPLETE_EXTRA_EVENT = 30999
C_CONFIRM_UPDATE_NOTIFICATION = 34648
C_CREST_APPLY = 45055
C_CREST_APPLY_LIST = 58427
C_DELETE_FRIEND = 39357
C_DELETE_TELEPORT_TO_POS_LIST = 25740
C_DEL_ITEM = 57218
C_DIALOG = 41574
C_DISMISS_PARTY = 45044
C_EDIT_BLOCKED_USER_MEMO = 63922
C_END_CLIMBING = 42646
C_END_MOVIE = 31304
C_GACHA_TRY = 52384
C_GET_IN_SHUTTLE = 46261
C_GET_OUT_SHUTTLE = 63978
C_GET_USER_LIST = 55933
C_HIT_USER_PROJECTILE = 59180
C_INVITE_USER_TO_GUILD = 23093
C_ITEM_COLORING_SET_COLOR = 36808
C_LEAVE_PARTY = 36889
C_LEAVE_PRIVATE_CHANNEL = 59439
C_LOAD_TOPO_FIN = 47514
C_LOGIN_ARBITER = 44565
C_MERGE_ITEM = 33830
C_MERGE_ITEM_EXECUTE = 59273
C_NOTIFY_LOCATION_IN_ACTION = 47738
C_NOTIFY_LOCATION_IN_DASH = 53441
C_NOTIMELINE_SKILL = 52863
C_NPC_CONTACT = 30922
C_OP_COMMAND = 49410
C_PARTY_APPLICATION_DENIED = 57637
C_PARTY_MARKER = 58680
C_PARTY_MATCH_WINDOW_CLOSED = 56555
C_PLAYER_FLYING_LOCATION = 26327
C_PLAYER_LOCATION = 50974
C_PRESS_SKILL = 40654
C_REGISTER_ENCHANT_ITEM = 27139
C_REGISTER_EVOLUTION_ITEM = 28692
C_REGISTER_PARTY_INFO = 47843
C_REMOVE_BLOCKED_USER = 58514
C_REPLY_THROUGH_ARBITER_CONTRACT = 57220
C_REQUEST_CANDIDATE_LIST = 62766
C_REQUEST_CONTRACT = 20714
C_REQUEST_ENCHANT = 47301
C_REQUEST_EVOLUTION = 22148
C_REQUEST_GAMESTAT_PING = 41636
C_REQUEST_NONDB_ITEM_INFO = 36066
C_REQUEST_PARTY_INFO = 63182
C_REQUEST_PARTY_MATCH_INFO = 41112
C_REQUEST_PARTY_MATCH_INFO_PAGE = 21872
C_REQUEST_PARTY_MATCH_LINK = 38906
C_REQUEST_PRIVATE_CHANNEL_INFO = 43675
C_REQUEST_USER_PAPERDOLL_INFO = 56572
C_RESET_ALL_DUNGEON = 21222
C_RETURN_TO_LOBBY = 62482
C_REVIVE_NOW = 59921
C_RQ_COMMIT_DECOMPOSITION_CONTRACT = 36167
C_RQ_START_SOCIAL_ON_PROGRESS_DECOMPOSITION = 51862
C_SAVE_CLIENT_ACCOUNT_SETTING = 24070
C_SAVE_CLIENT_USER_SETTING = 38743
C_SECOND_PASSWORD_AUTH = 20276
C_SELECT_USER = 61447
C_SET_VISIBLE_RANGE = 39632
C_SHOW_ITEMLIST = 46679
C_SHOW_ITEM_TOOLTIP_EX = 35491
C_SOCIAL = 45849
C_START_COMBO_INSTANT_SKILL = 30465
C_START_ENCHANT = 43256
C_START_EVOLUTION = 25448
C_START_INSTANCE_SKILL = 48881
C_START_INSTANCE_SKILL_EX = 30353
C_START_PRODUCE = 63075
C_START_SKILL = 42753
C_START_TARGETED_SKILL = 20883
C_TELEPORT_TO_POS = 22787
C_TELEPORT_TO_VILLAGE = 22220
C_TRADE_BROKER_BUY_IT_NOW = 61934
C_TRADE_BROKER_DEAL_CONFIRM = 48708
C_TRADE_BROKER_REJECT_SUGGEST = 27841
C_TRADE_BROKER_SUGGEST_DEAL = 20223
C_TRADE_BROKER_WAITING_ITEM_LIST_NEW = 24947
C_TRADE_BROKER_WAITING_ITEM_LIST_PAGE = 56198
C_TRY_LOOT_DROPITEM = 30183
C_UNMOUNT_VEHICLE = 62910
C_UNREGISTER_ENCHANT_ITEM = 22013
C_UNREGISTER_EVOLUTION_ITEM = 25242
C_UNREGISTER_PARTY_INFO = 51052
C_UPDATE_REACTION_POS = 25807
C_USE_ITEM = 63079
C_USE_PREMIUM_SLOT = 41267
C_VIEW_WARE = 25616
C_VISIT_NEW_SECTION = 44932
C_WHISPER = 28627
S_ABNORMALITY_BEGIN = 61796
S_ABNORMALITY_DAMAGE_ABSORB = 59079
S_ABNORMALITY_END = 35399
S_ABNORMALITY_FAIL = 61383
S_ABNORMALITY_REFRESH = 50074
S_ABNORMALITY_SCALE_UP = 35355
S_ACCEPT_CONTRACT = 20082
S_ACCOMPLISH_ACHIEVEMENT = 26450
S_ACCOUNT_PACKAGE_LIST = 46647
S_ACTION_END = 39380
S_ACTION_STAGE = 38320
S_ADD_BLOCKED_USER = 44381
S_ADD_INTER_PARTY_MATCH_POOL = 22546
S_ADMIN_HOLD_CHARACTER = 20026
S_AERO = 50355
S_AIR_REACTION_END = 22981
S_ANNOUNCE_UPDATE_NOTIFICATION = 46099
S_ANSWER_INTERACTIVE = 59584
S_APPLY_TITLE = 24095
S_ASK_BIDDING_RARE_ITEM = 33470
S_ASK_TELEPORT = 62750
S_AVAILABLE_EVENT_MATCHING_LIST = 31893
S_AVAILABLE_SOCIAL_LIST = 52230
S_BAN_PARTY = 26395
S_BAN_PARTY_MEMBER = 60972
S_BATTLE_FIELD_ENTRANCE_INFO = 45905
S_BATTLE_FIELD_POINT_STORE_SELL_LIST = 34570
S_BEGIN_THROUGH_ARBITER_CONTRACT = 44022
S_BOSS_GAGE_INFO = 32072
S_CANCEL_CONTRACT = 54983
S_CANNOT_START_SKILL = 51261
S_CAN_LOCKON_TARGET = 39735
S_CHANGE_DESTPOS_PROJECTILE = 54691
S_CHANGE_EP_EXP_DAILY_LIMIT = 49552
S_CHANGE_EP_POINT = 61873
S_CHANGE_EVENT_MATCHING_STATE = 45820
S_CHANGE_FRIEND_STATE = 57926
S_CHANGE_GUILD_CHIEF = 23653
S_CHANGE_PARTY_MANAGER = 58655
S_CHANGE_VOICE_USE_QAC = 49144
S_CHAT = 30764
S_CHECK_TO_READY_PARTY = 39499
S_CHECK_TO_READY_PARTY_FIN = 21943
S_CHECK_VERSION = 19901
S_CLEAR_ALL_HOLDED_ABNORMALITY = 60193
S_COLLECTION_PICKEND = 34782
S_COLLECTION_PICKSTART = 41166
S_COMPLETE_EVENT_MATCHING_QUEST = 24454
S_CONNECT_SKILL_ARROW = 45240
S_CREATURE_CHANGE_HP = 37441
S_CREATURE_LIFE = 29883
S_CREATURE_ROTATE = 39826
S_CREST_APPLY = 25340
S_CREST_INFO = 48796
S_CREST_MESSAGE = 34106
S_CURRENT_CHANNEL = 46759
S_CUSTOM_STYLE_SYSTEM_MESSAGE = 20538
S_DEAD_LOCATION = 42353
S_DECREASE_COOLTIME_SKILL = 62759
S_DEFEND_SUCCESS = 61896
S_DELETE_FRIEND = 57930
S_DESPAWN_BONFIRE = 23292
S_DESPAWN_BUILD_OBJECT = 41347
S_DESPAWN_COLLECTION = 65337
S_DESPAWN_DROPITEM = 34555
S_DESPAWN_NPC = 24698
S_DESPAWN_PROJECTILE = 49998
S_DESPAWN_SHUTTLE = 42283
S_DESPAWN_USER = 27310
S_DESTROY_GUILD_TOWER = 41792
S_DIALOG = 55298
S_DUNGEON_CAMERA_SET = 52258
S_DUNGEON_CLEAR_COUNT_LIST = 25004
S_DUNGEON_COOL_TIME_LIST = 56496
S_DUNGEON_EVENT_MESSAGE = 21523
S_EACH_SKILL_RESULT = 51956
S_ENABLE_DISABLE_SELLABLE_ITEM_LIST = 38364
S_END_CHANGE_USER_APPEARANCE = 21545
S_END_PRODUCE = 52505
S_END_USER_PROJECTILE = 24819
S_EP_SYSTEM_DAILY_EVENT_EXP_ON_OFF = 41289
S_EXIT = 32279
S_F2P_PremiumUser_Permission = 33188
S_FEARMOVE_END = 41254
S_FEARMOVE_STAGE = 63068
S_FIELD_EVENT_ON_ENTER = 45928
S_FIELD_EVENT_ON_LEAVE = 40684
S_FIELD_POINT_INFO = 50489
S_FIN_INTER_PARTY_MATCH = 42758
S_FIX_VEHICLE_PROGRESS = 62072
S_FONT_SWAP_INFO = 37267
S_FRIEND_LIST = 57951
S_GACHA_END = 28574
S_GACHA_START = 35204
S_GET_IN_SHUTTLE = 21264
S_GET_OUT_SHUTTLE = 24266
S_GET_USER_GUILD_LOGO = 22934
S_GET_USER_LIST = 20770
S_GMEVENT_GUIDE_MESSAGE = 36340
S_GMEVENT_OX_QUIZ_OPEN = 52987
S_GMEVENT_OX_QUIZ_RESULT = 20816
S_GMEVENT_RECV_REWARD = 56320
S_GRANT_SKILL = 54552
S_GROUP_NPC_LOCATION = 41656
S_GUILD_MEMBER_LIST = 27426
S_GUILD_NAME = 21221
S_GUILD_STORE_SELL_LIST = 57139
S_GUILD_TOWER_INFO = 22635
S_HOLD_ABNORMALITY_ADD = 24890
S_IMAGE_DATA = 37036
S_INSTANCE_ARROW = 40146
S_INSTANT_DASH = 50792
S_INSTANT_MOVE = 53776
S_INVEN_CHANGEDSLOT = 63529
S_INVEN_USERDATA = 35658
S_ITEMLIST = 57287
S_ITEM_COLORING_BAG = 46726
S_ITEM_CUSTOM_STRING = 34753
S_JOIN_PRIVATE_CHANNEL = 63190
S_LEARN_EP_PERK = 43021
S_LEAVE_PARTY = 42839
S_LEAVE_PARTY_MEMBER = 57269
S_LEAVE_PRIVATE_CHANNEL = 34620
S_LOADING_SCREEN_CONTROL_INFO = 51463
S_LOAD_ACHIEVEMENT_LIST = 54312
S_LOAD_CLIENT_ACCOUNT_SETTING = 33563
S_LOAD_CLIENT_USER_SETTING = 53505
S_LOAD_DUNGEON_SOUND_HINT = 65449
S_LOAD_EP_INFO = 52539
S_LOAD_TELEPORT_TO_POS_LIST = 60989
S_LOAD_TOPO = 20843
S_LOGIN = 25746
S_LOGIN_ACCOUNT_INFO = 63335
S_LOGOUT_PARTY_MEMBER = 36266
S_MOUNT_VEHICLE = 38375
S_MOUNT_VEHICLE_EX = 61711
S_MOVE_SHUTTLE = 58040
S_MUTE = 47911
S_NOCTAN_VARIATION_INFO = 34694
S_NOTIFY_GUILD_QUEST_URGENT = 61701
S_NOTIFY_TO_FRIENDS_WALK_INTO_SAME_AREA = 23331
S_NPCGUILD_LIST = 52116
S_NPC_CHANGE_MESH = 57308
S_NPC_LOCATION = 49136
S_NPC_MENU_SELECT = 65060
S_NPC_OCCUPIER_INFO = 34249
S_NPC_STATUS = 27687
S_NPC_TARGET_USER = 38403
S_OPEN_AWESOMIUM_WEB_URL = 29398
S_OTHER_USER_APPLY_PARTY = 43891
S_PARTY_INFO = 53933
S_PARTY_MARKER = 21041
S_PARTY_MATCH_LINK = 28303
S_PARTY_MEMBER_ABNORMAL_ADD = 42386
S_PARTY_MEMBER_ABNORMAL_CLEAR = 37196
S_PARTY_MEMBER_ABNORMAL_DEL = 34969
S_PARTY_MEMBER_ABNORMAL_REFRESH = 62530
S_PARTY_MEMBER_BUFF_UPDATE = 42641
S_PARTY_MEMBER_CHANGE_HP = 40206
S_PARTY_MEMBER_CHANGE_MP = 60344
S_PARTY_MEMBER_INFO = 42629
S_PARTY_MEMBER_INTERVAL_POS_UPDATE = 47496
S_PARTY_MEMBER_LIST = 37959
S_PARTY_MEMBER_QUEST_DATA = 49177
S_PARTY_MEMBER_STAT_UPDATE = 40278
S_PLAYER_CHANGE_ALL_PROF = 33239
S_PLAYER_CHANGE_EP = 37341
S_PLAYER_CHANGE_EXP = 45266
S_PLAYER_CHANGE_FLIGHT_ENERGY = 58658
S_PLAYER_CHANGE_MP = 64617
S_PLAYER_CHANGE_PROF = 33536
S_PLAYER_CHANGE_STAMINA = 36325
S_PLAYER_RESET_EP = 20562
S_PLAYER_STAT_UPDATE = 56216
S_PLAY_ANIMATION = 38099
S_PLAY_EFFECT = 45002
S_PLAY_MOVIE = 32432
S_PLAY_SOUND = 46861
S_POINT_STORE_SELL_LIST = 33006
S_PREMIUM_SLOT_DATALIST = 35941
S_PREMIUM_SLOT_OFF = 24974
S_PREPARE_EXIT = 52491
S_PREPARE_RETURN_TO_LOBBY = 51235
S_PREVIEW_ITEM = 40497
S_PRIVATE_CHANNEL_NOTICE = 36153
S_PRIVATE_CHAT = 60247
S_PRODUCE_CRITICAL = 50249
S_QUEST_BALLOON = 53324
S_QUEST_INFO = 65196
S_QUEST_VILLAGER_INFO = 60147
S_REGISTER_ENCHANT_ITEM = 53135
S_REGISTER_EVOLUTION_ITEM = 57460
S_REJECT_CONTRACT = 28427
S_REMOVE_BLOCKED_USER = 55850
S_REMOVE_EFFECT = 41882
S_REPLY_NONDB_ITEM_INFO = 43647
S_REPLY_REQUEST_CONTRACT = 21702
S_REQUEST_CITY_WAR_MAP_INFO = 61812
S_REQUEST_CITY_WAR_MAP_INFO_DETAIL = 41286
S_REQUEST_CITY_WAR_MAP_INFO_END = 36774
S_REQUEST_CONTRACT = 61099
S_REQUEST_DESPAWN_SERVANT = 59734
S_REQUEST_PRIVATE_CHANNEL_INFO = 63197
S_REQUEST_REACTION_POS_TICK = 53053
S_REQUEST_SECOND_PASSWORD_AUTH = 23704
S_REQUEST_SERVANT_INFO_LIST = 53967
S_REQUEST_SPAWN_SERVANT = 49778
S_REQUEST_STYLE_SHOP_MARK_PRODUCTLIST = 33413
S_RESET_EP_PERK = 39660
S_RESPONSE_GAMESTAT_PONG = 50876
S_RESULT_BIDDING_DICE_THROW = 24434
S_RESULT_ITEM_BIDDING = 47607
S_RETURN_TO_LOBBY = 65072
S_RP_SKILL_POLISHING_LIST = 25628
S_SHORTCUT_CHANGE = 35394
S_SHOW_AWESOMIUMWEB_SHOP = 43966
S_SHOW_CANDIDATE_LIST = 31323
S_SHOW_HP = 39530
S_SHOW_ITEM_TOOLTIP = 47215
S_SHOW_PARTY_MATCH_INFO = 38441
S_SHOW_PEGASUS_MAP = 43000
S_SHOW_USER_EP_INFO = 55868
S_SKILL_ATTENTION_TARGET = 32275
S_SKILL_CATEGORY = 52656
S_SKILL_LIST = 41071
S_SOCIAL = 51702
S_SPAWN_BONFIRE = 24006
S_SPAWN_BUILD_OBJECT = 56742
S_SPAWN_COLLECTION = 31106
S_SPAWN_DOOR = 24654
S_SPAWN_DROPITEM = 63016
S_SPAWN_ME = 25815
S_SPAWN_NPC = 32234
S_SPAWN_PROJECTILE = 42243
S_SPAWN_SHUTTLE = 32921
S_SPAWN_USER = 62472
S_SPAWN_WORKOBJECT = 27659
S_START_ACTION_SCRIPT = 53071
S_START_CHANGE_USER_APPEARANCE = 29561
S_START_CLIENT_CUSTOM_SKILL = 43094
S_START_CLIMBING = 59694
S_START_COOLTIME_ITEM = 46585
S_START_COOLTIME_SKILL = 44533
S_START_INVERSE_CAPTURE = 46172
S_START_PRODUCE = 29668
S_START_USER_PROJECTILE = 25394
S_STICK_TO_USER_END = 24338
S_STICK_TO_USER_START = 64146
S_STORE_SELL_LIST = 33280
S_SUCCESS_COUNTER = 63495
S_SYSTEM_MESSAGE = 47949
S_SYSTEM_MESSAGE_LOOT_ITEM = 23609
S_SYSTEM_MESSAGE_LOOT_SPECIAL_ITEM = 40226
S_TARGET_INFO = 45843
S_TELEPORT_TO_CAMP = 59289
S_TRADE_BROKER_DEAL_INFO_UPDATE = 25745
S_TRADE_BROKER_DEAL_SUGGESTED = 20529
S_TRADE_BROKER_HISTORY_ITEM_LIST = 62437
S_TRADE_BROKER_REQUEST_DEAL_RESULT = 39223
S_TRADE_BROKER_SUGGEST_DEAL = 39042
S_TRADE_BROKER_WAITING_ITEM_LIST = 64550
S_UNICAST_FLOATING_CASTLE_INFO = 24522
S_UNICAST_FLOATING_CASTLE_NAMEPLATE = 52856
S_UNICAST_TRANSFORM_DATA = 29633
S_UNMOUNT_VEHICLE = 35524
S_UNMOUNT_VEHICLE_EX = 61369
S_UPDATE_ACHIEVEMENT_PROGRESS = 54103
S_UPDATE_FRIEND_INFO = 31983
S_UPDATE_NPCGUILD = 56228
S_USER_APPEARANCE_CHANGE = 29178
S_USER_BLOCK_LIST = 57294
S_USER_CHANGE_NAME = 44767
S_USER_DEATH = 24628
S_USER_EFFECT = 60702
S_USER_EXTERNAL_CHANGE = 46467
S_USER_LEVELUP = 44467
S_USER_LOCATION = 64223
S_USER_LOCATION_IN_ACTION = 24435
S_USER_MOVETYPE = 60908
S_USER_PAPERDOLL_INFO = 45971
S_USER_SITUATION = 48239
S_USER_STATUS = 37571
S_USER_WEAPON_APPEARANCE_CHANGE = 48651
S_VIEW_PARTY_INVITE = 28306
S_VIEW_WARE_EX = 31088
S_VILLAGE_LIST_TO_TELEPORT = 43762
S_VISIT_NEW_SECTION = 41199
S_VOTE_RESET_ALL_DUNGEON = 40894
S_WEAK_POINT = 32428
S_WHISPER = 37312
