C_ADD_FRIEND = 52469
C_ADD_TELEPORT_TO_POS_LIST = 42000
C_ADMIN = 27800
C_APPLY_PARTY = 50945
C_ASK_INTERACTIVE = 28694
C_BAN_PARTY_MEMBER = 59491
C_BIND_ITEM_BEGIN_PROGRESS = 43282
C_BIND_ITEM_EXECUTE = 23675
C_BLOCK_USER = 57554
C_CANCEL_CHANGE_USER_APPEARANCE = 28151
C_CANCEL_CONTRACT = 46583
C_CANCEL_SKILL = 29842
C_CAN_LOCKON_TARGET = 42993
C_CHANGE_PARTY_MANAGER = 25896
C_CHANGE_PARTY_MEMBER_AUTHORITY = 28408
C_CHAT = 36863
C_CHECK_VERSION = 19900
C_COMMIT_CHANGE_USER_APPEARANCE = 36145
C_COMPLETE_DAILY_EVENT = 21469
C_COMPLETE_EXTRA_EVENT = 26259
C_CONFIRM_UPDATE_NOTIFICATION = 32558
C_CREST_APPLY = 49666
C_CREST_APPLY_LIST = 21558
C_DELETE_FRIEND = 45773
C_DELETE_PARCEL = 52785
C_DELETE_TELEPORT_TO_POS_LIST = 40649
C_DEL_ITEM = 59107
C_DIALOG = 55737
C_DISMISS_PARTY = 56742
C_EDIT_BLOCKED_USER_MEMO = 60455
C_END_CLIMBING = 42710
C_END_MOVIE = 61041
C_GACHA_TRY = 47372
C_GET_IN_SHUTTLE = 26183
C_GET_OUT_SHUTTLE = 24317
C_GET_USER_LIST = 26575
C_HIT_USER_PROJECTILE = 25941
C_INVITE_USER_TO_GUILD = 40741
C_ITEM_COLORING_SET_COLOR = 44032
C_LEAVE_PARTY = 64063
C_LEAVE_PRIVATE_CHANNEL = 33315
C_LIST_PARCEL = 52019
C_LOAD_TOPO_FIN = 48358
C_LOGIN_ARBITER = 48542
C_MERGE_ITEM = 60067
C_NOTIFY_LOCATION_IN_ACTION = 30505
C_NOTIFY_LOCATION_IN_DASH = 49942
C_NOTIMELINE_SKILL = 26947
C_NPC_CONTACT = 37168
C_OP_COMMAND = 62775
C_PARTY_APPLICATION_DENIED = 44852
C_PARTY_MARKER = 27678
C_PARTY_MATCH_WINDOW_CLOSED = 51255
C_PCBANGINVENTORY_USE_SLOT = 58755
C_PLAYER_FLYING_LOCATION = 47812
C_PLAYER_LOCATION = 35376
C_PREMIUM_SLOT_USE_SLOT = 21584
C_PRESS_SKILL = 43112
C_RECV_PARCEL = 51792
C_REGISTER_ENCHANT_ITEM = 38384
C_REGISTER_PARTY_INFO = 31208
C_REGISTER_UPGRADE_ITEM = 28856
C_REMOVE_BLOCKED_USER = 43119
C_REPLY_THROUGH_ARBITER_CONTRACT = 64441
C_REQUEST_CANDIDATE_LIST = 36677
C_REQUEST_CONTRACT = 28404
C_REQUEST_ENCHANT = 53979
C_REQUEST_GAMESTAT_PING = 51518
C_REQUEST_NONDB_ITEM_INFO = 33546
C_REQUEST_PARTY_INFO = 50847
C_REQUEST_PARTY_MATCH_INFO = 42509
C_REQUEST_PARTY_MATCH_INFO_PAGE = 50097
C_REQUEST_PARTY_MATCH_LINK = 53428
C_REQUEST_PRIVATE_CHANNEL_INFO = 47566
C_REQUEST_UPGRADE = 37501
C_REQUEST_USER_PAPERDOLL_INFO = 22176
C_RESET_ALL_DUNGEON = 63651
C_RETURN_TO_LOBBY = 33799
C_REVIVE_NOW = 59392
C_SAVE_CLIENT_ACCOUNT_SETTING = 49166
C_SAVE_CLIENT_USER_SETTING = 22156
C_SECOND_PASSWORD_AUTH = 31736
C_SELECT_USER = 39376
C_SET_VISIBLE_RANGE = 22539
C_SHOW_INVEN = 47023
C_SHOW_ITEM_TOOLTIP_EX = 44769
C_SHOW_PARCEL_MESSAGE = 25130
C_SOCIAL = 57532
C_START_COMBO_INSTANT_SKILL = 52049
C_START_ENCHANT = 63635
C_START_INSTANCE_SKILL = 51128
C_START_INSTANCE_SKILL_EX = 55509
C_START_PRODUCE = 35118
C_START_SKILL = 29886
C_START_TARGETED_SKILL = 33021
C_START_UPGRADE = 52433
C_TELEPORT_TO_POS = 57718
C_TELEPORT_TO_VILLAGE = 35973
C_TRADE_BROKER_BUY_IT_NOW = 20422
C_TRADE_BROKER_DEAL_CONFIRM = 23510
C_TRADE_BROKER_REJECT_SUGGEST = 25673
C_TRADE_BROKER_SUGGEST_DEAL = 58769
C_TRADE_BROKER_WAITING_ITEM_LIST_NEW = 28930
C_TRADE_BROKER_WAITING_ITEM_LIST_PAGE = 50229
C_TRY_LOOT_DROPITEM = 38134
C_UNMOUNT_VEHICLE = 63283
C_UNREGISTER_ENCHANT_ITEM = 37140
C_UNREGISTER_PARTY_INFO = 31401
C_UNREGISTER_UPGRADE_ITEM = 35600
C_USE_ITEM = 36976
C_VIEW_WARE = 40007
C_VISIT_NEW_SECTION = 49070
C_WHISPER = 41007
S_ABNORMALITY_BEGIN = 42601
S_ABNORMALITY_DAMAGE_ABSORB = 52890
S_ABNORMALITY_END = 50675
S_ABNORMALITY_FAIL = 46936
S_ABNORMALITY_REFRESH = 22915
S_ACCEPT_CONTRACT = 33220
S_ACCOMPLISH_ACHIEVEMENT = 41074
S_ACCOUNT_PACKAGE_LIST = 23834
S_ACTION_END = 58493
S_ACTION_STAGE = 55325
S_ADD_BLOCKED_USER = 38548
S_ADD_INTER_PARTY_MATCH_POOL = 57560
S_ADMIN_HOLD_CHARACTER = 40095
S_AERO = 60262
S_AIR_REACTION_END = 59210
S_ANNOUNCE_UPDATE_NOTIFICATION = 20817
S_ANSWER_INTERACTIVE = 28253
S_APPLY_TITLE = 57372
S_AVAILABLE_EVENT_MATCHING_LIST = 25226
S_BAN_PARTY = 45710
S_BAN_PARTY_MEMBER = 45596
S_BATTLE_FIELD_ENTRANCE_INFO = 42225
S_BATTLE_FIELD_POINT_STORE_SELL_LIST = 41203
S_BEGIN_THROUGH_ARBITER_CONTRACT = 49162
S_BOSS_GAGE_INFO = 56818
S_CANCEL_CONTRACT = 22478
S_CANNOT_START_SKILL = 49965
S_CAN_LOCKON_TARGET = 34730
S_CHANGE_DESTPOS_PROJECTILE = 24362
S_CHANGE_EP_EXP_DAILY_LIMIT = 22264
S_CHANGE_EP_POINT = 54346
S_CHANGE_EVENT_MATCHING_STATE = 51354
S_CHANGE_GUILD_CHIEF = 51945
S_CHANGE_PARTY_MANAGER = 49444
S_CHANGE_VOICE_USE_QAC = 21410
S_CHAT = 32617
S_CHECK_TO_READY_PARTY = 49879
S_CHECK_TO_READY_PARTY_FIN = 22479
S_CHECK_VERSION = 19901
S_CLEAR_ALL_HOLDED_ABNORMALITY = 39803
S_COLLECTION_PICKEND = 58876
S_COLLECTION_PICKSTART = 65120
S_COMPLETE_EVENT_MATCHING_QUEST = 63240
S_CONNECT_SKILL_ARROW = 45267
S_CREATURE_CHANGE_HP = 57840
S_CREATURE_LIFE = 38625
S_CREATURE_ROTATE = 43136
S_CREST_APPLY = 41329
S_CREST_INFO = 41894
S_CREST_MESSAGE = 56582
S_CURRENT_CHANNEL = 54101
S_DEAD_LOCATION = 46577
S_DECREASE_COOLTIME_SKILL = 41344
S_DEFEND_SUCCESS = 35061
S_DESPAWN_BONFIRE = 54129
S_DESPAWN_BUILD_OBJECT = 61016
S_DESPAWN_COLLECTION = 30073
S_DESPAWN_DROPITEM = 32642
S_DESPAWN_NPC = 52355
S_DESPAWN_PROJECTILE = 25593
S_DESPAWN_SHUTTLE = 29769
S_DESPAWN_USER = 28128
S_DESTROY_GUILD_TOWER = 42341
S_DIALOG = 22662
S_DUNGEON_CAMERA_SET = 39451
S_DUNGEON_CLEAR_COUNT_LIST = 54019
S_DUNGEON_COOL_TIME_LIST = 48743
S_DUNGEON_EVENT_MESSAGE = 31161
S_EACH_SKILL_RESULT = 39561
S_ENABLE_DISABLE_SELLABLE_ITEM_LIST = 40927
S_END_CHANGE_USER_APPEARANCE = 37279
S_END_USER_PROJECTILE = 37039
S_EP_SYSTEM_DAILY_EVENT_EXP_ON_OFF = 27495
S_EXIT = 31670
S_FEARMOVE_END = 54199
S_FEARMOVE_STAGE = 27989
S_FIELD_EVENT_ON_ENTER = 51170
S_FIELD_EVENT_ON_LEAVE = 29209
S_FIELD_POINT_INFO = 53260
S_FIN_INTER_PARTY_MATCH = 30350
S_FONT_SWAP_INFO = 24643
S_FRIEND_LIST = 44615
S_GACHA_END = 23505
S_GACHA_START = 58381
S_GET_IN_SHUTTLE = 63195
S_GET_OUT_SHUTTLE = 53840
S_GET_USER_GUILD_LOGO = 47352
S_GET_USER_LIST = 33238
S_GMEVENT_GUIDE_MESSAGE = 30458
S_GMEVENT_OX_QUIZ_OPEN = 27849
S_GMEVENT_OX_QUIZ_RESULT = 20519
S_GMEVENT_RECV_REWARD = 64974
S_GRANT_SKILL = 63184
S_GROUP_NPC_LOCATION = 33759
S_GUILD_NAME = 41946
S_GUILD_STORE_SELL_LIST = 46726
S_GUILD_TOWER_INFO = 49830
S_HOLD_ABNORMALITY_ADD = 20548
S_IMAGE_DATA = 37577
S_INSTANT_DASH = 58068
S_INSTANT_MOVE = 65062
S_INVEN = 42248
S_INVEN_CHANGEDSLOT = 57391
S_ITEM_COLORING_BAG = 32941
S_ITEM_CUSTOM_STRING = 55464
S_JOIN_PRIVATE_CHANNEL = 65374
S_LEARN_EP_PERK = 30106
S_LEAVE_PARTY = 64833
S_LEAVE_PARTY_MEMBER = 49367
S_LEAVE_PRIVATE_CHANNEL = 45781
S_LIST_PARCEL_EX = 60478
S_LOADING_SCREEN_CONTROL_INFO = 40845
S_LOAD_CLIENT_ACCOUNT_SETTING = 26359
S_LOAD_CLIENT_USER_SETTING = 41814
S_LOAD_DUNGEON_SOUND_HINT = 32257
S_LOAD_EP_INFO = 61269
S_LOAD_TELEPORT_TO_POS_LIST = 27318
S_LOAD_TOPO = 53073
S_LOGIN = 47081
S_LOGIN_ACCOUNT_INFO = 36971
S_LOGOUT_PARTY_MEMBER = 45739
S_MOUNT_VEHICLE = 21505
S_MOUNT_VEHICLE_EX = 32544
S_MOVE_SHUTTLE = 58854
S_NOCTAN_VARIATION_INFO = 28826
S_NOTIFY_TO_FRIENDS_WALK_INTO_SAME_AREA = 43236
S_NPC_CHANGE_MESH = 26038
S_NPC_LOCATION = 54543
S_NPC_MENU_SELECT = 30307
S_NPC_OCCUPIER_INFO = 33369
S_NPC_STATUS = 50829
S_NPC_TARGET_USER = 57479
S_OPEN_AWESOMIUM_WEB_URL = 39615
S_OTHER_USER_APPLY_PARTY = 58595
S_PARCEL_READ_RECV_STATUS = 59996
S_PARTY_INFO = 50805
S_PARTY_MARKER = 63342
S_PARTY_MATCH_LINK = 24728
S_PARTY_MEMBER_ABNORMAL_ADD = 36197
S_PARTY_MEMBER_ABNORMAL_CLEAR = 62893
S_PARTY_MEMBER_ABNORMAL_DEL = 24166
S_PARTY_MEMBER_ABNORMAL_REFRESH = 52277
S_PARTY_MEMBER_BUFF_UPDATE = 52549
S_PARTY_MEMBER_CHANGE_HP = 46332
S_PARTY_MEMBER_CHANGE_MP = 63951
S_PARTY_MEMBER_INFO = 57591
S_PARTY_MEMBER_INTERVAL_POS_UPDATE = 41490
S_PARTY_MEMBER_LIST = 58702
S_PARTY_MEMBER_STAT_UPDATE = 63580
S_PCBANGINVENTORY_DATALIST = 30116
S_PLAYER_CHANGE_ALL_PROF = 39903
S_PLAYER_CHANGE_EXP = 64332
S_PLAYER_CHANGE_FLIGHT_ENERGY = 35687
S_PLAYER_CHANGE_MP = 59622
S_PLAYER_CHANGE_PROF = 37788
S_PLAYER_CHANGE_STAMINA = 60613
S_PLAYER_RESET_EP = 54962
S_PLAYER_STAT_UPDATE = 37578
S_PLAY_EFFECT = 58871
S_PLAY_MOVIE = 45916
S_PLAY_SOUND = 61346
S_POINT_STORE_SELL_LIST = 63020
S_PREMIUM_SLOT_DATALIST = 48157
S_PREMIUM_SLOT_OFF = 55790
S_PREPARE_EXIT = 20933
S_PREPARE_RETURN_TO_LOBBY = 37996
S_PREVIEW_ITEM = 42709
S_PRIVATE_CHAT = 31160
S_PRODUCE_CRITICAL = 38314
S_QUEST_BALLOON = 20195
S_QUEST_INFO = 39210
S_RECV_PARCEL = 32834
S_REGISTER_ENCHANT_ITEM = 30823
S_REGISTER_UPGRADE_ITEM = 29284
S_REJECT_CONTRACT = 53281
S_REMOVE_BLOCKED_USER = 32162
S_REMOVE_EFFECT = 44249
S_REPLY_NONDB_ITEM_INFO = 43726
S_REPLY_REQUEST_CONTRACT = 63254
S_REQUEST_CITY_WAR_MAP_INFO = 42062
S_REQUEST_CITY_WAR_MAP_INFO_DETAIL = 63645
S_REQUEST_CITY_WAR_MAP_INFO_END = 36830
S_REQUEST_CONTRACT = 53851
S_REQUEST_PRIVATE_CHANNEL_INFO = 63264
S_REQUEST_SECOND_PASSWORD_AUTH = 31730
S_REQUEST_STYLE_SHOP_MARK_PRODUCTLIST = 31039
S_RESET_EP_PERK = 63784
S_RESPONSE_GAMESTAT_PONG = 40377
S_RESULT_BIDDING_DICE_THROW = 52929
S_RESULT_ITEM_BIDDING = 55039
S_RETURN_TO_LOBBY = 64404
S_SHORTCUT_CHANGE = 60671
S_SHOW_AWESOMIUMWEB_SHOP = 38400
S_SHOW_CANDIDATE_LIST = 52446
S_SHOW_HP = 43273
S_SHOW_ITEM_TOOLTIP = 40311
S_SHOW_PARTY_MATCH_INFO = 32654
S_SHOW_PCBANG_ICON = 50923
S_SHOW_PEGASUS_MAP = 44795
S_SHOW_USER_EP_INFO = 48654
S_SKILL_ATTENTION_TARGET = 47449
S_SKILL_CATEGORY = 33373
S_SKILL_LIST = 39089
S_SOCIAL = 20753
S_SPAWN_BONFIRE = 20329
S_SPAWN_BUILD_OBJECT = 42066
S_SPAWN_COLLECTION = 34980
S_SPAWN_DOOR = 29830
S_SPAWN_DROPITEM = 53764
S_SPAWN_ME = 20336
S_SPAWN_NPC = 27367
S_SPAWN_PROJECTILE = 34638
S_SPAWN_SHUTTLE = 65187
S_SPAWN_USER = 34671
S_SPAWN_WORKOBJECT = 21445
S_START_ACTION_SCRIPT = 30640
S_START_CHANGE_USER_APPEARANCE = 59352
S_START_CLIENT_CUSTOM_SKILL = 42684
S_START_CLIMBING = 62594
S_START_COOLTIME_ITEM = 22765
S_START_COOLTIME_SKILL = 43696
S_START_INVERSE_CAPTURE = 60860
S_START_PRODUCE = 32366
S_START_USER_PROJECTILE = 29762
S_STORE_SELL_LIST = 21268
S_SUCCESS_COUNTER = 24164
S_SYSTEM_MESSAGE = 22287
S_SYSTEM_MESSAGE_LOOT_ITEM = 29227
S_SYSTEM_MESSAGE_LOOT_SPECIAL_ITEM = 41721
S_TARGET_INFO = 56412
S_TELEPORT_TO_CAMP = 45377
S_TRADE_BROKER_DEAL_INFO_UPDATE = 63935
S_TRADE_BROKER_DEAL_SUGGESTED = 46140
S_TRADE_BROKER_HISTORY_ITEM_LIST = 64149
S_TRADE_BROKER_REQUEST_DEAL_RESULT = 48789
S_TRADE_BROKER_SUGGEST_DEAL = 46154
S_TRADE_BROKER_WAITING_ITEM_LIST = 44689
S_UNICAST_TRANSFORM_DATA = 59464
S_UNMOUNT_VEHICLE = 42240
S_UNMOUNT_VEHICLE_EX = 23790
S_UPDATE_ACHIEVEMENT_PROGRESS = 49530
S_UPDATE_FRIEND_INFO = 33289
S_UPDATE_NPCGUILD = 40654
S_UPDATE_PRODUCE = 54707
S_USER_BLOCK_LIST = 37504
S_USER_CHANGE_NAME = 63083
S_USER_EFFECT = 30897
S_USER_EXTERNAL_CHANGE = 52840
S_USER_LEVELUP = 31103
S_USER_LOCATION = 46795
S_USER_LOCATION_IN_ACTION = 32571
S_USER_MOVETYPE = 23200
S_USER_PAPERDOLL_INFO = 61820
S_USER_SITUATION = 37883
S_USER_STATUS = 20611
S_USER_WEAPON_APPEARANCE_CHANGE = 55135
S_VIEW_WARE_EX = 47976
S_VILLAGE_LIST_TO_TELEPORT = 23143
S_VISIT_NEW_SECTION = 56867
S_VOTE_RESET_ALL_DUNGEON = 32032
S_WEAK_POINT = 45906
S_WHISPER = 59308
