C_ADD_FRIEND 22177
C_ADD_TELEPORT_TO_POS_LIST 30827
C_ADMIN 58420
C_APPLY_PARTY 34072
C_ASK_INTERACTIVE 62305
C_BAN_PARTY_MEMBER 26613
C_BIND_ITEM_BEGIN_PROGRESS 36022
C_BIND_ITEM_EXECUTE 62779
C_BLOCK_USER 30555
C_CANCEL_CHANGE_USER_APPEARANCE 64641
C_CANCEL_CONTRACT 26970
C_CANCEL_SKILL 26620
C_CAN_LOCKON_TARGET 31664
C_CHANGE_PARTY_MANAGER 65420
C_CHANGE_PARTY_MEMBER_AUTHORITY 53621
C_CHAT 64230
C_CHECK_VERSION 19900
C_COMMIT_CHANGE_USER_APPEARANCE 54470
C_COMPLETE_DAILY_EVENT 46646
C_COMPLETE_EXTRA_EVENT 27956
C_CONFIRM_UPDATE_NOTIFICATION 52174
C_CREST_APPLY 49028
C_CREST_APPLY_LIST 24194
C_DELETE_FRIEND 60810
C_DELETE_TELEPORT_TO_POS_LIST 20454
C_DEL_ITEM 30281
C_DIALOG 45970
C_DISMISS_PARTY 46697
C_EDIT_BLOCKED_USER_MEMO 22471
C_END_CLIMBING 22605
C_END_MOVIE 40465
C_GACHA_TRY 28948
C_GET_IN_SHUTTLE 59839
C_GET_OUT_SHUTTLE 58380
C_GET_USER_LIST 63890
C_HIT_USER_PROJECTILE 27637
C_INVITE_USER_TO_GUILD 24645
C_ITEM_COLORING_SET_COLOR 33437
C_LEAVE_PARTY 46577
C_LEAVE_PRIVATE_CHANNEL 37112
C_LOAD_TOPO_FIN 42180
C_LOGIN_ARBITER 56939
C_MERGE_ITEM 24998
C_MERGE_ITEM_EXECUTE 45382
C_NOTIFY_LOCATION_IN_ACTION 63575
C_NOTIFY_LOCATION_IN_DASH 34344
C_NOTIMELINE_SKILL 39580
C_NPC_CONTACT 22638
C_OP_COMMAND 49991
C_PARTY_APPLICATION_DENIED 26159
C_PARTY_MARKER 27622
C_PARTY_MATCH_WINDOW_CLOSED 47945
C_PLAYER_FLYING_LOCATION 30867
C_PLAYER_LOCATION 43979
C_PRESS_SKILL 43600
C_REGISTER_ENCHANT_ITEM 55184
C_REGISTER_EVOLUTION_ITEM 36123
C_REGISTER_PARTY_INFO 36404
C_REMOVE_BLOCKED_USER 31563
C_REPLY_THROUGH_ARBITER_CONTRACT 30413
C_REQUEST_CANDIDATE_LIST 65094
C_REQUEST_CONTRACT 25769
C_REQUEST_ENCHANT 47386
C_REQUEST_EVOLUTION 52259
C_REQUEST_GAMESTAT_PING 34720
C_REQUEST_NONDB_ITEM_INFO 35689
C_REQUEST_PARTY_INFO 61459
C_REQUEST_PARTY_MATCH_INFO 20838
C_REQUEST_PARTY_MATCH_INFO_PAGE 53772
C_REQUEST_PARTY_MATCH_LINK 51242
C_REQUEST_PRIVATE_CHANNEL_INFO 47270
C_REQUEST_USER_PAPERDOLL_INFO 28699
C_REQUEST_USER_PAPERDOLL_INFO_WITH_GAMEID 43531
C_RESET_ALL_DUNGEON 27094
C_RETURN_TO_LOBBY 51123
C_REVIVE_NOW 41609
C_RQ_COMMIT_DECOMPOSITION_CONTRACT 30304
C_RQ_START_SOCIAL_ON_PROGRESS_DECOMPOSITION 49241
C_SAVE_CLIENT_ACCOUNT_SETTING 50970
C_SAVE_CLIENT_USER_SETTING 52893
C_SECOND_PASSWORD_AUTH 35895
C_SELECT_USER 31634
C_SET_VISIBLE_RANGE 62055
C_SHOW_ITEMLIST 27049
C_SHOW_ITEM_TOOLTIP_EX 34694
C_SOCIAL 63743
C_START_COMBO_INSTANT_SKILL 33690
C_START_ENCHANT 30738
C_START_EVOLUTION 60156
C_START_INSTANCE_SKILL 57869
C_START_INSTANCE_SKILL_EX 54117
C_START_PRODUCE 55247
C_START_SKILL 32140
C_START_TARGETED_SKILL 59305
C_TELEPORT_TO_POS 31963
C_TELEPORT_TO_VILLAGE 33784
C_TRADE_BROKER_BUY_IT_NOW 21232
C_TRADE_BROKER_DEAL_CONFIRM 25900
C_TRADE_BROKER_REJECT_SUGGEST 55450
C_TRADE_BROKER_SUGGEST_DEAL 46175
C_TRADE_BROKER_WAITING_ITEM_LIST_NEW 36823
C_TRADE_BROKER_WAITING_ITEM_LIST_PAGE 33526
C_TRY_LOOT_DROPITEM 37173
C_UNMOUNT_VEHICLE 43394
C_UNREGISTER_ENCHANT_ITEM 29160
C_UNREGISTER_EVOLUTION_ITEM 35569
C_UNREGISTER_PARTY_INFO 25865
C_UPDATE_REACTION_POS 45579
C_USE_ITEM 25292
C_USE_PREMIUM_SLOT 21394
C_VIEW_WARE 47319
C_VISIT_NEW_SECTION 62468
C_WHISPER 56034
S_ABNORMALITY_BEGIN 49211
S_ABNORMALITY_DAMAGE_ABSORB 42811
S_ABNORMALITY_END 29446
S_ABNORMALITY_FAIL 54752
S_ABNORMALITY_REFRESH 37783
S_ABNORMALITY_RESIST 63833
S_ABNORMALITY_SCALE_UP 61640
S_ACCEPT_CONTRACT 22689
S_ACCOMPLISH_ACHIEVEMENT 62000
S_ACCOUNT_PACKAGE_LIST 27117
S_ACTION_END 27865
S_ACTION_STAGE 24218
S_ADD_BLOCKED_USER 36546
S_ADD_INTER_PARTY_MATCH_POOL 63328
S_ADMIN_HOLD_CHARACTER 40276
S_AERO 20385
S_AIR_REACTION_END 58292
S_ANNOUNCE_UPDATE_NOTIFICATION 46157
S_ANSWER_INTERACTIVE 36691
S_APPLY_TITLE 43630
S_ASK_BIDDING_RARE_ITEM 34925
S_ASK_TELEPORT 56362
S_AVAILABLE_EVENT_MATCHING_LIST 29012
S_AVAILABLE_SOCIAL_LIST 22848
S_BAN_PARTY 33869
S_BAN_PARTY_MEMBER 62190
S_BATTLE_FIELD_ENTRANCE_INFO 46645
S_BATTLE_FIELD_POINT_STORE_SELL_LIST 31808
S_BEGIN_THROUGH_ARBITER_CONTRACT 63311
S_BOSS_GAGE_INFO 30384
S_BROADCAST_FLOATING_CASTLE_INFO 25324
S_BROADCAST_FLOATING_CASTLE_NAMEPLATE 42401
S_CANCEL_CONTRACT 22842
S_CANNOT_START_SKILL 56964
S_CAN_LOCKON_TARGET 22708
S_CHANGE_DESTPOS_PROJECTILE 35653
S_CHANGE_EP_EXP_DAILY_LIMIT 49407
S_CHANGE_EP_POINT 24117
S_CHANGE_EVENT_MATCHING_STATE 34712
S_CHANGE_FRIEND_STATE 36243
S_CHANGE_GUILD_CHIEF 48032
S_CHANGE_PARTY_MANAGER 54751
S_CHANGE_VOICE_USE_QAC 58967
S_CHAT 33532
S_CHECK_TO_READY_PARTY 40839
S_CHECK_TO_READY_PARTY_FIN 21083
S_CHECK_VERSION 19901
S_CLEAR_ALL_HOLDED_ABNORMALITY 22266
S_COLLECTION_PICKEND 27995
S_COLLECTION_PICKSTART 34048
S_COMPLETE_EVENT_MATCHING_QUEST 45947
S_CONNECT_SKILL_ARROW 32099
S_CREATURE_CHANGE_HP 46312
S_CREATURE_LIFE 39514
S_CREATURE_ROTATE 52204
S_CREST_APPLY 60228
S_CREST_INFO 37583
S_CREST_MESSAGE 23262
S_CURRENT_CHANNEL 38169
S_CUSTOM_STYLE_SYSTEM_MESSAGE 59065
S_DEAD_LOCATION 20074
S_DECREASE_COOLTIME_SKILL 45675
S_DEFEND_SUCCESS 59721
S_DELETE_FRIEND 51020
S_DESPAWN_BONFIRE 24383
S_DESPAWN_BUILD_OBJECT 40841
S_DESPAWN_COLLECTION 53506
S_DESPAWN_DROPITEM 28898
S_DESPAWN_EVENT_SEED 20496
S_DESPAWN_NPC 61764
S_DESPAWN_PROJECTILE 25583
S_DESPAWN_SHUTTLE 50308
S_DESPAWN_USER 64816
S_DESTROY_GUILD_TOWER 61593
S_DIALOG 57347
S_DUNGEON_CAMERA_SET 51014
S_DUNGEON_CLEAR_COUNT_LIST 56303
S_DUNGEON_COOL_TIME_LIST 33287
S_DUNGEON_EVENT_MESSAGE 22429
S_EACH_SKILL_RESULT 62672
S_ENABLE_DISABLE_SELLABLE_ITEM_LIST 53749
S_END_CHANGE_USER_APPEARANCE 49178
S_END_PRODUCE 52265
S_END_USER_PROJECTILE 64853
S_EP_SYSTEM_DAILY_EVENT_EXP_ON_OFF 59986
S_EXIT 24805
S_F2P_PremiumUser_Permission 57452
S_FACIAL_ATTACHMENT_BROADCAST 54989
S_FATIGABILITY_POINT 37861
S_FEARMOVE_END 22792
S_FEARMOVE_STAGE 51072
S_FIELD_EVENT_ON_ENTER 25304
S_FIELD_EVENT_ON_LEAVE 52319
S_FIELD_POINT_INFO 50463
S_FIN_INTER_PARTY_MATCH 24318
S_FIX_VEHICLE_PROGRESS 20522
S_FONT_SWAP_INFO 50009
S_FRIEND_LIST 38714
S_GACHA_END 61229
S_GACHA_START 21656
S_GET_IN_SHUTTLE 60939
S_GET_OUT_SHUTTLE 29080
S_GET_USER_GUILD_LOGO 22248
S_GET_USER_LIST 43854
S_GMEVENT_GUIDE_MESSAGE 43880
S_GMEVENT_OX_QUIZ_OPEN 45374
S_GMEVENT_OX_QUIZ_RESULT 25672
S_GMEVENT_RECV_REWARD 52840
S_GRANT_SKILL 39877
S_GROUP_NPC_LOCATION 38305
S_GUILD_MEMBER_LIST 44717
S_GUILD_NAME 49062
S_GUILD_STORE_SELL_LIST 62378
S_GUILD_TOWER_INFO 34332
S_HIT_COMBO 44618
S_HOLD_ABNORMALITY_ADD 55015
S_IMAGE_DATA 50742
S_INSTANCE_ARROW 42736
S_INSTANT_DASH 35322
S_INSTANT_MOVE 65028
S_INVEN_CHANGEDSLOT 41738
S_INVEN_USERDATA 39954
S_ITEMLIST 31084
S_ITEM_COLORING_BAG 27171
S_ITEM_CUSTOM_STRING 29072
S_ITEM_EXPLOSION_RESULT 42395
S_JOIN_PRIVATE_CHANNEL 34942
S_LEARN_EP_PERK 65169
S_LEAVE_GUILD 26843
S_LEAVE_PARTY 30646
S_LEAVE_PARTY_MEMBER 23684
S_LEAVE_PRIVATE_CHANNEL 26406
S_LOADING_SCREEN_CONTROL_INFO 48067
S_LOAD_ACHIEVEMENT_LIST 65290
S_LOAD_CLIENT_ACCOUNT_SETTING 38190
S_LOAD_CLIENT_USER_SETTING 61107
S_LOAD_DUNGEON_SOUND_HINT 55008
S_LOAD_EP_INFO 59756
S_LOAD_TELEPORT_TO_POS_LIST 57339
S_LOAD_TOPO 23398
S_LOCKON_YOU 38407
S_LOGIN 44524
S_LOGIN_ACCOUNT_INFO 24072
S_LOGOUT_PARTY_MEMBER 26004
S_MOUNT_VEHICLE 37834
S_MOUNT_VEHICLE_EX 25441
S_MOVE_SHUTTLE 30376
S_MUTE 31671
S_NOCTAN_VARIATION_INFO 23617
S_NOTIFY_GUILD_QUEST_URGENT 60872
S_NOTIFY_TO_FRIENDS_WALK_INTO_SAME_AREA 57943
S_NPCGUILD_LIST 39788
S_NPC_CHANGE_MESH 54563
S_NPC_LOCATION 64123
S_NPC_MENU_SELECT 23859
S_NPC_OCCUPIER_INFO 36314
S_NPC_STATUS 39516
S_NPC_TARGET_USER 53286
S_OPEN_AWESOMIUM_WEB_URL 24223
S_OTHER_USER_APPLY_PARTY 37579
S_PARTY_INFO 55096
S_PARTY_MARKER 51743
S_PARTY_MATCH_LINK 22624
S_PARTY_MEMBER_ABNORMAL_ADD 52223
S_PARTY_MEMBER_ABNORMAL_CLEAR 63554
S_PARTY_MEMBER_ABNORMAL_DEL 59424
S_PARTY_MEMBER_ABNORMAL_REFRESH 27717
S_PARTY_MEMBER_BUFF_UPDATE 64860
S_PARTY_MEMBER_CHANGE_HP 31458
S_PARTY_MEMBER_CHANGE_MP 40731
S_PARTY_MEMBER_CHANGE_STAMINA 38943
S_PARTY_MEMBER_INFO 57256
S_PARTY_MEMBER_INTERVAL_POS_UPDATE 28251
S_PARTY_MEMBER_LIST 53419
S_PARTY_MEMBER_QUEST_DATA 36514
S_PARTY_MEMBER_STAT_UPDATE 23896
S_PLAYER_CHANGE_ALL_PROF 60990
S_PLAYER_CHANGE_EP 29632
S_PLAYER_CHANGE_EXP 26992
S_PLAYER_CHANGE_FLIGHT_ENERGY 39202
S_PLAYER_CHANGE_MP 52877
S_PLAYER_CHANGE_PROF 39048
S_PLAYER_CHANGE_STAMINA 25223
S_PLAYER_RESET_EP 57500
S_PLAYER_STAT_UPDATE 25419
S_PLAY_ANIMATION 32955
S_PLAY_EFFECT 35438
S_PLAY_MOVIE 21228
S_PLAY_SOUND 33988
S_POINT_STORE_SELL_LIST 52744
S_PREMIUM_SLOT_DATALIST 51675
S_PREMIUM_SLOT_OFF 37927
S_PREPARE_EXIT 62532
S_PREPARE_RETURN_TO_LOBBY 49931
S_PREVIEW_ITEM 62576
S_PRIVATE_CHANNEL_NOTICE 62571
S_PRIVATE_CHAT 49995
S_PRODUCE_CRITICAL 55874
S_QUEST_BALLOON 37811
S_QUEST_INFO 21085
S_QUEST_VILLAGER_INFO 29006
S_REGISTER_ENCHANT_ITEM 43546
S_REGISTER_EVOLUTION_ITEM 29220
S_REJECT_CONTRACT 29838
S_REMOVE_BLOCKED_USER 25682
S_REMOVE_EFFECT 43120
S_REPLY_CLIENT_CHAT_OPTION_SETTING 50139
S_REPLY_NONDB_ITEM_INFO 51948
S_REPLY_REQUEST_CONTRACT 56255
S_REQUEST_CITY_WAR_MAP_INFO 49064
S_REQUEST_CITY_WAR_MAP_INFO_DETAIL 46708
S_REQUEST_CITY_WAR_MAP_INFO_END 50663
S_REQUEST_CONTRACT 61871
S_REQUEST_DESPAWN_SERVANT 32675
S_REQUEST_PRIVATE_CHANNEL_INFO 27568
S_REQUEST_REACTION_POS_TICK 26220
S_REQUEST_SECOND_PASSWORD_AUTH 50963
S_REQUEST_SERVANT_INFO_LIST 36835
S_REQUEST_SPAWN_SERVANT 52761
S_REQUEST_STYLE_SHOP_MARK_PRODUCTLIST 35459
S_RESET_EP_PERK 45964
S_RESPONSE_GAMESTAT_PONG 33262
S_RESULT_BIDDING_DICE_THROW 25788
S_RESULT_EVENT_SEED 53194
S_RESULT_ITEM_BIDDING 38502
S_RETURN_TO_LOBBY 64070
S_RP_SKILL_POLISHING_LIST 53508
S_SHORTCUT_CHANGE 49221
S_SHOW_AWESOMIUMWEB_SHOP 57787
S_SHOW_CANDIDATE_LIST 64109
S_SHOW_HP 44040
S_SHOW_ITEM_TOOLTIP 64001
S_SHOW_PARTY_MATCH_INFO 40806
S_SHOW_PEGASUS_MAP 38889
S_SHOW_USER_EP_INFO 62165
S_SKILL_ATTENTION_TARGET 42857
S_SKILL_CATEGORY 54761
S_SKILL_LIST 65391
S_SOCIAL 22425
S_SPAWN_BONFIRE 22700
S_SPAWN_BUILD_OBJECT 42486
S_SPAWN_COLLECTION 49324
S_SPAWN_DOOR 37523
S_SPAWN_DROPITEM 48201
S_SPAWN_EVENT_SEED 63359
S_SPAWN_ME 53291
S_SPAWN_NPC 59565
S_SPAWN_PROJECTILE 25947
S_SPAWN_SHUTTLE 58648
S_SPAWN_USER 53922
S_SPAWN_WORKOBJECT 20612
S_START_ACTION_SCRIPT 25785
S_START_CHANGE_USER_APPEARANCE 28462
S_START_CLIENT_CUSTOM_SKILL 58409
S_START_CLIMBING 49582
S_START_COOLTIME_ITEM 36037
S_START_COOLTIME_SKILL 47017
S_START_INVERSE_CAPTURE 28837
S_START_PRODUCE 61385
S_START_USER_PROJECTILE 21830
S_STICK_TO_USER_END 48690
S_STICK_TO_USER_START 26051
S_STORE_SELL_LIST 41973
S_SUCCESS_COUNTER 31413
S_SYSTEM_MESSAGE 21020
S_SYSTEM_MESSAGE_LOOT_ITEM 61451
S_SYSTEM_MESSAGE_LOOT_SPECIAL_ITEM 40848
S_TARGET_INFO 53573
S_TELEPORT_TO_CAMP 53612
S_TRADE_BROKER_DEAL_INFO_UPDATE 30254
S_TRADE_BROKER_DEAL_SUGGESTED 24981
S_TRADE_BROKER_HISTORY_ITEM_LIST 35014
S_TRADE_BROKER_REQUEST_DEAL_RESULT 61635
S_TRADE_BROKER_SUGGEST_DEAL 62008
S_TRADE_BROKER_WAITING_ITEM_LIST 54603
S_UNICAST_FLOATING_CASTLE_INFO 25960
S_UNICAST_FLOATING_CASTLE_NAMEPLATE 41495
S_UNICAST_TRANSFORM_DATA 57496
S_UNMOUNT_VEHICLE 28015
S_UNMOUNT_VEHICLE_EX 53996
S_UPDATE_ACHIEVEMENT_PROGRESS 29696
S_UPDATE_EVENT_SEED_STATE 23460
S_UPDATE_FRIEND_INFO 40433
S_UPDATE_NPCGUILD 26831
S_USER_APPEARANCE_CHANGE 22623
S_USER_BLOCK_LIST 40432
S_USER_CHANGE_FACE_CUSTOM 58042
S_USER_CHANGE_NAME 42882
S_USER_DEATH 34397
S_USER_EFFECT 58298
S_USER_EXTERNAL_CHANGE 44502
S_USER_LEVELUP 60666
S_USER_LOCATION 58395
S_USER_LOCATION_IN_ACTION 36571
S_USER_MOVETYPE 21227
S_USER_PAPERDOLL_INFO 53703
S_USER_SITUATION 63904
S_USER_STATUS 43101
S_USER_WEAPON_APPEARANCE_CHANGE 37765
S_VIEW_PARTY_INVITE 44853
S_VIEW_WARE_EX 26808
S_VILLAGE_LIST_TO_TELEPORT 24542
S_VISIT_NEW_SECTION 49096
S_VOTE_RESET_ALL_DUNGEON 43380
S_WEAK_POINT 42665
S_WHISPER 29588